
> careersetu-temp2@0.1.0 test:e2e
> playwright test


Running 160 tests using 4 workers

  x    1 [Firefox] ΓÇ║ tests\e2e\user-journeys.spec.ts:39:7 ΓÇ║ US-1 Signup ΓÇ║ a new email can create an account without error (3.8s)
  x    3 [Firefox] ΓÇ║ tests\e2e\regression.spec.ts:15:7 ΓÇ║ Marketing ΓÇô Landing page ΓÇ║ loads, shows hero CTA, no JS errors (5.7s)
  x    4 [Chromium (built-in)] ΓÇ║ tests\e2e\user-journeys.spec.ts:39:7 ΓÇ║ US-1 Signup ΓÇ║ a new email can create an account without error (4.3s)
  x    2 [Chromium (built-in)] ΓÇ║ tests\e2e\regression.spec.ts:15:7 ΓÇ║ Marketing ΓÇô Landing page ΓÇ║ loads, shows hero CTA, no JS errors (4.5s)
  x    8 [Chromium (built-in)] ΓÇ║ tests\e2e\regression.spec.ts:15:7 ΓÇ║ Marketing ΓÇô Landing page ΓÇ║ loads, shows hero CTA, no JS errors (retry #1) (770ms)
  x    7 [Chromium (built-in)] ΓÇ║ tests\e2e\user-journeys.spec.ts:39:7 ΓÇ║ US-1 Signup ΓÇ║ a new email can create an account without error (retry #1) (871ms)
  x    5 [Firefox] ΓÇ║ tests\e2e\user-journeys.spec.ts:39:7 ΓÇ║ US-1 Signup ΓÇ║ a new email can create an account without error (retry #1) (6.3s)
  x    6 [Firefox] ΓÇ║ tests\e2e\regression.spec.ts:15:7 ΓÇ║ Marketing ΓÇô Landing page ΓÇ║ loads, shows hero CTA, no JS errors (retry #1) (6.0s)
  x    9 [Chromium (built-in)] ΓÇ║ tests\e2e\regression.spec.ts:30:7 ΓÇ║ Marketing ΓÇô Landing page ΓÇ║ navbar links render (537ms)
  x   10 [Chromium (built-in)] ΓÇ║ tests\e2e\user-journeys.spec.ts:64:7 ΓÇ║ US-2 Login ΓÇ║ valid credentials land in the app (dashboard or onboarding) (418ms)
  x   13 [Chromium (built-in)] ΓÇ║ tests\e2e\regression.spec.ts:30:7 ΓÇ║ Marketing ΓÇô Landing page ΓÇ║ navbar links render (retry #1) (620ms)
  x   14 [Chromium (built-in)] ΓÇ║ tests\e2e\user-journeys.spec.ts:64:7 ΓÇ║ US-2 Login ΓÇ║ valid credentials land in the app (dashboard or onboarding) (retry #1) (565ms)
  x   16 [Chromium (built-in)] ΓÇ║ tests\e2e\regression.spec.ts:35:7 ΓÇ║ Marketing ΓÇô Landing page ΓÇ║ no broken images on landing (671ms)
  x   15 [Chromium (built-in)] ΓÇ║ tests\e2e\user-journeys.spec.ts:74:7 ΓÇ║ US-3 Invalid login ΓÇ║ wrong password shows an error and stays on /login (744ms)
  x   17 [Chromium (built-in)] ΓÇ║ tests\e2e\regression.spec.ts:35:7 ΓÇ║ Marketing ΓÇô Landing page ΓÇ║ no broken images on landing (retry #1) (608ms)
  x   11 [Firefox] ΓÇ║ tests\e2e\user-journeys.spec.ts:64:7 ΓÇ║ US-2 Login ΓÇ║ valid credentials land in the app (dashboard or onboarding) (6.3s)
  x   18 [Chromium (built-in)] ΓÇ║ tests\e2e\user-journeys.spec.ts:74:7 ΓÇ║ US-3 Invalid login ΓÇ║ wrong password shows an error and stays on /login (retry #1) (560ms)
  x   12 [Firefox] ΓÇ║ tests\e2e\regression.spec.ts:30:7 ΓÇ║ Marketing ΓÇô Landing page ΓÇ║ navbar links render (7.5s)
  x   19 [Chromium (built-in)] ΓÇ║ tests\e2e\regression.spec.ts:47:7 ΓÇ║ Marketing ΓÇô Pricing ΓÇ║ loads and shows plan cards (525ms)
  x   21 [Chromium (built-in)] ΓÇ║ tests\e2e\user-journeys.spec.ts:86:7 ΓÇ║ US-4 Session persists across navigation (redirect-loop regression) ΓÇ║ after login, a protected route loads instead of bouncing to /login (458ms)
  x   23 [Chromium (built-in)] ΓÇ║ tests\e2e\regression.spec.ts:47:7 ΓÇ║ Marketing ΓÇô Pricing ΓÇ║ loads and shows plan cards (retry #1) (596ms)
  x   24 [Chromium (built-in)] ΓÇ║ tests\e2e\user-journeys.spec.ts:86:7 ΓÇ║ US-4 Session persists across navigation (redirect-loop regression) ΓÇ║ after login, a protected route loads instead of bouncing to /login (retry #1) (690ms)
  x   20 [Firefox] ΓÇ║ tests\e2e\user-journeys.spec.ts:64:7 ΓÇ║ US-2 Login ΓÇ║ valid credentials land in the app (dashboard or onboarding) (retry #1) (5.9s)
  x   22 [Firefox] ΓÇ║ tests\e2e\regression.spec.ts:30:7 ΓÇ║ Marketing ΓÇô Landing page ΓÇ║ navbar links render (retry #1) (3.7s)
  x   25 [Chromium (built-in)] ΓÇ║ tests\e2e\regression.spec.ts:57:7 ΓÇ║ Marketing ΓÇô About ΓÇ║ loads without error (585ms)
  x   26 [Chromium (built-in)] ΓÇ║ tests\e2e\user-journeys.spec.ts:103:7 ΓÇ║ US-5 Profile ΓÇ║ profile page loads and saving succeeds (483ms)
  x   29 [Chromium (built-in)] ΓÇ║ tests\e2e\regression.spec.ts:57:7 ΓÇ║ Marketing ΓÇô About ΓÇ║ loads without error (retry #1) (477ms)
  x   27 [Firefox] ΓÇ║ tests\e2e\user-journeys.spec.ts:74:7 ΓÇ║ US-3 Invalid login ΓÇ║ wrong password shows an error and stays on /login (3.6s)
  x   30 [Chromium (built-in)] ΓÇ║ tests\e2e\user-journeys.spec.ts:103:7 ΓÇ║ US-5 Profile ΓÇ║ profile page loads and saving succeeds (retry #1) (566ms)
  x   31 [Chromium (built-in)] ΓÇ║ tests\e2e\regression.spec.ts:66:7 ΓÇ║ Marketing ΓÇô Privacy & Terms ΓÇ║ privacy page loads (773ms)
  x   28 [Firefox] ΓÇ║ tests\e2e\regression.spec.ts:35:7 ΓÇ║ Marketing ΓÇô Landing page ΓÇ║ no broken images on landing (3.6s)
  x   33 [Chromium (built-in)] ΓÇ║ tests\e2e\user-journeys.spec.ts:124:7 ΓÇ║ US-6 Mock MCQ test ΓÇ║ configure and start ΓÇö starts, or gracefully reports no questions (no crash / no 401) (443ms)
  x   36 [Chromium (built-in)] ΓÇ║ tests\e2e\user-journeys.spec.ts:124:7 ΓÇ║ US-6 Mock MCQ test ΓÇ║ configure and start ΓÇö starts, or gracefully reports no questions (no crash / no 401) (retry #1) (608ms)
  x   34 [Chromium (built-in)] ΓÇ║ tests\e2e\regression.spec.ts:66:7 ΓÇ║ Marketing ΓÇô Privacy & Terms ΓÇ║ privacy page loads (retry #1) (443ms)
  x   32 [Firefox] ΓÇ║ tests\e2e\user-journeys.spec.ts:74:7 ΓÇ║ US-3 Invalid login ΓÇ║ wrong password shows an error and stays on /login (retry #1) (3.4s)
  x   35 [Firefox] ΓÇ║ tests\e2e\regression.spec.ts:35:7 ΓÇ║ Marketing ΓÇô Landing page ΓÇ║ no broken images on landing (retry #1) (3.3s)
  x   37 [Chromium (built-in)] ΓÇ║ tests\e2e\user-journeys.spec.ts:149:7 ΓÇ║ US-7 Reports ΓÇ║ reports page loads for an authenticated user (486ms)
  x   38 [Chromium (built-in)] ΓÇ║ tests\e2e\regression.spec.ts:70:7 ΓÇ║ Marketing ΓÇô Privacy & Terms ΓÇ║ terms page loads (449ms)
  x   41 [Chromium (built-in)] ΓÇ║ tests\e2e\user-journeys.spec.ts:149:7 ΓÇ║ US-7 Reports ΓÇ║ reports page loads for an authenticated user (retry #1) (975ms)
  x   39 [Firefox] ΓÇ║ tests\e2e\user-journeys.spec.ts:86:7 ΓÇ║ US-4 Session persists across navigation (redirect-loop regression) ΓÇ║ after login, a protected route loads instead of bouncing to /login (4.2s)
  x   42 [Chromium (built-in)] ΓÇ║ tests\e2e\regression.spec.ts:70:7 ΓÇ║ Marketing ΓÇô Privacy & Terms ΓÇ║ terms page loads (retry #1) (828ms)
  x   40 [Firefox] ΓÇ║ tests\e2e\regression.spec.ts:47:7 ΓÇ║ Marketing ΓÇô Pricing ΓÇ║ loads and shows plan cards (3.8s)
  x   45 [Chromium (built-in)] ΓÇ║ tests\e2e\regression.spec.ts:79:7 ΓÇ║ Auth ΓÇô Login / Signup ΓÇ║ login page loads without redirect (617ms)
  x   44 [Firefox] ΓÇ║ tests\e2e\user-journeys.spec.ts:86:7 ΓÇ║ US-4 Session persists across navigation (redirect-loop regression) ΓÇ║ after login, a protected route loads instead of bouncing to /login (retry #1) (3.4s)
  x   47 [Chromium (built-in)] ΓÇ║ tests\e2e\regression.spec.ts:79:7 ΓÇ║ Auth ΓÇô Login / Signup ΓÇ║ login page loads without redirect (retry #1) (732ms)
  x   43 [Brave] ΓÇ║ tests\e2e\regression.spec.ts:15:7 ΓÇ║ Marketing ΓÇô Landing page ΓÇ║ loads, shows hero CTA, no JS errors (864ms)
  x   46 [Firefox] ΓÇ║ tests\e2e\regression.spec.ts:47:7 ΓÇ║ Marketing ΓÇô Pricing ΓÇ║ loads and shows plan cards (retry #1) (3.9s)
  x   49 [Chromium (built-in)] ΓÇ║ tests\e2e\regression.spec.ts:87:7 ΓÇ║ Auth ΓÇô Login / Signup ΓÇ║ signup page loads without redirect (561ms)
  x   50 [Brave] ΓÇ║ tests\e2e\regression.spec.ts:15:7 ΓÇ║ Marketing ΓÇô Landing page ΓÇ║ loads, shows hero CTA, no JS errors (retry #1) (1.4s)
  x   52 [Chromium (built-in)] ΓÇ║ tests\e2e\regression.spec.ts:87:7 ΓÇ║ Auth ΓÇô Login / Signup ΓÇ║ signup page loads without redirect (retry #1) (733ms)
  x   48 [Firefox] ΓÇ║ tests\e2e\user-journeys.spec.ts:103:7 ΓÇ║ US-5 Profile ΓÇ║ profile page loads and saving succeeds (7.1s)
  x   54 [Chromium (built-in)] ΓÇ║ tests\e2e\regression.spec.ts:109:9 ΓÇ║ Auth guard ΓÇô unauthenticated redirects ΓÇ║ /dashboard ΓåÆ redirects to /login (578ms)
  x   51 [Firefox] ΓÇ║ tests\e2e\regression.spec.ts:57:7 ΓÇ║ Marketing ΓÇô About ΓÇ║ loads without error (5.9s)
  x   53 [Brave] ΓÇ║ tests\e2e\regression.spec.ts:30:7 ΓÇ║ Marketing ΓÇô Landing page ΓÇ║ navbar links render (970ms)
  x   56 [Chromium (built-in)] ΓÇ║ tests\e2e\regression.spec.ts:109:9 ΓÇ║ Auth guard ΓÇô unauthenticated redirects ΓÇ║ /dashboard ΓåÆ redirects to /login (retry #1) (664ms)
  x   55 [Firefox] ΓÇ║ tests\e2e\user-journeys.spec.ts:103:7 ΓÇ║ US-5 Profile ΓÇ║ profile page loads and saving succeeds (retry #1) (5.5s)
  x   59 [Chromium (built-in)] ΓÇ║ tests\e2e\regression.spec.ts:109:9 ΓÇ║ Auth guard ΓÇô unauthenticated redirects ΓÇ║ /practice ΓåÆ redirects to /login (498ms)
  x   58 [Brave] ΓÇ║ tests\e2e\regression.spec.ts:30:7 ΓÇ║ Marketing ΓÇô Landing page ΓÇ║ navbar links render (retry #1) (1.1s)
  x   57 [Firefox] ΓÇ║ tests\e2e\regression.spec.ts:57:7 ΓÇ║ Marketing ΓÇô About ΓÇ║ loads without error (retry #1) (4.6s)
  x   61 [Chromium (built-in)] ΓÇ║ tests\e2e\regression.spec.ts:109:9 ΓÇ║ Auth guard ΓÇô unauthenticated redirects ΓÇ║ /practice ΓåÆ redirects to /login (retry #1) (884ms)
  x   64 [Chromium (built-in)] ΓÇ║ tests\e2e\regression.spec.ts:109:9 ΓÇ║ Auth guard ΓÇô unauthenticated redirects ΓÇ║ /reports ΓåÆ redirects to /login (524ms)
  x   62 [Brave] ΓÇ║ tests\e2e\regression.spec.ts:35:7 ΓÇ║ Marketing ΓÇô Landing page ΓÇ║ no broken images on landing (1.1s)
  x   60 [Firefox] ΓÇ║ tests\e2e\user-journeys.spec.ts:124:7 ΓÇ║ US-6 Mock MCQ test ΓÇ║ configure and start ΓÇö starts, or gracefully reports no questions (no crash / no 401) (5.4s)
  x   65 [Chromium (built-in)] ΓÇ║ tests\e2e\regression.spec.ts:109:9 ΓÇ║ Auth guard ΓÇô unauthenticated redirects ΓÇ║ /reports ΓåÆ redirects to /login (retry #1) (463ms)
  x   63 [Firefox] ΓÇ║ tests\e2e\regression.spec.ts:66:7 ΓÇ║ Marketing ΓÇô Privacy & Terms ΓÇ║ privacy page loads (4.4s)
  x   68 [Chromium (built-in)] ΓÇ║ tests\e2e\regression.spec.ts:109:9 ΓÇ║ Auth guard ΓÇô unauthenticated redirects ΓÇ║ /resume-builder ΓåÆ redirects to /login (629ms)
  x   70 [Chromium (built-in)] ΓÇ║ tests\e2e\regression.spec.ts:109:9 ΓÇ║ Auth guard ΓÇô unauthenticated redirects ΓÇ║ /resume-builder ΓåÆ redirects to /login (retry #1) (615ms)
  x   66 [Brave] ΓÇ║ tests\e2e\regression.spec.ts:35:7 ΓÇ║ Marketing ΓÇô Landing page ΓÇ║ no broken images on landing (retry #1) (1.1s)
  x   67 [Firefox] ΓÇ║ tests\e2e\user-journeys.spec.ts:124:7 ΓÇ║ US-6 Mock MCQ test ΓÇ║ configure and start ΓÇö starts, or gracefully reports no questions (no crash / no 401) (retry #1) (5.2s)
  x   71 [Chromium (built-in)] ΓÇ║ tests\e2e\regression.spec.ts:109:9 ΓÇ║ Auth guard ΓÇô unauthenticated redirects ΓÇ║ /jobs ΓåÆ redirects to /login (604ms)
  x   69 [Firefox] ΓÇ║ tests\e2e\regression.spec.ts:66:7 ΓÇ║ Marketing ΓÇô Privacy & Terms ΓÇ║ privacy page loads (retry #1) (5.4s)
  x   74 [Chromium (built-in)] ΓÇ║ tests\e2e\regression.spec.ts:109:9 ΓÇ║ Auth guard ΓÇô unauthenticated redirects ΓÇ║ /jobs ΓåÆ redirects to /login (retry #1) (549ms)
  x   76 [Chromium (built-in)] ΓÇ║ tests\e2e\regression.spec.ts:109:9 ΓÇ║ Auth guard ΓÇô unauthenticated redirects ΓÇ║ /profile ΓåÆ redirects to /login (744ms)
  x   73 [Firefox] ΓÇ║ tests\e2e\user-journeys.spec.ts:149:7 ΓÇ║ US-7 Reports ΓÇ║ reports page loads for an authenticated user (5.2s)
  x   77 [Chromium (built-in)] ΓÇ║ tests\e2e\regression.spec.ts:109:9 ΓÇ║ Auth guard ΓÇô unauthenticated redirects ΓÇ║ /profile ΓåÆ redirects to /login (retry #1) (538ms)
  x   72 [Brave] ΓÇ║ tests\e2e\regression.spec.ts:47:7 ΓÇ║ Marketing ΓÇô Pricing ΓÇ║ loads and shows plan cards (1.1s)
  x   75 [Firefox] ΓÇ║ tests\e2e\regression.spec.ts:70:7 ΓÇ║ Marketing ΓÇô Privacy & Terms ΓÇ║ terms page loads (5.0s)
  x   79 [Chromium (built-in)] ΓÇ║ tests\e2e\regression.spec.ts:109:9 ΓÇ║ Auth guard ΓÇô unauthenticated redirects ΓÇ║ /subscription ΓåÆ redirects to /login (555ms)
  x   82 [Chromium (built-in)] ΓÇ║ tests\e2e\regression.spec.ts:109:9 ΓÇ║ Auth guard ΓÇô unauthenticated redirects ΓÇ║ /subscription ΓåÆ redirects to /login (retry #1) (793ms)
  x   80 [Brave] ΓÇ║ tests\e2e\regression.spec.ts:47:7 ΓÇ║ Marketing ΓÇô Pricing ΓÇ║ loads and shows plan cards (retry #1) (1.5s)
  x   83 [Chromium (built-in)] ΓÇ║ tests\e2e\regression.spec.ts:109:9 ΓÇ║ Auth guard ΓÇô unauthenticated redirects ΓÇ║ /question-bank ΓåÆ redirects to /login (520ms)
  x   78 [Firefox] ΓÇ║ tests\e2e\user-journeys.spec.ts:149:7 ΓÇ║ US-7 Reports ΓÇ║ reports page loads for an authenticated user (retry #1) (6.5s)
  x   81 [Firefox] ΓÇ║ tests\e2e\regression.spec.ts:70:7 ΓÇ║ Marketing ΓÇô Privacy & Terms ΓÇ║ terms page loads (retry #1) (5.1s)
  x   84 [Brave] ΓÇ║ tests\e2e\regression.spec.ts:57:7 ΓÇ║ Marketing ΓÇô About ΓÇ║ loads without error (921ms)
  x   85 [Chromium (built-in)] ΓÇ║ tests\e2e\regression.spec.ts:109:9 ΓÇ║ Auth guard ΓÇô unauthenticated redirects ΓÇ║ /question-bank ΓåÆ redirects to /login (retry #1) (548ms)
  x   86 [Brave] ΓÇ║ tests\e2e\user-journeys.spec.ts:39:7 ΓÇ║ US-1 Signup ΓÇ║ a new email can create an account without error (870ms)
  x   89 [Chromium (built-in)] ΓÇ║ tests\e2e\regression.spec.ts:119:7 ΓÇ║ Theme toggle ΓÇ║ dark mode class toggled on html element (533ms)
  x   88 [Brave] ΓÇ║ tests\e2e\regression.spec.ts:57:7 ΓÇ║ Marketing ΓÇô About ΓÇ║ loads without error (retry #1) (904ms)
  x   90 [Brave] ΓÇ║ tests\e2e\user-journeys.spec.ts:39:7 ΓÇ║ US-1 Signup ΓÇ║ a new email can create an account without error (retry #1) (961ms)
  x   91 [Chromium (built-in)] ΓÇ║ tests\e2e\regression.spec.ts:119:7 ΓÇ║ Theme toggle ΓÇ║ dark mode class toggled on html element (retry #1) (1.2s)
  x   92 [Brave] ΓÇ║ tests\e2e\regression.spec.ts:66:7 ΓÇ║ Marketing ΓÇô Privacy & Terms ΓÇ║ privacy page loads (941ms)
  x   94 [Chromium (built-in)] ΓÇ║ tests\e2e\regression.spec.ts:147:7 ΓÇ║ Navbar ΓÇ║ mobile menu opens and closes (711ms)
  x   87 [Firefox] ΓÇ║ tests\e2e\regression.spec.ts:79:7 ΓÇ║ Auth ΓÇô Login / Signup ΓÇ║ login page loads without redirect (6.3s)
  x   93 [Brave] ΓÇ║ tests\e2e\user-journeys.spec.ts:64:7 ΓÇ║ US-2 Login ΓÇ║ valid credentials land in the app (dashboard or onboarding) (1.0s)
  x   95 [Brave] ΓÇ║ tests\e2e\regression.spec.ts:66:7 ΓÇ║ Marketing ΓÇô Privacy & Terms ΓÇ║ privacy page loads (retry #1) (1.0s)
  x   97 [Chromium (built-in)] ΓÇ║ tests\e2e\regression.spec.ts:147:7 ΓÇ║ Navbar ΓÇ║ mobile menu opens and closes (retry #1) (534ms)
  x   98 [Brave] ΓÇ║ tests\e2e\user-journeys.spec.ts:64:7 ΓÇ║ US-2 Login ΓÇ║ valid credentials land in the app (dashboard or onboarding) (retry #1) (1.5s)
  x  100 [Chromium (built-in)] ΓÇ║ tests\e2e\regression.spec.ts:156:7 ΓÇ║ Navbar ΓÇ║ footer renders on landing (774ms)
  x   99 [Brave] ΓÇ║ tests\e2e\regression.spec.ts:70:7 ΓÇ║ Marketing ΓÇô Privacy & Terms ΓÇ║ terms page loads (1.2s)
  x  102 [Chromium (built-in)] ΓÇ║ tests\e2e\regression.spec.ts:156:7 ΓÇ║ Navbar ΓÇ║ footer renders on landing (retry #1) (886ms)
  x  101 [Brave] ΓÇ║ tests\e2e\user-journeys.spec.ts:74:7 ΓÇ║ US-3 Invalid login ΓÇ║ wrong password shows an error and stays on /login (917ms)
  x   96 [Firefox] ΓÇ║ tests\e2e\regression.spec.ts:79:7 ΓÇ║ Auth ΓÇô Login / Signup ΓÇ║ login page loads without redirect (retry #1) (6.5s)
  x  103 [Brave] ΓÇ║ tests\e2e\regression.spec.ts:70:7 ΓÇ║ Marketing ΓÇô Privacy & Terms ΓÇ║ terms page loads (retry #1) (965ms)
  x  104 [Chromium (built-in)] ΓÇ║ tests\e2e\regression.spec.ts:166:7 ΓÇ║ Try page (no-signup demo) ΓÇ║ loads without redirect (556ms)
  x  105 [Brave] ΓÇ║ tests\e2e\user-journeys.spec.ts:74:7 ΓÇ║ US-3 Invalid login ΓÇ║ wrong password shows an error and stays on /login (retry #1) (932ms)
  x  107 [Brave] ΓÇ║ tests\e2e\regression.spec.ts:79:7 ΓÇ║ Auth ΓÇô Login / Signup ΓÇ║ login page loads without redirect (972ms)
  x  108 [Chromium (built-in)] ΓÇ║ tests\e2e\regression.spec.ts:166:7 ΓÇ║ Try page (no-signup demo) ΓÇ║ loads without redirect (retry #1) (509ms)
  x  109 [Brave] ΓÇ║ tests\e2e\user-journeys.spec.ts:86:7 ΓÇ║ US-4 Session persists across navigation (redirect-loop regression) ΓÇ║ after login, a protected route loads instead of bouncing to /login (1.4s)
  x  110 [Brave] ΓÇ║ tests\e2e\regression.spec.ts:79:7 ΓÇ║ Auth ΓÇô Login / Signup ΓÇ║ login page loads without redirect (retry #1) (1.2s)
  x  111 [Chromium (built-in)] ΓÇ║ tests\e2e\regression.spec.ts:179:9 ΓÇ║ Responsive ΓÇô 375px ΓÇ║ / no horizontal overflow at 375px (527ms)
  x  106 [Firefox] ΓÇ║ tests\e2e\regression.spec.ts:87:7 ΓÇ║ Auth ΓÇô Login / Signup ΓÇ║ signup page loads without redirect (6.6s)
  x  112 [Brave] ΓÇ║ tests\e2e\user-journeys.spec.ts:86:7 ΓÇ║ US-4 Session persists across navigation (redirect-loop regression) ΓÇ║ after login, a protected route loads instead of bouncing to /login (retry #1) (1.4s)
  x  113 [Brave] ΓÇ║ tests\e2e\regression.spec.ts:87:7 ΓÇ║ Auth ΓÇô Login / Signup ΓÇ║ signup page loads without redirect (923ms)
  x  114 [Chromium (built-in)] ΓÇ║ tests\e2e\regression.spec.ts:179:9 ΓÇ║ Responsive ΓÇô 375px ΓÇ║ / no horizontal overflow at 375px (retry #1) (506ms)
  x  118 [Chromium (built-in)] ΓÇ║ tests\e2e\regression.spec.ts:179:9 ΓÇ║ Responsive ΓÇô 375px ΓÇ║ /pricing no horizontal overflow at 375px (1.7s)
  x  116 [Brave] ΓÇ║ tests\e2e\user-journeys.spec.ts:103:7 ΓÇ║ US-5 Profile ΓÇ║ profile page loads and saving succeeds (1.4s)
  x  117 [Brave] ΓÇ║ tests\e2e\regression.spec.ts:87:7 ΓÇ║ Auth ΓÇô Login / Signup ΓÇ║ signup page loads without redirect (retry #1) (1.4s)
  x  119 [Chromium (built-in)] ΓÇ║ tests\e2e\regression.spec.ts:179:9 ΓÇ║ Responsive ΓÇô 375px ΓÇ║ /pricing no horizontal overflow at 375px (retry #1) (522ms)
  x  120 [Brave] ΓÇ║ tests\e2e\user-journeys.spec.ts:103:7 ΓÇ║ US-5 Profile ΓÇ║ profile page loads and saving succeeds (retry #1) (958ms)
  x  122 [Chromium (built-in)] ΓÇ║ tests\e2e\regression.spec.ts:179:9 ΓÇ║ Responsive ΓÇô 375px ΓÇ║ /about no horizontal overflow at 375px (632ms)
  x  121 [Brave] ΓÇ║ tests\e2e\regression.spec.ts:109:9 ΓÇ║ Auth guard ΓÇô unauthenticated redirects ΓÇ║ /dashboard ΓåÆ redirects to /login (1.2s)
  x  115 [Firefox] ΓÇ║ tests\e2e\regression.spec.ts:87:7 ΓÇ║ Auth ΓÇô Login / Signup ΓÇ║ signup page loads without redirect (retry #1) (6.9s)
  x  124 [Chromium (built-in)] ΓÇ║ tests\e2e\regression.spec.ts:179:9 ΓÇ║ Responsive ΓÇô 375px ΓÇ║ /about no horizontal overflow at 375px (retry #1) (639ms)
  x  123 [Brave] ΓÇ║ tests\e2e\user-journeys.spec.ts:124:7 ΓÇ║ US-6 Mock MCQ test ΓÇ║ configure and start ΓÇö starts, or gracefully reports no questions (no crash / no 401) (970ms)
  x  125 [Brave] ΓÇ║ tests\e2e\regression.spec.ts:109:9 ΓÇ║ Auth guard ΓÇô unauthenticated redirects ΓÇ║ /dashboard ΓåÆ redirects to /login (retry #1) (922ms)
  x  127 [Chromium (built-in)] ΓÇ║ tests\e2e\regression.spec.ts:179:9 ΓÇ║ Responsive ΓÇô 375px ΓÇ║ /login no horizontal overflow at 375px (1.4s)
  x  128 [Brave] ΓÇ║ tests\e2e\user-journeys.spec.ts:124:7 ΓÇ║ US-6 Mock MCQ test ΓÇ║ configure and start ΓÇö starts, or gracefully reports no questions (no crash / no 401) (retry #1) (1.1s)
  x  129 [Brave] ΓÇ║ tests\e2e\regression.spec.ts:109:9 ΓÇ║ Auth guard ΓÇô unauthenticated redirects ΓÇ║ /practice ΓåÆ redirects to /login (928ms)
  x  130 [Chromium (built-in)] ΓÇ║ tests\e2e\regression.spec.ts:179:9 ΓÇ║ Responsive ΓÇô 375px ΓÇ║ /login no horizontal overflow at 375px (retry #1) (587ms)
  x  126 [Firefox] ΓÇ║ tests\e2e\regression.spec.ts:109:9 ΓÇ║ Auth guard ΓÇô unauthenticated redirects ΓÇ║ /dashboard ΓåÆ redirects to /login (5.9s)
  x  131 [Brave] ΓÇ║ tests\e2e\user-journeys.spec.ts:149:7 ΓÇ║ US-7 Reports ΓÇ║ reports page loads for an authenticated user (1.5s)
  x  132 [Brave] ΓÇ║ tests\e2e\regression.spec.ts:109:9 ΓÇ║ Auth guard ΓÇô unauthenticated redirects ΓÇ║ /practice ΓåÆ redirects to /login (retry #1) (1.3s)
  x  135 [Brave] ΓÇ║ tests\e2e\user-journeys.spec.ts:149:7 ΓÇ║ US-7 Reports ΓÇ║ reports page loads for an authenticated user (retry #1) (2.0s)
  x  136 [Brave] ΓÇ║ tests\e2e\regression.spec.ts:109:9 ΓÇ║ Auth guard ΓÇô unauthenticated redirects ΓÇ║ /reports ΓåÆ redirects to /login (1.6s)
  x  133 [Opera] ΓÇ║ tests\e2e\regression.spec.ts:15:7 ΓÇ║ Marketing ΓÇô Landing page ΓÇ║ loads, shows hero CTA, no JS errors (1.9s)
  x  138 [Brave] ΓÇ║ tests\e2e\regression.spec.ts:109:9 ΓÇ║ Auth guard ΓÇô unauthenticated redirects ΓÇ║ /reports ΓåÆ redirects to /login (retry #1) (1.1s)
  x  134 [Firefox] ΓÇ║ tests\e2e\regression.spec.ts:109:9 ΓÇ║ Auth guard ΓÇô unauthenticated redirects ΓÇ║ /dashboard ΓåÆ redirects to /login (retry #1) (8.6s)
  x  140 [Brave] ΓÇ║ tests\e2e\regression.spec.ts:109:9 ΓÇ║ Auth guard ΓÇô unauthenticated redirects ΓÇ║ /resume-builder ΓåÆ redirects to /login (1.2s)
  x  137 [Opera] ΓÇ║ tests\e2e\user-journeys.spec.ts:39:7 ΓÇ║ US-1 Signup ΓÇ║ a new email can create an account without error (2.3s)
  x  139 [Opera] ΓÇ║ tests\e2e\regression.spec.ts:15:7 ΓÇ║ Marketing ΓÇô Landing page ΓÇ║ loads, shows hero CTA, no JS errors (retry #1) (1.9s)
  x  142 [Brave] ΓÇ║ tests\e2e\regression.spec.ts:109:9 ΓÇ║ Auth guard ΓÇô unauthenticated redirects ΓÇ║ /resume-builder ΓåÆ redirects to /login (retry #1) (1.3s)
  x  145 [Brave] ΓÇ║ tests\e2e\regression.spec.ts:109:9 ΓÇ║ Auth guard ΓÇô unauthenticated redirects ΓÇ║ /jobs ΓåÆ redirects to /login (980ms)
  x  141 [Firefox] ΓÇ║ tests\e2e\regression.spec.ts:109:9 ΓÇ║ Auth guard ΓÇô unauthenticated redirects ΓÇ║ /practice ΓåÆ redirects to /login (6.2s)
  x  146 [Brave] ΓÇ║ tests\e2e\regression.spec.ts:109:9 ΓÇ║ Auth guard ΓÇô unauthenticated redirects ΓÇ║ /jobs ΓåÆ redirects to /login (retry #1) (1.4s)
  x  143 [Opera] ΓÇ║ tests\e2e\user-journeys.spec.ts:39:7 ΓÇ║ US-1 Signup ΓÇ║ a new email can create an account without error (retry #1) (2.2s)
  x  144 [Opera] ΓÇ║ tests\e2e\regression.spec.ts:30:7 ΓÇ║ Marketing ΓÇô Landing page ΓÇ║ navbar links render (2.1s)
  x  148 [Brave] ΓÇ║ tests\e2e\regression.spec.ts:109:9 ΓÇ║ Auth guard ΓÇô unauthenticated redirects ΓÇ║ /profile ΓåÆ redirects to /login (1.4s)
  x  147 [Firefox] ΓÇ║ tests\e2e\regression.spec.ts:109:9 ΓÇ║ Auth guard ΓÇô unauthenticated redirects ΓÇ║ /practice ΓåÆ redirects to /login (retry #1) (5.6s)
  x  151 [Brave] ΓÇ║ tests\e2e\regression.spec.ts:109:9 ΓÇ║ Auth guard ΓÇô unauthenticated redirects ΓÇ║ /profile ΓåÆ redirects to /login (retry #1) (871ms)
  x  153 [Brave] ΓÇ║ tests\e2e\regression.spec.ts:109:9 ΓÇ║ Auth guard ΓÇô unauthenticated redirects ΓÇ║ /subscription ΓåÆ redirects to /login (1.6s)
  x  150 [Opera] ΓÇ║ tests\e2e\regression.spec.ts:30:7 ΓÇ║ Marketing ΓÇô Landing page ΓÇ║ navbar links render (retry #1) (3.0s)
  x  149 [Opera] ΓÇ║ tests\e2e\user-journeys.spec.ts:64:7 ΓÇ║ US-2 Login ΓÇ║ valid credentials land in the app (dashboard or onboarding) (2.0s)
  x  154 [Brave] ΓÇ║ tests\e2e\regression.spec.ts:109:9 ΓÇ║ Auth guard ΓÇô unauthenticated redirects ΓÇ║ /subscription ΓåÆ redirects to /login (retry #1) (1.5s)
  x  152 [Firefox] ΓÇ║ tests\e2e\regression.spec.ts:109:9 ΓÇ║ Auth guard ΓÇô unauthenticated redirects ΓÇ║ /reports ΓåÆ redirects to /login (9.5s)
  x  157 [Brave] ΓÇ║ tests\e2e\regression.spec.ts:109:9 ΓÇ║ Auth guard ΓÇô unauthenticated redirects ΓÇ║ /question-bank ΓåÆ redirects to /login (976ms)
  x  155 [Opera] ΓÇ║ tests\e2e\regression.spec.ts:35:7 ΓÇ║ Marketing ΓÇô Landing page ΓÇ║ no broken images on landing (2.3s)
  x  156 [Opera] ΓÇ║ tests\e2e\user-journeys.spec.ts:64:7 ΓÇ║ US-2 Login ΓÇ║ valid credentials land in the app (dashboard or onboarding) (retry #1) (2.1s)
  x  159 [Brave] ΓÇ║ tests\e2e\regression.spec.ts:109:9 ΓÇ║ Auth guard ΓÇô unauthenticated redirects ΓÇ║ /question-bank ΓåÆ redirects to /login (retry #1) (1.4s)
  x  158 [Firefox] ΓÇ║ tests\e2e\regression.spec.ts:109:9 ΓÇ║ Auth guard ΓÇô unauthenticated redirects ΓÇ║ /reports ΓåÆ redirects to /login (retry #1) (8.1s)
  x  162 [Brave] ΓÇ║ tests\e2e\regression.spec.ts:119:7 ΓÇ║ Theme toggle ΓÇ║ dark mode class toggled on html element (1.1s)
  x  160 [Opera] ΓÇ║ tests\e2e\regression.spec.ts:35:7 ΓÇ║ Marketing ΓÇô Landing page ΓÇ║ no broken images on landing (retry #1) (2.6s)
  x  161 [Opera] ΓÇ║ tests\e2e\user-journeys.spec.ts:74:7 ΓÇ║ US-3 Invalid login ΓÇ║ wrong password shows an error and stays on /login (2.8s)
  x  164 [Brave] ΓÇ║ tests\e2e\regression.spec.ts:119:7 ΓÇ║ Theme toggle ΓÇ║ dark mode class toggled on html element (retry #1) (1.7s)
  x  167 [Brave] ΓÇ║ tests\e2e\regression.spec.ts:147:7 ΓÇ║ Navbar ΓÇ║ mobile menu opens and closes (1.4s)
  x  163 [Firefox] ΓÇ║ tests\e2e\regression.spec.ts:109:9 ΓÇ║ Auth guard ΓÇô unauthenticated redirects ΓÇ║ /resume-builder ΓåÆ redirects to /login (7.0s)
  x  165 [Opera] ΓÇ║ tests\e2e\regression.spec.ts:47:7 ΓÇ║ Marketing ΓÇô Pricing ΓÇ║ loads and shows plan cards (3.7s)
  x  166 [Opera] ΓÇ║ tests\e2e\user-journeys.spec.ts:74:7 ΓÇ║ US-3 Invalid login ΓÇ║ wrong password shows an error and stays on /login (retry #1) (2.9s)
  x  168 [Brave] ΓÇ║ tests\e2e\regression.spec.ts:147:7 ΓÇ║ Navbar ΓÇ║ mobile menu opens and closes (retry #1) (4.0s)
  x  172 [Brave] ΓÇ║ tests\e2e\regression.spec.ts:156:7 ΓÇ║ Navbar ΓÇ║ footer renders on landing (2.4s)
  x  171 [Opera] ΓÇ║ tests\e2e\user-journeys.spec.ts:86:7 ΓÇ║ US-4 Session persists across navigation (redirect-loop regression) ΓÇ║ after login, a protected route loads instead of bouncing to /login (3.1s)
  x  169 [Firefox] ΓÇ║ tests\e2e\regression.spec.ts:109:9 ΓÇ║ Auth guard ΓÇô unauthenticated redirects ΓÇ║ /resume-builder ΓåÆ redirects to /login (retry #1) (9.6s)
  x  170 [Opera] ΓÇ║ tests\e2e\regression.spec.ts:47:7 ΓÇ║ Marketing ΓÇô Pricing ΓÇ║ loads and shows plan cards (retry #1) (1.8s)
  x  173 [Brave] ΓÇ║ tests\e2e\regression.spec.ts:156:7 ΓÇ║ Navbar ΓÇ║ footer renders on landing (retry #1) (950ms)
  x  177 [Brave] ΓÇ║ tests\e2e\regression.spec.ts:166:7 ΓÇ║ Try page (no-signup demo) ΓÇ║ loads without redirect (1.3s)
  x  174 [Opera] ΓÇ║ tests\e2e\user-journeys.spec.ts:86:7 ΓÇ║ US-4 Session persists across navigation (redirect-loop regression) ΓÇ║ after login, a protected route loads instead of bouncing to /login (retry #1) (2.4s)
  x  176 [Opera] ΓÇ║ tests\e2e\regression.spec.ts:57:7 ΓÇ║ Marketing ΓÇô About ΓÇ║ loads without error (2.3s)
  x  178 [Brave] ΓÇ║ tests\e2e\regression.spec.ts:166:7 ΓÇ║ Try page (no-signup demo) ΓÇ║ loads without redirect (retry #1) (1.9s)
  x  181 [Brave] ΓÇ║ tests\e2e\regression.spec.ts:179:9 ΓÇ║ Responsive ΓÇô 375px ΓÇ║ / no horizontal overflow at 375px (1.1s)
  x  175 [Firefox] ΓÇ║ tests\e2e\regression.spec.ts:109:9 ΓÇ║ Auth guard ΓÇô unauthenticated redirects ΓÇ║ /jobs ΓåÆ redirects to /login (15.3s)
  x  179 [Opera] ΓÇ║ tests\e2e\user-journeys.spec.ts:103:7 ΓÇ║ US-5 Profile ΓÇ║ profile page loads and saving succeeds (2.1s)
  x  182 [Brave] ΓÇ║ tests\e2e\regression.spec.ts:179:9 ΓÇ║ Responsive ΓÇô 375px ΓÇ║ / no horizontal overflow at 375px (retry #1) (1.7s)
  x  180 [Opera] ΓÇ║ tests\e2e\regression.spec.ts:57:7 ΓÇ║ Marketing ΓÇô About ΓÇ║ loads without error (retry #1) (2.2s)
  x  185 [Brave] ΓÇ║ tests\e2e\regression.spec.ts:179:9 ΓÇ║ Responsive ΓÇô 375px ΓÇ║ /pricing no horizontal overflow at 375px (1.3s)
  x  186 [Opera] ΓÇ║ tests\e2e\regression.spec.ts:66:7 ΓÇ║ Marketing ΓÇô Privacy & Terms ΓÇ║ privacy page loads (3.9s)
  x  187 [Brave] ΓÇ║ tests\e2e\regression.spec.ts:179:9 ΓÇ║ Responsive ΓÇô 375px ΓÇ║ /pricing no horizontal overflow at 375px (retry #1) (1.4s)
  x  184 [Opera] ΓÇ║ tests\e2e\user-journeys.spec.ts:103:7 ΓÇ║ US-5 Profile ΓÇ║ profile page loads and saving succeeds (retry #1) (4.0s)
  x  183 [Firefox] ΓÇ║ tests\e2e\regression.spec.ts:109:9 ΓÇ║ Auth guard ΓÇô unauthenticated redirects ΓÇ║ /jobs ΓåÆ redirects to /login (retry #1) (10.6s)
  x  189 [Brave] ΓÇ║ tests\e2e\regression.spec.ts:179:9 ΓÇ║ Responsive ΓÇô 375px ΓÇ║ /about no horizontal overflow at 375px (2.5s)
  x  188 [Opera] ΓÇ║ tests\e2e\regression.spec.ts:66:7 ΓÇ║ Marketing ΓÇô Privacy & Terms ΓÇ║ privacy page loads (retry #1) (2.9s)
  x  192 [Brave] ΓÇ║ tests\e2e\regression.spec.ts:179:9 ΓÇ║ Responsive ΓÇô 375px ΓÇ║ /about no horizontal overflow at 375px (retry #1) (1.4s)
  x  190 [Opera] ΓÇ║ tests\e2e\user-journeys.spec.ts:124:7 ΓÇ║ US-6 Mock MCQ test ΓÇ║ configure and start ΓÇö starts, or gracefully reports no questions (no crash / no 401) (2.8s)
  x  191 [Firefox] ΓÇ║ tests\e2e\regression.spec.ts:109:9 ΓÇ║ Auth guard ΓÇô unauthenticated redirects ΓÇ║ /profile ΓåÆ redirects to /login (7.4s)
  x  194 [Brave] ΓÇ║ tests\e2e\regression.spec.ts:179:9 ΓÇ║ Responsive ΓÇô 375px ΓÇ║ /login no horizontal overflow at 375px (1.4s)
  x  193 [Opera] ΓÇ║ tests\e2e\regression.spec.ts:70:7 ΓÇ║ Marketing ΓÇô Privacy & Terms ΓÇ║ terms page loads (2.3s)
  x  197 [Brave] ΓÇ║ tests\e2e\regression.spec.ts:179:9 ΓÇ║ Responsive ΓÇô 375px ΓÇ║ /login no horizontal overflow at 375px (retry #1) (2.3s)
  x  195 [Opera] ΓÇ║ tests\e2e\user-journeys.spec.ts:124:7 ΓÇ║ US-6 Mock MCQ test ΓÇ║ configure and start ΓÇö starts, or gracefully reports no questions (no crash / no 401) (retry #1) (2.9s)
  x  199 [Mobile Chrome (375px)] ΓÇ║ tests\e2e\regression.spec.ts:15:7 ΓÇ║ Marketing ΓÇô Landing page ΓÇ║ loads, shows hero CTA, no JS errors (709ms)
  x  196 [Firefox] ΓÇ║ tests\e2e\regression.spec.ts:109:9 ΓÇ║ Auth guard ΓÇô unauthenticated redirects ΓÇ║ /profile ΓåÆ redirects to /login (retry #1) (6.9s)
  x  201 [Mobile Chrome (375px)] ΓÇ║ tests\e2e\regression.spec.ts:15:7 ΓÇ║ Marketing ΓÇô Landing page ΓÇ║ loads, shows hero CTA, no JS errors (retry #1) (566ms)
  x  203 [Mobile Chrome (375px)] ΓÇ║ tests\e2e\regression.spec.ts:30:7 ΓÇ║ Marketing ΓÇô Landing page ΓÇ║ navbar links render (611ms)
  x  198 [Opera] ΓÇ║ tests\e2e\regression.spec.ts:70:7 ΓÇ║ Marketing ΓÇô Privacy & Terms ΓÇ║ terms page loads (retry #1) (3.5s)
  x  200 [Opera] ΓÇ║ tests\e2e\user-journeys.spec.ts:149:7 ΓÇ║ US-7 Reports ΓÇ║ reports page loads for an authenticated user (3.8s)
  x  204 [Mobile Chrome (375px)] ΓÇ║ tests\e2e\regression.spec.ts:30:7 ΓÇ║ Marketing ΓÇô Landing page ΓÇ║ navbar links render (retry #1) (568ms)
  x  202 [Firefox] ΓÇ║ tests\e2e\regression.spec.ts:109:9 ΓÇ║ Auth guard ΓÇô unauthenticated redirects ΓÇ║ /subscription ΓåÆ redirects to /login (7.4s)
  x  207 [Mobile Chrome (375px)] ΓÇ║ tests\e2e\regression.spec.ts:35:7 ΓÇ║ Marketing ΓÇô Landing page ΓÇ║ no broken images on landing (632ms)
  x  209 [Mobile Chrome (375px)] ΓÇ║ tests\e2e\regression.spec.ts:35:7 ΓÇ║ Marketing ΓÇô Landing page ΓÇ║ no broken images on landing (retry #1) (626ms)
  x  210 [Mobile Chrome (375px)] ΓÇ║ tests\e2e\regression.spec.ts:47:7 ΓÇ║ Marketing ΓÇô Pricing ΓÇ║ loads and shows plan cards (597ms)
  x  205 [Opera] ΓÇ║ tests\e2e\regression.spec.ts:79:7 ΓÇ║ Auth ΓÇô Login / Signup ΓÇ║ login page loads without redirect (3.2s)
  x  206 [Opera] ΓÇ║ tests\e2e\user-journeys.spec.ts:149:7 ΓÇ║ US-7 Reports ΓÇ║ reports page loads for an authenticated user (retry #1) (3.4s)
  x  211 [Mobile Chrome (375px)] ΓÇ║ tests\e2e\regression.spec.ts:47:7 ΓÇ║ Marketing ΓÇô Pricing ΓÇ║ loads and shows plan cards (retry #1) (553ms)
  x  208 [Firefox] ΓÇ║ tests\e2e\regression.spec.ts:109:9 ΓÇ║ Auth guard ΓÇô unauthenticated redirects ΓÇ║ /subscription ΓåÆ redirects to /login (retry #1) (8.1s)
  x  213 [Mobile Chrome (375px)] ΓÇ║ tests\e2e\user-journeys.spec.ts:39:7 ΓÇ║ US-1 Signup ΓÇ║ a new email can create an account without error (765ms)
  x  214 [Mobile Chrome (375px)] ΓÇ║ tests\e2e\regression.spec.ts:57:7 ΓÇ║ Marketing ΓÇô About ΓÇ║ loads without error (680ms)
  x  216 [Mobile Chrome (375px)] ΓÇ║ tests\e2e\user-journeys.spec.ts:39:7 ΓÇ║ US-1 Signup ΓÇ║ a new email can create an account without error (retry #1) (664ms)
  x  217 [Mobile Chrome (375px)] ΓÇ║ tests\e2e\regression.spec.ts:57:7 ΓÇ║ Marketing ΓÇô About ΓÇ║ loads without error (retry #1) (1.4s)
  x  218 [Mobile Chrome (375px)] ΓÇ║ tests\e2e\user-journeys.spec.ts:64:7 ΓÇ║ US-2 Login ΓÇ║ valid credentials land in the app (dashboard or onboarding) (741ms)
  x  212 [Opera] ΓÇ║ tests\e2e\regression.spec.ts:79:7 ΓÇ║ Auth ΓÇô Login / Signup ΓÇ║ login page loads without redirect (retry #1) (2.2s)
  x  219 [Mobile Chrome (375px)] ΓÇ║ tests\e2e\regression.spec.ts:66:7 ΓÇ║ Marketing ΓÇô Privacy & Terms ΓÇ║ privacy page loads (595ms)
  x  220 [Mobile Chrome (375px)] ΓÇ║ tests\e2e\user-journeys.spec.ts:64:7 ΓÇ║ US-2 Login ΓÇ║ valid credentials land in the app (dashboard or onboarding) (retry #1) (689ms)
  x  215 [Firefox] ΓÇ║ tests\e2e\regression.spec.ts:109:9 ΓÇ║ Auth guard ΓÇô unauthenticated redirects ΓÇ║ /question-bank ΓåÆ redirects to /login (6.5s)
  x  222 [Mobile Chrome (375px)] ΓÇ║ tests\e2e\regression.spec.ts:66:7 ΓÇ║ Marketing ΓÇô Privacy & Terms ΓÇ║ privacy page loads (retry #1) (686ms)
  x  223 [Mobile Chrome (375px)] ΓÇ║ tests\e2e\user-journeys.spec.ts:74:7 ΓÇ║ US-3 Invalid login ΓÇ║ wrong password shows an error and stays on /login (693ms)
  x  225 [Mobile Chrome (375px)] ΓÇ║ tests\e2e\regression.spec.ts:70:7 ΓÇ║ Marketing ΓÇô Privacy & Terms ΓÇ║ terms page loads (2.0s)
  x  226 [Mobile Chrome (375px)] ΓÇ║ tests\e2e\user-journeys.spec.ts:74:7 ΓÇ║ US-3 Invalid login ΓÇ║ wrong password shows an error and stays on /login (retry #1) (1.8s)
  x  221 [Opera] ΓÇ║ tests\e2e\regression.spec.ts:87:7 ΓÇ║ Auth ΓÇô Login / Signup ΓÇ║ signup page loads without redirect (2.6s)
  x  228 [Mobile Chrome (375px)] ΓÇ║ tests\e2e\user-journeys.spec.ts:86:7 ΓÇ║ US-4 Session persists across navigation (redirect-loop regression) ΓÇ║ after login, a protected route loads instead of bouncing to /login (781ms)
  x  227 [Mobile Chrome (375px)] ΓÇ║ tests\e2e\regression.spec.ts:70:7 ΓÇ║ Marketing ΓÇô Privacy & Terms ΓÇ║ terms page loads (retry #1) (725ms)
  x  224 [Firefox] ΓÇ║ tests\e2e\regression.spec.ts:109:9 ΓÇ║ Auth guard ΓÇô unauthenticated redirects ΓÇ║ /question-bank ΓåÆ redirects to /login (retry #1) (6.8s)
  x  230 [Mobile Chrome (375px)] ΓÇ║ tests\e2e\user-journeys.spec.ts:86:7 ΓÇ║ US-4 Session persists across navigation (redirect-loop regression) ΓÇ║ after login, a protected route loads instead of bouncing to /login (retry #1) (750ms)
  x  231 [Mobile Chrome (375px)] ΓÇ║ tests\e2e\regression.spec.ts:79:7 ΓÇ║ Auth ΓÇô Login / Signup ΓÇ║ login page loads without redirect (836ms)
  x  233 [Mobile Chrome (375px)] ΓÇ║ tests\e2e\user-journeys.spec.ts:103:7 ΓÇ║ US-5 Profile ΓÇ║ profile page loads and saving succeeds (1.3s)
  x  234 [Mobile Chrome (375px)] ΓÇ║ tests\e2e\regression.spec.ts:79:7 ΓÇ║ Auth ΓÇô Login / Signup ΓÇ║ login page loads without redirect (retry #1) (1.5s)
  x  229 [Opera] ΓÇ║ tests\e2e\regression.spec.ts:87:7 ΓÇ║ Auth ΓÇô Login / Signup ΓÇ║ signup page loads without redirect (retry #1) (2.0s)
  x  235 [Mobile Chrome (375px)] ΓÇ║ tests\e2e\user-journeys.spec.ts:103:7 ΓÇ║ US-5 Profile ΓÇ║ profile page loads and saving succeeds (retry #1) (594ms)
  x  236 [Mobile Chrome (375px)] ΓÇ║ tests\e2e\regression.spec.ts:87:7 ΓÇ║ Auth ΓÇô Login / Signup ΓÇ║ signup page loads without redirect (565ms)
  x  232 [Firefox] ΓÇ║ tests\e2e\regression.spec.ts:119:7 ΓÇ║ Theme toggle ΓÇ║ dark mode class toggled on html element (6.8s)
  x  238 [Mobile Chrome (375px)] ΓÇ║ tests\e2e\user-journeys.spec.ts:124:7 ΓÇ║ US-6 Mock MCQ test ΓÇ║ configure and start ΓÇö starts, or gracefully reports no questions (no crash / no 401) (595ms)
  x  239 [Mobile Chrome (375px)] ΓÇ║ tests\e2e\regression.spec.ts:87:7 ΓÇ║ Auth ΓÇô Login / Signup ΓÇ║ signup page loads without redirect (retry #1) (607ms)
  x  241 [Mobile Chrome (375px)] ΓÇ║ tests\e2e\user-journeys.spec.ts:124:7 ΓÇ║ US-6 Mock MCQ test ΓÇ║ configure and start ΓÇö starts, or gracefully reports no questions (no crash / no 401) (retry #1) (671ms)
  x  242 [Mobile Chrome (375px)] ΓÇ║ tests\e2e\regression.spec.ts:109:9 ΓÇ║ Auth guard ΓÇô unauthenticated redirects ΓÇ║ /dashboard ΓåÆ redirects to /login (1.0s)
  x  237 [Opera] ΓÇ║ tests\e2e\regression.spec.ts:109:9 ΓÇ║ Auth guard ΓÇô unauthenticated redirects ΓÇ║ /dashboard ΓåÆ redirects to /login (1.8s)
  x  243 [Mobile Chrome (375px)] ΓÇ║ tests\e2e\user-journeys.spec.ts:149:7 ΓÇ║ US-7 Reports ΓÇ║ reports page loads for an authenticated user (653ms)
  x  244 [Mobile Chrome (375px)] ΓÇ║ tests\e2e\regression.spec.ts:109:9 ΓÇ║ Auth guard ΓÇô unauthenticated redirects ΓÇ║ /dashboard ΓåÆ redirects to /login (retry #1) (644ms)
  x  240 [Firefox] ΓÇ║ tests\e2e\regression.spec.ts:119:7 ΓÇ║ Theme toggle ΓÇ║ dark mode class toggled on html element (retry #1) (6.4s)
  x  246 [Mobile Chrome (375px)] ΓÇ║ tests\e2e\user-journeys.spec.ts:149:7 ΓÇ║ US-7 Reports ΓÇ║ reports page loads for an authenticated user (retry #1) (685ms)
  x  247 [Mobile Chrome (375px)] ΓÇ║ tests\e2e\regression.spec.ts:109:9 ΓÇ║ Auth guard ΓÇô unauthenticated redirects ΓÇ║ /practice ΓåÆ redirects to /login (619ms)
  x  249 [Mobile Chrome (375px)] ΓÇ║ tests\e2e\regression.spec.ts:109:9 ΓÇ║ Auth guard ΓÇô unauthenticated redirects ΓÇ║ /practice ΓåÆ redirects to /login (retry #1) (803ms)
  x  245 [Opera] ΓÇ║ tests\e2e\regression.spec.ts:109:9 ΓÇ║ Auth guard ΓÇô unauthenticated redirects ΓÇ║ /dashboard ΓåÆ redirects to /login (retry #1) (2.3s)
  x  250 [Mobile Chrome (375px)] ΓÇ║ tests\e2e\regression.spec.ts:109:9 ΓÇ║ Auth guard ΓÇô unauthenticated redirects ΓÇ║ /reports ΓåÆ redirects to /login (565ms)
  x  248 [Firefox] ΓÇ║ tests\e2e\regression.spec.ts:147:7 ΓÇ║ Navbar ΓÇ║ mobile menu opens and closes (6.1s)
  x  252 [Mobile Chrome (375px)] ΓÇ║ tests\e2e\regression.spec.ts:109:9 ΓÇ║ Auth guard ΓÇô unauthenticated redirects ΓÇ║ /reports ΓåÆ redirects to /login (retry #1) (591ms)
  x  254 [Mobile Chrome (375px)] ΓÇ║ tests\e2e\regression.spec.ts:109:9 ΓÇ║ Auth guard ΓÇô unauthenticated redirects ΓÇ║ /resume-builder ΓåÆ redirects to /login (697ms)
  x  251 [Opera] ΓÇ║ tests\e2e\regression.spec.ts:109:9 ΓÇ║ Auth guard ΓÇô unauthenticated redirects ΓÇ║ /practice ΓåÆ redirects to /login (1.9s)
  x  255 [Mobile Chrome (375px)] ΓÇ║ tests\e2e\regression.spec.ts:109:9 ΓÇ║ Auth guard ΓÇô unauthenticated redirects ΓÇ║ /resume-builder ΓåÆ redirects to /login (retry #1) (556ms)
  x  253 [Firefox] ΓÇ║ tests\e2e\regression.spec.ts:147:7 ΓÇ║ Navbar ΓÇ║ mobile menu opens and closes (retry #1) (5.9s)
  x  257 [Mobile Chrome (375px)] ΓÇ║ tests\e2e\regression.spec.ts:109:9 ΓÇ║ Auth guard ΓÇô unauthenticated redirects ΓÇ║ /jobs ΓåÆ redirects to /login (666ms)
  x  259 [Mobile Chrome (375px)] ΓÇ║ tests\e2e\regression.spec.ts:109:9 ΓÇ║ Auth guard ΓÇô unauthenticated redirects ΓÇ║ /jobs ΓåÆ redirects to /login (retry #1) (814ms)
  x  256 [Opera] ΓÇ║ tests\e2e\regression.spec.ts:109:9 ΓÇ║ Auth guard ΓÇô unauthenticated redirects ΓÇ║ /practice ΓåÆ redirects to /login (retry #1) (2.1s)
  x  260 [Mobile Chrome (375px)] ΓÇ║ tests\e2e\regression.spec.ts:109:9 ΓÇ║ Auth guard ΓÇô unauthenticated redirects ΓÇ║ /profile ΓåÆ redirects to /login (595ms)
  x  258 [Firefox] ΓÇ║ tests\e2e\regression.spec.ts:156:7 ΓÇ║ Navbar ΓÇ║ footer renders on landing (6.1s)
  x  262 [Mobile Chrome (375px)] ΓÇ║ tests\e2e\regression.spec.ts:109:9 ΓÇ║ Auth guard ΓÇô unauthenticated redirects ΓÇ║ /profile ΓåÆ redirects to /login (retry #1) (555ms)
  x  264 [Mobile Chrome (375px)] ΓÇ║ tests\e2e\regression.spec.ts:109:9 ΓÇ║ Auth guard ΓÇô unauthenticated redirects ΓÇ║ /subscription ΓåÆ redirects to /login (633ms)
  x  261 [Opera] ΓÇ║ tests\e2e\regression.spec.ts:109:9 ΓÇ║ Auth guard ΓÇô unauthenticated redirects ΓÇ║ /reports ΓåÆ redirects to /login (2.0s)
  x  265 [Mobile Chrome (375px)] ΓÇ║ tests\e2e\regression.spec.ts:109:9 ΓÇ║ Auth guard ΓÇô unauthenticated redirects ΓÇ║ /subscription ΓåÆ redirects to /login (retry #1) (698ms)
  x  267 [Mobile Chrome (375px)] ΓÇ║ tests\e2e\regression.spec.ts:109:9 ΓÇ║ Auth guard ΓÇô unauthenticated redirects ΓÇ║ /question-bank ΓåÆ redirects to /login (640ms)
  x  263 [Firefox] ΓÇ║ tests\e2e\regression.spec.ts:156:7 ΓÇ║ Navbar ΓÇ║ footer renders on landing (retry #1) (6.4s)
  x  268 [Mobile Chrome (375px)] ΓÇ║ tests\e2e\regression.spec.ts:109:9 ΓÇ║ Auth guard ΓÇô unauthenticated redirects ΓÇ║ /question-bank ΓåÆ redirects to /login (retry #1) (583ms)
  x  270 [Mobile Chrome (375px)] ΓÇ║ tests\e2e\regression.spec.ts:119:7 ΓÇ║ Theme toggle ΓÇ║ dark mode class toggled on html element (1.2s)
  x  266 [Opera] ΓÇ║ tests\e2e\regression.spec.ts:109:9 ΓÇ║ Auth guard ΓÇô unauthenticated redirects ΓÇ║ /reports ΓåÆ redirects to /login (retry #1) (2.1s)
  x  271 [Mobile Chrome (375px)] ΓÇ║ tests\e2e\regression.spec.ts:119:7 ΓÇ║ Theme toggle ΓÇ║ dark mode class toggled on html element (retry #1) (552ms)
  x  269 [Firefox] ΓÇ║ tests\e2e\regression.spec.ts:166:7 ΓÇ║ Try page (no-signup demo) ΓÇ║ loads without redirect (6.3s)
  x  273 [Mobile Chrome (375px)] ΓÇ║ tests\e2e\regression.spec.ts:147:7 ΓÇ║ Navbar ΓÇ║ mobile menu opens and closes (551ms)
  x  275 [Mobile Chrome (375px)] ΓÇ║ tests\e2e\regression.spec.ts:147:7 ΓÇ║ Navbar ΓÇ║ mobile menu opens and closes (retry #1) (754ms)
  x  272 [Opera] ΓÇ║ tests\e2e\regression.spec.ts:109:9 ΓÇ║ Auth guard ΓÇô unauthenticated redirects ΓÇ║ /resume-builder ΓåÆ redirects to /login (1.9s)
  x  276 [Mobile Chrome (375px)] ΓÇ║ tests\e2e\regression.spec.ts:156:7 ΓÇ║ Navbar ΓÇ║ footer renders on landing (603ms)
  x  274 [Firefox] ΓÇ║ tests\e2e\regression.spec.ts:166:7 ΓÇ║ Try page (no-signup demo) ΓÇ║ loads without redirect (retry #1) (6.7s)
  x  278 [Mobile Chrome (375px)] ΓÇ║ tests\e2e\regression.spec.ts:156:7 ΓÇ║ Navbar ΓÇ║ footer renders on landing (retry #1) (637ms)
  x  280 [Mobile Chrome (375px)] ΓÇ║ tests\e2e\regression.spec.ts:166:7 ΓÇ║ Try page (no-signup demo) ΓÇ║ loads without redirect (635ms)
  x  281 [Mobile Chrome (375px)] ΓÇ║ tests\e2e\regression.spec.ts:166:7 ΓÇ║ Try page (no-signup demo) ΓÇ║ loads without redirect (retry #1) (1.2s)
  x  277 [Opera] ΓÇ║ tests\e2e\regression.spec.ts:109:9 ΓÇ║ Auth guard ΓÇô unauthenticated redirects ΓÇ║ /resume-builder ΓåÆ redirects to /login (retry #1) (2.2s)
  x  282 [Mobile Chrome (375px)] ΓÇ║ tests\e2e\regression.spec.ts:179:9 ΓÇ║ Responsive ΓÇô 375px ΓÇ║ / no horizontal overflow at 375px (567ms)
  x  279 [Firefox] ΓÇ║ tests\e2e\regression.spec.ts:179:9 ΓÇ║ Responsive ΓÇô 375px ΓÇ║ / no horizontal overflow at 375px (6.2s)
  x  284 [Mobile Chrome (375px)] ΓÇ║ tests\e2e\regression.spec.ts:179:9 ΓÇ║ Responsive ΓÇô 375px ΓÇ║ / no horizontal overflow at 375px (retry #1) (586ms)
  x  286 [Mobile Chrome (375px)] ΓÇ║ tests\e2e\regression.spec.ts:179:9 ΓÇ║ Responsive ΓÇô 375px ΓÇ║ /pricing no horizontal overflow at 375px (707ms)
  x  283 [Opera] ΓÇ║ tests\e2e\regression.spec.ts:109:9 ΓÇ║ Auth guard ΓÇô unauthenticated redirects ΓÇ║ /jobs ΓåÆ redirects to /login (2.1s)
  x  287 [Mobile Chrome (375px)] ΓÇ║ tests\e2e\regression.spec.ts:179:9 ΓÇ║ Responsive ΓÇô 375px ΓÇ║ /pricing no horizontal overflow at 375px (retry #1) (574ms)
  x  285 [Firefox] ΓÇ║ tests\e2e\regression.spec.ts:179:9 ΓÇ║ Responsive ΓÇô 375px ΓÇ║ / no horizontal overflow at 375px (retry #1) (6.4s)
  x  289 [Mobile Chrome (375px)] ΓÇ║ tests\e2e\regression.spec.ts:179:9 ΓÇ║ Responsive ΓÇô 375px ΓÇ║ /about no horizontal overflow at 375px (568ms)
  x  291 [Mobile Chrome (375px)] ΓÇ║ tests\e2e\regression.spec.ts:179:9 ΓÇ║ Responsive ΓÇô 375px ΓÇ║ /about no horizontal overflow at 375px (retry #1) (583ms)
  x  292 [Mobile Chrome (375px)] ΓÇ║ tests\e2e\regression.spec.ts:179:9 ΓÇ║ Responsive ΓÇô 375px ΓÇ║ /login no horizontal overflow at 375px (1.4s)
  x  288 [Opera] ΓÇ║ tests\e2e\regression.spec.ts:109:9 ΓÇ║ Auth guard ΓÇô unauthenticated redirects ΓÇ║ /jobs ΓåÆ redirects to /login (retry #1) (2.0s)
  x  293 [Mobile Chrome (375px)] ΓÇ║ tests\e2e\regression.spec.ts:179:9 ΓÇ║ Responsive ΓÇô 375px ΓÇ║ /login no horizontal overflow at 375px (retry #1) (523ms)
  x  290 [Firefox] ΓÇ║ tests\e2e\regression.spec.ts:179:9 ΓÇ║ Responsive ΓÇô 375px ΓÇ║ /pricing no horizontal overflow at 375px (6.0s)
  x  294 [Opera] ΓÇ║ tests\e2e\regression.spec.ts:109:9 ΓÇ║ Auth guard ΓÇô unauthenticated redirects ΓÇ║ /profile ΓåÆ redirects to /login (1.7s)
  x  295 [Firefox] ΓÇ║ tests\e2e\regression.spec.ts:179:9 ΓÇ║ Responsive ΓÇô 375px ΓÇ║ /pricing no horizontal overflow at 375px (retry #1) (5.0s)
  x  297 [Firefox] ΓÇ║ tests\e2e\regression.spec.ts:179:9 ΓÇ║ Responsive ΓÇô 375px ΓÇ║ /about no horizontal overflow at 375px (4.4s)
  x  296 [Opera] ΓÇ║ tests\e2e\regression.spec.ts:109:9 ΓÇ║ Auth guard ΓÇô unauthenticated redirects ΓÇ║ /profile ΓåÆ redirects to /login (retry #1) (1.8s)
  x  298 [Firefox] ΓÇ║ tests\e2e\regression.spec.ts:179:9 ΓÇ║ Responsive ΓÇô 375px ΓÇ║ /about no horizontal overflow at 375px (retry #1) (3.8s)
  x  299 [Opera] ΓÇ║ tests\e2e\regression.spec.ts:109:9 ΓÇ║ Auth guard ΓÇô unauthenticated redirects ΓÇ║ /subscription ΓåÆ redirects to /login (1.7s)
  x  300 [Firefox] ΓÇ║ tests\e2e\regression.spec.ts:179:9 ΓÇ║ Responsive ΓÇô 375px ΓÇ║ /login no horizontal overflow at 375px (3.6s)
  x  301 [Opera] ΓÇ║ tests\e2e\regression.spec.ts:109:9 ΓÇ║ Auth guard ΓÇô unauthenticated redirects ΓÇ║ /subscription ΓåÆ redirects to /login (retry #1) (1.6s)
  x  302 [Firefox] ΓÇ║ tests\e2e\regression.spec.ts:179:9 ΓÇ║ Responsive ΓÇô 375px ΓÇ║ /login no horizontal overflow at 375px (retry #1) (3.8s)
  x  303 [Opera] ΓÇ║ tests\e2e\regression.spec.ts:109:9 ΓÇ║ Auth guard ΓÇô unauthenticated redirects ΓÇ║ /question-bank ΓåÆ redirects to /login (1.3s)
  x  304 [Opera] ΓÇ║ tests\e2e\regression.spec.ts:109:9 ΓÇ║ Auth guard ΓÇô unauthenticated redirects ΓÇ║ /question-bank ΓåÆ redirects to /login (retry #1) (1.4s)
  x  305 [Opera] ΓÇ║ tests\e2e\regression.spec.ts:119:7 ΓÇ║ Theme toggle ΓÇ║ dark mode class toggled on html element (1.4s)
  x  306 [Opera] ΓÇ║ tests\e2e\regression.spec.ts:119:7 ΓÇ║ Theme toggle ΓÇ║ dark mode class toggled on html element (retry #1) (1.5s)
  x  307 [Opera] ΓÇ║ tests\e2e\regression.spec.ts:147:7 ΓÇ║ Navbar ΓÇ║ mobile menu opens and closes (1.4s)
  x  308 [Opera] ΓÇ║ tests\e2e\regression.spec.ts:147:7 ΓÇ║ Navbar ΓÇ║ mobile menu opens and closes (retry #1) (1.4s)
  x  309 [Opera] ΓÇ║ tests\e2e\regression.spec.ts:156:7 ΓÇ║ Navbar ΓÇ║ footer renders on landing (1.3s)
  x  310 [Opera] ΓÇ║ tests\e2e\regression.spec.ts:156:7 ΓÇ║ Navbar ΓÇ║ footer renders on landing (retry #1) (1.3s)
  x  311 [Opera] ΓÇ║ tests\e2e\regression.spec.ts:166:7 ΓÇ║ Try page (no-signup demo) ΓÇ║ loads without redirect (1.3s)
  x  312 [Opera] ΓÇ║ tests\e2e\regression.spec.ts:166:7 ΓÇ║ Try page (no-signup demo) ΓÇ║ loads without redirect (retry #1) (1.4s)
  x  313 [Opera] ΓÇ║ tests\e2e\regression.spec.ts:179:9 ΓÇ║ Responsive ΓÇô 375px ΓÇ║ / no horizontal overflow at 375px (1.3s)
  x  314 [Opera] ΓÇ║ tests\e2e\regression.spec.ts:179:9 ΓÇ║ Responsive ΓÇô 375px ΓÇ║ / no horizontal overflow at 375px (retry #1) (1.4s)
  x  315 [Opera] ΓÇ║ tests\e2e\regression.spec.ts:179:9 ΓÇ║ Responsive ΓÇô 375px ΓÇ║ /pricing no horizontal overflow at 375px (1.4s)
  x  316 [Opera] ΓÇ║ tests\e2e\regression.spec.ts:179:9 ΓÇ║ Responsive ΓÇô 375px ΓÇ║ /pricing no horizontal overflow at 375px (retry #1) (1.4s)
  x  317 [Opera] ΓÇ║ tests\e2e\regression.spec.ts:179:9 ΓÇ║ Responsive ΓÇô 375px ΓÇ║ /about no horizontal overflow at 375px (1.4s)
  x  318 [Opera] ΓÇ║ tests\e2e\regression.spec.ts:179:9 ΓÇ║ Responsive ΓÇô 375px ΓÇ║ /about no horizontal overflow at 375px (retry #1) (1.3s)
  x  319 [Opera] ΓÇ║ tests\e2e\regression.spec.ts:179:9 ΓÇ║ Responsive ΓÇô 375px ΓÇ║ /login no horizontal overflow at 375px (1.5s)
  x  320 [Opera] ΓÇ║ tests\e2e\regression.spec.ts:179:9 ΓÇ║ Responsive ΓÇô 375px ΓÇ║ /login no horizontal overflow at 375px (retry #1) (1.2s)


  1) [Chromium (built-in)] ΓÇ║ tests\e2e\regression.spec.ts:15:7 ΓÇ║ Marketing ΓÇô Landing page ΓÇ║ loads, shows hero CTA, no JS errors 

    Error: page.goto: net::ERR_NAME_NOT_RESOLVED at https://thecareersetu.in/
    Call log:
      - navigating to "https://thecareersetu.in/", waiting until "load"


      15 |   test('loads, shows hero CTA, no JS errors', async ({ page }) => {
      16 |     const errs = await noConsoleErrors(page)
    > 17 |     await page.goto('/')
         |                ^
      18 |     await expect(page).toHaveTitle(/CareerSetu/i)
      19 |     // Hero heading visible
      20 |     await expect(page.locator('h1').first()).toBeVisible()
        at C:\Users\amitc\CareerSetu\tests\e2e\regression.spec.ts:17:16

    attachment #1: screenshot (image/png) ΓöÇΓöÇΓöÇΓöÇΓöÇΓöÇΓöÇΓöÇΓöÇΓöÇΓöÇΓöÇΓöÇΓöÇΓöÇΓöÇΓöÇΓöÇΓöÇΓöÇΓöÇΓöÇΓöÇΓöÇΓöÇΓöÇΓöÇΓöÇΓöÇΓöÇΓöÇΓöÇΓöÇΓöÇΓöÇΓöÇΓöÇΓöÇΓöÇΓöÇΓöÇΓöÇΓöÇΓöÇΓöÇΓöÇΓöÇΓöÇΓöÇΓöÇΓöÇΓöÇΓöÇΓöÇΓöÇΓöÇΓöÇΓöÇ
    test-results\regression-Marketing-ΓÇô-Lan-09021-shows-hero-CTA-no-JS-errors-Chromium-built-in-\test-failed-1.png
    ΓöÇΓöÇΓöÇΓöÇΓöÇΓöÇΓöÇΓöÇΓöÇΓöÇΓöÇΓöÇΓöÇΓöÇΓöÇΓöÇΓöÇΓöÇΓöÇΓöÇΓöÇΓöÇΓöÇΓöÇΓöÇΓöÇΓöÇΓöÇΓöÇΓöÇΓöÇΓöÇΓöÇΓöÇΓöÇΓöÇΓöÇΓöÇΓöÇΓöÇΓöÇΓöÇΓöÇΓöÇΓöÇΓöÇΓöÇΓöÇΓöÇΓöÇΓöÇΓöÇΓöÇΓöÇΓöÇΓöÇΓöÇΓöÇΓöÇΓöÇΓöÇΓöÇΓöÇΓöÇΓöÇΓöÇΓöÇΓöÇΓöÇΓöÇΓöÇΓöÇΓöÇΓöÇΓöÇΓöÇΓöÇΓöÇΓöÇΓöÇΓöÇΓöÇΓöÇΓöÇΓöÇΓöÇΓöÇΓöÇΓöÇΓöÇΓöÇΓöÇΓöÇΓöÇΓöÇΓöÇ

    Error Context: test-results\regression-Marketing-ΓÇô-Lan-09021-shows-hero-CTA-no-JS-errors-Chromium-built-in-\error-context.md

    Retry #1 ΓöÇΓöÇΓöÇΓöÇΓöÇΓöÇΓöÇΓöÇΓöÇΓöÇΓöÇΓöÇΓöÇΓöÇΓöÇΓöÇΓöÇΓöÇΓöÇΓöÇΓöÇΓöÇΓöÇΓöÇΓöÇΓöÇΓöÇΓöÇΓöÇΓöÇΓöÇΓöÇΓöÇΓöÇΓöÇΓöÇΓöÇΓöÇΓöÇΓöÇΓöÇΓöÇΓöÇΓöÇΓöÇΓöÇΓöÇΓöÇΓöÇΓöÇΓöÇΓöÇΓöÇΓöÇΓöÇΓöÇΓöÇΓöÇΓöÇΓöÇΓöÇΓöÇΓöÇΓöÇΓöÇΓöÇΓöÇΓöÇΓöÇΓöÇΓöÇΓöÇΓöÇΓöÇΓöÇΓöÇΓöÇΓöÇΓöÇΓöÇΓöÇΓöÇΓöÇΓöÇΓöÇΓöÇΓöÇ

    Error: page.goto: net::ERR_NAME_NOT_RESOLVED at https://thecareersetu.in/
    Call log:
      - navigating to "https://thecareersetu.in/", waiting until "load"


      15 |   test('loads, shows hero CTA, no JS errors', async ({ page }) => {
      16 |     const errs = await noConsoleErrors(page)
    > 17 |     await page.goto('/')
         |                ^
      18 |     await expect(page).toHaveTitle(/CareerSetu/i)
      19 |     // Hero heading visible
      20 |     await expect(page.locator('h1').first()).toBeVisible()
        at C:\Users\amitc\CareerSetu\tests\e2e\regression.spec.ts:17:16

    attachment #1: screenshot (image/png) ΓöÇΓöÇΓöÇΓöÇΓöÇΓöÇΓöÇΓöÇΓöÇΓöÇΓöÇΓöÇΓöÇΓöÇΓöÇΓöÇΓöÇΓöÇΓöÇΓöÇΓöÇΓöÇΓöÇΓöÇΓöÇΓöÇΓöÇΓöÇΓöÇΓöÇΓöÇΓöÇΓöÇΓöÇΓöÇΓöÇΓöÇΓöÇΓöÇΓöÇΓöÇΓöÇΓöÇΓöÇΓöÇΓöÇΓöÇΓöÇΓöÇΓöÇΓöÇΓöÇΓöÇΓöÇΓöÇΓöÇΓöÇΓöÇ
    test-results\regression-Marketing-ΓÇô-Lan-09021-shows-hero-CTA-no-JS-errors-Chromium-built-in--retry1\test-failed-1.png
    ΓöÇΓöÇΓöÇΓöÇΓöÇΓöÇΓöÇΓöÇΓöÇΓöÇΓöÇΓöÇΓöÇΓöÇΓöÇΓöÇΓöÇΓöÇΓöÇΓöÇΓöÇΓöÇΓöÇΓöÇΓöÇΓöÇΓöÇΓöÇΓöÇΓöÇΓöÇΓöÇΓöÇΓöÇΓöÇΓöÇΓöÇΓöÇΓöÇΓöÇΓöÇΓöÇΓöÇΓöÇΓöÇΓöÇΓöÇΓöÇΓöÇΓöÇΓöÇΓöÇΓöÇΓöÇΓöÇΓöÇΓöÇΓöÇΓöÇΓöÇΓöÇΓöÇΓöÇΓöÇΓöÇΓöÇΓöÇΓöÇΓöÇΓöÇΓöÇΓöÇΓöÇΓöÇΓöÇΓöÇΓöÇΓöÇΓöÇΓöÇΓöÇΓöÇΓöÇΓöÇΓöÇΓöÇΓöÇΓöÇΓöÇΓöÇΓöÇΓöÇΓöÇΓöÇΓöÇΓöÇ

    Error Context: test-results\regression-Marketing-ΓÇô-Lan-09021-shows-hero-CTA-no-JS-errors-Chromium-built-in--retry1\error-context.md

  2) [Chromium (built-in)] ΓÇ║ tests\e2e\regression.spec.ts:30:7 ΓÇ║ Marketing ΓÇô Landing page ΓÇ║ navbar links render 

    Error: page.goto: net::ERR_NAME_NOT_RESOLVED at https://thecareersetu.in/
    Call log:
      - navigating to "https://thecareersetu.in/", waiting until "load"


      29 |
      30 |   test('navbar links render', async ({ page }) => {
    > 31 |     await page.goto('/')
         |                ^
      32 |     await expect(page.getByRole('link', { name: /pricing/i }).first()).toBeVisible()
      33 |   })
      34 |
        at C:\Users\amitc\CareerSetu\tests\e2e\regression.spec.ts:31:16

    attachment #1: screenshot (image/png) ΓöÇΓöÇΓöÇΓöÇΓöÇΓöÇΓöÇΓöÇΓöÇΓöÇΓöÇΓöÇΓöÇΓöÇΓöÇΓöÇΓöÇΓöÇΓöÇΓöÇΓöÇΓöÇΓöÇΓöÇΓöÇΓöÇΓöÇΓöÇΓöÇΓöÇΓöÇΓöÇΓöÇΓöÇΓöÇΓöÇΓöÇΓöÇΓöÇΓöÇΓöÇΓöÇΓöÇΓöÇΓöÇΓöÇΓöÇΓöÇΓöÇΓöÇΓöÇΓöÇΓöÇΓöÇΓöÇΓöÇΓöÇΓöÇ
    test-results\regression-Marketing-ΓÇô-Landing-page-navbar-links-render-Chromium-built-in-\test-failed-1.png
    ΓöÇΓöÇΓöÇΓöÇΓöÇΓöÇΓöÇΓöÇΓöÇΓöÇΓöÇΓöÇΓöÇΓöÇΓöÇΓöÇΓöÇΓöÇΓöÇΓöÇΓöÇΓöÇΓöÇΓöÇΓöÇΓöÇΓöÇΓöÇΓöÇΓöÇΓöÇΓöÇΓöÇΓöÇΓöÇΓöÇΓöÇΓöÇΓöÇΓöÇΓöÇΓöÇΓöÇΓöÇΓöÇΓöÇΓöÇΓöÇΓöÇΓöÇΓöÇΓöÇΓöÇΓöÇΓöÇΓöÇΓöÇΓöÇΓöÇΓöÇΓöÇΓöÇΓöÇΓöÇΓöÇΓöÇΓöÇΓöÇΓöÇΓöÇΓöÇΓöÇΓöÇΓöÇΓöÇΓöÇΓöÇΓöÇΓöÇΓöÇΓöÇΓöÇΓöÇΓöÇΓöÇΓöÇΓöÇΓöÇΓöÇΓöÇΓöÇΓöÇΓöÇΓöÇΓöÇΓöÇ

    Error Context: test-results\regression-Marketing-ΓÇô-Landing-page-navbar-links-render-Chromium-built-in-\error-context.md

    Retry #1 ΓöÇΓöÇΓöÇΓöÇΓöÇΓöÇΓöÇΓöÇΓöÇΓöÇΓöÇΓöÇΓöÇΓöÇΓöÇΓöÇΓöÇΓöÇΓöÇΓöÇΓöÇΓöÇΓöÇΓöÇΓöÇΓöÇΓöÇΓöÇΓöÇΓöÇΓöÇΓöÇΓöÇΓöÇΓöÇΓöÇΓöÇΓöÇΓöÇΓöÇΓöÇΓöÇΓöÇΓöÇΓöÇΓöÇΓöÇΓöÇΓöÇΓöÇΓöÇΓöÇΓöÇΓöÇΓöÇΓöÇΓöÇΓöÇΓöÇΓöÇΓöÇΓöÇΓöÇΓöÇΓöÇΓöÇΓöÇΓöÇΓöÇΓöÇΓöÇΓöÇΓöÇΓöÇΓöÇΓöÇΓöÇΓöÇΓöÇΓöÇΓöÇΓöÇΓöÇΓöÇΓöÇΓöÇΓöÇ

    Error: page.goto: net::ERR_NAME_NOT_RESOLVED at https://thecareersetu.in/
    Call log:
      - navigating to "https://thecareersetu.in/", waiting until "load"


      29 |
      30 |   test('navbar links render', async ({ page }) => {
    > 31 |     await page.goto('/')
         |                ^
      32 |     await expect(page.getByRole('link', { name: /pricing/i }).first()).toBeVisible()
      33 |   })
      34 |
        at C:\Users\amitc\CareerSetu\tests\e2e\regression.spec.ts:31:16

    attachment #1: screenshot (image/png) ΓöÇΓöÇΓöÇΓöÇΓöÇΓöÇΓöÇΓöÇΓöÇΓöÇΓöÇΓöÇΓöÇΓöÇΓöÇΓöÇΓöÇΓöÇΓöÇΓöÇΓöÇΓöÇΓöÇΓöÇΓöÇΓöÇΓöÇΓöÇΓöÇΓöÇΓöÇΓöÇΓöÇΓöÇΓöÇΓöÇΓöÇΓöÇΓöÇΓöÇΓöÇΓöÇΓöÇΓöÇΓöÇΓöÇΓöÇΓöÇΓöÇΓöÇΓöÇΓöÇΓöÇΓöÇΓöÇΓöÇΓöÇΓöÇ
    test-results\regression-Marketing-ΓÇô-Landing-page-navbar-links-render-Chromium-built-in--retry1\test-failed-1.png
    ΓöÇΓöÇΓöÇΓöÇΓöÇΓöÇΓöÇΓöÇΓöÇΓöÇΓöÇΓöÇΓöÇΓöÇΓöÇΓöÇΓöÇΓöÇΓöÇΓöÇΓöÇΓöÇΓöÇΓöÇΓöÇΓöÇΓöÇΓöÇΓöÇΓöÇΓöÇΓöÇΓöÇΓöÇΓöÇΓöÇΓöÇΓöÇΓöÇΓöÇΓöÇΓöÇΓöÇΓöÇΓöÇΓöÇΓöÇΓöÇΓöÇΓöÇΓöÇΓöÇΓöÇΓöÇΓöÇΓöÇΓöÇΓöÇΓöÇΓöÇΓöÇΓöÇΓöÇΓöÇΓöÇΓöÇΓöÇΓöÇΓöÇΓöÇΓöÇΓöÇΓöÇΓöÇΓöÇΓöÇΓöÇΓöÇΓöÇΓöÇΓöÇΓöÇΓöÇΓöÇΓöÇΓöÇΓöÇΓöÇΓöÇΓöÇΓöÇΓöÇΓöÇΓöÇΓöÇΓöÇ

    Error Context: test-results\regression-Marketing-ΓÇô-Landing-page-navbar-links-render-Chromium-built-in--retry1\error-context.md

  3) [Chromium (built-in)] ΓÇ║ tests\e2e\regression.spec.ts:35:7 ΓÇ║ Marketing ΓÇô Landing page ΓÇ║ no broken images on landing 

    Error: page.goto: net::ERR_NAME_NOT_RESOLVED at https://thecareersetu.in/
    Call log:
      - navigating to "https://thecareersetu.in/", waiting until "load"


      34 |
      35 |   test('no broken images on landing', async ({ page }) => {
    > 36 |     await page.goto('/')
         |                ^
      37 |     const imgs = await page.$$eval('img', els =>
      38 |       els.map(i => ({ src: i.src, ok: (i as HTMLImageElement).naturalWidth > 0 }))
      39 |     )
        at C:\Users\amitc\CareerSetu\tests\e2e\regression.spec.ts:36:16

    attachment #1: screenshot (image/png) ΓöÇΓöÇΓöÇΓöÇΓöÇΓöÇΓöÇΓöÇΓöÇΓöÇΓöÇΓöÇΓöÇΓöÇΓöÇΓöÇΓöÇΓöÇΓöÇΓöÇΓöÇΓöÇΓöÇΓöÇΓöÇΓöÇΓöÇΓöÇΓöÇΓöÇΓöÇΓöÇΓöÇΓöÇΓöÇΓöÇΓöÇΓöÇΓöÇΓöÇΓöÇΓöÇΓöÇΓöÇΓöÇΓöÇΓöÇΓöÇΓöÇΓöÇΓöÇΓöÇΓöÇΓöÇΓöÇΓöÇΓöÇΓöÇ
    test-results\regression-Marketing-ΓÇô-Lan-d5040-no-broken-images-on-landing-Chromium-built-in-\test-failed-1.png
    ΓöÇΓöÇΓöÇΓöÇΓöÇΓöÇΓöÇΓöÇΓöÇΓöÇΓöÇΓöÇΓöÇΓöÇΓöÇΓöÇΓöÇΓöÇΓöÇΓöÇΓöÇΓöÇΓöÇΓöÇΓöÇΓöÇΓöÇΓöÇΓöÇΓöÇΓöÇΓöÇΓöÇΓöÇΓöÇΓöÇΓöÇΓöÇΓöÇΓöÇΓöÇΓöÇΓöÇΓöÇΓöÇΓöÇΓöÇΓöÇΓöÇΓöÇΓöÇΓöÇΓöÇΓöÇΓöÇΓöÇΓöÇΓöÇΓöÇΓöÇΓöÇΓöÇΓöÇΓöÇΓöÇΓöÇΓöÇΓöÇΓöÇΓöÇΓöÇΓöÇΓöÇΓöÇΓöÇΓöÇΓöÇΓöÇΓöÇΓöÇΓöÇΓöÇΓöÇΓöÇΓöÇΓöÇΓöÇΓöÇΓöÇΓöÇΓöÇΓöÇΓöÇΓöÇΓöÇΓöÇ

    Error Context: test-results\regression-Marketing-ΓÇô-Lan-d5040-no-broken-images-on-landing-Chromium-built-in-\error-context.md

    Retry #1 ΓöÇΓöÇΓöÇΓöÇΓöÇΓöÇΓöÇΓöÇΓöÇΓöÇΓöÇΓöÇΓöÇΓöÇΓöÇΓöÇΓöÇΓöÇΓöÇΓöÇΓöÇΓöÇΓöÇΓöÇΓöÇΓöÇΓöÇΓöÇΓöÇΓöÇΓöÇΓöÇΓöÇΓöÇΓöÇΓöÇΓöÇΓöÇΓöÇΓöÇΓöÇΓöÇΓöÇΓöÇΓöÇΓöÇΓöÇΓöÇΓöÇΓöÇΓöÇΓöÇΓöÇΓöÇΓöÇΓöÇΓöÇΓöÇΓöÇΓöÇΓöÇΓöÇΓöÇΓöÇΓöÇΓöÇΓöÇΓöÇΓöÇΓöÇΓöÇΓöÇΓöÇΓöÇΓöÇΓöÇΓöÇΓöÇΓöÇΓöÇΓöÇΓöÇΓöÇΓöÇΓöÇΓöÇΓöÇ

    Error: page.goto: net::ERR_NAME_NOT_RESOLVED at https://thecareersetu.in/
    Call log:
      - navigating to "https://thecareersetu.in/", waiting until "load"


      34 |
      35 |   test('no broken images on landing', async ({ page }) => {
    > 36 |     await page.goto('/')
         |                ^
      37 |     const imgs = await page.$$eval('img', els =>
      38 |       els.map(i => ({ src: i.src, ok: (i as HTMLImageElement).naturalWidth > 0 }))
      39 |     )
        at C:\Users\amitc\CareerSetu\tests\e2e\regression.spec.ts:36:16

    attachment #1: screenshot (image/png) ΓöÇΓöÇΓöÇΓöÇΓöÇΓöÇΓöÇΓöÇΓöÇΓöÇΓöÇΓöÇΓöÇΓöÇΓöÇΓöÇΓöÇΓöÇΓöÇΓöÇΓöÇΓöÇΓöÇΓöÇΓöÇΓöÇΓöÇΓöÇΓöÇΓöÇΓöÇΓöÇΓöÇΓöÇΓöÇΓöÇΓöÇΓöÇΓöÇΓöÇΓöÇΓöÇΓöÇΓöÇΓöÇΓöÇΓöÇΓöÇΓöÇΓöÇΓöÇΓöÇΓöÇΓöÇΓöÇΓöÇΓöÇΓöÇ
    test-results\regression-Marketing-ΓÇô-Lan-d5040-no-broken-images-on-landing-Chromium-built-in--retry1\test-failed-1.png
    ΓöÇΓöÇΓöÇΓöÇΓöÇΓöÇΓöÇΓöÇΓöÇΓöÇΓöÇΓöÇΓöÇΓöÇΓöÇΓöÇΓöÇΓöÇΓöÇΓöÇΓöÇΓöÇΓöÇΓöÇΓöÇΓöÇΓöÇΓöÇΓöÇΓöÇΓöÇΓöÇΓöÇΓöÇΓöÇΓöÇΓöÇΓöÇΓöÇΓöÇΓöÇΓöÇΓöÇΓöÇΓöÇΓöÇΓöÇΓöÇΓöÇΓöÇΓöÇΓöÇΓöÇΓöÇΓöÇΓöÇΓöÇΓöÇΓöÇΓöÇΓöÇΓöÇΓöÇΓöÇΓöÇΓöÇΓöÇΓöÇΓöÇΓöÇΓöÇΓöÇΓöÇΓöÇΓöÇΓöÇΓöÇΓöÇΓöÇΓöÇΓöÇΓöÇΓöÇΓöÇΓöÇΓöÇΓöÇΓöÇΓöÇΓöÇΓöÇΓöÇΓöÇΓöÇΓöÇΓöÇ

    Error Context: test-results\regression-Marketing-ΓÇô-Lan-d5040-no-broken-images-on-landing-Chromium-built-in--retry1\error-context.md

  4) [Chromium (built-in)] ΓÇ║ tests\e2e\regression.spec.ts:47:7 ΓÇ║ Marketing ΓÇô Pricing ΓÇ║ loads and shows plan cards 

    Error: page.goto: net::ERR_NAME_NOT_RESOLVED at https://thecareersetu.in/pricing
    Call log:
      - navigating to "https://thecareersetu.in/pricing", waiting until "load"


      46 | test.describe('Marketing ΓÇô Pricing', () => {
      47 |   test('loads and shows plan cards', async ({ page }) => {
    > 48 |     await page.goto('/pricing')
         |                ^
      49 |     await expect(page).toHaveTitle(/pricing|plans/i)
      50 |     // Expect at least 2 plan headings (Free + paid)
      51 |     const cards = page.locator('[class*="card"], [class*="plan"], section').filter({ hasText: /free|starter|pro/i })
        at C:\Users\amitc\CareerSetu\tests\e2e\regression.spec.ts:48:16

    attachment #1: screenshot (image/png) ΓöÇΓöÇΓöÇΓöÇΓöÇΓöÇΓöÇΓöÇΓöÇΓöÇΓöÇΓöÇΓöÇΓöÇΓöÇΓöÇΓöÇΓöÇΓöÇΓöÇΓöÇΓöÇΓöÇΓöÇΓöÇΓöÇΓöÇΓöÇΓöÇΓöÇΓöÇΓöÇΓöÇΓöÇΓöÇΓöÇΓöÇΓöÇΓöÇΓöÇΓöÇΓöÇΓöÇΓöÇΓöÇΓöÇΓöÇΓöÇΓöÇΓöÇΓöÇΓöÇΓöÇΓöÇΓöÇΓöÇΓöÇΓöÇ
    test-results\regression-Marketing-ΓÇô-Pricing-loads-and-shows-plan-cards-Chromium-built-in-\test-failed-1.png
    ΓöÇΓöÇΓöÇΓöÇΓöÇΓöÇΓöÇΓöÇΓöÇΓöÇΓöÇΓöÇΓöÇΓöÇΓöÇΓöÇΓöÇΓöÇΓöÇΓöÇΓöÇΓöÇΓöÇΓöÇΓöÇΓöÇΓöÇΓöÇΓöÇΓöÇΓöÇΓöÇΓöÇΓöÇΓöÇΓöÇΓöÇΓöÇΓöÇΓöÇΓöÇΓöÇΓöÇΓöÇΓöÇΓöÇΓöÇΓöÇΓöÇΓöÇΓöÇΓöÇΓöÇΓöÇΓöÇΓöÇΓöÇΓöÇΓöÇΓöÇΓöÇΓöÇΓöÇΓöÇΓöÇΓöÇΓöÇΓöÇΓöÇΓöÇΓöÇΓöÇΓöÇΓöÇΓöÇΓöÇΓöÇΓöÇΓöÇΓöÇΓöÇΓöÇΓöÇΓöÇΓöÇΓöÇΓöÇΓöÇΓöÇΓöÇΓöÇΓöÇΓöÇΓöÇΓöÇΓöÇ

    Error Context: test-results\regression-Marketing-ΓÇô-Pricing-loads-and-shows-plan-cards-Chromium-built-in-\error-context.md

    Retry #1 ΓöÇΓöÇΓöÇΓöÇΓöÇΓöÇΓöÇΓöÇΓöÇΓöÇΓöÇΓöÇΓöÇΓöÇΓöÇΓöÇΓöÇΓöÇΓöÇΓöÇΓöÇΓöÇΓöÇΓöÇΓöÇΓöÇΓöÇΓöÇΓöÇΓöÇΓöÇΓöÇΓöÇΓöÇΓöÇΓöÇΓöÇΓöÇΓöÇΓöÇΓöÇΓöÇΓöÇΓöÇΓöÇΓöÇΓöÇΓöÇΓöÇΓöÇΓöÇΓöÇΓöÇΓöÇΓöÇΓöÇΓöÇΓöÇΓöÇΓöÇΓöÇΓöÇΓöÇΓöÇΓöÇΓöÇΓöÇΓöÇΓöÇΓöÇΓöÇΓöÇΓöÇΓöÇΓöÇΓöÇΓöÇΓöÇΓöÇΓöÇΓöÇΓöÇΓöÇΓöÇΓöÇΓöÇΓöÇ

    Error: page.goto: net::ERR_NAME_NOT_RESOLVED at https://thecareersetu.in/pricing
    Call log:
      - navigating to "https://thecareersetu.in/pricing", waiting until "load"


      46 | test.describe('Marketing ΓÇô Pricing', () => {
      47 |   test('loads and shows plan cards', async ({ page }) => {
    > 48 |     await page.goto('/pricing')
         |                ^
      49 |     await expect(page).toHaveTitle(/pricing|plans/i)
      50 |     // Expect at least 2 plan headings (Free + paid)
      51 |     const cards = page.locator('[class*="card"], [class*="plan"], section').filter({ hasText: /free|starter|pro/i })
        at C:\Users\amitc\CareerSetu\tests\e2e\regression.spec.ts:48:16

    attachment #1: screenshot (image/png) ΓöÇΓöÇΓöÇΓöÇΓöÇΓöÇΓöÇΓöÇΓöÇΓöÇΓöÇΓöÇΓöÇΓöÇΓöÇΓöÇΓöÇΓöÇΓöÇΓöÇΓöÇΓöÇΓöÇΓöÇΓöÇΓöÇΓöÇΓöÇΓöÇΓöÇΓöÇΓöÇΓöÇΓöÇΓöÇΓöÇΓöÇΓöÇΓöÇΓöÇΓöÇΓöÇΓöÇΓöÇΓöÇΓöÇΓöÇΓöÇΓöÇΓöÇΓöÇΓöÇΓöÇΓöÇΓöÇΓöÇΓöÇΓöÇ
    test-results\regression-Marketing-ΓÇô-Pricing-loads-and-shows-plan-cards-Chromium-built-in--retry1\test-failed-1.png
    ΓöÇΓöÇΓöÇΓöÇΓöÇΓöÇΓöÇΓöÇΓöÇΓöÇΓöÇΓöÇΓöÇΓöÇΓöÇΓöÇΓöÇΓöÇΓöÇΓöÇΓöÇΓöÇΓöÇΓöÇΓöÇΓöÇΓöÇΓöÇΓöÇΓöÇΓöÇΓöÇΓöÇΓöÇΓöÇΓöÇΓöÇΓöÇΓöÇΓöÇΓöÇΓöÇΓöÇΓöÇΓöÇΓöÇΓöÇΓöÇΓöÇΓöÇΓöÇΓöÇΓöÇΓöÇΓöÇΓöÇΓöÇΓöÇΓöÇΓöÇΓöÇΓöÇΓöÇΓöÇΓöÇΓöÇΓöÇΓöÇΓöÇΓöÇΓöÇΓöÇΓöÇΓöÇΓöÇΓöÇΓöÇΓöÇΓöÇΓöÇΓöÇΓöÇΓöÇΓöÇΓöÇΓöÇΓöÇΓöÇΓöÇΓöÇΓöÇΓöÇΓöÇΓöÇΓöÇΓöÇ

    Error Context: test-results\regression-Marketing-ΓÇô-Pricing-loads-and-shows-plan-cards-Chromium-built-in--retry1\error-context.md

  5) [Chromium (built-in)] ΓÇ║ tests\e2e\regression.spec.ts:57:7 ΓÇ║ Marketing ΓÇô About ΓÇ║ loads without error 

    Error: page.goto: net::ERR_NAME_NOT_RESOLVED at https://thecareersetu.in/about
    Call log:
      - navigating to "https://thecareersetu.in/about", waiting until "load"


      57 |   test('loads without error', async ({ page }) => {
      58 |     const errs = await noConsoleErrors(page)
    > 59 |     await page.goto('/about')
         |                ^
      60 |     await expect(page.locator('h1').first()).toBeVisible()
      61 |     expect(errs().filter(e => !e.includes('hydrat'))).toHaveLength(0)
      62 |   })
        at C:\Users\amitc\CareerSetu\tests\e2e\regression.spec.ts:59:16

    attachment #1: screenshot (image/png) ΓöÇΓöÇΓöÇΓöÇΓöÇΓöÇΓöÇΓöÇΓöÇΓöÇΓöÇΓöÇΓöÇΓöÇΓöÇΓöÇΓöÇΓöÇΓöÇΓöÇΓöÇΓöÇΓöÇΓöÇΓöÇΓöÇΓöÇΓöÇΓöÇΓöÇΓöÇΓöÇΓöÇΓöÇΓöÇΓöÇΓöÇΓöÇΓöÇΓöÇΓöÇΓöÇΓöÇΓöÇΓöÇΓöÇΓöÇΓöÇΓöÇΓöÇΓöÇΓöÇΓöÇΓöÇΓöÇΓöÇΓöÇΓöÇ
    test-results\regression-Marketing-ΓÇô-About-loads-without-error-Chromium-built-in-\test-failed-1.png
    ΓöÇΓöÇΓöÇΓöÇΓöÇΓöÇΓöÇΓöÇΓöÇΓöÇΓöÇΓöÇΓöÇΓöÇΓöÇΓöÇΓöÇΓöÇΓöÇΓöÇΓöÇΓöÇΓöÇΓöÇΓöÇΓöÇΓöÇΓöÇΓöÇΓöÇΓöÇΓöÇΓöÇΓöÇΓöÇΓöÇΓöÇΓöÇΓöÇΓöÇΓöÇΓöÇΓöÇΓöÇΓöÇΓöÇΓöÇΓöÇΓöÇΓöÇΓöÇΓöÇΓöÇΓöÇΓöÇΓöÇΓöÇΓöÇΓöÇΓöÇΓöÇΓöÇΓöÇΓöÇΓöÇΓöÇΓöÇΓöÇΓöÇΓöÇΓöÇΓöÇΓöÇΓöÇΓöÇΓöÇΓöÇΓöÇΓöÇΓöÇΓöÇΓöÇΓöÇΓöÇΓöÇΓöÇΓöÇΓöÇΓöÇΓöÇΓöÇΓöÇΓöÇΓöÇΓöÇΓöÇ

    Error Context: test-results\regression-Marketing-ΓÇô-About-loads-without-error-Chromium-built-in-\error-context.md

    Retry #1 ΓöÇΓöÇΓöÇΓöÇΓöÇΓöÇΓöÇΓöÇΓöÇΓöÇΓöÇΓöÇΓöÇΓöÇΓöÇΓöÇΓöÇΓöÇΓöÇΓöÇΓöÇΓöÇΓöÇΓöÇΓöÇΓöÇΓöÇΓöÇΓöÇΓöÇΓöÇΓöÇΓöÇΓöÇΓöÇΓöÇΓöÇΓöÇΓöÇΓöÇΓöÇΓöÇΓöÇΓöÇΓöÇΓöÇΓöÇΓöÇΓöÇΓöÇΓöÇΓöÇΓöÇΓöÇΓöÇΓöÇΓöÇΓöÇΓöÇΓöÇΓöÇΓöÇΓöÇΓöÇΓöÇΓöÇΓöÇΓöÇΓöÇΓöÇΓöÇΓöÇΓöÇΓöÇΓöÇΓöÇΓöÇΓöÇΓöÇΓöÇΓöÇΓöÇΓöÇΓöÇΓöÇΓöÇΓöÇ

    Error: page.goto: net::ERR_NAME_NOT_RESOLVED at https://thecareersetu.in/about
    Call log:
      - navigating to "https://thecareersetu.in/about", waiting until "load"


      57 |   test('loads without error', async ({ page }) => {
      58 |     const errs = await noConsoleErrors(page)
    > 59 |     await page.goto('/about')
         |                ^
      60 |     await expect(page.locator('h1').first()).toBeVisible()
      61 |     expect(errs().filter(e => !e.includes('hydrat'))).toHaveLength(0)
      62 |   })
        at C:\Users\amitc\CareerSetu\tests\e2e\regression.spec.ts:59:16

    attachment #1: screenshot (image/png) ΓöÇΓöÇΓöÇΓöÇΓöÇΓöÇΓöÇΓöÇΓöÇΓöÇΓöÇΓöÇΓöÇΓöÇΓöÇΓöÇΓöÇΓöÇΓöÇΓöÇΓöÇΓöÇΓöÇΓöÇΓöÇΓöÇΓöÇΓöÇΓöÇΓöÇΓöÇΓöÇΓöÇΓöÇΓöÇΓöÇΓöÇΓöÇΓöÇΓöÇΓöÇΓöÇΓöÇΓöÇΓöÇΓöÇΓöÇΓöÇΓöÇΓöÇΓöÇΓöÇΓöÇΓöÇΓöÇΓöÇΓöÇΓöÇ
    test-results\regression-Marketing-ΓÇô-About-loads-without-error-Chromium-built-in--retry1\test-failed-1.png
    ΓöÇΓöÇΓöÇΓöÇΓöÇΓöÇΓöÇΓöÇΓöÇΓöÇΓöÇΓöÇΓöÇΓöÇΓöÇΓöÇΓöÇΓöÇΓöÇΓöÇΓöÇΓöÇΓöÇΓöÇΓöÇΓöÇΓöÇΓöÇΓöÇΓöÇΓöÇΓöÇΓöÇΓöÇΓöÇΓöÇΓöÇΓöÇΓöÇΓöÇΓöÇΓöÇΓöÇΓöÇΓöÇΓöÇΓöÇΓöÇΓöÇΓöÇΓöÇΓöÇΓöÇΓöÇΓöÇΓöÇΓöÇΓöÇΓöÇΓöÇΓöÇΓöÇΓöÇΓöÇΓöÇΓöÇΓöÇΓöÇΓöÇΓöÇΓöÇΓöÇΓöÇΓöÇΓöÇΓöÇΓöÇΓöÇΓöÇΓöÇΓöÇΓöÇΓöÇΓöÇΓöÇΓöÇΓöÇΓöÇΓöÇΓöÇΓöÇΓöÇΓöÇΓöÇΓöÇΓöÇ

    Error Context: test-results\regression-Marketing-ΓÇô-About-loads-without-error-Chromium-built-in--retry1\error-context.md

  6) [Chromium (built-in)] ΓÇ║ tests\e2e\regression.spec.ts:66:7 ΓÇ║ Marketing ΓÇô Privacy & Terms ΓÇ║ privacy page loads 

    Error: page.goto: net::ERR_NAME_NOT_RESOLVED at https://thecareersetu.in/privacy
    Call log:
      - navigating to "https://thecareersetu.in/privacy", waiting until "load"


      65 | test.describe('Marketing ΓÇô Privacy & Terms', () => {
      66 |   test('privacy page loads', async ({ page }) => {
    > 67 |     await page.goto('/privacy')
         |                ^
      68 |     await expect(page.locator('h1').first()).toBeVisible()
      69 |   })
      70 |   test('terms page loads', async ({ page }) => {
        at C:\Users\amitc\CareerSetu\tests\e2e\regression.spec.ts:67:16

    attachment #1: screenshot (image/png) ΓöÇΓöÇΓöÇΓöÇΓöÇΓöÇΓöÇΓöÇΓöÇΓöÇΓöÇΓöÇΓöÇΓöÇΓöÇΓöÇΓöÇΓöÇΓöÇΓöÇΓöÇΓöÇΓöÇΓöÇΓöÇΓöÇΓöÇΓöÇΓöÇΓöÇΓöÇΓöÇΓöÇΓöÇΓöÇΓöÇΓöÇΓöÇΓöÇΓöÇΓöÇΓöÇΓöÇΓöÇΓöÇΓöÇΓöÇΓöÇΓöÇΓöÇΓöÇΓöÇΓöÇΓöÇΓöÇΓöÇΓöÇΓöÇ
    test-results\regression-Marketing-ΓÇô-Privacy-Terms-privacy-page-loads-Chromium-built-in-\test-failed-1.png
    ΓöÇΓöÇΓöÇΓöÇΓöÇΓöÇΓöÇΓöÇΓöÇΓöÇΓöÇΓöÇΓöÇΓöÇΓöÇΓöÇΓöÇΓöÇΓöÇΓöÇΓöÇΓöÇΓöÇΓöÇΓöÇΓöÇΓöÇΓöÇΓöÇΓöÇΓöÇΓöÇΓöÇΓöÇΓöÇΓöÇΓöÇΓöÇΓöÇΓöÇΓöÇΓöÇΓöÇΓöÇΓöÇΓöÇΓöÇΓöÇΓöÇΓöÇΓöÇΓöÇΓöÇΓöÇΓöÇΓöÇΓöÇΓöÇΓöÇΓöÇΓöÇΓöÇΓöÇΓöÇΓöÇΓöÇΓöÇΓöÇΓöÇΓöÇΓöÇΓöÇΓöÇΓöÇΓöÇΓöÇΓöÇΓöÇΓöÇΓöÇΓöÇΓöÇΓöÇΓöÇΓöÇΓöÇΓöÇΓöÇΓöÇΓöÇΓöÇΓöÇΓöÇΓöÇΓöÇΓöÇ

    Error Context: test-results\regression-Marketing-ΓÇô-Privacy-Terms-privacy-page-loads-Chromium-built-in-\error-context.md

    Retry #1 ΓöÇΓöÇΓöÇΓöÇΓöÇΓöÇΓöÇΓöÇΓöÇΓöÇΓöÇΓöÇΓöÇΓöÇΓöÇΓöÇΓöÇΓöÇΓöÇΓöÇΓöÇΓöÇΓöÇΓöÇΓöÇΓöÇΓöÇΓöÇΓöÇΓöÇΓöÇΓöÇΓöÇΓöÇΓöÇΓöÇΓöÇΓöÇΓöÇΓöÇΓöÇΓöÇΓöÇΓöÇΓöÇΓöÇΓöÇΓöÇΓöÇΓöÇΓöÇΓöÇΓöÇΓöÇΓöÇΓöÇΓöÇΓöÇΓöÇΓöÇΓöÇΓöÇΓöÇΓöÇΓöÇΓöÇΓöÇΓöÇΓöÇΓöÇΓöÇΓöÇΓöÇΓöÇΓöÇΓöÇΓöÇΓöÇΓöÇΓöÇΓöÇΓöÇΓöÇΓöÇΓöÇΓöÇΓöÇ

    Error: page.goto: net::ERR_NAME_NOT_RESOLVED at https://thecareersetu.in/privacy
    Call log:
      - navigating to "https://thecareersetu.in/privacy", waiting until "load"


      65 | test.describe('Marketing ΓÇô Privacy & Terms', () => {
      66 |   test('privacy page loads', async ({ page }) => {
    > 67 |     await page.goto('/privacy')
         |                ^
      68 |     await expect(page.locator('h1').first()).toBeVisible()
      69 |   })
      70 |   test('terms page loads', async ({ page }) => {
        at C:\Users\amitc\CareerSetu\tests\e2e\regression.spec.ts:67:16

    attachment #1: screenshot (image/png) ΓöÇΓöÇΓöÇΓöÇΓöÇΓöÇΓöÇΓöÇΓöÇΓöÇΓöÇΓöÇΓöÇΓöÇΓöÇΓöÇΓöÇΓöÇΓöÇΓöÇΓöÇΓöÇΓöÇΓöÇΓöÇΓöÇΓöÇΓöÇΓöÇΓöÇΓöÇΓöÇΓöÇΓöÇΓöÇΓöÇΓöÇΓöÇΓöÇΓöÇΓöÇΓöÇΓöÇΓöÇΓöÇΓöÇΓöÇΓöÇΓöÇΓöÇΓöÇΓöÇΓöÇΓöÇΓöÇΓöÇΓöÇΓöÇ
    test-results\regression-Marketing-ΓÇô-Privacy-Terms-privacy-page-loads-Chromium-built-in--retry1\test-failed-1.png
    ΓöÇΓöÇΓöÇΓöÇΓöÇΓöÇΓöÇΓöÇΓöÇΓöÇΓöÇΓöÇΓöÇΓöÇΓöÇΓöÇΓöÇΓöÇΓöÇΓöÇΓöÇΓöÇΓöÇΓöÇΓöÇΓöÇΓöÇΓöÇΓöÇΓöÇΓöÇΓöÇΓöÇΓöÇΓöÇΓöÇΓöÇΓöÇΓöÇΓöÇΓöÇΓöÇΓöÇΓöÇΓöÇΓöÇΓöÇΓöÇΓöÇΓöÇΓöÇΓöÇΓöÇΓöÇΓöÇΓöÇΓöÇΓöÇΓöÇΓöÇΓöÇΓöÇΓöÇΓöÇΓöÇΓöÇΓöÇΓöÇΓöÇΓöÇΓöÇΓöÇΓöÇΓöÇΓöÇΓöÇΓöÇΓöÇΓöÇΓöÇΓöÇΓöÇΓöÇΓöÇΓöÇΓöÇΓöÇΓöÇΓöÇΓöÇΓöÇΓöÇΓöÇΓöÇΓöÇΓöÇ

    Error Context: test-results\regression-Marketing-ΓÇô-Privacy-Terms-privacy-page-loads-Chromium-built-in--retry1\error-context.md

  7) [Chromium (built-in)] ΓÇ║ tests\e2e\regression.spec.ts:70:7 ΓÇ║ Marketing ΓÇô Privacy & Terms ΓÇ║ terms page loads 

    Error: page.goto: net::ERR_NAME_NOT_RESOLVED at https://thecareersetu.in/terms
    Call log:
      - navigating to "https://thecareersetu.in/terms", waiting until "load"


      69 |   })
      70 |   test('terms page loads', async ({ page }) => {
    > 71 |     await page.goto('/terms')
         |                ^
      72 |     await expect(page.locator('h1').first()).toBeVisible()
      73 |   })
      74 | })
        at C:\Users\amitc\CareerSetu\tests\e2e\regression.spec.ts:71:16

    attachment #1: screenshot (image/png) ΓöÇΓöÇΓöÇΓöÇΓöÇΓöÇΓöÇΓöÇΓöÇΓöÇΓöÇΓöÇΓöÇΓöÇΓöÇΓöÇΓöÇΓöÇΓöÇΓöÇΓöÇΓöÇΓöÇΓöÇΓöÇΓöÇΓöÇΓöÇΓöÇΓöÇΓöÇΓöÇΓöÇΓöÇΓöÇΓöÇΓöÇΓöÇΓöÇΓöÇΓöÇΓöÇΓöÇΓöÇΓöÇΓöÇΓöÇΓöÇΓöÇΓöÇΓöÇΓöÇΓöÇΓöÇΓöÇΓöÇΓöÇΓöÇ
    test-results\regression-Marketing-ΓÇô-Privacy-Terms-terms-page-loads-Chromium-built-in-\test-failed-1.png
    ΓöÇΓöÇΓöÇΓöÇΓöÇΓöÇΓöÇΓöÇΓöÇΓöÇΓöÇΓöÇΓöÇΓöÇΓöÇΓöÇΓöÇΓöÇΓöÇΓöÇΓöÇΓöÇΓöÇΓöÇΓöÇΓöÇΓöÇΓöÇΓöÇΓöÇΓöÇΓöÇΓöÇΓöÇΓöÇΓöÇΓöÇΓöÇΓöÇΓöÇΓöÇΓöÇΓöÇΓöÇΓöÇΓöÇΓöÇΓöÇΓöÇΓöÇΓöÇΓöÇΓöÇΓöÇΓöÇΓöÇΓöÇΓöÇΓöÇΓöÇΓöÇΓöÇΓöÇΓöÇΓöÇΓöÇΓöÇΓöÇΓöÇΓöÇΓöÇΓöÇΓöÇΓöÇΓöÇΓöÇΓöÇΓöÇΓöÇΓöÇΓöÇΓöÇΓöÇΓöÇΓöÇΓöÇΓöÇΓöÇΓöÇΓöÇΓöÇΓöÇΓöÇΓöÇΓöÇΓöÇ

    Error Context: test-results\regression-Marketing-ΓÇô-Privacy-Terms-terms-page-loads-Chromium-built-in-\error-context.md

    Retry #1 ΓöÇΓöÇΓöÇΓöÇΓöÇΓöÇΓöÇΓöÇΓöÇΓöÇΓöÇΓöÇΓöÇΓöÇΓöÇΓöÇΓöÇΓöÇΓöÇΓöÇΓöÇΓöÇΓöÇΓöÇΓöÇΓöÇΓöÇΓöÇΓöÇΓöÇΓöÇΓöÇΓöÇΓöÇΓöÇΓöÇΓöÇΓöÇΓöÇΓöÇΓöÇΓöÇΓöÇΓöÇΓöÇΓöÇΓöÇΓöÇΓöÇΓöÇΓöÇΓöÇΓöÇΓöÇΓöÇΓöÇΓöÇΓöÇΓöÇΓöÇΓöÇΓöÇΓöÇΓöÇΓöÇΓöÇΓöÇΓöÇΓöÇΓöÇΓöÇΓöÇΓöÇΓöÇΓöÇΓöÇΓöÇΓöÇΓöÇΓöÇΓöÇΓöÇΓöÇΓöÇΓöÇΓöÇΓöÇ

    Error: page.goto: net::ERR_NAME_NOT_RESOLVED at https://thecareersetu.in/terms
    Call log:
      - navigating to "https://thecareersetu.in/terms", waiting until "load"


      69 |   })
      70 |   test('terms page loads', async ({ page }) => {
    > 71 |     await page.goto('/terms')
         |                ^
      72 |     await expect(page.locator('h1').first()).toBeVisible()
      73 |   })
      74 | })
        at C:\Users\amitc\CareerSetu\tests\e2e\regression.spec.ts:71:16

    attachment #1: screenshot (image/png) ΓöÇΓöÇΓöÇΓöÇΓöÇΓöÇΓöÇΓöÇΓöÇΓöÇΓöÇΓöÇΓöÇΓöÇΓöÇΓöÇΓöÇΓöÇΓöÇΓöÇΓöÇΓöÇΓöÇΓöÇΓöÇΓöÇΓöÇΓöÇΓöÇΓöÇΓöÇΓöÇΓöÇΓöÇΓöÇΓöÇΓöÇΓöÇΓöÇΓöÇΓöÇΓöÇΓöÇΓöÇΓöÇΓöÇΓöÇΓöÇΓöÇΓöÇΓöÇΓöÇΓöÇΓöÇΓöÇΓöÇΓöÇΓöÇ
    test-results\regression-Marketing-ΓÇô-Privacy-Terms-terms-page-loads-Chromium-built-in--retry1\test-failed-1.png
    ΓöÇΓöÇΓöÇΓöÇΓöÇΓöÇΓöÇΓöÇΓöÇΓöÇΓöÇΓöÇΓöÇΓöÇΓöÇΓöÇΓöÇΓöÇΓöÇΓöÇΓöÇΓöÇΓöÇΓöÇΓöÇΓöÇΓöÇΓöÇΓöÇΓöÇΓöÇΓöÇΓöÇΓöÇΓöÇΓöÇΓöÇΓöÇΓöÇΓöÇΓöÇΓöÇΓöÇΓöÇΓöÇΓöÇΓöÇΓöÇΓöÇΓöÇΓöÇΓöÇΓöÇΓöÇΓöÇΓöÇΓöÇΓöÇΓöÇΓöÇΓöÇΓöÇΓöÇΓöÇΓöÇΓöÇΓöÇΓöÇΓöÇΓöÇΓöÇΓöÇΓöÇΓöÇΓöÇΓöÇΓöÇΓöÇΓöÇΓöÇΓöÇΓöÇΓöÇΓöÇΓöÇΓöÇΓöÇΓöÇΓöÇΓöÇΓöÇΓöÇΓöÇΓöÇΓöÇΓöÇ

    Error Context: test-results\regression-Marketing-ΓÇô-Privacy-Terms-terms-page-loads-Chromium-built-in--retry1\error-context.md

  8) [Chromium (built-in)] ΓÇ║ tests\e2e\regression.spec.ts:79:7 ΓÇ║ Auth ΓÇô Login / Signup ΓÇ║ login page loads without redirect 

    Error: page.goto: net::ERR_NAME_NOT_RESOLVED at https://thecareersetu.in/login
    Call log:
      - navigating to "https://thecareersetu.in/login", waiting until "networkidle"


      78 | test.describe('Auth ΓÇô Login / Signup', () => {
      79 |   test('login page loads without redirect', async ({ page }) => {
    > 80 |     await page.goto('/login', { waitUntil: 'networkidle' })
         |                ^
      81 |     await expect(page).not.toHaveURL(/\/dashboard/)
      82 |     // Page content rendered (hydrated)
      83 |     await expect(page.locator('body')).not.toBeEmpty()
        at C:\Users\amitc\CareerSetu\tests\e2e\regression.spec.ts:80:16

    attachment #1: screenshot (image/png) ΓöÇΓöÇΓöÇΓöÇΓöÇΓöÇΓöÇΓöÇΓöÇΓöÇΓöÇΓöÇΓöÇΓöÇΓöÇΓöÇΓöÇΓöÇΓöÇΓöÇΓöÇΓöÇΓöÇΓöÇΓöÇΓöÇΓöÇΓöÇΓöÇΓöÇΓöÇΓöÇΓöÇΓöÇΓöÇΓöÇΓöÇΓöÇΓöÇΓöÇΓöÇΓöÇΓöÇΓöÇΓöÇΓöÇΓöÇΓöÇΓöÇΓöÇΓöÇΓöÇΓöÇΓöÇΓöÇΓöÇΓöÇΓöÇ
    test-results\regression-Auth-ΓÇô-Login-Si-e65f4-page-loads-without-redirect-Chromium-built-in-\test-failed-1.png
    ΓöÇΓöÇΓöÇΓöÇΓöÇΓöÇΓöÇΓöÇΓöÇΓöÇΓöÇΓöÇΓöÇΓöÇΓöÇΓöÇΓöÇΓöÇΓöÇΓöÇΓöÇΓöÇΓöÇΓöÇΓöÇΓöÇΓöÇΓöÇΓöÇΓöÇΓöÇΓöÇΓöÇΓöÇΓöÇΓöÇΓöÇΓöÇΓöÇΓöÇΓöÇΓöÇΓöÇΓöÇΓöÇΓöÇΓöÇΓöÇΓöÇΓöÇΓöÇΓöÇΓöÇΓöÇΓöÇΓöÇΓöÇΓöÇΓöÇΓöÇΓöÇΓöÇΓöÇΓöÇΓöÇΓöÇΓöÇΓöÇΓöÇΓöÇΓöÇΓöÇΓöÇΓöÇΓöÇΓöÇΓöÇΓöÇΓöÇΓöÇΓöÇΓöÇΓöÇΓöÇΓöÇΓöÇΓöÇΓöÇΓöÇΓöÇΓöÇΓöÇΓöÇΓöÇΓöÇΓöÇ

    Error Context: test-results\regression-Auth-ΓÇô-Login-Si-e65f4-page-loads-without-redirect-Chromium-built-in-\error-context.md

    Retry #1 ΓöÇΓöÇΓöÇΓöÇΓöÇΓöÇΓöÇΓöÇΓöÇΓöÇΓöÇΓöÇΓöÇΓöÇΓöÇΓöÇΓöÇΓöÇΓöÇΓöÇΓöÇΓöÇΓöÇΓöÇΓöÇΓöÇΓöÇΓöÇΓöÇΓöÇΓöÇΓöÇΓöÇΓöÇΓöÇΓöÇΓöÇΓöÇΓöÇΓöÇΓöÇΓöÇΓöÇΓöÇΓöÇΓöÇΓöÇΓöÇΓöÇΓöÇΓöÇΓöÇΓöÇΓöÇΓöÇΓöÇΓöÇΓöÇΓöÇΓöÇΓöÇΓöÇΓöÇΓöÇΓöÇΓöÇΓöÇΓöÇΓöÇΓöÇΓöÇΓöÇΓöÇΓöÇΓöÇΓöÇΓöÇΓöÇΓöÇΓöÇΓöÇΓöÇΓöÇΓöÇΓöÇΓöÇΓöÇ

    Error: page.goto: net::ERR_NAME_NOT_RESOLVED at https://thecareersetu.in/login
    Call log:
      - navigating to "https://thecareersetu.in/login", waiting until "networkidle"


      78 | test.describe('Auth ΓÇô Login / Signup', () => {
      79 |   test('login page loads without redirect', async ({ page }) => {
    > 80 |     await page.goto('/login', { waitUntil: 'networkidle' })
         |                ^
      81 |     await expect(page).not.toHaveURL(/\/dashboard/)
      82 |     // Page content rendered (hydrated)
      83 |     await expect(page.locator('body')).not.toBeEmpty()
        at C:\Users\amitc\CareerSetu\tests\e2e\regression.spec.ts:80:16

    attachment #1: screenshot (image/png) ΓöÇΓöÇΓöÇΓöÇΓöÇΓöÇΓöÇΓöÇΓöÇΓöÇΓöÇΓöÇΓöÇΓöÇΓöÇΓöÇΓöÇΓöÇΓöÇΓöÇΓöÇΓöÇΓöÇΓöÇΓöÇΓöÇΓöÇΓöÇΓöÇΓöÇΓöÇΓöÇΓöÇΓöÇΓöÇΓöÇΓöÇΓöÇΓöÇΓöÇΓöÇΓöÇΓöÇΓöÇΓöÇΓöÇΓöÇΓöÇΓöÇΓöÇΓöÇΓöÇΓöÇΓöÇΓöÇΓöÇΓöÇΓöÇ
    test-results\regression-Auth-ΓÇô-Login-Si-e65f4-page-loads-without-redirect-Chromium-built-in--retry1\test-failed-1.png
    ΓöÇΓöÇΓöÇΓöÇΓöÇΓöÇΓöÇΓöÇΓöÇΓöÇΓöÇΓöÇΓöÇΓöÇΓöÇΓöÇΓöÇΓöÇΓöÇΓöÇΓöÇΓöÇΓöÇΓöÇΓöÇΓöÇΓöÇΓöÇΓöÇΓöÇΓöÇΓöÇΓöÇΓöÇΓöÇΓöÇΓöÇΓöÇΓöÇΓöÇΓöÇΓöÇΓöÇΓöÇΓöÇΓöÇΓöÇΓöÇΓöÇΓöÇΓöÇΓöÇΓöÇΓöÇΓöÇΓöÇΓöÇΓöÇΓöÇΓöÇΓöÇΓöÇΓöÇΓöÇΓöÇΓöÇΓöÇΓöÇΓöÇΓöÇΓöÇΓöÇΓöÇΓöÇΓöÇΓöÇΓöÇΓöÇΓöÇΓöÇΓöÇΓöÇΓöÇΓöÇΓöÇΓöÇΓöÇΓöÇΓöÇΓöÇΓöÇΓöÇΓöÇΓöÇΓöÇΓöÇ

    Error Context: test-results\regression-Auth-ΓÇô-Login-Si-e65f4-page-loads-without-redirect-Chromium-built-in--retry1\error-context.md

  9) [Chromium (built-in)] ΓÇ║ tests\e2e\regression.spec.ts:87:7 ΓÇ║ Auth ΓÇô Login / Signup ΓÇ║ signup page loads without redirect 

    Error: page.goto: net::ERR_NAME_NOT_RESOLVED at https://thecareersetu.in/signup
    Call log:
      - navigating to "https://thecareersetu.in/signup", waiting until "networkidle"


      86 |
      87 |   test('signup page loads without redirect', async ({ page }) => {
    > 88 |     await page.goto('/signup', { waitUntil: 'networkidle' })
         |                ^
      89 |     await expect(page).not.toHaveURL(/\/dashboard/)
      90 |     await expect(page.locator('body')).not.toBeEmpty()
      91 |   })
        at C:\Users\amitc\CareerSetu\tests\e2e\regression.spec.ts:88:16

    attachment #1: screenshot (image/png) ΓöÇΓöÇΓöÇΓöÇΓöÇΓöÇΓöÇΓöÇΓöÇΓöÇΓöÇΓöÇΓöÇΓöÇΓöÇΓöÇΓöÇΓöÇΓöÇΓöÇΓöÇΓöÇΓöÇΓöÇΓöÇΓöÇΓöÇΓöÇΓöÇΓöÇΓöÇΓöÇΓöÇΓöÇΓöÇΓöÇΓöÇΓöÇΓöÇΓöÇΓöÇΓöÇΓöÇΓöÇΓöÇΓöÇΓöÇΓöÇΓöÇΓöÇΓöÇΓöÇΓöÇΓöÇΓöÇΓöÇΓöÇΓöÇ
    test-results\regression-Auth-ΓÇô-Login-Si-efc69-page-loads-without-redirect-Chromium-built-in-\test-failed-1.png
    ΓöÇΓöÇΓöÇΓöÇΓöÇΓöÇΓöÇΓöÇΓöÇΓöÇΓöÇΓöÇΓöÇΓöÇΓöÇΓöÇΓöÇΓöÇΓöÇΓöÇΓöÇΓöÇΓöÇΓöÇΓöÇΓöÇΓöÇΓöÇΓöÇΓöÇΓöÇΓöÇΓöÇΓöÇΓöÇΓöÇΓöÇΓöÇΓöÇΓöÇΓöÇΓöÇΓöÇΓöÇΓöÇΓöÇΓöÇΓöÇΓöÇΓöÇΓöÇΓöÇΓöÇΓöÇΓöÇΓöÇΓöÇΓöÇΓöÇΓöÇΓöÇΓöÇΓöÇΓöÇΓöÇΓöÇΓöÇΓöÇΓöÇΓöÇΓöÇΓöÇΓöÇΓöÇΓöÇΓöÇΓöÇΓöÇΓöÇΓöÇΓöÇΓöÇΓöÇΓöÇΓöÇΓöÇΓöÇΓöÇΓöÇΓöÇΓöÇΓöÇΓöÇΓöÇΓöÇΓöÇ

    Error Context: test-results\regression-Auth-ΓÇô-Login-Si-efc69-page-loads-without-redirect-Chromium-built-in-\error-context.md

    Retry #1 ΓöÇΓöÇΓöÇΓöÇΓöÇΓöÇΓöÇΓöÇΓöÇΓöÇΓöÇΓöÇΓöÇΓöÇΓöÇΓöÇΓöÇΓöÇΓöÇΓöÇΓöÇΓöÇΓöÇΓöÇΓöÇΓöÇΓöÇΓöÇΓöÇΓöÇΓöÇΓöÇΓöÇΓöÇΓöÇΓöÇΓöÇΓöÇΓöÇΓöÇΓöÇΓöÇΓöÇΓöÇΓöÇΓöÇΓöÇΓöÇΓöÇΓöÇΓöÇΓöÇΓöÇΓöÇΓöÇΓöÇΓöÇΓöÇΓöÇΓöÇΓöÇΓöÇΓöÇΓöÇΓöÇΓöÇΓöÇΓöÇΓöÇΓöÇΓöÇΓöÇΓöÇΓöÇΓöÇΓöÇΓöÇΓöÇΓöÇΓöÇΓöÇΓöÇΓöÇΓöÇΓöÇΓöÇΓöÇ

    Error: page.goto: net::ERR_NAME_NOT_RESOLVED at https://thecareersetu.in/signup
    Call log:
      - navigating to "https://thecareersetu.in/signup", waiting until "networkidle"


      86 |
      87 |   test('signup page loads without redirect', async ({ page }) => {
    > 88 |     await page.goto('/signup', { waitUntil: 'networkidle' })
         |                ^
      89 |     await expect(page).not.toHaveURL(/\/dashboard/)
      90 |     await expect(page.locator('body')).not.toBeEmpty()
      91 |   })
        at C:\Users\amitc\CareerSetu\tests\e2e\regression.spec.ts:88:16

    attachment #1: screenshot (image/png) ΓöÇΓöÇΓöÇΓöÇΓöÇΓöÇΓöÇΓöÇΓöÇΓöÇΓöÇΓöÇΓöÇΓöÇΓöÇΓöÇΓöÇΓöÇΓöÇΓöÇΓöÇΓöÇΓöÇΓöÇΓöÇΓöÇΓöÇΓöÇΓöÇΓöÇΓöÇΓöÇΓöÇΓöÇΓöÇΓöÇΓöÇΓöÇΓöÇΓöÇΓöÇΓöÇΓöÇΓöÇΓöÇΓöÇΓöÇΓöÇΓöÇΓöÇΓöÇΓöÇΓöÇΓöÇΓöÇΓöÇΓöÇΓöÇ
    test-results\regression-Auth-ΓÇô-Login-Si-efc69-page-loads-without-redirect-Chromium-built-in--retry1\test-failed-1.png
    ΓöÇΓöÇΓöÇΓöÇΓöÇΓöÇΓöÇΓöÇΓöÇΓöÇΓöÇΓöÇΓöÇΓöÇΓöÇΓöÇΓöÇΓöÇΓöÇΓöÇΓöÇΓöÇΓöÇΓöÇΓöÇΓöÇΓöÇΓöÇΓöÇΓöÇΓöÇΓöÇΓöÇΓöÇΓöÇΓöÇΓöÇΓöÇΓöÇΓöÇΓöÇΓöÇΓöÇΓöÇΓöÇΓöÇΓöÇΓöÇΓöÇΓöÇΓöÇΓöÇΓöÇΓöÇΓöÇΓöÇΓöÇΓöÇΓöÇΓöÇΓöÇΓöÇΓöÇΓöÇΓöÇΓöÇΓöÇΓöÇΓöÇΓöÇΓöÇΓöÇΓöÇΓöÇΓöÇΓöÇΓöÇΓöÇΓöÇΓöÇΓöÇΓöÇΓöÇΓöÇΓöÇΓöÇΓöÇΓöÇΓöÇΓöÇΓöÇΓöÇΓöÇΓöÇΓöÇΓöÇ

    Error Context: test-results\regression-Auth-ΓÇô-Login-Si-efc69-page-loads-without-redirect-Chromium-built-in--retry1\error-context.md

  10) [Chromium (built-in)] ΓÇ║ tests\e2e\regression.spec.ts:109:9 ΓÇ║ Auth guard ΓÇô unauthenticated redirects ΓÇ║ /dashboard ΓåÆ redirects to /login 

    Error: page.goto: net::ERR_NAME_NOT_RESOLVED at https://thecareersetu.in/dashboard
    Call log:
      - navigating to "https://thecareersetu.in/dashboard", waiting until "load"


      108 |   for (const route of protectedRoutes) {
      109 |     test(`${route} ΓåÆ redirects to /login`, async ({ page }) => {
    > 110 |       await page.goto(route)
          |                  ^
      111 |       await expect(page).toHaveURL(/\/login/)
      112 |     })
      113 |   }
        at C:\Users\amitc\CareerSetu\tests\e2e\regression.spec.ts:110:18

    attachment #1: screenshot (image/png) ΓöÇΓöÇΓöÇΓöÇΓöÇΓöÇΓöÇΓöÇΓöÇΓöÇΓöÇΓöÇΓöÇΓöÇΓöÇΓöÇΓöÇΓöÇΓöÇΓöÇΓöÇΓöÇΓöÇΓöÇΓöÇΓöÇΓöÇΓöÇΓöÇΓöÇΓöÇΓöÇΓöÇΓöÇΓöÇΓöÇΓöÇΓöÇΓöÇΓöÇΓöÇΓöÇΓöÇΓöÇΓöÇΓöÇΓöÇΓöÇΓöÇΓöÇΓöÇΓöÇΓöÇΓöÇΓöÇΓöÇΓöÇΓöÇ
    test-results\regression-Auth-guard-ΓÇô-un-a1aaf-hboard-ΓåÆ-redirects-to-login-Chromium-built-in-\test-failed-1.png
    ΓöÇΓöÇΓöÇΓöÇΓöÇΓöÇΓöÇΓöÇΓöÇΓöÇΓöÇΓöÇΓöÇΓöÇΓöÇΓöÇΓöÇΓöÇΓöÇΓöÇΓöÇΓöÇΓöÇΓöÇΓöÇΓöÇΓöÇΓöÇΓöÇΓöÇΓöÇΓöÇΓöÇΓöÇΓöÇΓöÇΓöÇΓöÇΓöÇΓöÇΓöÇΓöÇΓöÇΓöÇΓöÇΓöÇΓöÇΓöÇΓöÇΓöÇΓöÇΓöÇΓöÇΓöÇΓöÇΓöÇΓöÇΓöÇΓöÇΓöÇΓöÇΓöÇΓöÇΓöÇΓöÇΓöÇΓöÇΓöÇΓöÇΓöÇΓöÇΓöÇΓöÇΓöÇΓöÇΓöÇΓöÇΓöÇΓöÇΓöÇΓöÇΓöÇΓöÇΓöÇΓöÇΓöÇΓöÇΓöÇΓöÇΓöÇΓöÇΓöÇΓöÇΓöÇΓöÇΓöÇ

    Error Context: test-results\regression-Auth-guard-ΓÇô-un-a1aaf-hboard-ΓåÆ-redirects-to-login-Chromium-built-in-\error-context.md

    Retry #1 ΓöÇΓöÇΓöÇΓöÇΓöÇΓöÇΓöÇΓöÇΓöÇΓöÇΓöÇΓöÇΓöÇΓöÇΓöÇΓöÇΓöÇΓöÇΓöÇΓöÇΓöÇΓöÇΓöÇΓöÇΓöÇΓöÇΓöÇΓöÇΓöÇΓöÇΓöÇΓöÇΓöÇΓöÇΓöÇΓöÇΓöÇΓöÇΓöÇΓöÇΓöÇΓöÇΓöÇΓöÇΓöÇΓöÇΓöÇΓöÇΓöÇΓöÇΓöÇΓöÇΓöÇΓöÇΓöÇΓöÇΓöÇΓöÇΓöÇΓöÇΓöÇΓöÇΓöÇΓöÇΓöÇΓöÇΓöÇΓöÇΓöÇΓöÇΓöÇΓöÇΓöÇΓöÇΓöÇΓöÇΓöÇΓöÇΓöÇΓöÇΓöÇΓöÇΓöÇΓöÇΓöÇΓöÇΓöÇ

    Error: page.goto: net::ERR_NAME_NOT_RESOLVED at https://thecareersetu.in/dashboard
    Call log:
      - navigating to "https://thecareersetu.in/dashboard", waiting until "load"


      108 |   for (const route of protectedRoutes) {
      109 |     test(`${route} ΓåÆ redirects to /login`, async ({ page }) => {
    > 110 |       await page.goto(route)
          |                  ^
      111 |       await expect(page).toHaveURL(/\/login/)
      112 |     })
      113 |   }
        at C:\Users\amitc\CareerSetu\tests\e2e\regression.spec.ts:110:18

    attachment #1: screenshot (image/png) ΓöÇΓöÇΓöÇΓöÇΓöÇΓöÇΓöÇΓöÇΓöÇΓöÇΓöÇΓöÇΓöÇΓöÇΓöÇΓöÇΓöÇΓöÇΓöÇΓöÇΓöÇΓöÇΓöÇΓöÇΓöÇΓöÇΓöÇΓöÇΓöÇΓöÇΓöÇΓöÇΓöÇΓöÇΓöÇΓöÇΓöÇΓöÇΓöÇΓöÇΓöÇΓöÇΓöÇΓöÇΓöÇΓöÇΓöÇΓöÇΓöÇΓöÇΓöÇΓöÇΓöÇΓöÇΓöÇΓöÇΓöÇΓöÇ
    test-results\regression-Auth-guard-ΓÇô-un-a1aaf-hboard-ΓåÆ-redirects-to-login-Chromium-built-in--retry1\test-failed-1.png
    ΓöÇΓöÇΓöÇΓöÇΓöÇΓöÇΓöÇΓöÇΓöÇΓöÇΓöÇΓöÇΓöÇΓöÇΓöÇΓöÇΓöÇΓöÇΓöÇΓöÇΓöÇΓöÇΓöÇΓöÇΓöÇΓöÇΓöÇΓöÇΓöÇΓöÇΓöÇΓöÇΓöÇΓöÇΓöÇΓöÇΓöÇΓöÇΓöÇΓöÇΓöÇΓöÇΓöÇΓöÇΓöÇΓöÇΓöÇΓöÇΓöÇΓöÇΓöÇΓöÇΓöÇΓöÇΓöÇΓöÇΓöÇΓöÇΓöÇΓöÇΓöÇΓöÇΓöÇΓöÇΓöÇΓöÇΓöÇΓöÇΓöÇΓöÇΓöÇΓöÇΓöÇΓöÇΓöÇΓöÇΓöÇΓöÇΓöÇΓöÇΓöÇΓöÇΓöÇΓöÇΓöÇΓöÇΓöÇΓöÇΓöÇΓöÇΓöÇΓöÇΓöÇΓöÇΓöÇΓöÇ

    Error Context: test-results\regression-Auth-guard-ΓÇô-un-a1aaf-hboard-ΓåÆ-redirects-to-login-Chromium-built-in--retry1\error-context.md

  11) [Chromium (built-in)] ΓÇ║ tests\e2e\regression.spec.ts:109:9 ΓÇ║ Auth guard ΓÇô unauthenticated redirects ΓÇ║ /practice ΓåÆ redirects to /login 

    Error: page.goto: net::ERR_NAME_NOT_RESOLVED at https://thecareersetu.in/practice
    Call log:
      - navigating to "https://thecareersetu.in/practice", waiting until "load"


      108 |   for (const route of protectedRoutes) {
      109 |     test(`${route} ΓåÆ redirects to /login`, async ({ page }) => {
    > 110 |       await page.goto(route)
          |                  ^
      111 |       await expect(page).toHaveURL(/\/login/)
      112 |     })
      113 |   }
        at C:\Users\amitc\CareerSetu\tests\e2e\regression.spec.ts:110:18

    attachment #1: screenshot (image/png) ΓöÇΓöÇΓöÇΓöÇΓöÇΓöÇΓöÇΓöÇΓöÇΓöÇΓöÇΓöÇΓöÇΓöÇΓöÇΓöÇΓöÇΓöÇΓöÇΓöÇΓöÇΓöÇΓöÇΓöÇΓöÇΓöÇΓöÇΓöÇΓöÇΓöÇΓöÇΓöÇΓöÇΓöÇΓöÇΓöÇΓöÇΓöÇΓöÇΓöÇΓöÇΓöÇΓöÇΓöÇΓöÇΓöÇΓöÇΓöÇΓöÇΓöÇΓöÇΓöÇΓöÇΓöÇΓöÇΓöÇΓöÇΓöÇ
    test-results\regression-Auth-guard-ΓÇô-un-5f11e-actice-ΓåÆ-redirects-to-login-Chromium-built-in-\test-failed-1.png
    ΓöÇΓöÇΓöÇΓöÇΓöÇΓöÇΓöÇΓöÇΓöÇΓöÇΓöÇΓöÇΓöÇΓöÇΓöÇΓöÇΓöÇΓöÇΓöÇΓöÇΓöÇΓöÇΓöÇΓöÇΓöÇΓöÇΓöÇΓöÇΓöÇΓöÇΓöÇΓöÇΓöÇΓöÇΓöÇΓöÇΓöÇΓöÇΓöÇΓöÇΓöÇΓöÇΓöÇΓöÇΓöÇΓöÇΓöÇΓöÇΓöÇΓöÇΓöÇΓöÇΓöÇΓöÇΓöÇΓöÇΓöÇΓöÇΓöÇΓöÇΓöÇΓöÇΓöÇΓöÇΓöÇΓöÇΓöÇΓöÇΓöÇΓöÇΓöÇΓöÇΓöÇΓöÇΓöÇΓöÇΓöÇΓöÇΓöÇΓöÇΓöÇΓöÇΓöÇΓöÇΓöÇΓöÇΓöÇΓöÇΓöÇΓöÇΓöÇΓöÇΓöÇΓöÇΓöÇΓöÇ

    Error Context: test-results\regression-Auth-guard-ΓÇô-un-5f11e-actice-ΓåÆ-redirects-to-login-Chromium-built-in-\error-context.md

    Retry #1 ΓöÇΓöÇΓöÇΓöÇΓöÇΓöÇΓöÇΓöÇΓöÇΓöÇΓöÇΓöÇΓöÇΓöÇΓöÇΓöÇΓöÇΓöÇΓöÇΓöÇΓöÇΓöÇΓöÇΓöÇΓöÇΓöÇΓöÇΓöÇΓöÇΓöÇΓöÇΓöÇΓöÇΓöÇΓöÇΓöÇΓöÇΓöÇΓöÇΓöÇΓöÇΓöÇΓöÇΓöÇΓöÇΓöÇΓöÇΓöÇΓöÇΓöÇΓöÇΓöÇΓöÇΓöÇΓöÇΓöÇΓöÇΓöÇΓöÇΓöÇΓöÇΓöÇΓöÇΓöÇΓöÇΓöÇΓöÇΓöÇΓöÇΓöÇΓöÇΓöÇΓöÇΓöÇΓöÇΓöÇΓöÇΓöÇΓöÇΓöÇΓöÇΓöÇΓöÇΓöÇΓöÇΓöÇΓöÇ

    Error: page.goto: net::ERR_NAME_NOT_RESOLVED at https://thecareersetu.in/practice
    Call log:
      - navigating to "https://thecareersetu.in/practice", waiting until "load"


      108 |   for (const route of protectedRoutes) {
      109 |     test(`${route} ΓåÆ redirects to /login`, async ({ page }) => {
    > 110 |       await page.goto(route)
          |                  ^
      111 |       await expect(page).toHaveURL(/\/login/)
      112 |     })
      113 |   }
        at C:\Users\amitc\CareerSetu\tests\e2e\regression.spec.ts:110:18

    attachment #1: screenshot (image/png) ΓöÇΓöÇΓöÇΓöÇΓöÇΓöÇΓöÇΓöÇΓöÇΓöÇΓöÇΓöÇΓöÇΓöÇΓöÇΓöÇΓöÇΓöÇΓöÇΓöÇΓöÇΓöÇΓöÇΓöÇΓöÇΓöÇΓöÇΓöÇΓöÇΓöÇΓöÇΓöÇΓöÇΓöÇΓöÇΓöÇΓöÇΓöÇΓöÇΓöÇΓöÇΓöÇΓöÇΓöÇΓöÇΓöÇΓöÇΓöÇΓöÇΓöÇΓöÇΓöÇΓöÇΓöÇΓöÇΓöÇΓöÇΓöÇ
    test-results\regression-Auth-guard-ΓÇô-un-5f11e-actice-ΓåÆ-redirects-to-login-Chromium-built-in--retry1\test-failed-1.png
    ΓöÇΓöÇΓöÇΓöÇΓöÇΓöÇΓöÇΓöÇΓöÇΓöÇΓöÇΓöÇΓöÇΓöÇΓöÇΓöÇΓöÇΓöÇΓöÇΓöÇΓöÇΓöÇΓöÇΓöÇΓöÇΓöÇΓöÇΓöÇΓöÇΓöÇΓöÇΓöÇΓöÇΓöÇΓöÇΓöÇΓöÇΓöÇΓöÇΓöÇΓöÇΓöÇΓöÇΓöÇΓöÇΓöÇΓöÇΓöÇΓöÇΓöÇΓöÇΓöÇΓöÇΓöÇΓöÇΓöÇΓöÇΓöÇΓöÇΓöÇΓöÇΓöÇΓöÇΓöÇΓöÇΓöÇΓöÇΓöÇΓöÇΓöÇΓöÇΓöÇΓöÇΓöÇΓöÇΓöÇΓöÇΓöÇΓöÇΓöÇΓöÇΓöÇΓöÇΓöÇΓöÇΓöÇΓöÇΓöÇΓöÇΓöÇΓöÇΓöÇΓöÇΓöÇΓöÇΓöÇ

    Error Context: test-results\regression-Auth-guard-ΓÇô-un-5f11e-actice-ΓåÆ-redirects-to-login-Chromium-built-in--retry1\error-context.md

  12) [Chromium (built-in)] ΓÇ║ tests\e2e\regression.spec.ts:109:9 ΓÇ║ Auth guard ΓÇô unauthenticated redirects ΓÇ║ /reports ΓåÆ redirects to /login 

    Error: page.goto: net::ERR_NAME_NOT_RESOLVED at https://thecareersetu.in/reports
    Call log:
      - navigating to "https://thecareersetu.in/reports", waiting until "load"


      108 |   for (const route of protectedRoutes) {
      109 |     test(`${route} ΓåÆ redirects to /login`, async ({ page }) => {
    > 110 |       await page.goto(route)
          |                  ^
      111 |       await expect(page).toHaveURL(/\/login/)
      112 |     })
      113 |   }
        at C:\Users\amitc\CareerSetu\tests\e2e\regression.spec.ts:110:18

    attachment #1: screenshot (image/png) ΓöÇΓöÇΓöÇΓöÇΓöÇΓöÇΓöÇΓöÇΓöÇΓöÇΓöÇΓöÇΓöÇΓöÇΓöÇΓöÇΓöÇΓöÇΓöÇΓöÇΓöÇΓöÇΓöÇΓöÇΓöÇΓöÇΓöÇΓöÇΓöÇΓöÇΓöÇΓöÇΓöÇΓöÇΓöÇΓöÇΓöÇΓöÇΓöÇΓöÇΓöÇΓöÇΓöÇΓöÇΓöÇΓöÇΓöÇΓöÇΓöÇΓöÇΓöÇΓöÇΓöÇΓöÇΓöÇΓöÇΓöÇΓöÇ
    test-results\regression-Auth-guard-ΓÇô-un-bed1d-eports-ΓåÆ-redirects-to-login-Chromium-built-in-\test-failed-1.png
    ΓöÇΓöÇΓöÇΓöÇΓöÇΓöÇΓöÇΓöÇΓöÇΓöÇΓöÇΓöÇΓöÇΓöÇΓöÇΓöÇΓöÇΓöÇΓöÇΓöÇΓöÇΓöÇΓöÇΓöÇΓöÇΓöÇΓöÇΓöÇΓöÇΓöÇΓöÇΓöÇΓöÇΓöÇΓöÇΓöÇΓöÇΓöÇΓöÇΓöÇΓöÇΓöÇΓöÇΓöÇΓöÇΓöÇΓöÇΓöÇΓöÇΓöÇΓöÇΓöÇΓöÇΓöÇΓöÇΓöÇΓöÇΓöÇΓöÇΓöÇΓöÇΓöÇΓöÇΓöÇΓöÇΓöÇΓöÇΓöÇΓöÇΓöÇΓöÇΓöÇΓöÇΓöÇΓöÇΓöÇΓöÇΓöÇΓöÇΓöÇΓöÇΓöÇΓöÇΓöÇΓöÇΓöÇΓöÇΓöÇΓöÇΓöÇΓöÇΓöÇΓöÇΓöÇΓöÇΓöÇ

    Error Context: test-results\regression-Auth-guard-ΓÇô-un-bed1d-eports-ΓåÆ-redirects-to-login-Chromium-built-in-\error-context.md

    Retry #1 ΓöÇΓöÇΓöÇΓöÇΓöÇΓöÇΓöÇΓöÇΓöÇΓöÇΓöÇΓöÇΓöÇΓöÇΓöÇΓöÇΓöÇΓöÇΓöÇΓöÇΓöÇΓöÇΓöÇΓöÇΓöÇΓöÇΓöÇΓöÇΓöÇΓöÇΓöÇΓöÇΓöÇΓöÇΓöÇΓöÇΓöÇΓöÇΓöÇΓöÇΓöÇΓöÇΓöÇΓöÇΓöÇΓöÇΓöÇΓöÇΓöÇΓöÇΓöÇΓöÇΓöÇΓöÇΓöÇΓöÇΓöÇΓöÇΓöÇΓöÇΓöÇΓöÇΓöÇΓöÇΓöÇΓöÇΓöÇΓöÇΓöÇΓöÇΓöÇΓöÇΓöÇΓöÇΓöÇΓöÇΓöÇΓöÇΓöÇΓöÇΓöÇΓöÇΓöÇΓöÇΓöÇΓöÇΓöÇ

    Error: page.goto: net::ERR_NAME_NOT_RESOLVED at https://thecareersetu.in/reports
    Call log:
      - navigating to "https://thecareersetu.in/reports", waiting until "load"


      108 |   for (const route of protectedRoutes) {
      109 |     test(`${route} ΓåÆ redirects to /login`, async ({ page }) => {
    > 110 |       await page.goto(route)
          |                  ^
      111 |       await expect(page).toHaveURL(/\/login/)
      112 |     })
      113 |   }
        at C:\Users\amitc\CareerSetu\tests\e2e\regression.spec.ts:110:18

    attachment #1: screenshot (image/png) ΓöÇΓöÇΓöÇΓöÇΓöÇΓöÇΓöÇΓöÇΓöÇΓöÇΓöÇΓöÇΓöÇΓöÇΓöÇΓöÇΓöÇΓöÇΓöÇΓöÇΓöÇΓöÇΓöÇΓöÇΓöÇΓöÇΓöÇΓöÇΓöÇΓöÇΓöÇΓöÇΓöÇΓöÇΓöÇΓöÇΓöÇΓöÇΓöÇΓöÇΓöÇΓöÇΓöÇΓöÇΓöÇΓöÇΓöÇΓöÇΓöÇΓöÇΓöÇΓöÇΓöÇΓöÇΓöÇΓöÇΓöÇΓöÇ
    test-results\regression-Auth-guard-ΓÇô-un-bed1d-eports-ΓåÆ-redirects-to-login-Chromium-built-in--retry1\test-failed-1.png
    ΓöÇΓöÇΓöÇΓöÇΓöÇΓöÇΓöÇΓöÇΓöÇΓöÇΓöÇΓöÇΓöÇΓöÇΓöÇΓöÇΓöÇΓöÇΓöÇΓöÇΓöÇΓöÇΓöÇΓöÇΓöÇΓöÇΓöÇΓöÇΓöÇΓöÇΓöÇΓöÇΓöÇΓöÇΓöÇΓöÇΓöÇΓöÇΓöÇΓöÇΓöÇΓöÇΓöÇΓöÇΓöÇΓöÇΓöÇΓöÇΓöÇΓöÇΓöÇΓöÇΓöÇΓöÇΓöÇΓöÇΓöÇΓöÇΓöÇΓöÇΓöÇΓöÇΓöÇΓöÇΓöÇΓöÇΓöÇΓöÇΓöÇΓöÇΓöÇΓöÇΓöÇΓöÇΓöÇΓöÇΓöÇΓöÇΓöÇΓöÇΓöÇΓöÇΓöÇΓöÇΓöÇΓöÇΓöÇΓöÇΓöÇΓöÇΓöÇΓöÇΓöÇΓöÇΓöÇΓöÇ

    Error Context: test-results\regression-Auth-guard-ΓÇô-un-bed1d-eports-ΓåÆ-redirects-to-login-Chromium-built-in--retry1\error-context.md

  13) [Chromium (built-in)] ΓÇ║ tests\e2e\regression.spec.ts:109:9 ΓÇ║ Auth guard ΓÇô unauthenticated redirects ΓÇ║ /resume-builder ΓåÆ redirects to /login 

    Error: page.goto: net::ERR_NAME_NOT_RESOLVED at https://thecareersetu.in/resume-builder
    Call log:
      - navigating to "https://thecareersetu.in/resume-builder", waiting until "load"


      108 |   for (const route of protectedRoutes) {
      109 |     test(`${route} ΓåÆ redirects to /login`, async ({ page }) => {
    > 110 |       await page.goto(route)
          |                  ^
      111 |       await expect(page).toHaveURL(/\/login/)
      112 |     })
      113 |   }
        at C:\Users\amitc\CareerSetu\tests\e2e\regression.spec.ts:110:18

    attachment #1: screenshot (image/png) ΓöÇΓöÇΓöÇΓöÇΓöÇΓöÇΓöÇΓöÇΓöÇΓöÇΓöÇΓöÇΓöÇΓöÇΓöÇΓöÇΓöÇΓöÇΓöÇΓöÇΓöÇΓöÇΓöÇΓöÇΓöÇΓöÇΓöÇΓöÇΓöÇΓöÇΓöÇΓöÇΓöÇΓöÇΓöÇΓöÇΓöÇΓöÇΓöÇΓöÇΓöÇΓöÇΓöÇΓöÇΓöÇΓöÇΓöÇΓöÇΓöÇΓöÇΓöÇΓöÇΓöÇΓöÇΓöÇΓöÇΓöÇΓöÇ
    test-results\regression-Auth-guard-ΓÇô-un-7c213-uilder-ΓåÆ-redirects-to-login-Chromium-built-in-\test-failed-1.png
    ΓöÇΓöÇΓöÇΓöÇΓöÇΓöÇΓöÇΓöÇΓöÇΓöÇΓöÇΓöÇΓöÇΓöÇΓöÇΓöÇΓöÇΓöÇΓöÇΓöÇΓöÇΓöÇΓöÇΓöÇΓöÇΓöÇΓöÇΓöÇΓöÇΓöÇΓöÇΓöÇΓöÇΓöÇΓöÇΓöÇΓöÇΓöÇΓöÇΓöÇΓöÇΓöÇΓöÇΓöÇΓöÇΓöÇΓöÇΓöÇΓöÇΓöÇΓöÇΓöÇΓöÇΓöÇΓöÇΓöÇΓöÇΓöÇΓöÇΓöÇΓöÇΓöÇΓöÇΓöÇΓöÇΓöÇΓöÇΓöÇΓöÇΓöÇΓöÇΓöÇΓöÇΓöÇΓöÇΓöÇΓöÇΓöÇΓöÇΓöÇΓöÇΓöÇΓöÇΓöÇΓöÇΓöÇΓöÇΓöÇΓöÇΓöÇΓöÇΓöÇΓöÇΓöÇΓöÇΓöÇ

    Error Context: test-results\regression-Auth-guard-ΓÇô-un-7c213-uilder-ΓåÆ-redirects-to-login-Chromium-built-in-\error-context.md

    Retry #1 ΓöÇΓöÇΓöÇΓöÇΓöÇΓöÇΓöÇΓöÇΓöÇΓöÇΓöÇΓöÇΓöÇΓöÇΓöÇΓöÇΓöÇΓöÇΓöÇΓöÇΓöÇΓöÇΓöÇΓöÇΓöÇΓöÇΓöÇΓöÇΓöÇΓöÇΓöÇΓöÇΓöÇΓöÇΓöÇΓöÇΓöÇΓöÇΓöÇΓöÇΓöÇΓöÇΓöÇΓöÇΓöÇΓöÇΓöÇΓöÇΓöÇΓöÇΓöÇΓöÇΓöÇΓöÇΓöÇΓöÇΓöÇΓöÇΓöÇΓöÇΓöÇΓöÇΓöÇΓöÇΓöÇΓöÇΓöÇΓöÇΓöÇΓöÇΓöÇΓöÇΓöÇΓöÇΓöÇΓöÇΓöÇΓöÇΓöÇΓöÇΓöÇΓöÇΓöÇΓöÇΓöÇΓöÇΓöÇ

    Error: page.goto: net::ERR_NAME_NOT_RESOLVED at https://thecareersetu.in/resume-builder
    Call log:
      - navigating to "https://thecareersetu.in/resume-builder", waiting until "load"


      108 |   for (const route of protectedRoutes) {
      109 |     test(`${route} ΓåÆ redirects to /login`, async ({ page }) => {
    > 110 |       await page.goto(route)
          |                  ^
      111 |       await expect(page).toHaveURL(/\/login/)
      112 |     })
      113 |   }
        at C:\Users\amitc\CareerSetu\tests\e2e\regression.spec.ts:110:18

    attachment #1: screenshot (image/png) ΓöÇΓöÇΓöÇΓöÇΓöÇΓöÇΓöÇΓöÇΓöÇΓöÇΓöÇΓöÇΓöÇΓöÇΓöÇΓöÇΓöÇΓöÇΓöÇΓöÇΓöÇΓöÇΓöÇΓöÇΓöÇΓöÇΓöÇΓöÇΓöÇΓöÇΓöÇΓöÇΓöÇΓöÇΓöÇΓöÇΓöÇΓöÇΓöÇΓöÇΓöÇΓöÇΓöÇΓöÇΓöÇΓöÇΓöÇΓöÇΓöÇΓöÇΓöÇΓöÇΓöÇΓöÇΓöÇΓöÇΓöÇΓöÇ
    test-results\regression-Auth-guard-ΓÇô-un-7c213-uilder-ΓåÆ-redirects-to-login-Chromium-built-in--retry1\test-failed-1.png
    ΓöÇΓöÇΓöÇΓöÇΓöÇΓöÇΓöÇΓöÇΓöÇΓöÇΓöÇΓöÇΓöÇΓöÇΓöÇΓöÇΓöÇΓöÇΓöÇΓöÇΓöÇΓöÇΓöÇΓöÇΓöÇΓöÇΓöÇΓöÇΓöÇΓöÇΓöÇΓöÇΓöÇΓöÇΓöÇΓöÇΓöÇΓöÇΓöÇΓöÇΓöÇΓöÇΓöÇΓöÇΓöÇΓöÇΓöÇΓöÇΓöÇΓöÇΓöÇΓöÇΓöÇΓöÇΓöÇΓöÇΓöÇΓöÇΓöÇΓöÇΓöÇΓöÇΓöÇΓöÇΓöÇΓöÇΓöÇΓöÇΓöÇΓöÇΓöÇΓöÇΓöÇΓöÇΓöÇΓöÇΓöÇΓöÇΓöÇΓöÇΓöÇΓöÇΓöÇΓöÇΓöÇΓöÇΓöÇΓöÇΓöÇΓöÇΓöÇΓöÇΓöÇΓöÇΓöÇΓöÇ

    Error Context: test-results\regression-Auth-guard-ΓÇô-un-7c213-uilder-ΓåÆ-redirects-to-login-Chromium-built-in--retry1\error-context.md

  14) [Chromium (built-in)] ΓÇ║ tests\e2e\regression.spec.ts:109:9 ΓÇ║ Auth guard ΓÇô unauthenticated redirects ΓÇ║ /jobs ΓåÆ redirects to /login 

    Error: page.goto: net::ERR_NAME_NOT_RESOLVED at https://thecareersetu.in/jobs
    Call log:
      - navigating to "https://thecareersetu.in/jobs", waiting until "load"


      108 |   for (const route of protectedRoutes) {
      109 |     test(`${route} ΓåÆ redirects to /login`, async ({ page }) => {
    > 110 |       await page.goto(route)
          |                  ^
      111 |       await expect(page).toHaveURL(/\/login/)
      112 |     })
      113 |   }
        at C:\Users\amitc\CareerSetu\tests\e2e\regression.spec.ts:110:18

    attachment #1: screenshot (image/png) ΓöÇΓöÇΓöÇΓöÇΓöÇΓöÇΓöÇΓöÇΓöÇΓöÇΓöÇΓöÇΓöÇΓöÇΓöÇΓöÇΓöÇΓöÇΓöÇΓöÇΓöÇΓöÇΓöÇΓöÇΓöÇΓöÇΓöÇΓöÇΓöÇΓöÇΓöÇΓöÇΓöÇΓöÇΓöÇΓöÇΓöÇΓöÇΓöÇΓöÇΓöÇΓöÇΓöÇΓöÇΓöÇΓöÇΓöÇΓöÇΓöÇΓöÇΓöÇΓöÇΓöÇΓöÇΓöÇΓöÇΓöÇΓöÇ
    test-results\regression-Auth-guard-ΓÇô-un-651d8-s-jobs-ΓåÆ-redirects-to-login-Chromium-built-in-\test-failed-1.png
    ΓöÇΓöÇΓöÇΓöÇΓöÇΓöÇΓöÇΓöÇΓöÇΓöÇΓöÇΓöÇΓöÇΓöÇΓöÇΓöÇΓöÇΓöÇΓöÇΓöÇΓöÇΓöÇΓöÇΓöÇΓöÇΓöÇΓöÇΓöÇΓöÇΓöÇΓöÇΓöÇΓöÇΓöÇΓöÇΓöÇΓöÇΓöÇΓöÇΓöÇΓöÇΓöÇΓöÇΓöÇΓöÇΓöÇΓöÇΓöÇΓöÇΓöÇΓöÇΓöÇΓöÇΓöÇΓöÇΓöÇΓöÇΓöÇΓöÇΓöÇΓöÇΓöÇΓöÇΓöÇΓöÇΓöÇΓöÇΓöÇΓöÇΓöÇΓöÇΓöÇΓöÇΓöÇΓöÇΓöÇΓöÇΓöÇΓöÇΓöÇΓöÇΓöÇΓöÇΓöÇΓöÇΓöÇΓöÇΓöÇΓöÇΓöÇΓöÇΓöÇΓöÇΓöÇΓöÇΓöÇ

    Error Context: test-results\regression-Auth-guard-ΓÇô-un-651d8-s-jobs-ΓåÆ-redirects-to-login-Chromium-built-in-\error-context.md

    Retry #1 ΓöÇΓöÇΓöÇΓöÇΓöÇΓöÇΓöÇΓöÇΓöÇΓöÇΓöÇΓöÇΓöÇΓöÇΓöÇΓöÇΓöÇΓöÇΓöÇΓöÇΓöÇΓöÇΓöÇΓöÇΓöÇΓöÇΓöÇΓöÇΓöÇΓöÇΓöÇΓöÇΓöÇΓöÇΓöÇΓöÇΓöÇΓöÇΓöÇΓöÇΓöÇΓöÇΓöÇΓöÇΓöÇΓöÇΓöÇΓöÇΓöÇΓöÇΓöÇΓöÇΓöÇΓöÇΓöÇΓöÇΓöÇΓöÇΓöÇΓöÇΓöÇΓöÇΓöÇΓöÇΓöÇΓöÇΓöÇΓöÇΓöÇΓöÇΓöÇΓöÇΓöÇΓöÇΓöÇΓöÇΓöÇΓöÇΓöÇΓöÇΓöÇΓöÇΓöÇΓöÇΓöÇΓöÇΓöÇ

    Error: page.goto: net::ERR_NAME_NOT_RESOLVED at https://thecareersetu.in/jobs
    Call log:
      - navigating to "https://thecareersetu.in/jobs", waiting until "load"


      108 |   for (const route of protectedRoutes) {
      109 |     test(`${route} ΓåÆ redirects to /login`, async ({ page }) => {
    > 110 |       await page.goto(route)
          |                  ^
      111 |       await expect(page).toHaveURL(/\/login/)
      112 |     })
      113 |   }
        at C:\Users\amitc\CareerSetu\tests\e2e\regression.spec.ts:110:18

    attachment #1: screenshot (image/png) ΓöÇΓöÇΓöÇΓöÇΓöÇΓöÇΓöÇΓöÇΓöÇΓöÇΓöÇΓöÇΓöÇΓöÇΓöÇΓöÇΓöÇΓöÇΓöÇΓöÇΓöÇΓöÇΓöÇΓöÇΓöÇΓöÇΓöÇΓöÇΓöÇΓöÇΓöÇΓöÇΓöÇΓöÇΓöÇΓöÇΓöÇΓöÇΓöÇΓöÇΓöÇΓöÇΓöÇΓöÇΓöÇΓöÇΓöÇΓöÇΓöÇΓöÇΓöÇΓöÇΓöÇΓöÇΓöÇΓöÇΓöÇΓöÇ
    test-results\regression-Auth-guard-ΓÇô-un-651d8-s-jobs-ΓåÆ-redirects-to-login-Chromium-built-in--retry1\test-failed-1.png
    ΓöÇΓöÇΓöÇΓöÇΓöÇΓöÇΓöÇΓöÇΓöÇΓöÇΓöÇΓöÇΓöÇΓöÇΓöÇΓöÇΓöÇΓöÇΓöÇΓöÇΓöÇΓöÇΓöÇΓöÇΓöÇΓöÇΓöÇΓöÇΓöÇΓöÇΓöÇΓöÇΓöÇΓöÇΓöÇΓöÇΓöÇΓöÇΓöÇΓöÇΓöÇΓöÇΓöÇΓöÇΓöÇΓöÇΓöÇΓöÇΓöÇΓöÇΓöÇΓöÇΓöÇΓöÇΓöÇΓöÇΓöÇΓöÇΓöÇΓöÇΓöÇΓöÇΓöÇΓöÇΓöÇΓöÇΓöÇΓöÇΓöÇΓöÇΓöÇΓöÇΓöÇΓöÇΓöÇΓöÇΓöÇΓöÇΓöÇΓöÇΓöÇΓöÇΓöÇΓöÇΓöÇΓöÇΓöÇΓöÇΓöÇΓöÇΓöÇΓöÇΓöÇΓöÇΓöÇΓöÇ

    Error Context: test-results\regression-Auth-guard-ΓÇô-un-651d8-s-jobs-ΓåÆ-redirects-to-login-Chromium-built-in--retry1\error-context.md

  15) [Chromium (built-in)] ΓÇ║ tests\e2e\regression.spec.ts:109:9 ΓÇ║ Auth guard ΓÇô unauthenticated redirects ΓÇ║ /profile ΓåÆ redirects to /login 

    Error: page.goto: net::ERR_NAME_NOT_RESOLVED at https://thecareersetu.in/profile
    Call log:
      - navigating to "https://thecareersetu.in/profile", waiting until "load"


      108 |   for (const route of protectedRoutes) {
      109 |     test(`${route} ΓåÆ redirects to /login`, async ({ page }) => {
    > 110 |       await page.goto(route)
          |                  ^
      111 |       await expect(page).toHaveURL(/\/login/)
      112 |     })
      113 |   }
        at C:\Users\amitc\CareerSetu\tests\e2e\regression.spec.ts:110:18

    attachment #1: screenshot (image/png) ΓöÇΓöÇΓöÇΓöÇΓöÇΓöÇΓöÇΓöÇΓöÇΓöÇΓöÇΓöÇΓöÇΓöÇΓöÇΓöÇΓöÇΓöÇΓöÇΓöÇΓöÇΓöÇΓöÇΓöÇΓöÇΓöÇΓöÇΓöÇΓöÇΓöÇΓöÇΓöÇΓöÇΓöÇΓöÇΓöÇΓöÇΓöÇΓöÇΓöÇΓöÇΓöÇΓöÇΓöÇΓöÇΓöÇΓöÇΓöÇΓöÇΓöÇΓöÇΓöÇΓöÇΓöÇΓöÇΓöÇΓöÇΓöÇ
    test-results\regression-Auth-guard-ΓÇô-un-4a622-rofile-ΓåÆ-redirects-to-login-Chromium-built-in-\test-failed-1.png
    ΓöÇΓöÇΓöÇΓöÇΓöÇΓöÇΓöÇΓöÇΓöÇΓöÇΓöÇΓöÇΓöÇΓöÇΓöÇΓöÇΓöÇΓöÇΓöÇΓöÇΓöÇΓöÇΓöÇΓöÇΓöÇΓöÇΓöÇΓöÇΓöÇΓöÇΓöÇΓöÇΓöÇΓöÇΓöÇΓöÇΓöÇΓöÇΓöÇΓöÇΓöÇΓöÇΓöÇΓöÇΓöÇΓöÇΓöÇΓöÇΓöÇΓöÇΓöÇΓöÇΓöÇΓöÇΓöÇΓöÇΓöÇΓöÇΓöÇΓöÇΓöÇΓöÇΓöÇΓöÇΓöÇΓöÇΓöÇΓöÇΓöÇΓöÇΓöÇΓöÇΓöÇΓöÇΓöÇΓöÇΓöÇΓöÇΓöÇΓöÇΓöÇΓöÇΓöÇΓöÇΓöÇΓöÇΓöÇΓöÇΓöÇΓöÇΓöÇΓöÇΓöÇΓöÇΓöÇΓöÇ

    Error Context: test-results\regression-Auth-guard-ΓÇô-un-4a622-rofile-ΓåÆ-redirects-to-login-Chromium-built-in-\error-context.md

    Retry #1 ΓöÇΓöÇΓöÇΓöÇΓöÇΓöÇΓöÇΓöÇΓöÇΓöÇΓöÇΓöÇΓöÇΓöÇΓöÇΓöÇΓöÇΓöÇΓöÇΓöÇΓöÇΓöÇΓöÇΓöÇΓöÇΓöÇΓöÇΓöÇΓöÇΓöÇΓöÇΓöÇΓöÇΓöÇΓöÇΓöÇΓöÇΓöÇΓöÇΓöÇΓöÇΓöÇΓöÇΓöÇΓöÇΓöÇΓöÇΓöÇΓöÇΓöÇΓöÇΓöÇΓöÇΓöÇΓöÇΓöÇΓöÇΓöÇΓöÇΓöÇΓöÇΓöÇΓöÇΓöÇΓöÇΓöÇΓöÇΓöÇΓöÇΓöÇΓöÇΓöÇΓöÇΓöÇΓöÇΓöÇΓöÇΓöÇΓöÇΓöÇΓöÇΓöÇΓöÇΓöÇΓöÇΓöÇΓöÇ

    Error: page.goto: net::ERR_NAME_NOT_RESOLVED at https://thecareersetu.in/profile
    Call log:
      - navigating to "https://thecareersetu.in/profile", waiting until "load"


      108 |   for (const route of protectedRoutes) {
      109 |     test(`${route} ΓåÆ redirects to /login`, async ({ page }) => {
    > 110 |       await page.goto(route)
          |                  ^
      111 |       await expect(page).toHaveURL(/\/login/)
      112 |     })
      113 |   }
        at C:\Users\amitc\CareerSetu\tests\e2e\regression.spec.ts:110:18

    attachment #1: screenshot (image/png) ΓöÇΓöÇΓöÇΓöÇΓöÇΓöÇΓöÇΓöÇΓöÇΓöÇΓöÇΓöÇΓöÇΓöÇΓöÇΓöÇΓöÇΓöÇΓöÇΓöÇΓöÇΓöÇΓöÇΓöÇΓöÇΓöÇΓöÇΓöÇΓöÇΓöÇΓöÇΓöÇΓöÇΓöÇΓöÇΓöÇΓöÇΓöÇΓöÇΓöÇΓöÇΓöÇΓöÇΓöÇΓöÇΓöÇΓöÇΓöÇΓöÇΓöÇΓöÇΓöÇΓöÇΓöÇΓöÇΓöÇΓöÇΓöÇ
    test-results\regression-Auth-guard-ΓÇô-un-4a622-rofile-ΓåÆ-redirects-to-login-Chromium-built-in--retry1\test-failed-1.png
    ΓöÇΓöÇΓöÇΓöÇΓöÇΓöÇΓöÇΓöÇΓöÇΓöÇΓöÇΓöÇΓöÇΓöÇΓöÇΓöÇΓöÇΓöÇΓöÇΓöÇΓöÇΓöÇΓöÇΓöÇΓöÇΓöÇΓöÇΓöÇΓöÇΓöÇΓöÇΓöÇΓöÇΓöÇΓöÇΓöÇΓöÇΓöÇΓöÇΓöÇΓöÇΓöÇΓöÇΓöÇΓöÇΓöÇΓöÇΓöÇΓöÇΓöÇΓöÇΓöÇΓöÇΓöÇΓöÇΓöÇΓöÇΓöÇΓöÇΓöÇΓöÇΓöÇΓöÇΓöÇΓöÇΓöÇΓöÇΓöÇΓöÇΓöÇΓöÇΓöÇΓöÇΓöÇΓöÇΓöÇΓöÇΓöÇΓöÇΓöÇΓöÇΓöÇΓöÇΓöÇΓöÇΓöÇΓöÇΓöÇΓöÇΓöÇΓöÇΓöÇΓöÇΓöÇΓöÇΓöÇ

    Error Context: test-results\regression-Auth-guard-ΓÇô-un-4a622-rofile-ΓåÆ-redirects-to-login-Chromium-built-in--retry1\error-context.md

  16) [Chromium (built-in)] ΓÇ║ tests\e2e\regression.spec.ts:109:9 ΓÇ║ Auth guard ΓÇô unauthenticated redirects ΓÇ║ /subscription ΓåÆ redirects to /login 

    Error: page.goto: net::ERR_NAME_NOT_RESOLVED at https://thecareersetu.in/subscription
    Call log:
      - navigating to "https://thecareersetu.in/subscription", waiting until "load"


      108 |   for (const route of protectedRoutes) {
      109 |     test(`${route} ΓåÆ redirects to /login`, async ({ page }) => {
    > 110 |       await page.goto(route)
          |                  ^
      111 |       await expect(page).toHaveURL(/\/login/)
      112 |     })
      113 |   }
        at C:\Users\amitc\CareerSetu\tests\e2e\regression.spec.ts:110:18

    attachment #1: screenshot (image/png) ΓöÇΓöÇΓöÇΓöÇΓöÇΓöÇΓöÇΓöÇΓöÇΓöÇΓöÇΓöÇΓöÇΓöÇΓöÇΓöÇΓöÇΓöÇΓöÇΓöÇΓöÇΓöÇΓöÇΓöÇΓöÇΓöÇΓöÇΓöÇΓöÇΓöÇΓöÇΓöÇΓöÇΓöÇΓöÇΓöÇΓöÇΓöÇΓöÇΓöÇΓöÇΓöÇΓöÇΓöÇΓöÇΓöÇΓöÇΓöÇΓöÇΓöÇΓöÇΓöÇΓöÇΓöÇΓöÇΓöÇΓöÇΓöÇ
    test-results\regression-Auth-guard-ΓÇô-un-4cc60-iption-ΓåÆ-redirects-to-login-Chromium-built-in-\test-failed-1.png
    ΓöÇΓöÇΓöÇΓöÇΓöÇΓöÇΓöÇΓöÇΓöÇΓöÇΓöÇΓöÇΓöÇΓöÇΓöÇΓöÇΓöÇΓöÇΓöÇΓöÇΓöÇΓöÇΓöÇΓöÇΓöÇΓöÇΓöÇΓöÇΓöÇΓöÇΓöÇΓöÇΓöÇΓöÇΓöÇΓöÇΓöÇΓöÇΓöÇΓöÇΓöÇΓöÇΓöÇΓöÇΓöÇΓöÇΓöÇΓöÇΓöÇΓöÇΓöÇΓöÇΓöÇΓöÇΓöÇΓöÇΓöÇΓöÇΓöÇΓöÇΓöÇΓöÇΓöÇΓöÇΓöÇΓöÇΓöÇΓöÇΓöÇΓöÇΓöÇΓöÇΓöÇΓöÇΓöÇΓöÇΓöÇΓöÇΓöÇΓöÇΓöÇΓöÇΓöÇΓöÇΓöÇΓöÇΓöÇΓöÇΓöÇΓöÇΓöÇΓöÇΓöÇΓöÇΓöÇΓöÇ

    Error Context: test-results\regression-Auth-guard-ΓÇô-un-4cc60-iption-ΓåÆ-redirects-to-login-Chromium-built-in-\error-context.md

    Retry #1 ΓöÇΓöÇΓöÇΓöÇΓöÇΓöÇΓöÇΓöÇΓöÇΓöÇΓöÇΓöÇΓöÇΓöÇΓöÇΓöÇΓöÇΓöÇΓöÇΓöÇΓöÇΓöÇΓöÇΓöÇΓöÇΓöÇΓöÇΓöÇΓöÇΓöÇΓöÇΓöÇΓöÇΓöÇΓöÇΓöÇΓöÇΓöÇΓöÇΓöÇΓöÇΓöÇΓöÇΓöÇΓöÇΓöÇΓöÇΓöÇΓöÇΓöÇΓöÇΓöÇΓöÇΓöÇΓöÇΓöÇΓöÇΓöÇΓöÇΓöÇΓöÇΓöÇΓöÇΓöÇΓöÇΓöÇΓöÇΓöÇΓöÇΓöÇΓöÇΓöÇΓöÇΓöÇΓöÇΓöÇΓöÇΓöÇΓöÇΓöÇΓöÇΓöÇΓöÇΓöÇΓöÇΓöÇΓöÇ

    Error: page.goto: net::ERR_NAME_NOT_RESOLVED at https://thecareersetu.in/subscription
    Call log:
      - navigating to "https://thecareersetu.in/subscription", waiting until "load"


      108 |   for (const route of protectedRoutes) {
      109 |     test(`${route} ΓåÆ redirects to /login`, async ({ page }) => {
    > 110 |       await page.goto(route)
          |                  ^
      111 |       await expect(page).toHaveURL(/\/login/)
      112 |     })
      113 |   }
        at C:\Users\amitc\CareerSetu\tests\e2e\regression.spec.ts:110:18

    attachment #1: screenshot (image/png) ΓöÇΓöÇΓöÇΓöÇΓöÇΓöÇΓöÇΓöÇΓöÇΓöÇΓöÇΓöÇΓöÇΓöÇΓöÇΓöÇΓöÇΓöÇΓöÇΓöÇΓöÇΓöÇΓöÇΓöÇΓöÇΓöÇΓöÇΓöÇΓöÇΓöÇΓöÇΓöÇΓöÇΓöÇΓöÇΓöÇΓöÇΓöÇΓöÇΓöÇΓöÇΓöÇΓöÇΓöÇΓöÇΓöÇΓöÇΓöÇΓöÇΓöÇΓöÇΓöÇΓöÇΓöÇΓöÇΓöÇΓöÇΓöÇ
    test-results\regression-Auth-guard-ΓÇô-un-4cc60-iption-ΓåÆ-redirects-to-login-Chromium-built-in--retry1\test-failed-1.png
    ΓöÇΓöÇΓöÇΓöÇΓöÇΓöÇΓöÇΓöÇΓöÇΓöÇΓöÇΓöÇΓöÇΓöÇΓöÇΓöÇΓöÇΓöÇΓöÇΓöÇΓöÇΓöÇΓöÇΓöÇΓöÇΓöÇΓöÇΓöÇΓöÇΓöÇΓöÇΓöÇΓöÇΓöÇΓöÇΓöÇΓöÇΓöÇΓöÇΓöÇΓöÇΓöÇΓöÇΓöÇΓöÇΓöÇΓöÇΓöÇΓöÇΓöÇΓöÇΓöÇΓöÇΓöÇΓöÇΓöÇΓöÇΓöÇΓöÇΓöÇΓöÇΓöÇΓöÇΓöÇΓöÇΓöÇΓöÇΓöÇΓöÇΓöÇΓöÇΓöÇΓöÇΓöÇΓöÇΓöÇΓöÇΓöÇΓöÇΓöÇΓöÇΓöÇΓöÇΓöÇΓöÇΓöÇΓöÇΓöÇΓöÇΓöÇΓöÇΓöÇΓöÇΓöÇΓöÇΓöÇ

    Error Context: test-results\regression-Auth-guard-ΓÇô-un-4cc60-iption-ΓåÆ-redirects-to-login-Chromium-built-in--retry1\error-context.md

  17) [Chromium (built-in)] ΓÇ║ tests\e2e\regression.spec.ts:109:9 ΓÇ║ Auth guard ΓÇô unauthenticated redirects ΓÇ║ /question-bank ΓåÆ redirects to /login 

    Error: page.goto: net::ERR_NAME_NOT_RESOLVED at https://thecareersetu.in/question-bank
    Call log:
      - navigating to "https://thecareersetu.in/question-bank", waiting until "load"


      108 |   for (const route of protectedRoutes) {
      109 |     test(`${route} ΓåÆ redirects to /login`, async ({ page }) => {
    > 110 |       await page.goto(route)
          |                  ^
      111 |       await expect(page).toHaveURL(/\/login/)
      112 |     })
      113 |   }
        at C:\Users\amitc\CareerSetu\tests\e2e\regression.spec.ts:110:18

    attachment #1: screenshot (image/png) ΓöÇΓöÇΓöÇΓöÇΓöÇΓöÇΓöÇΓöÇΓöÇΓöÇΓöÇΓöÇΓöÇΓöÇΓöÇΓöÇΓöÇΓöÇΓöÇΓöÇΓöÇΓöÇΓöÇΓöÇΓöÇΓöÇΓöÇΓöÇΓöÇΓöÇΓöÇΓöÇΓöÇΓöÇΓöÇΓöÇΓöÇΓöÇΓöÇΓöÇΓöÇΓöÇΓöÇΓöÇΓöÇΓöÇΓöÇΓöÇΓöÇΓöÇΓöÇΓöÇΓöÇΓöÇΓöÇΓöÇΓöÇΓöÇ
    test-results\regression-Auth-guard-ΓÇô-un-91c30-n-bank-ΓåÆ-redirects-to-login-Chromium-built-in-\test-failed-1.png
    ΓöÇΓöÇΓöÇΓöÇΓöÇΓöÇΓöÇΓöÇΓöÇΓöÇΓöÇΓöÇΓöÇΓöÇΓöÇΓöÇΓöÇΓöÇΓöÇΓöÇΓöÇΓöÇΓöÇΓöÇΓöÇΓöÇΓöÇΓöÇΓöÇΓöÇΓöÇΓöÇΓöÇΓöÇΓöÇΓöÇΓöÇΓöÇΓöÇΓöÇΓöÇΓöÇΓöÇΓöÇΓöÇΓöÇΓöÇΓöÇΓöÇΓöÇΓöÇΓöÇΓöÇΓöÇΓöÇΓöÇΓöÇΓöÇΓöÇΓöÇΓöÇΓöÇΓöÇΓöÇΓöÇΓöÇΓöÇΓöÇΓöÇΓöÇΓöÇΓöÇΓöÇΓöÇΓöÇΓöÇΓöÇΓöÇΓöÇΓöÇΓöÇΓöÇΓöÇΓöÇΓöÇΓöÇΓöÇΓöÇΓöÇΓöÇΓöÇΓöÇΓöÇΓöÇΓöÇΓöÇ

    Error Context: test-results\regression-Auth-guard-ΓÇô-un-91c30-n-bank-ΓåÆ-redirects-to-login-Chromium-built-in-\error-context.md

    Retry #1 ΓöÇΓöÇΓöÇΓöÇΓöÇΓöÇΓöÇΓöÇΓöÇΓöÇΓöÇΓöÇΓöÇΓöÇΓöÇΓöÇΓöÇΓöÇΓöÇΓöÇΓöÇΓöÇΓöÇΓöÇΓöÇΓöÇΓöÇΓöÇΓöÇΓöÇΓöÇΓöÇΓöÇΓöÇΓöÇΓöÇΓöÇΓöÇΓöÇΓöÇΓöÇΓöÇΓöÇΓöÇΓöÇΓöÇΓöÇΓöÇΓöÇΓöÇΓöÇΓöÇΓöÇΓöÇΓöÇΓöÇΓöÇΓöÇΓöÇΓöÇΓöÇΓöÇΓöÇΓöÇΓöÇΓöÇΓöÇΓöÇΓöÇΓöÇΓöÇΓöÇΓöÇΓöÇΓöÇΓöÇΓöÇΓöÇΓöÇΓöÇΓöÇΓöÇΓöÇΓöÇΓöÇΓöÇΓöÇ

    Error: page.goto: net::ERR_NAME_NOT_RESOLVED at https://thecareersetu.in/question-bank
    Call log:
      - navigating to "https://thecareersetu.in/question-bank", waiting until "load"


      108 |   for (const route of protectedRoutes) {
      109 |     test(`${route} ΓåÆ redirects to /login`, async ({ page }) => {
    > 110 |       await page.goto(route)
          |                  ^
      111 |       await expect(page).toHaveURL(/\/login/)
      112 |     })
      113 |   }
        at C:\Users\amitc\CareerSetu\tests\e2e\regression.spec.ts:110:18

    attachment #1: screenshot (image/png) ΓöÇΓöÇΓöÇΓöÇΓöÇΓöÇΓöÇΓöÇΓöÇΓöÇΓöÇΓöÇΓöÇΓöÇΓöÇΓöÇΓöÇΓöÇΓöÇΓöÇΓöÇΓöÇΓöÇΓöÇΓöÇΓöÇΓöÇΓöÇΓöÇΓöÇΓöÇΓöÇΓöÇΓöÇΓöÇΓöÇΓöÇΓöÇΓöÇΓöÇΓöÇΓöÇΓöÇΓöÇΓöÇΓöÇΓöÇΓöÇΓöÇΓöÇΓöÇΓöÇΓöÇΓöÇΓöÇΓöÇΓöÇΓöÇ
    test-results\regression-Auth-guard-ΓÇô-un-91c30-n-bank-ΓåÆ-redirects-to-login-Chromium-built-in--retry1\test-failed-1.png
    ΓöÇΓöÇΓöÇΓöÇΓöÇΓöÇΓöÇΓöÇΓöÇΓöÇΓöÇΓöÇΓöÇΓöÇΓöÇΓöÇΓöÇΓöÇΓöÇΓöÇΓöÇΓöÇΓöÇΓöÇΓöÇΓöÇΓöÇΓöÇΓöÇΓöÇΓöÇΓöÇΓöÇΓöÇΓöÇΓöÇΓöÇΓöÇΓöÇΓöÇΓöÇΓöÇΓöÇΓöÇΓöÇΓöÇΓöÇΓöÇΓöÇΓöÇΓöÇΓöÇΓöÇΓöÇΓöÇΓöÇΓöÇΓöÇΓöÇΓöÇΓöÇΓöÇΓöÇΓöÇΓöÇΓöÇΓöÇΓöÇΓöÇΓöÇΓöÇΓöÇΓöÇΓöÇΓöÇΓöÇΓöÇΓöÇΓöÇΓöÇΓöÇΓöÇΓöÇΓöÇΓöÇΓöÇΓöÇΓöÇΓöÇΓöÇΓöÇΓöÇΓöÇΓöÇΓöÇΓöÇ

    Error Context: test-results\regression-Auth-guard-ΓÇô-un-91c30-n-bank-ΓåÆ-redirects-to-login-Chromium-built-in--retry1\error-context.md

  18) [Chromium (built-in)] ΓÇ║ tests\e2e\regression.spec.ts:119:7 ΓÇ║ Theme toggle ΓÇ║ dark mode class toggled on html element 

    Error: page.goto: net::ERR_NAME_NOT_RESOLVED at https://thecareersetu.in/
    Call log:
      - navigating to "https://thecareersetu.in/", waiting until "load"


      118 | test.describe('Theme toggle', () => {
      119 |   test('dark mode class toggled on html element', async ({ page }) => {
    > 120 |     await page.goto('/')
          |                ^
      121 |     // Find toggle button (aria-label contains "dark" or "light")
      122 |     const toggle = page.getByRole('button', { name: /switch to dark|switch to light|toggle theme/i }).first()
      123 |     // If not found by aria-label, fall back to Sun/Moon icon button
        at C:\Users\amitc\CareerSetu\tests\e2e\regression.spec.ts:120:16

    attachment #1: screenshot (image/png) ΓöÇΓöÇΓöÇΓöÇΓöÇΓöÇΓöÇΓöÇΓöÇΓöÇΓöÇΓöÇΓöÇΓöÇΓöÇΓöÇΓöÇΓöÇΓöÇΓöÇΓöÇΓöÇΓöÇΓöÇΓöÇΓöÇΓöÇΓöÇΓöÇΓöÇΓöÇΓöÇΓöÇΓöÇΓöÇΓöÇΓöÇΓöÇΓöÇΓöÇΓöÇΓöÇΓöÇΓöÇΓöÇΓöÇΓöÇΓöÇΓöÇΓöÇΓöÇΓöÇΓöÇΓöÇΓöÇΓöÇΓöÇΓöÇ
    test-results\regression-Theme-toggle-da-2d58a-ass-toggled-on-html-element-Chromium-built-in-\test-failed-1.png
    ΓöÇΓöÇΓöÇΓöÇΓöÇΓöÇΓöÇΓöÇΓöÇΓöÇΓöÇΓöÇΓöÇΓöÇΓöÇΓöÇΓöÇΓöÇΓöÇΓöÇΓöÇΓöÇΓöÇΓöÇΓöÇΓöÇΓöÇΓöÇΓöÇΓöÇΓöÇΓöÇΓöÇΓöÇΓöÇΓöÇΓöÇΓöÇΓöÇΓöÇΓöÇΓöÇΓöÇΓöÇΓöÇΓöÇΓöÇΓöÇΓöÇΓöÇΓöÇΓöÇΓöÇΓöÇΓöÇΓöÇΓöÇΓöÇΓöÇΓöÇΓöÇΓöÇΓöÇΓöÇΓöÇΓöÇΓöÇΓöÇΓöÇΓöÇΓöÇΓöÇΓöÇΓöÇΓöÇΓöÇΓöÇΓöÇΓöÇΓöÇΓöÇΓöÇΓöÇΓöÇΓöÇΓöÇΓöÇΓöÇΓöÇΓöÇΓöÇΓöÇΓöÇΓöÇΓöÇΓöÇ

    Error Context: test-results\regression-Theme-toggle-da-2d58a-ass-toggled-on-html-element-Chromium-built-in-\error-context.md

    Retry #1 ΓöÇΓöÇΓöÇΓöÇΓöÇΓöÇΓöÇΓöÇΓöÇΓöÇΓöÇΓöÇΓöÇΓöÇΓöÇΓöÇΓöÇΓöÇΓöÇΓöÇΓöÇΓöÇΓöÇΓöÇΓöÇΓöÇΓöÇΓöÇΓöÇΓöÇΓöÇΓöÇΓöÇΓöÇΓöÇΓöÇΓöÇΓöÇΓöÇΓöÇΓöÇΓöÇΓöÇΓöÇΓöÇΓöÇΓöÇΓöÇΓöÇΓöÇΓöÇΓöÇΓöÇΓöÇΓöÇΓöÇΓöÇΓöÇΓöÇΓöÇΓöÇΓöÇΓöÇΓöÇΓöÇΓöÇΓöÇΓöÇΓöÇΓöÇΓöÇΓöÇΓöÇΓöÇΓöÇΓöÇΓöÇΓöÇΓöÇΓöÇΓöÇΓöÇΓöÇΓöÇΓöÇΓöÇΓöÇ

    Error: page.goto: net::ERR_NAME_NOT_RESOLVED at https://thecareersetu.in/
    Call log:
      - navigating to "https://thecareersetu.in/", waiting until "load"


      118 | test.describe('Theme toggle', () => {
      119 |   test('dark mode class toggled on html element', async ({ page }) => {
    > 120 |     await page.goto('/')
          |                ^
      121 |     // Find toggle button (aria-label contains "dark" or "light")
      122 |     const toggle = page.getByRole('button', { name: /switch to dark|switch to light|toggle theme/i }).first()
      123 |     // If not found by aria-label, fall back to Sun/Moon icon button
        at C:\Users\amitc\CareerSetu\tests\e2e\regression.spec.ts:120:16

    attachment #1: screenshot (image/png) ΓöÇΓöÇΓöÇΓöÇΓöÇΓöÇΓöÇΓöÇΓöÇΓöÇΓöÇΓöÇΓöÇΓöÇΓöÇΓöÇΓöÇΓöÇΓöÇΓöÇΓöÇΓöÇΓöÇΓöÇΓöÇΓöÇΓöÇΓöÇΓöÇΓöÇΓöÇΓöÇΓöÇΓöÇΓöÇΓöÇΓöÇΓöÇΓöÇΓöÇΓöÇΓöÇΓöÇΓöÇΓöÇΓöÇΓöÇΓöÇΓöÇΓöÇΓöÇΓöÇΓöÇΓöÇΓöÇΓöÇΓöÇΓöÇ
    test-results\regression-Theme-toggle-da-2d58a-ass-toggled-on-html-element-Chromium-built-in--retry1\test-failed-1.png
    ΓöÇΓöÇΓöÇΓöÇΓöÇΓöÇΓöÇΓöÇΓöÇΓöÇΓöÇΓöÇΓöÇΓöÇΓöÇΓöÇΓöÇΓöÇΓöÇΓöÇΓöÇΓöÇΓöÇΓöÇΓöÇΓöÇΓöÇΓöÇΓöÇΓöÇΓöÇΓöÇΓöÇΓöÇΓöÇΓöÇΓöÇΓöÇΓöÇΓöÇΓöÇΓöÇΓöÇΓöÇΓöÇΓöÇΓöÇΓöÇΓöÇΓöÇΓöÇΓöÇΓöÇΓöÇΓöÇΓöÇΓöÇΓöÇΓöÇΓöÇΓöÇΓöÇΓöÇΓöÇΓöÇΓöÇΓöÇΓöÇΓöÇΓöÇΓöÇΓöÇΓöÇΓöÇΓöÇΓöÇΓöÇΓöÇΓöÇΓöÇΓöÇΓöÇΓöÇΓöÇΓöÇΓöÇΓöÇΓöÇΓöÇΓöÇΓöÇΓöÇΓöÇΓöÇΓöÇΓöÇ

    Error Context: test-results\regression-Theme-toggle-da-2d58a-ass-toggled-on-html-element-Chromium-built-in--retry1\error-context.md

  19) [Chromium (built-in)] ΓÇ║ tests\e2e\regression.spec.ts:147:7 ΓÇ║ Navbar ΓÇ║ mobile menu opens and closes 

    Error: page.goto: net::ERR_NAME_NOT_RESOLVED at https://thecareersetu.in/
    Call log:
      - navigating to "https://thecareersetu.in/", waiting until "load"


      147 |   test('mobile menu opens and closes', async ({ page }) => {
      148 |     await page.setViewportSize({ width: 375, height: 812 })
    > 149 |     await page.goto('/')
          |                ^
      150 |     const menuBtn = page.getByRole('button', { name: /toggle menu|menu/i })
      151 |     await menuBtn.click()
      152 |     // Sheet/menu content should appear
        at C:\Users\amitc\CareerSetu\tests\e2e\regression.spec.ts:149:16

    attachment #1: screenshot (image/png) ΓöÇΓöÇΓöÇΓöÇΓöÇΓöÇΓöÇΓöÇΓöÇΓöÇΓöÇΓöÇΓöÇΓöÇΓöÇΓöÇΓöÇΓöÇΓöÇΓöÇΓöÇΓöÇΓöÇΓöÇΓöÇΓöÇΓöÇΓöÇΓöÇΓöÇΓöÇΓöÇΓöÇΓöÇΓöÇΓöÇΓöÇΓöÇΓöÇΓöÇΓöÇΓöÇΓöÇΓöÇΓöÇΓöÇΓöÇΓöÇΓöÇΓöÇΓöÇΓöÇΓöÇΓöÇΓöÇΓöÇΓöÇΓöÇ
    test-results\regression-Navbar-mobile-menu-opens-and-closes-Chromium-built-in-\test-failed-1.png
    ΓöÇΓöÇΓöÇΓöÇΓöÇΓöÇΓöÇΓöÇΓöÇΓöÇΓöÇΓöÇΓöÇΓöÇΓöÇΓöÇΓöÇΓöÇΓöÇΓöÇΓöÇΓöÇΓöÇΓöÇΓöÇΓöÇΓöÇΓöÇΓöÇΓöÇΓöÇΓöÇΓöÇΓöÇΓöÇΓöÇΓöÇΓöÇΓöÇΓöÇΓöÇΓöÇΓöÇΓöÇΓöÇΓöÇΓöÇΓöÇΓöÇΓöÇΓöÇΓöÇΓöÇΓöÇΓöÇΓöÇΓöÇΓöÇΓöÇΓöÇΓöÇΓöÇΓöÇΓöÇΓöÇΓöÇΓöÇΓöÇΓöÇΓöÇΓöÇΓöÇΓöÇΓöÇΓöÇΓöÇΓöÇΓöÇΓöÇΓöÇΓöÇΓöÇΓöÇΓöÇΓöÇΓöÇΓöÇΓöÇΓöÇΓöÇΓöÇΓöÇΓöÇΓöÇΓöÇΓöÇ

    Error Context: test-results\regression-Navbar-mobile-menu-opens-and-closes-Chromium-built-in-\error-context.md

    Retry #1 ΓöÇΓöÇΓöÇΓöÇΓöÇΓöÇΓöÇΓöÇΓöÇΓöÇΓöÇΓöÇΓöÇΓöÇΓöÇΓöÇΓöÇΓöÇΓöÇΓöÇΓöÇΓöÇΓöÇΓöÇΓöÇΓöÇΓöÇΓöÇΓöÇΓöÇΓöÇΓöÇΓöÇΓöÇΓöÇΓöÇΓöÇΓöÇΓöÇΓöÇΓöÇΓöÇΓöÇΓöÇΓöÇΓöÇΓöÇΓöÇΓöÇΓöÇΓöÇΓöÇΓöÇΓöÇΓöÇΓöÇΓöÇΓöÇΓöÇΓöÇΓöÇΓöÇΓöÇΓöÇΓöÇΓöÇΓöÇΓöÇΓöÇΓöÇΓöÇΓöÇΓöÇΓöÇΓöÇΓöÇΓöÇΓöÇΓöÇΓöÇΓöÇΓöÇΓöÇΓöÇΓöÇΓöÇΓöÇ

    Error: page.goto: net::ERR_NAME_NOT_RESOLVED at https://thecareersetu.in/
    Call log:
      - navigating to "https://thecareersetu.in/", waiting until "load"


      147 |   test('mobile menu opens and closes', async ({ page }) => {
      148 |     await page.setViewportSize({ width: 375, height: 812 })
    > 149 |     await page.goto('/')
          |                ^
      150 |     const menuBtn = page.getByRole('button', { name: /toggle menu|menu/i })
      151 |     await menuBtn.click()
      152 |     // Sheet/menu content should appear
        at C:\Users\amitc\CareerSetu\tests\e2e\regression.spec.ts:149:16

    attachment #1: screenshot (image/png) ΓöÇΓöÇΓöÇΓöÇΓöÇΓöÇΓöÇΓöÇΓöÇΓöÇΓöÇΓöÇΓöÇΓöÇΓöÇΓöÇΓöÇΓöÇΓöÇΓöÇΓöÇΓöÇΓöÇΓöÇΓöÇΓöÇΓöÇΓöÇΓöÇΓöÇΓöÇΓöÇΓöÇΓöÇΓöÇΓöÇΓöÇΓöÇΓöÇΓöÇΓöÇΓöÇΓöÇΓöÇΓöÇΓöÇΓöÇΓöÇΓöÇΓöÇΓöÇΓöÇΓöÇΓöÇΓöÇΓöÇΓöÇΓöÇ
    test-results\regression-Navbar-mobile-menu-opens-and-closes-Chromium-built-in--retry1\test-failed-1.png
    ΓöÇΓöÇΓöÇΓöÇΓöÇΓöÇΓöÇΓöÇΓöÇΓöÇΓöÇΓöÇΓöÇΓöÇΓöÇΓöÇΓöÇΓöÇΓöÇΓöÇΓöÇΓöÇΓöÇΓöÇΓöÇΓöÇΓöÇΓöÇΓöÇΓöÇΓöÇΓöÇΓöÇΓöÇΓöÇΓöÇΓöÇΓöÇΓöÇΓöÇΓöÇΓöÇΓöÇΓöÇΓöÇΓöÇΓöÇΓöÇΓöÇΓöÇΓöÇΓöÇΓöÇΓöÇΓöÇΓöÇΓöÇΓöÇΓöÇΓöÇΓöÇΓöÇΓöÇΓöÇΓöÇΓöÇΓöÇΓöÇΓöÇΓöÇΓöÇΓöÇΓöÇΓöÇΓöÇΓöÇΓöÇΓöÇΓöÇΓöÇΓöÇΓöÇΓöÇΓöÇΓöÇΓöÇΓöÇΓöÇΓöÇΓöÇΓöÇΓöÇΓöÇΓöÇΓöÇΓöÇ

    Error Context: test-results\regression-Navbar-mobile-menu-opens-and-closes-Chromium-built-in--retry1\error-context.md

  20) [Chromium (built-in)] ΓÇ║ tests\e2e\regression.spec.ts:156:7 ΓÇ║ Navbar ΓÇ║ footer renders on landing 

    Error: page.goto: net::ERR_NAME_NOT_RESOLVED at https://thecareersetu.in/
    Call log:
      - navigating to "https://thecareersetu.in/", waiting until "load"


      155 |
      156 |   test('footer renders on landing', async ({ page }) => {
    > 157 |     await page.goto('/')
          |                ^
      158 |     const footer = page.locator('footer')
      159 |     await expect(footer).toBeVisible()
      160 |   })
        at C:\Users\amitc\CareerSetu\tests\e2e\regression.spec.ts:157:16

    attachment #1: screenshot (image/png) ΓöÇΓöÇΓöÇΓöÇΓöÇΓöÇΓöÇΓöÇΓöÇΓöÇΓöÇΓöÇΓöÇΓöÇΓöÇΓöÇΓöÇΓöÇΓöÇΓöÇΓöÇΓöÇΓöÇΓöÇΓöÇΓöÇΓöÇΓöÇΓöÇΓöÇΓöÇΓöÇΓöÇΓöÇΓöÇΓöÇΓöÇΓöÇΓöÇΓöÇΓöÇΓöÇΓöÇΓöÇΓöÇΓöÇΓöÇΓöÇΓöÇΓöÇΓöÇΓöÇΓöÇΓöÇΓöÇΓöÇΓöÇΓöÇ
    test-results\regression-Navbar-footer-renders-on-landing-Chromium-built-in-\test-failed-1.png
    ΓöÇΓöÇΓöÇΓöÇΓöÇΓöÇΓöÇΓöÇΓöÇΓöÇΓöÇΓöÇΓöÇΓöÇΓöÇΓöÇΓöÇΓöÇΓöÇΓöÇΓöÇΓöÇΓöÇΓöÇΓöÇΓöÇΓöÇΓöÇΓöÇΓöÇΓöÇΓöÇΓöÇΓöÇΓöÇΓöÇΓöÇΓöÇΓöÇΓöÇΓöÇΓöÇΓöÇΓöÇΓöÇΓöÇΓöÇΓöÇΓöÇΓöÇΓöÇΓöÇΓöÇΓöÇΓöÇΓöÇΓöÇΓöÇΓöÇΓöÇΓöÇΓöÇΓöÇΓöÇΓöÇΓöÇΓöÇΓöÇΓöÇΓöÇΓöÇΓöÇΓöÇΓöÇΓöÇΓöÇΓöÇΓöÇΓöÇΓöÇΓöÇΓöÇΓöÇΓöÇΓöÇΓöÇΓöÇΓöÇΓöÇΓöÇΓöÇΓöÇΓöÇΓöÇΓöÇΓöÇ

    Error Context: test-results\regression-Navbar-footer-renders-on-landing-Chromium-built-in-\error-context.md

    Retry #1 ΓöÇΓöÇΓöÇΓöÇΓöÇΓöÇΓöÇΓöÇΓöÇΓöÇΓöÇΓöÇΓöÇΓöÇΓöÇΓöÇΓöÇΓöÇΓöÇΓöÇΓöÇΓöÇΓöÇΓöÇΓöÇΓöÇΓöÇΓöÇΓöÇΓöÇΓöÇΓöÇΓöÇΓöÇΓöÇΓöÇΓöÇΓöÇΓöÇΓöÇΓöÇΓöÇΓöÇΓöÇΓöÇΓöÇΓöÇΓöÇΓöÇΓöÇΓöÇΓöÇΓöÇΓöÇΓöÇΓöÇΓöÇΓöÇΓöÇΓöÇΓöÇΓöÇΓöÇΓöÇΓöÇΓöÇΓöÇΓöÇΓöÇΓöÇΓöÇΓöÇΓöÇΓöÇΓöÇΓöÇΓöÇΓöÇΓöÇΓöÇΓöÇΓöÇΓöÇΓöÇΓöÇΓöÇΓöÇ

    Error: page.goto: net::ERR_NAME_NOT_RESOLVED at https://thecareersetu.in/
    Call log:
      - navigating to "https://thecareersetu.in/", waiting until "load"


      155 |
      156 |   test('footer renders on landing', async ({ page }) => {
    > 157 |     await page.goto('/')
          |                ^
      158 |     const footer = page.locator('footer')
      159 |     await expect(footer).toBeVisible()
      160 |   })
        at C:\Users\amitc\CareerSetu\tests\e2e\regression.spec.ts:157:16

    attachment #1: screenshot (image/png) ΓöÇΓöÇΓöÇΓöÇΓöÇΓöÇΓöÇΓöÇΓöÇΓöÇΓöÇΓöÇΓöÇΓöÇΓöÇΓöÇΓöÇΓöÇΓöÇΓöÇΓöÇΓöÇΓöÇΓöÇΓöÇΓöÇΓöÇΓöÇΓöÇΓöÇΓöÇΓöÇΓöÇΓöÇΓöÇΓöÇΓöÇΓöÇΓöÇΓöÇΓöÇΓöÇΓöÇΓöÇΓöÇΓöÇΓöÇΓöÇΓöÇΓöÇΓöÇΓöÇΓöÇΓöÇΓöÇΓöÇΓöÇΓöÇ
    test-results\regression-Navbar-footer-renders-on-landing-Chromium-built-in--retry1\test-failed-1.png
    ΓöÇΓöÇΓöÇΓöÇΓöÇΓöÇΓöÇΓöÇΓöÇΓöÇΓöÇΓöÇΓöÇΓöÇΓöÇΓöÇΓöÇΓöÇΓöÇΓöÇΓöÇΓöÇΓöÇΓöÇΓöÇΓöÇΓöÇΓöÇΓöÇΓöÇΓöÇΓöÇΓöÇΓöÇΓöÇΓöÇΓöÇΓöÇΓöÇΓöÇΓöÇΓöÇΓöÇΓöÇΓöÇΓöÇΓöÇΓöÇΓöÇΓöÇΓöÇΓöÇΓöÇΓöÇΓöÇΓöÇΓöÇΓöÇΓöÇΓöÇΓöÇΓöÇΓöÇΓöÇΓöÇΓöÇΓöÇΓöÇΓöÇΓöÇΓöÇΓöÇΓöÇΓöÇΓöÇΓöÇΓöÇΓöÇΓöÇΓöÇΓöÇΓöÇΓöÇΓöÇΓöÇΓöÇΓöÇΓöÇΓöÇΓöÇΓöÇΓöÇΓöÇΓöÇΓöÇΓöÇ

    Error Context: test-results\regression-Navbar-footer-renders-on-landing-Chromium-built-in--retry1\error-context.md

  21) [Chromium (built-in)] ΓÇ║ tests\e2e\regression.spec.ts:166:7 ΓÇ║ Try page (no-signup demo) ΓÇ║ loads without redirect 

    Error: page.goto: net::ERR_NAME_NOT_RESOLVED at https://thecareersetu.in/try
    Call log:
      - navigating to "https://thecareersetu.in/try", waiting until "load"


      165 | test.describe('Try page (no-signup demo)', () => {
      166 |   test('loads without redirect', async ({ page }) => {
    > 167 |     await page.goto('/try')
          |                ^
      168 |     // Should NOT redirect to login
      169 |     await expect(page).not.toHaveURL(/\/login/)
      170 |     await expect(page.locator('body')).toBeVisible()
        at C:\Users\amitc\CareerSetu\tests\e2e\regression.spec.ts:167:16

    attachment #1: screenshot (image/png) ΓöÇΓöÇΓöÇΓöÇΓöÇΓöÇΓöÇΓöÇΓöÇΓöÇΓöÇΓöÇΓöÇΓöÇΓöÇΓöÇΓöÇΓöÇΓöÇΓöÇΓöÇΓöÇΓöÇΓöÇΓöÇΓöÇΓöÇΓöÇΓöÇΓöÇΓöÇΓöÇΓöÇΓöÇΓöÇΓöÇΓöÇΓöÇΓöÇΓöÇΓöÇΓöÇΓöÇΓöÇΓöÇΓöÇΓöÇΓöÇΓöÇΓöÇΓöÇΓöÇΓöÇΓöÇΓöÇΓöÇΓöÇΓöÇ
    test-results\regression-Try-page-no-signup-demo-loads-without-redirect-Chromium-built-in-\test-failed-1.png
    ΓöÇΓöÇΓöÇΓöÇΓöÇΓöÇΓöÇΓöÇΓöÇΓöÇΓöÇΓöÇΓöÇΓöÇΓöÇΓöÇΓöÇΓöÇΓöÇΓöÇΓöÇΓöÇΓöÇΓöÇΓöÇΓöÇΓöÇΓöÇΓöÇΓöÇΓöÇΓöÇΓöÇΓöÇΓöÇΓöÇΓöÇΓöÇΓöÇΓöÇΓöÇΓöÇΓöÇΓöÇΓöÇΓöÇΓöÇΓöÇΓöÇΓöÇΓöÇΓöÇΓöÇΓöÇΓöÇΓöÇΓöÇΓöÇΓöÇΓöÇΓöÇΓöÇΓöÇΓöÇΓöÇΓöÇΓöÇΓöÇΓöÇΓöÇΓöÇΓöÇΓöÇΓöÇΓöÇΓöÇΓöÇΓöÇΓöÇΓöÇΓöÇΓöÇΓöÇΓöÇΓöÇΓöÇΓöÇΓöÇΓöÇΓöÇΓöÇΓöÇΓöÇΓöÇΓöÇΓöÇ

    Error Context: test-results\regression-Try-page-no-signup-demo-loads-without-redirect-Chromium-built-in-\error-context.md

    Retry #1 ΓöÇΓöÇΓöÇΓöÇΓöÇΓöÇΓöÇΓöÇΓöÇΓöÇΓöÇΓöÇΓöÇΓöÇΓöÇΓöÇΓöÇΓöÇΓöÇΓöÇΓöÇΓöÇΓöÇΓöÇΓöÇΓöÇΓöÇΓöÇΓöÇΓöÇΓöÇΓöÇΓöÇΓöÇΓöÇΓöÇΓöÇΓöÇΓöÇΓöÇΓöÇΓöÇΓöÇΓöÇΓöÇΓöÇΓöÇΓöÇΓöÇΓöÇΓöÇΓöÇΓöÇΓöÇΓöÇΓöÇΓöÇΓöÇΓöÇΓöÇΓöÇΓöÇΓöÇΓöÇΓöÇΓöÇΓöÇΓöÇΓöÇΓöÇΓöÇΓöÇΓöÇΓöÇΓöÇΓöÇΓöÇΓöÇΓöÇΓöÇΓöÇΓöÇΓöÇΓöÇΓöÇΓöÇΓöÇ

    Error: page.goto: net::ERR_NAME_NOT_RESOLVED at https://thecareersetu.in/try
    Call log:
      - navigating to "https://thecareersetu.in/try", waiting until "load"


      165 | test.describe('Try page (no-signup demo)', () => {
      166 |   test('loads without redirect', async ({ page }) => {
    > 167 |     await page.goto('/try')
          |                ^
      168 |     // Should NOT redirect to login
      169 |     await expect(page).not.toHaveURL(/\/login/)
      170 |     await expect(page.locator('body')).toBeVisible()
        at C:\Users\amitc\CareerSetu\tests\e2e\regression.spec.ts:167:16

    attachment #1: screenshot (image/png) ΓöÇΓöÇΓöÇΓöÇΓöÇΓöÇΓöÇΓöÇΓöÇΓöÇΓöÇΓöÇΓöÇΓöÇΓöÇΓöÇΓöÇΓöÇΓöÇΓöÇΓöÇΓöÇΓöÇΓöÇΓöÇΓöÇΓöÇΓöÇΓöÇΓöÇΓöÇΓöÇΓöÇΓöÇΓöÇΓöÇΓöÇΓöÇΓöÇΓöÇΓöÇΓöÇΓöÇΓöÇΓöÇΓöÇΓöÇΓöÇΓöÇΓöÇΓöÇΓöÇΓöÇΓöÇΓöÇΓöÇΓöÇΓöÇ
    test-results\regression-Try-page-no-signup-demo-loads-without-redirect-Chromium-built-in--retry1\test-failed-1.png
    ΓöÇΓöÇΓöÇΓöÇΓöÇΓöÇΓöÇΓöÇΓöÇΓöÇΓöÇΓöÇΓöÇΓöÇΓöÇΓöÇΓöÇΓöÇΓöÇΓöÇΓöÇΓöÇΓöÇΓöÇΓöÇΓöÇΓöÇΓöÇΓöÇΓöÇΓöÇΓöÇΓöÇΓöÇΓöÇΓöÇΓöÇΓöÇΓöÇΓöÇΓöÇΓöÇΓöÇΓöÇΓöÇΓöÇΓöÇΓöÇΓöÇΓöÇΓöÇΓöÇΓöÇΓöÇΓöÇΓöÇΓöÇΓöÇΓöÇΓöÇΓöÇΓöÇΓöÇΓöÇΓöÇΓöÇΓöÇΓöÇΓöÇΓöÇΓöÇΓöÇΓöÇΓöÇΓöÇΓöÇΓöÇΓöÇΓöÇΓöÇΓöÇΓöÇΓöÇΓöÇΓöÇΓöÇΓöÇΓöÇΓöÇΓöÇΓöÇΓöÇΓöÇΓöÇΓöÇΓöÇ

    Error Context: test-results\regression-Try-page-no-signup-demo-loads-without-redirect-Chromium-built-in--retry1\error-context.md

  22) [Chromium (built-in)] ΓÇ║ tests\e2e\regression.spec.ts:179:9 ΓÇ║ Responsive ΓÇô 375px ΓÇ║ / no horizontal overflow at 375px 

    Error: page.goto: net::ERR_NAME_NOT_RESOLVED at https://thecareersetu.in/
    Call log:
      - navigating to "https://thecareersetu.in/", waiting until "load"


      179 |     test(`${p} no horizontal overflow at 375px`, async ({ page }) => {
      180 |       await page.setViewportSize({ width: 375, height: 812 })
    > 181 |       await page.goto(p)
          |                  ^
      182 |       const bodyWidth = await page.evaluate(() => document.body.scrollWidth)
      183 |       expect(bodyWidth).toBeLessThanOrEqual(390) // allow a tiny margin
      184 |     })
        at C:\Users\amitc\CareerSetu\tests\e2e\regression.spec.ts:181:18

    attachment #1: screenshot (image/png) ΓöÇΓöÇΓöÇΓöÇΓöÇΓöÇΓöÇΓöÇΓöÇΓöÇΓöÇΓöÇΓöÇΓöÇΓöÇΓöÇΓöÇΓöÇΓöÇΓöÇΓöÇΓöÇΓöÇΓöÇΓöÇΓöÇΓöÇΓöÇΓöÇΓöÇΓöÇΓöÇΓöÇΓöÇΓöÇΓöÇΓöÇΓöÇΓöÇΓöÇΓöÇΓöÇΓöÇΓöÇΓöÇΓöÇΓöÇΓöÇΓöÇΓöÇΓöÇΓöÇΓöÇΓöÇΓöÇΓöÇΓöÇΓöÇ
    test-results\regression-Responsive-ΓÇô-37-95fae-orizontal-overflow-at-375px-Chromium-built-in-\test-failed-1.png
    ΓöÇΓöÇΓöÇΓöÇΓöÇΓöÇΓöÇΓöÇΓöÇΓöÇΓöÇΓöÇΓöÇΓöÇΓöÇΓöÇΓöÇΓöÇΓöÇΓöÇΓöÇΓöÇΓöÇΓöÇΓöÇΓöÇΓöÇΓöÇΓöÇΓöÇΓöÇΓöÇΓöÇΓöÇΓöÇΓöÇΓöÇΓöÇΓöÇΓöÇΓöÇΓöÇΓöÇΓöÇΓöÇΓöÇΓöÇΓöÇΓöÇΓöÇΓöÇΓöÇΓöÇΓöÇΓöÇΓöÇΓöÇΓöÇΓöÇΓöÇΓöÇΓöÇΓöÇΓöÇΓöÇΓöÇΓöÇΓöÇΓöÇΓöÇΓöÇΓöÇΓöÇΓöÇΓöÇΓöÇΓöÇΓöÇΓöÇΓöÇΓöÇΓöÇΓöÇΓöÇΓöÇΓöÇΓöÇΓöÇΓöÇΓöÇΓöÇΓöÇΓöÇΓöÇΓöÇΓöÇ

    Error Context: test-results\regression-Responsive-ΓÇô-37-95fae-orizontal-overflow-at-375px-Chromium-built-in-\error-context.md

    Retry #1 ΓöÇΓöÇΓöÇΓöÇΓöÇΓöÇΓöÇΓöÇΓöÇΓöÇΓöÇΓöÇΓöÇΓöÇΓöÇΓöÇΓöÇΓöÇΓöÇΓöÇΓöÇΓöÇΓöÇΓöÇΓöÇΓöÇΓöÇΓöÇΓöÇΓöÇΓöÇΓöÇΓöÇΓöÇΓöÇΓöÇΓöÇΓöÇΓöÇΓöÇΓöÇΓöÇΓöÇΓöÇΓöÇΓöÇΓöÇΓöÇΓöÇΓöÇΓöÇΓöÇΓöÇΓöÇΓöÇΓöÇΓöÇΓöÇΓöÇΓöÇΓöÇΓöÇΓöÇΓöÇΓöÇΓöÇΓöÇΓöÇΓöÇΓöÇΓöÇΓöÇΓöÇΓöÇΓöÇΓöÇΓöÇΓöÇΓöÇΓöÇΓöÇΓöÇΓöÇΓöÇΓöÇΓöÇΓöÇ

    Error: page.goto: net::ERR_NAME_NOT_RESOLVED at https://thecareersetu.in/
    Call log:
      - navigating to "https://thecareersetu.in/", waiting until "load"


      179 |     test(`${p} no horizontal overflow at 375px`, async ({ page }) => {
      180 |       await page.setViewportSize({ width: 375, height: 812 })
    > 181 |       await page.goto(p)
          |                  ^
      182 |       const bodyWidth = await page.evaluate(() => document.body.scrollWidth)
      183 |       expect(bodyWidth).toBeLessThanOrEqual(390) // allow a tiny margin
      184 |     })
        at C:\Users\amitc\CareerSetu\tests\e2e\regression.spec.ts:181:18

    attachment #1: screenshot (image/png) ΓöÇΓöÇΓöÇΓöÇΓöÇΓöÇΓöÇΓöÇΓöÇΓöÇΓöÇΓöÇΓöÇΓöÇΓöÇΓöÇΓöÇΓöÇΓöÇΓöÇΓöÇΓöÇΓöÇΓöÇΓöÇΓöÇΓöÇΓöÇΓöÇΓöÇΓöÇΓöÇΓöÇΓöÇΓöÇΓöÇΓöÇΓöÇΓöÇΓöÇΓöÇΓöÇΓöÇΓöÇΓöÇΓöÇΓöÇΓöÇΓöÇΓöÇΓöÇΓöÇΓöÇΓöÇΓöÇΓöÇΓöÇΓöÇ
    test-results\regression-Responsive-ΓÇô-37-95fae-orizontal-overflow-at-375px-Chromium-built-in--retry1\test-failed-1.png
    ΓöÇΓöÇΓöÇΓöÇΓöÇΓöÇΓöÇΓöÇΓöÇΓöÇΓöÇΓöÇΓöÇΓöÇΓöÇΓöÇΓöÇΓöÇΓöÇΓöÇΓöÇΓöÇΓöÇΓöÇΓöÇΓöÇΓöÇΓöÇΓöÇΓöÇΓöÇΓöÇΓöÇΓöÇΓöÇΓöÇΓöÇΓöÇΓöÇΓöÇΓöÇΓöÇΓöÇΓöÇΓöÇΓöÇΓöÇΓöÇΓöÇΓöÇΓöÇΓöÇΓöÇΓöÇΓöÇΓöÇΓöÇΓöÇΓöÇΓöÇΓöÇΓöÇΓöÇΓöÇΓöÇΓöÇΓöÇΓöÇΓöÇΓöÇΓöÇΓöÇΓöÇΓöÇΓöÇΓöÇΓöÇΓöÇΓöÇΓöÇΓöÇΓöÇΓöÇΓöÇΓöÇΓöÇΓöÇΓöÇΓöÇΓöÇΓöÇΓöÇΓöÇΓöÇΓöÇΓöÇ

    Error Context: test-results\regression-Responsive-ΓÇô-37-95fae-orizontal-overflow-at-375px-Chromium-built-in--retry1\error-context.md

  23) [Chromium (built-in)] ΓÇ║ tests\e2e\regression.spec.ts:179:9 ΓÇ║ Responsive ΓÇô 375px ΓÇ║ /pricing no horizontal overflow at 375px 

    Error: page.goto: net::ERR_NAME_NOT_RESOLVED at https://thecareersetu.in/pricing
    Call log:
      - navigating to "https://thecareersetu.in/pricing", waiting until "load"


      179 |     test(`${p} no horizontal overflow at 375px`, async ({ page }) => {
      180 |       await page.setViewportSize({ width: 375, height: 812 })
    > 181 |       await page.goto(p)
          |                  ^
      182 |       const bodyWidth = await page.evaluate(() => document.body.scrollWidth)
      183 |       expect(bodyWidth).toBeLessThanOrEqual(390) // allow a tiny margin
      184 |     })
        at C:\Users\amitc\CareerSetu\tests\e2e\regression.spec.ts:181:18

    attachment #1: screenshot (image/png) ΓöÇΓöÇΓöÇΓöÇΓöÇΓöÇΓöÇΓöÇΓöÇΓöÇΓöÇΓöÇΓöÇΓöÇΓöÇΓöÇΓöÇΓöÇΓöÇΓöÇΓöÇΓöÇΓöÇΓöÇΓöÇΓöÇΓöÇΓöÇΓöÇΓöÇΓöÇΓöÇΓöÇΓöÇΓöÇΓöÇΓöÇΓöÇΓöÇΓöÇΓöÇΓöÇΓöÇΓöÇΓöÇΓöÇΓöÇΓöÇΓöÇΓöÇΓöÇΓöÇΓöÇΓöÇΓöÇΓöÇΓöÇΓöÇ
    test-results\regression-Responsive-ΓÇô-37-42b8c-orizontal-overflow-at-375px-Chromium-built-in-\test-failed-1.png
    ΓöÇΓöÇΓöÇΓöÇΓöÇΓöÇΓöÇΓöÇΓöÇΓöÇΓöÇΓöÇΓöÇΓöÇΓöÇΓöÇΓöÇΓöÇΓöÇΓöÇΓöÇΓöÇΓöÇΓöÇΓöÇΓöÇΓöÇΓöÇΓöÇΓöÇΓöÇΓöÇΓöÇΓöÇΓöÇΓöÇΓöÇΓöÇΓöÇΓöÇΓöÇΓöÇΓöÇΓöÇΓöÇΓöÇΓöÇΓöÇΓöÇΓöÇΓöÇΓöÇΓöÇΓöÇΓöÇΓöÇΓöÇΓöÇΓöÇΓöÇΓöÇΓöÇΓöÇΓöÇΓöÇΓöÇΓöÇΓöÇΓöÇΓöÇΓöÇΓöÇΓöÇΓöÇΓöÇΓöÇΓöÇΓöÇΓöÇΓöÇΓöÇΓöÇΓöÇΓöÇΓöÇΓöÇΓöÇΓöÇΓöÇΓöÇΓöÇΓöÇΓöÇΓöÇΓöÇΓöÇ

    Error Context: test-results\regression-Responsive-ΓÇô-37-42b8c-orizontal-overflow-at-375px-Chromium-built-in-\error-context.md

    Retry #1 ΓöÇΓöÇΓöÇΓöÇΓöÇΓöÇΓöÇΓöÇΓöÇΓöÇΓöÇΓöÇΓöÇΓöÇΓöÇΓöÇΓöÇΓöÇΓöÇΓöÇΓöÇΓöÇΓöÇΓöÇΓöÇΓöÇΓöÇΓöÇΓöÇΓöÇΓöÇΓöÇΓöÇΓöÇΓöÇΓöÇΓöÇΓöÇΓöÇΓöÇΓöÇΓöÇΓöÇΓöÇΓöÇΓöÇΓöÇΓöÇΓöÇΓöÇΓöÇΓöÇΓöÇΓöÇΓöÇΓöÇΓöÇΓöÇΓöÇΓöÇΓöÇΓöÇΓöÇΓöÇΓöÇΓöÇΓöÇΓöÇΓöÇΓöÇΓöÇΓöÇΓöÇΓöÇΓöÇΓöÇΓöÇΓöÇΓöÇΓöÇΓöÇΓöÇΓöÇΓöÇΓöÇΓöÇΓöÇ

    Error: page.goto: net::ERR_NAME_NOT_RESOLVED at https://thecareersetu.in/pricing
    Call log:
      - navigating to "https://thecareersetu.in/pricing", waiting until "load"


      179 |     test(`${p} no horizontal overflow at 375px`, async ({ page }) => {
      180 |       await page.setViewportSize({ width: 375, height: 812 })
    > 181 |       await page.goto(p)
          |                  ^
      182 |       const bodyWidth = await page.evaluate(() => document.body.scrollWidth)
      183 |       expect(bodyWidth).toBeLessThanOrEqual(390) // allow a tiny margin
      184 |     })
        at C:\Users\amitc\CareerSetu\tests\e2e\regression.spec.ts:181:18

    attachment #1: screenshot (image/png) ΓöÇΓöÇΓöÇΓöÇΓöÇΓöÇΓöÇΓöÇΓöÇΓöÇΓöÇΓöÇΓöÇΓöÇΓöÇΓöÇΓöÇΓöÇΓöÇΓöÇΓöÇΓöÇΓöÇΓöÇΓöÇΓöÇΓöÇΓöÇΓöÇΓöÇΓöÇΓöÇΓöÇΓöÇΓöÇΓöÇΓöÇΓöÇΓöÇΓöÇΓöÇΓöÇΓöÇΓöÇΓöÇΓöÇΓöÇΓöÇΓöÇΓöÇΓöÇΓöÇΓöÇΓöÇΓöÇΓöÇΓöÇΓöÇ
    test-results\regression-Responsive-ΓÇô-37-42b8c-orizontal-overflow-at-375px-Chromium-built-in--retry1\test-failed-1.png
    ΓöÇΓöÇΓöÇΓöÇΓöÇΓöÇΓöÇΓöÇΓöÇΓöÇΓöÇΓöÇΓöÇΓöÇΓöÇΓöÇΓöÇΓöÇΓöÇΓöÇΓöÇΓöÇΓöÇΓöÇΓöÇΓöÇΓöÇΓöÇΓöÇΓöÇΓöÇΓöÇΓöÇΓöÇΓöÇΓöÇΓöÇΓöÇΓöÇΓöÇΓöÇΓöÇΓöÇΓöÇΓöÇΓöÇΓöÇΓöÇΓöÇΓöÇΓöÇΓöÇΓöÇΓöÇΓöÇΓöÇΓöÇΓöÇΓöÇΓöÇΓöÇΓöÇΓöÇΓöÇΓöÇΓöÇΓöÇΓöÇΓöÇΓöÇΓöÇΓöÇΓöÇΓöÇΓöÇΓöÇΓöÇΓöÇΓöÇΓöÇΓöÇΓöÇΓöÇΓöÇΓöÇΓöÇΓöÇΓöÇΓöÇΓöÇΓöÇΓöÇΓöÇΓöÇΓöÇΓöÇ

    Error Context: test-results\regression-Responsive-ΓÇô-37-42b8c-orizontal-overflow-at-375px-Chromium-built-in--retry1\error-context.md

  24) [Chromium (built-in)] ΓÇ║ tests\e2e\regression.spec.ts:179:9 ΓÇ║ Responsive ΓÇô 375px ΓÇ║ /about no horizontal overflow at 375px 

    Error: page.goto: net::ERR_NAME_NOT_RESOLVED at https://thecareersetu.in/about
    Call log:
      - navigating to "https://thecareersetu.in/about", waiting until "load"


      179 |     test(`${p} no horizontal overflow at 375px`, async ({ page }) => {
      180 |       await page.setViewportSize({ width: 375, height: 812 })
    > 181 |       await page.goto(p)
          |                  ^
      182 |       const bodyWidth = await page.evaluate(() => document.body.scrollWidth)
      183 |       expect(bodyWidth).toBeLessThanOrEqual(390) // allow a tiny margin
      184 |     })
        at C:\Users\amitc\CareerSetu\tests\e2e\regression.spec.ts:181:18

    attachment #1: screenshot (image/png) ΓöÇΓöÇΓöÇΓöÇΓöÇΓöÇΓöÇΓöÇΓöÇΓöÇΓöÇΓöÇΓöÇΓöÇΓöÇΓöÇΓöÇΓöÇΓöÇΓöÇΓöÇΓöÇΓöÇΓöÇΓöÇΓöÇΓöÇΓöÇΓöÇΓöÇΓöÇΓöÇΓöÇΓöÇΓöÇΓöÇΓöÇΓöÇΓöÇΓöÇΓöÇΓöÇΓöÇΓöÇΓöÇΓöÇΓöÇΓöÇΓöÇΓöÇΓöÇΓöÇΓöÇΓöÇΓöÇΓöÇΓöÇΓöÇ
    test-results\regression-Responsive-ΓÇô-37-f7b56-orizontal-overflow-at-375px-Chromium-built-in-\test-failed-1.png
    ΓöÇΓöÇΓöÇΓöÇΓöÇΓöÇΓöÇΓöÇΓöÇΓöÇΓöÇΓöÇΓöÇΓöÇΓöÇΓöÇΓöÇΓöÇΓöÇΓöÇΓöÇΓöÇΓöÇΓöÇΓöÇΓöÇΓöÇΓöÇΓöÇΓöÇΓöÇΓöÇΓöÇΓöÇΓöÇΓöÇΓöÇΓöÇΓöÇΓöÇΓöÇΓöÇΓöÇΓöÇΓöÇΓöÇΓöÇΓöÇΓöÇΓöÇΓöÇΓöÇΓöÇΓöÇΓöÇΓöÇΓöÇΓöÇΓöÇΓöÇΓöÇΓöÇΓöÇΓöÇΓöÇΓöÇΓöÇΓöÇΓöÇΓöÇΓöÇΓöÇΓöÇΓöÇΓöÇΓöÇΓöÇΓöÇΓöÇΓöÇΓöÇΓöÇΓöÇΓöÇΓöÇΓöÇΓöÇΓöÇΓöÇΓöÇΓöÇΓöÇΓöÇΓöÇΓöÇΓöÇ

    Error Context: test-results\regression-Responsive-ΓÇô-37-f7b56-orizontal-overflow-at-375px-Chromium-built-in-\error-context.md

    Retry #1 ΓöÇΓöÇΓöÇΓöÇΓöÇΓöÇΓöÇΓöÇΓöÇΓöÇΓöÇΓöÇΓöÇΓöÇΓöÇΓöÇΓöÇΓöÇΓöÇΓöÇΓöÇΓöÇΓöÇΓöÇΓöÇΓöÇΓöÇΓöÇΓöÇΓöÇΓöÇΓöÇΓöÇΓöÇΓöÇΓöÇΓöÇΓöÇΓöÇΓöÇΓöÇΓöÇΓöÇΓöÇΓöÇΓöÇΓöÇΓöÇΓöÇΓöÇΓöÇΓöÇΓöÇΓöÇΓöÇΓöÇΓöÇΓöÇΓöÇΓöÇΓöÇΓöÇΓöÇΓöÇΓöÇΓöÇΓöÇΓöÇΓöÇΓöÇΓöÇΓöÇΓöÇΓöÇΓöÇΓöÇΓöÇΓöÇΓöÇΓöÇΓöÇΓöÇΓöÇΓöÇΓöÇΓöÇΓöÇ

    Error: page.goto: net::ERR_NAME_NOT_RESOLVED at https://thecareersetu.in/about
    Call log:
      - navigating to "https://thecareersetu.in/about", waiting until "load"


      179 |     test(`${p} no horizontal overflow at 375px`, async ({ page }) => {
      180 |       await page.setViewportSize({ width: 375, height: 812 })
    > 181 |       await page.goto(p)
          |                  ^
      182 |       const bodyWidth = await page.evaluate(() => document.body.scrollWidth)
      183 |       expect(bodyWidth).toBeLessThanOrEqual(390) // allow a tiny margin
      184 |     })
        at C:\Users\amitc\CareerSetu\tests\e2e\regression.spec.ts:181:18

    attachment #1: screenshot (image/png) ΓöÇΓöÇΓöÇΓöÇΓöÇΓöÇΓöÇΓöÇΓöÇΓöÇΓöÇΓöÇΓöÇΓöÇΓöÇΓöÇΓöÇΓöÇΓöÇΓöÇΓöÇΓöÇΓöÇΓöÇΓöÇΓöÇΓöÇΓöÇΓöÇΓöÇΓöÇΓöÇΓöÇΓöÇΓöÇΓöÇΓöÇΓöÇΓöÇΓöÇΓöÇΓöÇΓöÇΓöÇΓöÇΓöÇΓöÇΓöÇΓöÇΓöÇΓöÇΓöÇΓöÇΓöÇΓöÇΓöÇΓöÇΓöÇ
    test-results\regression-Responsive-ΓÇô-37-f7b56-orizontal-overflow-at-375px-Chromium-built-in--retry1\test-failed-1.png
    ΓöÇΓöÇΓöÇΓöÇΓöÇΓöÇΓöÇΓöÇΓöÇΓöÇΓöÇΓöÇΓöÇΓöÇΓöÇΓöÇΓöÇΓöÇΓöÇΓöÇΓöÇΓöÇΓöÇΓöÇΓöÇΓöÇΓöÇΓöÇΓöÇΓöÇΓöÇΓöÇΓöÇΓöÇΓöÇΓöÇΓöÇΓöÇΓöÇΓöÇΓöÇΓöÇΓöÇΓöÇΓöÇΓöÇΓöÇΓöÇΓöÇΓöÇΓöÇΓöÇΓöÇΓöÇΓöÇΓöÇΓöÇΓöÇΓöÇΓöÇΓöÇΓöÇΓöÇΓöÇΓöÇΓöÇΓöÇΓöÇΓöÇΓöÇΓöÇΓöÇΓöÇΓöÇΓöÇΓöÇΓöÇΓöÇΓöÇΓöÇΓöÇΓöÇΓöÇΓöÇΓöÇΓöÇΓöÇΓöÇΓöÇΓöÇΓöÇΓöÇΓöÇΓöÇΓöÇΓöÇ

    Error Context: test-results\regression-Responsive-ΓÇô-37-f7b56-orizontal-overflow-at-375px-Chromium-built-in--retry1\error-context.md

  25) [Chromium (built-in)] ΓÇ║ tests\e2e\regression.spec.ts:179:9 ΓÇ║ Responsive ΓÇô 375px ΓÇ║ /login no horizontal overflow at 375px 

    Error: page.goto: net::ERR_NAME_NOT_RESOLVED at https://thecareersetu.in/login
    Call log:
      - navigating to "https://thecareersetu.in/login", waiting until "load"


      179 |     test(`${p} no horizontal overflow at 375px`, async ({ page }) => {
      180 |       await page.setViewportSize({ width: 375, height: 812 })
    > 181 |       await page.goto(p)
          |                  ^
      182 |       const bodyWidth = await page.evaluate(() => document.body.scrollWidth)
      183 |       expect(bodyWidth).toBeLessThanOrEqual(390) // allow a tiny margin
      184 |     })
        at C:\Users\amitc\CareerSetu\tests\e2e\regression.spec.ts:181:18

    attachment #1: screenshot (image/png) ΓöÇΓöÇΓöÇΓöÇΓöÇΓöÇΓöÇΓöÇΓöÇΓöÇΓöÇΓöÇΓöÇΓöÇΓöÇΓöÇΓöÇΓöÇΓöÇΓöÇΓöÇΓöÇΓöÇΓöÇΓöÇΓöÇΓöÇΓöÇΓöÇΓöÇΓöÇΓöÇΓöÇΓöÇΓöÇΓöÇΓöÇΓöÇΓöÇΓöÇΓöÇΓöÇΓöÇΓöÇΓöÇΓöÇΓöÇΓöÇΓöÇΓöÇΓöÇΓöÇΓöÇΓöÇΓöÇΓöÇΓöÇΓöÇ
    test-results\regression-Responsive-ΓÇô-37-5a1f9-orizontal-overflow-at-375px-Chromium-built-in-\test-failed-1.png
    ΓöÇΓöÇΓöÇΓöÇΓöÇΓöÇΓöÇΓöÇΓöÇΓöÇΓöÇΓöÇΓöÇΓöÇΓöÇΓöÇΓöÇΓöÇΓöÇΓöÇΓöÇΓöÇΓöÇΓöÇΓöÇΓöÇΓöÇΓöÇΓöÇΓöÇΓöÇΓöÇΓöÇΓöÇΓöÇΓöÇΓöÇΓöÇΓöÇΓöÇΓöÇΓöÇΓöÇΓöÇΓöÇΓöÇΓöÇΓöÇΓöÇΓöÇΓöÇΓöÇΓöÇΓöÇΓöÇΓöÇΓöÇΓöÇΓöÇΓöÇΓöÇΓöÇΓöÇΓöÇΓöÇΓöÇΓöÇΓöÇΓöÇΓöÇΓöÇΓöÇΓöÇΓöÇΓöÇΓöÇΓöÇΓöÇΓöÇΓöÇΓöÇΓöÇΓöÇΓöÇΓöÇΓöÇΓöÇΓöÇΓöÇΓöÇΓöÇΓöÇΓöÇΓöÇΓöÇΓöÇ

    Error Context: test-results\regression-Responsive-ΓÇô-37-5a1f9-orizontal-overflow-at-375px-Chromium-built-in-\error-context.md

    Retry #1 ΓöÇΓöÇΓöÇΓöÇΓöÇΓöÇΓöÇΓöÇΓöÇΓöÇΓöÇΓöÇΓöÇΓöÇΓöÇΓöÇΓöÇΓöÇΓöÇΓöÇΓöÇΓöÇΓöÇΓöÇΓöÇΓöÇΓöÇΓöÇΓöÇΓöÇΓöÇΓöÇΓöÇΓöÇΓöÇΓöÇΓöÇΓöÇΓöÇΓöÇΓöÇΓöÇΓöÇΓöÇΓöÇΓöÇΓöÇΓöÇΓöÇΓöÇΓöÇΓöÇΓöÇΓöÇΓöÇΓöÇΓöÇΓöÇΓöÇΓöÇΓöÇΓöÇΓöÇΓöÇΓöÇΓöÇΓöÇΓöÇΓöÇΓöÇΓöÇΓöÇΓöÇΓöÇΓöÇΓöÇΓöÇΓöÇΓöÇΓöÇΓöÇΓöÇΓöÇΓöÇΓöÇΓöÇΓöÇ

    Error: page.goto: net::ERR_NAME_NOT_RESOLVED at https://thecareersetu.in/login
    Call log:
      - navigating to "https://thecareersetu.in/login", waiting until "load"


      179 |     test(`${p} no horizontal overflow at 375px`, async ({ page }) => {
      180 |       await page.setViewportSize({ width: 375, height: 812 })
    > 181 |       await page.goto(p)
          |                  ^
      182 |       const bodyWidth = await page.evaluate(() => document.body.scrollWidth)
      183 |       expect(bodyWidth).toBeLessThanOrEqual(390) // allow a tiny margin
      184 |     })
        at C:\Users\amitc\CareerSetu\tests\e2e\regression.spec.ts:181:18

    attachment #1: screenshot (image/png) ΓöÇΓöÇΓöÇΓöÇΓöÇΓöÇΓöÇΓöÇΓöÇΓöÇΓöÇΓöÇΓöÇΓöÇΓöÇΓöÇΓöÇΓöÇΓöÇΓöÇΓöÇΓöÇΓöÇΓöÇΓöÇΓöÇΓöÇΓöÇΓöÇΓöÇΓöÇΓöÇΓöÇΓöÇΓöÇΓöÇΓöÇΓöÇΓöÇΓöÇΓöÇΓöÇΓöÇΓöÇΓöÇΓöÇΓöÇΓöÇΓöÇΓöÇΓöÇΓöÇΓöÇΓöÇΓöÇΓöÇΓöÇΓöÇ
    test-results\regression-Responsive-ΓÇô-37-5a1f9-orizontal-overflow-at-375px-Chromium-built-in--retry1\test-failed-1.png
    ΓöÇΓöÇΓöÇΓöÇΓöÇΓöÇΓöÇΓöÇΓöÇΓöÇΓöÇΓöÇΓöÇΓöÇΓöÇΓöÇΓöÇΓöÇΓöÇΓöÇΓöÇΓöÇΓöÇΓöÇΓöÇΓöÇΓöÇΓöÇΓöÇΓöÇΓöÇΓöÇΓöÇΓöÇΓöÇΓöÇΓöÇΓöÇΓöÇΓöÇΓöÇΓöÇΓöÇΓöÇΓöÇΓöÇΓöÇΓöÇΓöÇΓöÇΓöÇΓöÇΓöÇΓöÇΓöÇΓöÇΓöÇΓöÇΓöÇΓöÇΓöÇΓöÇΓöÇΓöÇΓöÇΓöÇΓöÇΓöÇΓöÇΓöÇΓöÇΓöÇΓöÇΓöÇΓöÇΓöÇΓöÇΓöÇΓöÇΓöÇΓöÇΓöÇΓöÇΓöÇΓöÇΓöÇΓöÇΓöÇΓöÇΓöÇΓöÇΓöÇΓöÇΓöÇΓöÇΓöÇ

    Error Context: test-results\regression-Responsive-ΓÇô-37-5a1f9-orizontal-overflow-at-375px-Chromium-built-in--retry1\error-context.md

  26) [Chromium (built-in)] ΓÇ║ tests\e2e\user-journeys.spec.ts:39:7 ΓÇ║ US-1 Signup ΓÇ║ a new email can create an account without error 

    Error: page.goto: net::ERR_NAME_NOT_RESOLVED at https://thecareersetu.in/signup
    Call log:
      - navigating to "https://thecareersetu.in/signup", waiting until "load"


      39 |   test('a new email can create an account without error', async ({ page }) => {
      40 |     const email = uniqueEmail()
    > 41 |     await page.goto('/signup')
         |                ^
      42 |     await page.getByPlaceholder('Priya Sharma').fill('E2E Tester')
      43 |     await page.getByPlaceholder('you@example.com').fill(email)
      44 |     await page.getByPlaceholder('Min. 6 characters').fill('Test1234!')
        at C:\Users\amitc\CareerSetu\tests\e2e\user-journeys.spec.ts:41:16

    attachment #1: screenshot (image/png) ΓöÇΓöÇΓöÇΓöÇΓöÇΓöÇΓöÇΓöÇΓöÇΓöÇΓöÇΓöÇΓöÇΓöÇΓöÇΓöÇΓöÇΓöÇΓöÇΓöÇΓöÇΓöÇΓöÇΓöÇΓöÇΓöÇΓöÇΓöÇΓöÇΓöÇΓöÇΓöÇΓöÇΓöÇΓöÇΓöÇΓöÇΓöÇΓöÇΓöÇΓöÇΓöÇΓöÇΓöÇΓöÇΓöÇΓöÇΓöÇΓöÇΓöÇΓöÇΓöÇΓöÇΓöÇΓöÇΓöÇΓöÇΓöÇ
    test-results\user-journeys-US-1-Signup--3b306-te-an-account-without-error-Chromium-built-in-\test-failed-1.png
    ΓöÇΓöÇΓöÇΓöÇΓöÇΓöÇΓöÇΓöÇΓöÇΓöÇΓöÇΓöÇΓöÇΓöÇΓöÇΓöÇΓöÇΓöÇΓöÇΓöÇΓöÇΓöÇΓöÇΓöÇΓöÇΓöÇΓöÇΓöÇΓöÇΓöÇΓöÇΓöÇΓöÇΓöÇΓöÇΓöÇΓöÇΓöÇΓöÇΓöÇΓöÇΓöÇΓöÇΓöÇΓöÇΓöÇΓöÇΓöÇΓöÇΓöÇΓöÇΓöÇΓöÇΓöÇΓöÇΓöÇΓöÇΓöÇΓöÇΓöÇΓöÇΓöÇΓöÇΓöÇΓöÇΓöÇΓöÇΓöÇΓöÇΓöÇΓöÇΓöÇΓöÇΓöÇΓöÇΓöÇΓöÇΓöÇΓöÇΓöÇΓöÇΓöÇΓöÇΓöÇΓöÇΓöÇΓöÇΓöÇΓöÇΓöÇΓöÇΓöÇΓöÇΓöÇΓöÇΓöÇ

    Error Context: test-results\user-journeys-US-1-Signup--3b306-te-an-account-without-error-Chromium-built-in-\error-context.md

    Retry #1 ΓöÇΓöÇΓöÇΓöÇΓöÇΓöÇΓöÇΓöÇΓöÇΓöÇΓöÇΓöÇΓöÇΓöÇΓöÇΓöÇΓöÇΓöÇΓöÇΓöÇΓöÇΓöÇΓöÇΓöÇΓöÇΓöÇΓöÇΓöÇΓöÇΓöÇΓöÇΓöÇΓöÇΓöÇΓöÇΓöÇΓöÇΓöÇΓöÇΓöÇΓöÇΓöÇΓöÇΓöÇΓöÇΓöÇΓöÇΓöÇΓöÇΓöÇΓöÇΓöÇΓöÇΓöÇΓöÇΓöÇΓöÇΓöÇΓöÇΓöÇΓöÇΓöÇΓöÇΓöÇΓöÇΓöÇΓöÇΓöÇΓöÇΓöÇΓöÇΓöÇΓöÇΓöÇΓöÇΓöÇΓöÇΓöÇΓöÇΓöÇΓöÇΓöÇΓöÇΓöÇΓöÇΓöÇΓöÇ

    Error: page.goto: net::ERR_NAME_NOT_RESOLVED at https://thecareersetu.in/signup
    Call log:
      - navigating to "https://thecareersetu.in/signup", waiting until "load"


      39 |   test('a new email can create an account without error', async ({ page }) => {
      40 |     const email = uniqueEmail()
    > 41 |     await page.goto('/signup')
         |                ^
      42 |     await page.getByPlaceholder('Priya Sharma').fill('E2E Tester')
      43 |     await page.getByPlaceholder('you@example.com').fill(email)
      44 |     await page.getByPlaceholder('Min. 6 characters').fill('Test1234!')
        at C:\Users\amitc\CareerSetu\tests\e2e\user-journeys.spec.ts:41:16

    attachment #1: screenshot (image/png) ΓöÇΓöÇΓöÇΓöÇΓöÇΓöÇΓöÇΓöÇΓöÇΓöÇΓöÇΓöÇΓöÇΓöÇΓöÇΓöÇΓöÇΓöÇΓöÇΓöÇΓöÇΓöÇΓöÇΓöÇΓöÇΓöÇΓöÇΓöÇΓöÇΓöÇΓöÇΓöÇΓöÇΓöÇΓöÇΓöÇΓöÇΓöÇΓöÇΓöÇΓöÇΓöÇΓöÇΓöÇΓöÇΓöÇΓöÇΓöÇΓöÇΓöÇΓöÇΓöÇΓöÇΓöÇΓöÇΓöÇΓöÇΓöÇ
    test-results\user-journeys-US-1-Signup--3b306-te-an-account-without-error-Chromium-built-in--retry1\test-failed-1.png
    ΓöÇΓöÇΓöÇΓöÇΓöÇΓöÇΓöÇΓöÇΓöÇΓöÇΓöÇΓöÇΓöÇΓöÇΓöÇΓöÇΓöÇΓöÇΓöÇΓöÇΓöÇΓöÇΓöÇΓöÇΓöÇΓöÇΓöÇΓöÇΓöÇΓöÇΓöÇΓöÇΓöÇΓöÇΓöÇΓöÇΓöÇΓöÇΓöÇΓöÇΓöÇΓöÇΓöÇΓöÇΓöÇΓöÇΓöÇΓöÇΓöÇΓöÇΓöÇΓöÇΓöÇΓöÇΓöÇΓöÇΓöÇΓöÇΓöÇΓöÇΓöÇΓöÇΓöÇΓöÇΓöÇΓöÇΓöÇΓöÇΓöÇΓöÇΓöÇΓöÇΓöÇΓöÇΓöÇΓöÇΓöÇΓöÇΓöÇΓöÇΓöÇΓöÇΓöÇΓöÇΓöÇΓöÇΓöÇΓöÇΓöÇΓöÇΓöÇΓöÇΓöÇΓöÇΓöÇΓöÇ

    Error Context: test-results\user-journeys-US-1-Signup--3b306-te-an-account-without-error-Chromium-built-in--retry1\error-context.md

  27) [Chromium (built-in)] ΓÇ║ tests\e2e\user-journeys.spec.ts:64:7 ΓÇ║ US-2 Login ΓÇ║ valid credentials land in the app (dashboard or onboarding) 

    Error: page.goto: net::ERR_NAME_NOT_RESOLVED at https://thecareersetu.in/login
    Call log:
      - navigating to "https://thecareersetu.in/login", waiting until "load"


      28 |
      29 | async function login(page: Page, email: string, password: string) {
    > 30 |   await page.goto('/login')
         |              ^
      31 |   await page.getByPlaceholder('you@example.com').fill(email)
      32 |   await page.getByPlaceholder('Your password').fill(password)
      33 |   await page.getByRole('button', { name: 'Sign in' }).click()
        at login (C:\Users\amitc\CareerSetu\tests\e2e\user-journeys.spec.ts:30:14)
        at C:\Users\amitc\CareerSetu\tests\e2e\user-journeys.spec.ts:65:11

    attachment #1: screenshot (image/png) ΓöÇΓöÇΓöÇΓöÇΓöÇΓöÇΓöÇΓöÇΓöÇΓöÇΓöÇΓöÇΓöÇΓöÇΓöÇΓöÇΓöÇΓöÇΓöÇΓöÇΓöÇΓöÇΓöÇΓöÇΓöÇΓöÇΓöÇΓöÇΓöÇΓöÇΓöÇΓöÇΓöÇΓöÇΓöÇΓöÇΓöÇΓöÇΓöÇΓöÇΓöÇΓöÇΓöÇΓöÇΓöÇΓöÇΓöÇΓöÇΓöÇΓöÇΓöÇΓöÇΓöÇΓöÇΓöÇΓöÇΓöÇΓöÇ
    test-results\user-journeys-US-2-Login-v-1ef5d-pp-dashboard-or-onboarding--Chromium-built-in-\test-failed-1.png
    ΓöÇΓöÇΓöÇΓöÇΓöÇΓöÇΓöÇΓöÇΓöÇΓöÇΓöÇΓöÇΓöÇΓöÇΓöÇΓöÇΓöÇΓöÇΓöÇΓöÇΓöÇΓöÇΓöÇΓöÇΓöÇΓöÇΓöÇΓöÇΓöÇΓöÇΓöÇΓöÇΓöÇΓöÇΓöÇΓöÇΓöÇΓöÇΓöÇΓöÇΓöÇΓöÇΓöÇΓöÇΓöÇΓöÇΓöÇΓöÇΓöÇΓöÇΓöÇΓöÇΓöÇΓöÇΓöÇΓöÇΓöÇΓöÇΓöÇΓöÇΓöÇΓöÇΓöÇΓöÇΓöÇΓöÇΓöÇΓöÇΓöÇΓöÇΓöÇΓöÇΓöÇΓöÇΓöÇΓöÇΓöÇΓöÇΓöÇΓöÇΓöÇΓöÇΓöÇΓöÇΓöÇΓöÇΓöÇΓöÇΓöÇΓöÇΓöÇΓöÇΓöÇΓöÇΓöÇΓöÇ

    Error Context: test-results\user-journeys-US-2-Login-v-1ef5d-pp-dashboard-or-onboarding--Chromium-built-in-\error-context.md

    Retry #1 ΓöÇΓöÇΓöÇΓöÇΓöÇΓöÇΓöÇΓöÇΓöÇΓöÇΓöÇΓöÇΓöÇΓöÇΓöÇΓöÇΓöÇΓöÇΓöÇΓöÇΓöÇΓöÇΓöÇΓöÇΓöÇΓöÇΓöÇΓöÇΓöÇΓöÇΓöÇΓöÇΓöÇΓöÇΓöÇΓöÇΓöÇΓöÇΓöÇΓöÇΓöÇΓöÇΓöÇΓöÇΓöÇΓöÇΓöÇΓöÇΓöÇΓöÇΓöÇΓöÇΓöÇΓöÇΓöÇΓöÇΓöÇΓöÇΓöÇΓöÇΓöÇΓöÇΓöÇΓöÇΓöÇΓöÇΓöÇΓöÇΓöÇΓöÇΓöÇΓöÇΓöÇΓöÇΓöÇΓöÇΓöÇΓöÇΓöÇΓöÇΓöÇΓöÇΓöÇΓöÇΓöÇΓöÇΓöÇ

    Error: page.goto: net::ERR_NAME_NOT_RESOLVED at https://thecareersetu.in/login
    Call log:
      - navigating to "https://thecareersetu.in/login", waiting until "load"


      28 |
      29 | async function login(page: Page, email: string, password: string) {
    > 30 |   await page.goto('/login')
         |              ^
      31 |   await page.getByPlaceholder('you@example.com').fill(email)
      32 |   await page.getByPlaceholder('Your password').fill(password)
      33 |   await page.getByRole('button', { name: 'Sign in' }).click()
        at login (C:\Users\amitc\CareerSetu\tests\e2e\user-journeys.spec.ts:30:14)
        at C:\Users\amitc\CareerSetu\tests\e2e\user-journeys.spec.ts:65:11

    attachment #1: screenshot (image/png) ΓöÇΓöÇΓöÇΓöÇΓöÇΓöÇΓöÇΓöÇΓöÇΓöÇΓöÇΓöÇΓöÇΓöÇΓöÇΓöÇΓöÇΓöÇΓöÇΓöÇΓöÇΓöÇΓöÇΓöÇΓöÇΓöÇΓöÇΓöÇΓöÇΓöÇΓöÇΓöÇΓöÇΓöÇΓöÇΓöÇΓöÇΓöÇΓöÇΓöÇΓöÇΓöÇΓöÇΓöÇΓöÇΓöÇΓöÇΓöÇΓöÇΓöÇΓöÇΓöÇΓöÇΓöÇΓöÇΓöÇΓöÇΓöÇ
    test-results\user-journeys-US-2-Login-v-1ef5d-pp-dashboard-or-onboarding--Chromium-built-in--retry1\test-failed-1.png
    ΓöÇΓöÇΓöÇΓöÇΓöÇΓöÇΓöÇΓöÇΓöÇΓöÇΓöÇΓöÇΓöÇΓöÇΓöÇΓöÇΓöÇΓöÇΓöÇΓöÇΓöÇΓöÇΓöÇΓöÇΓöÇΓöÇΓöÇΓöÇΓöÇΓöÇΓöÇΓöÇΓöÇΓöÇΓöÇΓöÇΓöÇΓöÇΓöÇΓöÇΓöÇΓöÇΓöÇΓöÇΓöÇΓöÇΓöÇΓöÇΓöÇΓöÇΓöÇΓöÇΓöÇΓöÇΓöÇΓöÇΓöÇΓöÇΓöÇΓöÇΓöÇΓöÇΓöÇΓöÇΓöÇΓöÇΓöÇΓöÇΓöÇΓöÇΓöÇΓöÇΓöÇΓöÇΓöÇΓöÇΓöÇΓöÇΓöÇΓöÇΓöÇΓöÇΓöÇΓöÇΓöÇΓöÇΓöÇΓöÇΓöÇΓöÇΓöÇΓöÇΓöÇΓöÇΓöÇΓöÇ

    Error Context: test-results\user-journeys-US-2-Login-v-1ef5d-pp-dashboard-or-onboarding--Chromium-built-in--retry1\error-context.md

  28) [Chromium (built-in)] ΓÇ║ tests\e2e\user-journeys.spec.ts:74:7 ΓÇ║ US-3 Invalid login ΓÇ║ wrong password shows an error and stays on /login 

    Error: page.goto: net::ERR_NAME_NOT_RESOLVED at https://thecareersetu.in/login
    Call log:
      - navigating to "https://thecareersetu.in/login", waiting until "load"


      28 |
      29 | async function login(page: Page, email: string, password: string) {
    > 30 |   await page.goto('/login')
         |              ^
      31 |   await page.getByPlaceholder('you@example.com').fill(email)
      32 |   await page.getByPlaceholder('Your password').fill(password)
      33 |   await page.getByRole('button', { name: 'Sign in' }).click()
        at login (C:\Users\amitc\CareerSetu\tests\e2e\user-journeys.spec.ts:30:14)
        at C:\Users\amitc\CareerSetu\tests\e2e\user-journeys.spec.ts:75:11

    attachment #1: screenshot (image/png) ΓöÇΓöÇΓöÇΓöÇΓöÇΓöÇΓöÇΓöÇΓöÇΓöÇΓöÇΓöÇΓöÇΓöÇΓöÇΓöÇΓöÇΓöÇΓöÇΓöÇΓöÇΓöÇΓöÇΓöÇΓöÇΓöÇΓöÇΓöÇΓöÇΓöÇΓöÇΓöÇΓöÇΓöÇΓöÇΓöÇΓöÇΓöÇΓöÇΓöÇΓöÇΓöÇΓöÇΓöÇΓöÇΓöÇΓöÇΓöÇΓöÇΓöÇΓöÇΓöÇΓöÇΓöÇΓöÇΓöÇΓöÇΓöÇ
    test-results\user-journeys-US-3-Invalid-bd9c1-an-error-and-stays-on-login-Chromium-built-in-\test-failed-1.png
    ΓöÇΓöÇΓöÇΓöÇΓöÇΓöÇΓöÇΓöÇΓöÇΓöÇΓöÇΓöÇΓöÇΓöÇΓöÇΓöÇΓöÇΓöÇΓöÇΓöÇΓöÇΓöÇΓöÇΓöÇΓöÇΓöÇΓöÇΓöÇΓöÇΓöÇΓöÇΓöÇΓöÇΓöÇΓöÇΓöÇΓöÇΓöÇΓöÇΓöÇΓöÇΓöÇΓöÇΓöÇΓöÇΓöÇΓöÇΓöÇΓöÇΓöÇΓöÇΓöÇΓöÇΓöÇΓöÇΓöÇΓöÇΓöÇΓöÇΓöÇΓöÇΓöÇΓöÇΓöÇΓöÇΓöÇΓöÇΓöÇΓöÇΓöÇΓöÇΓöÇΓöÇΓöÇΓöÇΓöÇΓöÇΓöÇΓöÇΓöÇΓöÇΓöÇΓöÇΓöÇΓöÇΓöÇΓöÇΓöÇΓöÇΓöÇΓöÇΓöÇΓöÇΓöÇΓöÇΓöÇ

    Error Context: test-results\user-journeys-US-3-Invalid-bd9c1-an-error-and-stays-on-login-Chromium-built-in-\error-context.md

    Retry #1 ΓöÇΓöÇΓöÇΓöÇΓöÇΓöÇΓöÇΓöÇΓöÇΓöÇΓöÇΓöÇΓöÇΓöÇΓöÇΓöÇΓöÇΓöÇΓöÇΓöÇΓöÇΓöÇΓöÇΓöÇΓöÇΓöÇΓöÇΓöÇΓöÇΓöÇΓöÇΓöÇΓöÇΓöÇΓöÇΓöÇΓöÇΓöÇΓöÇΓöÇΓöÇΓöÇΓöÇΓöÇΓöÇΓöÇΓöÇΓöÇΓöÇΓöÇΓöÇΓöÇΓöÇΓöÇΓöÇΓöÇΓöÇΓöÇΓöÇΓöÇΓöÇΓöÇΓöÇΓöÇΓöÇΓöÇΓöÇΓöÇΓöÇΓöÇΓöÇΓöÇΓöÇΓöÇΓöÇΓöÇΓöÇΓöÇΓöÇΓöÇΓöÇΓöÇΓöÇΓöÇΓöÇΓöÇΓöÇ

    Error: page.goto: net::ERR_NAME_NOT_RESOLVED at https://thecareersetu.in/login
    Call log:
      - navigating to "https://thecareersetu.in/login", waiting until "load"


      28 |
      29 | async function login(page: Page, email: string, password: string) {
    > 30 |   await page.goto('/login')
         |              ^
      31 |   await page.getByPlaceholder('you@example.com').fill(email)
      32 |   await page.getByPlaceholder('Your password').fill(password)
      33 |   await page.getByRole('button', { name: 'Sign in' }).click()
        at login (C:\Users\amitc\CareerSetu\tests\e2e\user-journeys.spec.ts:30:14)
        at C:\Users\amitc\CareerSetu\tests\e2e\user-journeys.spec.ts:75:11

    attachment #1: screenshot (image/png) ΓöÇΓöÇΓöÇΓöÇΓöÇΓöÇΓöÇΓöÇΓöÇΓöÇΓöÇΓöÇΓöÇΓöÇΓöÇΓöÇΓöÇΓöÇΓöÇΓöÇΓöÇΓöÇΓöÇΓöÇΓöÇΓöÇΓöÇΓöÇΓöÇΓöÇΓöÇΓöÇΓöÇΓöÇΓöÇΓöÇΓöÇΓöÇΓöÇΓöÇΓöÇΓöÇΓöÇΓöÇΓöÇΓöÇΓöÇΓöÇΓöÇΓöÇΓöÇΓöÇΓöÇΓöÇΓöÇΓöÇΓöÇΓöÇ
    test-results\user-journeys-US-3-Invalid-bd9c1-an-error-and-stays-on-login-Chromium-built-in--retry1\test-failed-1.png
    ΓöÇΓöÇΓöÇΓöÇΓöÇΓöÇΓöÇΓöÇΓöÇΓöÇΓöÇΓöÇΓöÇΓöÇΓöÇΓöÇΓöÇΓöÇΓöÇΓöÇΓöÇΓöÇΓöÇΓöÇΓöÇΓöÇΓöÇΓöÇΓöÇΓöÇΓöÇΓöÇΓöÇΓöÇΓöÇΓöÇΓöÇΓöÇΓöÇΓöÇΓöÇΓöÇΓöÇΓöÇΓöÇΓöÇΓöÇΓöÇΓöÇΓöÇΓöÇΓöÇΓöÇΓöÇΓöÇΓöÇΓöÇΓöÇΓöÇΓöÇΓöÇΓöÇΓöÇΓöÇΓöÇΓöÇΓöÇΓöÇΓöÇΓöÇΓöÇΓöÇΓöÇΓöÇΓöÇΓöÇΓöÇΓöÇΓöÇΓöÇΓöÇΓöÇΓöÇΓöÇΓöÇΓöÇΓöÇΓöÇΓöÇΓöÇΓöÇΓöÇΓöÇΓöÇΓöÇΓöÇ

    Error Context: test-results\user-journeys-US-3-Invalid-bd9c1-an-error-and-stays-on-login-Chromium-built-in--retry1\error-context.md

  29) [Chromium (built-in)] ΓÇ║ tests\e2e\user-journeys.spec.ts:86:7 ΓÇ║ US-4 Session persists across navigation (redirect-loop regression) ΓÇ║ after login, a protected route loads instead of bouncing to /login 

    Error: page.goto: net::ERR_NAME_NOT_RESOLVED at https://thecareersetu.in/login
    Call log:
      - navigating to "https://thecareersetu.in/login", waiting until "load"


      28 |
      29 | async function login(page: Page, email: string, password: string) {
    > 30 |   await page.goto('/login')
         |              ^
      31 |   await page.getByPlaceholder('you@example.com').fill(email)
      32 |   await page.getByPlaceholder('Your password').fill(password)
      33 |   await page.getByRole('button', { name: 'Sign in' }).click()
        at login (C:\Users\amitc\CareerSetu\tests\e2e\user-journeys.spec.ts:30:14)
        at C:\Users\amitc\CareerSetu\tests\e2e\user-journeys.spec.ts:87:11

    attachment #1: screenshot (image/png) ΓöÇΓöÇΓöÇΓöÇΓöÇΓöÇΓöÇΓöÇΓöÇΓöÇΓöÇΓöÇΓöÇΓöÇΓöÇΓöÇΓöÇΓöÇΓöÇΓöÇΓöÇΓöÇΓöÇΓöÇΓöÇΓöÇΓöÇΓöÇΓöÇΓöÇΓöÇΓöÇΓöÇΓöÇΓöÇΓöÇΓöÇΓöÇΓöÇΓöÇΓöÇΓöÇΓöÇΓöÇΓöÇΓöÇΓöÇΓöÇΓöÇΓöÇΓöÇΓöÇΓöÇΓöÇΓöÇΓöÇΓöÇΓöÇ
    test-results\user-journeys-US-4-Session-c503c-nstead-of-bouncing-to-login-Chromium-built-in-\test-failed-1.png
    ΓöÇΓöÇΓöÇΓöÇΓöÇΓöÇΓöÇΓöÇΓöÇΓöÇΓöÇΓöÇΓöÇΓöÇΓöÇΓöÇΓöÇΓöÇΓöÇΓöÇΓöÇΓöÇΓöÇΓöÇΓöÇΓöÇΓöÇΓöÇΓöÇΓöÇΓöÇΓöÇΓöÇΓöÇΓöÇΓöÇΓöÇΓöÇΓöÇΓöÇΓöÇΓöÇΓöÇΓöÇΓöÇΓöÇΓöÇΓöÇΓöÇΓöÇΓöÇΓöÇΓöÇΓöÇΓöÇΓöÇΓöÇΓöÇΓöÇΓöÇΓöÇΓöÇΓöÇΓöÇΓöÇΓöÇΓöÇΓöÇΓöÇΓöÇΓöÇΓöÇΓöÇΓöÇΓöÇΓöÇΓöÇΓöÇΓöÇΓöÇΓöÇΓöÇΓöÇΓöÇΓöÇΓöÇΓöÇΓöÇΓöÇΓöÇΓöÇΓöÇΓöÇΓöÇΓöÇΓöÇ

    Error Context: test-results\user-journeys-US-4-Session-c503c-nstead-of-bouncing-to-login-Chromium-built-in-\error-context.md

    Retry #1 ΓöÇΓöÇΓöÇΓöÇΓöÇΓöÇΓöÇΓöÇΓöÇΓöÇΓöÇΓöÇΓöÇΓöÇΓöÇΓöÇΓöÇΓöÇΓöÇΓöÇΓöÇΓöÇΓöÇΓöÇΓöÇΓöÇΓöÇΓöÇΓöÇΓöÇΓöÇΓöÇΓöÇΓöÇΓöÇΓöÇΓöÇΓöÇΓöÇΓöÇΓöÇΓöÇΓöÇΓöÇΓöÇΓöÇΓöÇΓöÇΓöÇΓöÇΓöÇΓöÇΓöÇΓöÇΓöÇΓöÇΓöÇΓöÇΓöÇΓöÇΓöÇΓöÇΓöÇΓöÇΓöÇΓöÇΓöÇΓöÇΓöÇΓöÇΓöÇΓöÇΓöÇΓöÇΓöÇΓöÇΓöÇΓöÇΓöÇΓöÇΓöÇΓöÇΓöÇΓöÇΓöÇΓöÇΓöÇ

    Error: page.goto: net::ERR_NAME_NOT_RESOLVED at https://thecareersetu.in/login
    Call log:
      - navigating to "https://thecareersetu.in/login", waiting until "load"


      28 |
      29 | async function login(page: Page, email: string, password: string) {
    > 30 |   await page.goto('/login')
         |              ^
      31 |   await page.getByPlaceholder('you@example.com').fill(email)
      32 |   await page.getByPlaceholder('Your password').fill(password)
      33 |   await page.getByRole('button', { name: 'Sign in' }).click()
        at login (C:\Users\amitc\CareerSetu\tests\e2e\user-journeys.spec.ts:30:14)
        at C:\Users\amitc\CareerSetu\tests\e2e\user-journeys.spec.ts:87:11

    attachment #1: screenshot (image/png) ΓöÇΓöÇΓöÇΓöÇΓöÇΓöÇΓöÇΓöÇΓöÇΓöÇΓöÇΓöÇΓöÇΓöÇΓöÇΓöÇΓöÇΓöÇΓöÇΓöÇΓöÇΓöÇΓöÇΓöÇΓöÇΓöÇΓöÇΓöÇΓöÇΓöÇΓöÇΓöÇΓöÇΓöÇΓöÇΓöÇΓöÇΓöÇΓöÇΓöÇΓöÇΓöÇΓöÇΓöÇΓöÇΓöÇΓöÇΓöÇΓöÇΓöÇΓöÇΓöÇΓöÇΓöÇΓöÇΓöÇΓöÇΓöÇ
    test-results\user-journeys-US-4-Session-c503c-nstead-of-bouncing-to-login-Chromium-built-in--retry1\test-failed-1.png
    ΓöÇΓöÇΓöÇΓöÇΓöÇΓöÇΓöÇΓöÇΓöÇΓöÇΓöÇΓöÇΓöÇΓöÇΓöÇΓöÇΓöÇΓöÇΓöÇΓöÇΓöÇΓöÇΓöÇΓöÇΓöÇΓöÇΓöÇΓöÇΓöÇΓöÇΓöÇΓöÇΓöÇΓöÇΓöÇΓöÇΓöÇΓöÇΓöÇΓöÇΓöÇΓöÇΓöÇΓöÇΓöÇΓöÇΓöÇΓöÇΓöÇΓöÇΓöÇΓöÇΓöÇΓöÇΓöÇΓöÇΓöÇΓöÇΓöÇΓöÇΓöÇΓöÇΓöÇΓöÇΓöÇΓöÇΓöÇΓöÇΓöÇΓöÇΓöÇΓöÇΓöÇΓöÇΓöÇΓöÇΓöÇΓöÇΓöÇΓöÇΓöÇΓöÇΓöÇΓöÇΓöÇΓöÇΓöÇΓöÇΓöÇΓöÇΓöÇΓöÇΓöÇΓöÇΓöÇΓöÇ

    Error Context: test-results\user-journeys-US-4-Session-c503c-nstead-of-bouncing-to-login-Chromium-built-in--retry1\error-context.md

  30) [Chromium (built-in)] ΓÇ║ tests\e2e\user-journeys.spec.ts:103:7 ΓÇ║ US-5 Profile ΓÇ║ profile page loads and saving succeeds 

    Error: page.goto: net::ERR_NAME_NOT_RESOLVED at https://thecareersetu.in/login
    Call log:
      - navigating to "https://thecareersetu.in/login", waiting until "load"


      28 |
      29 | async function login(page: Page, email: string, password: string) {
    > 30 |   await page.goto('/login')
         |              ^
      31 |   await page.getByPlaceholder('you@example.com').fill(email)
      32 |   await page.getByPlaceholder('Your password').fill(password)
      33 |   await page.getByRole('button', { name: 'Sign in' }).click()
        at login (C:\Users\amitc\CareerSetu\tests\e2e\user-journeys.spec.ts:30:14)
        at C:\Users\amitc\CareerSetu\tests\e2e\user-journeys.spec.ts:104:11

    attachment #1: screenshot (image/png) ΓöÇΓöÇΓöÇΓöÇΓöÇΓöÇΓöÇΓöÇΓöÇΓöÇΓöÇΓöÇΓöÇΓöÇΓöÇΓöÇΓöÇΓöÇΓöÇΓöÇΓöÇΓöÇΓöÇΓöÇΓöÇΓöÇΓöÇΓöÇΓöÇΓöÇΓöÇΓöÇΓöÇΓöÇΓöÇΓöÇΓöÇΓöÇΓöÇΓöÇΓöÇΓöÇΓöÇΓöÇΓöÇΓöÇΓöÇΓöÇΓöÇΓöÇΓöÇΓöÇΓöÇΓöÇΓöÇΓöÇΓöÇΓöÇ
    test-results\user-journeys-US-5-Profile-a529b-e-loads-and-saving-succeeds-Chromium-built-in-\test-failed-1.png
    ΓöÇΓöÇΓöÇΓöÇΓöÇΓöÇΓöÇΓöÇΓöÇΓöÇΓöÇΓöÇΓöÇΓöÇΓöÇΓöÇΓöÇΓöÇΓöÇΓöÇΓöÇΓöÇΓöÇΓöÇΓöÇΓöÇΓöÇΓöÇΓöÇΓöÇΓöÇΓöÇΓöÇΓöÇΓöÇΓöÇΓöÇΓöÇΓöÇΓöÇΓöÇΓöÇΓöÇΓöÇΓöÇΓöÇΓöÇΓöÇΓöÇΓöÇΓöÇΓöÇΓöÇΓöÇΓöÇΓöÇΓöÇΓöÇΓöÇΓöÇΓöÇΓöÇΓöÇΓöÇΓöÇΓöÇΓöÇΓöÇΓöÇΓöÇΓöÇΓöÇΓöÇΓöÇΓöÇΓöÇΓöÇΓöÇΓöÇΓöÇΓöÇΓöÇΓöÇΓöÇΓöÇΓöÇΓöÇΓöÇΓöÇΓöÇΓöÇΓöÇΓöÇΓöÇΓöÇΓöÇ

    Error Context: test-results\user-journeys-US-5-Profile-a529b-e-loads-and-saving-succeeds-Chromium-built-in-\error-context.md

    Retry #1 ΓöÇΓöÇΓöÇΓöÇΓöÇΓöÇΓöÇΓöÇΓöÇΓöÇΓöÇΓöÇΓöÇΓöÇΓöÇΓöÇΓöÇΓöÇΓöÇΓöÇΓöÇΓöÇΓöÇΓöÇΓöÇΓöÇΓöÇΓöÇΓöÇΓöÇΓöÇΓöÇΓöÇΓöÇΓöÇΓöÇΓöÇΓöÇΓöÇΓöÇΓöÇΓöÇΓöÇΓöÇΓöÇΓöÇΓöÇΓöÇΓöÇΓöÇΓöÇΓöÇΓöÇΓöÇΓöÇΓöÇΓöÇΓöÇΓöÇΓöÇΓöÇΓöÇΓöÇΓöÇΓöÇΓöÇΓöÇΓöÇΓöÇΓöÇΓöÇΓöÇΓöÇΓöÇΓöÇΓöÇΓöÇΓöÇΓöÇΓöÇΓöÇΓöÇΓöÇΓöÇΓöÇΓöÇΓöÇ

    Error: page.goto: net::ERR_NAME_NOT_RESOLVED at https://thecareersetu.in/login
    Call log:
      - navigating to "https://thecareersetu.in/login", waiting until "load"


      28 |
      29 | async function login(page: Page, email: string, password: string) {
    > 30 |   await page.goto('/login')
         |              ^
      31 |   await page.getByPlaceholder('you@example.com').fill(email)
      32 |   await page.getByPlaceholder('Your password').fill(password)
      33 |   await page.getByRole('button', { name: 'Sign in' }).click()
        at login (C:\Users\amitc\CareerSetu\tests\e2e\user-journeys.spec.ts:30:14)
        at C:\Users\amitc\CareerSetu\tests\e2e\user-journeys.spec.ts:104:11

    attachment #1: screenshot (image/png) ΓöÇΓöÇΓöÇΓöÇΓöÇΓöÇΓöÇΓöÇΓöÇΓöÇΓöÇΓöÇΓöÇΓöÇΓöÇΓöÇΓöÇΓöÇΓöÇΓöÇΓöÇΓöÇΓöÇΓöÇΓöÇΓöÇΓöÇΓöÇΓöÇΓöÇΓöÇΓöÇΓöÇΓöÇΓöÇΓöÇΓöÇΓöÇΓöÇΓöÇΓöÇΓöÇΓöÇΓöÇΓöÇΓöÇΓöÇΓöÇΓöÇΓöÇΓöÇΓöÇΓöÇΓöÇΓöÇΓöÇΓöÇΓöÇ
    test-results\user-journeys-US-5-Profile-a529b-e-loads-and-saving-succeeds-Chromium-built-in--retry1\test-failed-1.png
    ΓöÇΓöÇΓöÇΓöÇΓöÇΓöÇΓöÇΓöÇΓöÇΓöÇΓöÇΓöÇΓöÇΓöÇΓöÇΓöÇΓöÇΓöÇΓöÇΓöÇΓöÇΓöÇΓöÇΓöÇΓöÇΓöÇΓöÇΓöÇΓöÇΓöÇΓöÇΓöÇΓöÇΓöÇΓöÇΓöÇΓöÇΓöÇΓöÇΓöÇΓöÇΓöÇΓöÇΓöÇΓöÇΓöÇΓöÇΓöÇΓöÇΓöÇΓöÇΓöÇΓöÇΓöÇΓöÇΓöÇΓöÇΓöÇΓöÇΓöÇΓöÇΓöÇΓöÇΓöÇΓöÇΓöÇΓöÇΓöÇΓöÇΓöÇΓöÇΓöÇΓöÇΓöÇΓöÇΓöÇΓöÇΓöÇΓöÇΓöÇΓöÇΓöÇΓöÇΓöÇΓöÇΓöÇΓöÇΓöÇΓöÇΓöÇΓöÇΓöÇΓöÇΓöÇΓöÇΓöÇ

    Error Context: test-results\user-journeys-US-5-Profile-a529b-e-loads-and-saving-succeeds-Chromium-built-in--retry1\error-context.md

  31) [Chromium (built-in)] ΓÇ║ tests\e2e\user-journeys.spec.ts:124:7 ΓÇ║ US-6 Mock MCQ test ΓÇ║ configure and start ΓÇö starts, or gracefully reports no questions (no crash / no 401) 

    Error: page.goto: net::ERR_NAME_NOT_RESOLVED at https://thecareersetu.in/login
    Call log:
      - navigating to "https://thecareersetu.in/login", waiting until "load"


      28 |
      29 | async function login(page: Page, email: string, password: string) {
    > 30 |   await page.goto('/login')
         |              ^
      31 |   await page.getByPlaceholder('you@example.com').fill(email)
      32 |   await page.getByPlaceholder('Your password').fill(password)
      33 |   await page.getByRole('button', { name: 'Sign in' }).click()
        at login (C:\Users\amitc\CareerSetu\tests\e2e\user-journeys.spec.ts:30:14)
        at C:\Users\amitc\CareerSetu\tests\e2e\user-journeys.spec.ts:125:11

    attachment #1: screenshot (image/png) ΓöÇΓöÇΓöÇΓöÇΓöÇΓöÇΓöÇΓöÇΓöÇΓöÇΓöÇΓöÇΓöÇΓöÇΓöÇΓöÇΓöÇΓöÇΓöÇΓöÇΓöÇΓöÇΓöÇΓöÇΓöÇΓöÇΓöÇΓöÇΓöÇΓöÇΓöÇΓöÇΓöÇΓöÇΓöÇΓöÇΓöÇΓöÇΓöÇΓöÇΓöÇΓöÇΓöÇΓöÇΓöÇΓöÇΓöÇΓöÇΓöÇΓöÇΓöÇΓöÇΓöÇΓöÇΓöÇΓöÇΓöÇΓöÇ
    test-results\user-journeys-US-6-Mock-MC-dad2a--questions-no-crash-no-401--Chromium-built-in-\test-failed-1.png
    ΓöÇΓöÇΓöÇΓöÇΓöÇΓöÇΓöÇΓöÇΓöÇΓöÇΓöÇΓöÇΓöÇΓöÇΓöÇΓöÇΓöÇΓöÇΓöÇΓöÇΓöÇΓöÇΓöÇΓöÇΓöÇΓöÇΓöÇΓöÇΓöÇΓöÇΓöÇΓöÇΓöÇΓöÇΓöÇΓöÇΓöÇΓöÇΓöÇΓöÇΓöÇΓöÇΓöÇΓöÇΓöÇΓöÇΓöÇΓöÇΓöÇΓöÇΓöÇΓöÇΓöÇΓöÇΓöÇΓöÇΓöÇΓöÇΓöÇΓöÇΓöÇΓöÇΓöÇΓöÇΓöÇΓöÇΓöÇΓöÇΓöÇΓöÇΓöÇΓöÇΓöÇΓöÇΓöÇΓöÇΓöÇΓöÇΓöÇΓöÇΓöÇΓöÇΓöÇΓöÇΓöÇΓöÇΓöÇΓöÇΓöÇΓöÇΓöÇΓöÇΓöÇΓöÇΓöÇΓöÇ

    Error Context: test-results\user-journeys-US-6-Mock-MC-dad2a--questions-no-crash-no-401--Chromium-built-in-\error-context.md

    Retry #1 ΓöÇΓöÇΓöÇΓöÇΓöÇΓöÇΓöÇΓöÇΓöÇΓöÇΓöÇΓöÇΓöÇΓöÇΓöÇΓöÇΓöÇΓöÇΓöÇΓöÇΓöÇΓöÇΓöÇΓöÇΓöÇΓöÇΓöÇΓöÇΓöÇΓöÇΓöÇΓöÇΓöÇΓöÇΓöÇΓöÇΓöÇΓöÇΓöÇΓöÇΓöÇΓöÇΓöÇΓöÇΓöÇΓöÇΓöÇΓöÇΓöÇΓöÇΓöÇΓöÇΓöÇΓöÇΓöÇΓöÇΓöÇΓöÇΓöÇΓöÇΓöÇΓöÇΓöÇΓöÇΓöÇΓöÇΓöÇΓöÇΓöÇΓöÇΓöÇΓöÇΓöÇΓöÇΓöÇΓöÇΓöÇΓöÇΓöÇΓöÇΓöÇΓöÇΓöÇΓöÇΓöÇΓöÇΓöÇ

    Error: page.goto: net::ERR_NAME_NOT_RESOLVED at https://thecareersetu.in/login
    Call log:
      - navigating to "https://thecareersetu.in/login", waiting until "load"


      28 |
      29 | async function login(page: Page, email: string, password: string) {
    > 30 |   await page.goto('/login')
         |              ^
      31 |   await page.getByPlaceholder('you@example.com').fill(email)
      32 |   await page.getByPlaceholder('Your password').fill(password)
      33 |   await page.getByRole('button', { name: 'Sign in' }).click()
        at login (C:\Users\amitc\CareerSetu\tests\e2e\user-journeys.spec.ts:30:14)
        at C:\Users\amitc\CareerSetu\tests\e2e\user-journeys.spec.ts:125:11

    attachment #1: screenshot (image/png) ΓöÇΓöÇΓöÇΓöÇΓöÇΓöÇΓöÇΓöÇΓöÇΓöÇΓöÇΓöÇΓöÇΓöÇΓöÇΓöÇΓöÇΓöÇΓöÇΓöÇΓöÇΓöÇΓöÇΓöÇΓöÇΓöÇΓöÇΓöÇΓöÇΓöÇΓöÇΓöÇΓöÇΓöÇΓöÇΓöÇΓöÇΓöÇΓöÇΓöÇΓöÇΓöÇΓöÇΓöÇΓöÇΓöÇΓöÇΓöÇΓöÇΓöÇΓöÇΓöÇΓöÇΓöÇΓöÇΓöÇΓöÇΓöÇ
    test-results\user-journeys-US-6-Mock-MC-dad2a--questions-no-crash-no-401--Chromium-built-in--retry1\test-failed-1.png
    ΓöÇΓöÇΓöÇΓöÇΓöÇΓöÇΓöÇΓöÇΓöÇΓöÇΓöÇΓöÇΓöÇΓöÇΓöÇΓöÇΓöÇΓöÇΓöÇΓöÇΓöÇΓöÇΓöÇΓöÇΓöÇΓöÇΓöÇΓöÇΓöÇΓöÇΓöÇΓöÇΓöÇΓöÇΓöÇΓöÇΓöÇΓöÇΓöÇΓöÇΓöÇΓöÇΓöÇΓöÇΓöÇΓöÇΓöÇΓöÇΓöÇΓöÇΓöÇΓöÇΓöÇΓöÇΓöÇΓöÇΓöÇΓöÇΓöÇΓöÇΓöÇΓöÇΓöÇΓöÇΓöÇΓöÇΓöÇΓöÇΓöÇΓöÇΓöÇΓöÇΓöÇΓöÇΓöÇΓöÇΓöÇΓöÇΓöÇΓöÇΓöÇΓöÇΓöÇΓöÇΓöÇΓöÇΓöÇΓöÇΓöÇΓöÇΓöÇΓöÇΓöÇΓöÇΓöÇΓöÇ

    Error Context: test-results\user-journeys-US-6-Mock-MC-dad2a--questions-no-crash-no-401--Chromium-built-in--retry1\error-context.md

  32) [Chromium (built-in)] ΓÇ║ tests\e2e\user-journeys.spec.ts:149:7 ΓÇ║ US-7 Reports ΓÇ║ reports page loads for an authenticated user 

    Error: page.goto: net::ERR_NAME_NOT_RESOLVED at https://thecareersetu.in/login
    Call log:
      - navigating to "https://thecareersetu.in/login", waiting until "load"


      28 |
      29 | async function login(page: Page, email: string, password: string) {
    > 30 |   await page.goto('/login')
         |              ^
      31 |   await page.getByPlaceholder('you@example.com').fill(email)
      32 |   await page.getByPlaceholder('Your password').fill(password)
      33 |   await page.getByRole('button', { name: 'Sign in' }).click()
        at login (C:\Users\amitc\CareerSetu\tests\e2e\user-journeys.spec.ts:30:14)
        at C:\Users\amitc\CareerSetu\tests\e2e\user-journeys.spec.ts:150:11

    attachment #1: screenshot (image/png) ΓöÇΓöÇΓöÇΓöÇΓöÇΓöÇΓöÇΓöÇΓöÇΓöÇΓöÇΓöÇΓöÇΓöÇΓöÇΓöÇΓöÇΓöÇΓöÇΓöÇΓöÇΓöÇΓöÇΓöÇΓöÇΓöÇΓöÇΓöÇΓöÇΓöÇΓöÇΓöÇΓöÇΓöÇΓöÇΓöÇΓöÇΓöÇΓöÇΓöÇΓöÇΓöÇΓöÇΓöÇΓöÇΓöÇΓöÇΓöÇΓöÇΓöÇΓöÇΓöÇΓöÇΓöÇΓöÇΓöÇΓöÇΓöÇ
    test-results\user-journeys-US-7-Reports-3a3ce-s-for-an-authenticated-user-Chromium-built-in-\test-failed-1.png
    ΓöÇΓöÇΓöÇΓöÇΓöÇΓöÇΓöÇΓöÇΓöÇΓöÇΓöÇΓöÇΓöÇΓöÇΓöÇΓöÇΓöÇΓöÇΓöÇΓöÇΓöÇΓöÇΓöÇΓöÇΓöÇΓöÇΓöÇΓöÇΓöÇΓöÇΓöÇΓöÇΓöÇΓöÇΓöÇΓöÇΓöÇΓöÇΓöÇΓöÇΓöÇΓöÇΓöÇΓöÇΓöÇΓöÇΓöÇΓöÇΓöÇΓöÇΓöÇΓöÇΓöÇΓöÇΓöÇΓöÇΓöÇΓöÇΓöÇΓöÇΓöÇΓöÇΓöÇΓöÇΓöÇΓöÇΓöÇΓöÇΓöÇΓöÇΓöÇΓöÇΓöÇΓöÇΓöÇΓöÇΓöÇΓöÇΓöÇΓöÇΓöÇΓöÇΓöÇΓöÇΓöÇΓöÇΓöÇΓöÇΓöÇΓöÇΓöÇΓöÇΓöÇΓöÇΓöÇΓöÇ

    Error Context: test-results\user-journeys-US-7-Reports-3a3ce-s-for-an-authenticated-user-Chromium-built-in-\error-context.md

    Retry #1 ΓöÇΓöÇΓöÇΓöÇΓöÇΓöÇΓöÇΓöÇΓöÇΓöÇΓöÇΓöÇΓöÇΓöÇΓöÇΓöÇΓöÇΓöÇΓöÇΓöÇΓöÇΓöÇΓöÇΓöÇΓöÇΓöÇΓöÇΓöÇΓöÇΓöÇΓöÇΓöÇΓöÇΓöÇΓöÇΓöÇΓöÇΓöÇΓöÇΓöÇΓöÇΓöÇΓöÇΓöÇΓöÇΓöÇΓöÇΓöÇΓöÇΓöÇΓöÇΓöÇΓöÇΓöÇΓöÇΓöÇΓöÇΓöÇΓöÇΓöÇΓöÇΓöÇΓöÇΓöÇΓöÇΓöÇΓöÇΓöÇΓöÇΓöÇΓöÇΓöÇΓöÇΓöÇΓöÇΓöÇΓöÇΓöÇΓöÇΓöÇΓöÇΓöÇΓöÇΓöÇΓöÇΓöÇΓöÇ

    Error: page.goto: net::ERR_NAME_NOT_RESOLVED at https://thecareersetu.in/login
    Call log:
      - navigating to "https://thecareersetu.in/login", waiting until "load"


      28 |
      29 | async function login(page: Page, email: string, password: string) {
    > 30 |   await page.goto('/login')
         |              ^
      31 |   await page.getByPlaceholder('you@example.com').fill(email)
      32 |   await page.getByPlaceholder('Your password').fill(password)
      33 |   await page.getByRole('button', { name: 'Sign in' }).click()
        at login (C:\Users\amitc\CareerSetu\tests\e2e\user-journeys.spec.ts:30:14)
        at C:\Users\amitc\CareerSetu\tests\e2e\user-journeys.spec.ts:150:11

    attachment #1: screenshot (image/png) ΓöÇΓöÇΓöÇΓöÇΓöÇΓöÇΓöÇΓöÇΓöÇΓöÇΓöÇΓöÇΓöÇΓöÇΓöÇΓöÇΓöÇΓöÇΓöÇΓöÇΓöÇΓöÇΓöÇΓöÇΓöÇΓöÇΓöÇΓöÇΓöÇΓöÇΓöÇΓöÇΓöÇΓöÇΓöÇΓöÇΓöÇΓöÇΓöÇΓöÇΓöÇΓöÇΓöÇΓöÇΓöÇΓöÇΓöÇΓöÇΓöÇΓöÇΓöÇΓöÇΓöÇΓöÇΓöÇΓöÇΓöÇΓöÇ
    test-results\user-journeys-US-7-Reports-3a3ce-s-for-an-authenticated-user-Chromium-built-in--retry1\test-failed-1.png
    ΓöÇΓöÇΓöÇΓöÇΓöÇΓöÇΓöÇΓöÇΓöÇΓöÇΓöÇΓöÇΓöÇΓöÇΓöÇΓöÇΓöÇΓöÇΓöÇΓöÇΓöÇΓöÇΓöÇΓöÇΓöÇΓöÇΓöÇΓöÇΓöÇΓöÇΓöÇΓöÇΓöÇΓöÇΓöÇΓöÇΓöÇΓöÇΓöÇΓöÇΓöÇΓöÇΓöÇΓöÇΓöÇΓöÇΓöÇΓöÇΓöÇΓöÇΓöÇΓöÇΓöÇΓöÇΓöÇΓöÇΓöÇΓöÇΓöÇΓöÇΓöÇΓöÇΓöÇΓöÇΓöÇΓöÇΓöÇΓöÇΓöÇΓöÇΓöÇΓöÇΓöÇΓöÇΓöÇΓöÇΓöÇΓöÇΓöÇΓöÇΓöÇΓöÇΓöÇΓöÇΓöÇΓöÇΓöÇΓöÇΓöÇΓöÇΓöÇΓöÇΓöÇΓöÇΓöÇΓöÇ

    Error Context: test-results\user-journeys-US-7-Reports-3a3ce-s-for-an-authenticated-user-Chromium-built-in--retry1\error-context.md

  33) [Firefox] ΓÇ║ tests\e2e\regression.spec.ts:15:7 ΓÇ║ Marketing ΓÇô Landing page ΓÇ║ loads, shows hero CTA, no JS errors 

    Error: page.goto: NS_ERROR_UNKNOWN_HOST
    Call log:
      - navigating to "https://thecareersetu.in/", waiting until "load"


      15 |   test('loads, shows hero CTA, no JS errors', async ({ page }) => {
      16 |     const errs = await noConsoleErrors(page)
    > 17 |     await page.goto('/')
         |                ^
      18 |     await expect(page).toHaveTitle(/CareerSetu/i)
      19 |     // Hero heading visible
      20 |     await expect(page.locator('h1').first()).toBeVisible()
        at C:\Users\amitc\CareerSetu\tests\e2e\regression.spec.ts:17:16

    attachment #1: screenshot (image/png) ΓöÇΓöÇΓöÇΓöÇΓöÇΓöÇΓöÇΓöÇΓöÇΓöÇΓöÇΓöÇΓöÇΓöÇΓöÇΓöÇΓöÇΓöÇΓöÇΓöÇΓöÇΓöÇΓöÇΓöÇΓöÇΓöÇΓöÇΓöÇΓöÇΓöÇΓöÇΓöÇΓöÇΓöÇΓöÇΓöÇΓöÇΓöÇΓöÇΓöÇΓöÇΓöÇΓöÇΓöÇΓöÇΓöÇΓöÇΓöÇΓöÇΓöÇΓöÇΓöÇΓöÇΓöÇΓöÇΓöÇΓöÇΓöÇ
    test-results\regression-Marketing-ΓÇô-Lan-09021-shows-hero-CTA-no-JS-errors-Firefox\test-failed-1.png
    ΓöÇΓöÇΓöÇΓöÇΓöÇΓöÇΓöÇΓöÇΓöÇΓöÇΓöÇΓöÇΓöÇΓöÇΓöÇΓöÇΓöÇΓöÇΓöÇΓöÇΓöÇΓöÇΓöÇΓöÇΓöÇΓöÇΓöÇΓöÇΓöÇΓöÇΓöÇΓöÇΓöÇΓöÇΓöÇΓöÇΓöÇΓöÇΓöÇΓöÇΓöÇΓöÇΓöÇΓöÇΓöÇΓöÇΓöÇΓöÇΓöÇΓöÇΓöÇΓöÇΓöÇΓöÇΓöÇΓöÇΓöÇΓöÇΓöÇΓöÇΓöÇΓöÇΓöÇΓöÇΓöÇΓöÇΓöÇΓöÇΓöÇΓöÇΓöÇΓöÇΓöÇΓöÇΓöÇΓöÇΓöÇΓöÇΓöÇΓöÇΓöÇΓöÇΓöÇΓöÇΓöÇΓöÇΓöÇΓöÇΓöÇΓöÇΓöÇΓöÇΓöÇΓöÇΓöÇΓöÇ

    Error Context: test-results\regression-Marketing-ΓÇô-Lan-09021-shows-hero-CTA-no-JS-errors-Firefox\error-context.md

    Retry #1 ΓöÇΓöÇΓöÇΓöÇΓöÇΓöÇΓöÇΓöÇΓöÇΓöÇΓöÇΓöÇΓöÇΓöÇΓöÇΓöÇΓöÇΓöÇΓöÇΓöÇΓöÇΓöÇΓöÇΓöÇΓöÇΓöÇΓöÇΓöÇΓöÇΓöÇΓöÇΓöÇΓöÇΓöÇΓöÇΓöÇΓöÇΓöÇΓöÇΓöÇΓöÇΓöÇΓöÇΓöÇΓöÇΓöÇΓöÇΓöÇΓöÇΓöÇΓöÇΓöÇΓöÇΓöÇΓöÇΓöÇΓöÇΓöÇΓöÇΓöÇΓöÇΓöÇΓöÇΓöÇΓöÇΓöÇΓöÇΓöÇΓöÇΓöÇΓöÇΓöÇΓöÇΓöÇΓöÇΓöÇΓöÇΓöÇΓöÇΓöÇΓöÇΓöÇΓöÇΓöÇΓöÇΓöÇΓöÇ

    Error: page.goto: NS_ERROR_UNKNOWN_HOST
    Call log:
      - navigating to "https://thecareersetu.in/", waiting until "load"


      15 |   test('loads, shows hero CTA, no JS errors', async ({ page }) => {
      16 |     const errs = await noConsoleErrors(page)
    > 17 |     await page.goto('/')
         |                ^
      18 |     await expect(page).toHaveTitle(/CareerSetu/i)
      19 |     // Hero heading visible
      20 |     await expect(page.locator('h1').first()).toBeVisible()
        at C:\Users\amitc\CareerSetu\tests\e2e\regression.spec.ts:17:16

    attachment #1: screenshot (image/png) ΓöÇΓöÇΓöÇΓöÇΓöÇΓöÇΓöÇΓöÇΓöÇΓöÇΓöÇΓöÇΓöÇΓöÇΓöÇΓöÇΓöÇΓöÇΓöÇΓöÇΓöÇΓöÇΓöÇΓöÇΓöÇΓöÇΓöÇΓöÇΓöÇΓöÇΓöÇΓöÇΓöÇΓöÇΓöÇΓöÇΓöÇΓöÇΓöÇΓöÇΓöÇΓöÇΓöÇΓöÇΓöÇΓöÇΓöÇΓöÇΓöÇΓöÇΓöÇΓöÇΓöÇΓöÇΓöÇΓöÇΓöÇΓöÇ
    test-results\regression-Marketing-ΓÇô-Lan-09021-shows-hero-CTA-no-JS-errors-Firefox-retry1\test-failed-1.png
    ΓöÇΓöÇΓöÇΓöÇΓöÇΓöÇΓöÇΓöÇΓöÇΓöÇΓöÇΓöÇΓöÇΓöÇΓöÇΓöÇΓöÇΓöÇΓöÇΓöÇΓöÇΓöÇΓöÇΓöÇΓöÇΓöÇΓöÇΓöÇΓöÇΓöÇΓöÇΓöÇΓöÇΓöÇΓöÇΓöÇΓöÇΓöÇΓöÇΓöÇΓöÇΓöÇΓöÇΓöÇΓöÇΓöÇΓöÇΓöÇΓöÇΓöÇΓöÇΓöÇΓöÇΓöÇΓöÇΓöÇΓöÇΓöÇΓöÇΓöÇΓöÇΓöÇΓöÇΓöÇΓöÇΓöÇΓöÇΓöÇΓöÇΓöÇΓöÇΓöÇΓöÇΓöÇΓöÇΓöÇΓöÇΓöÇΓöÇΓöÇΓöÇΓöÇΓöÇΓöÇΓöÇΓöÇΓöÇΓöÇΓöÇΓöÇΓöÇΓöÇΓöÇΓöÇΓöÇΓöÇ

    Error Context: test-results\regression-Marketing-ΓÇô-Lan-09021-shows-hero-CTA-no-JS-errors-Firefox-retry1\error-context.md

  34) [Firefox] ΓÇ║ tests\e2e\regression.spec.ts:30:7 ΓÇ║ Marketing ΓÇô Landing page ΓÇ║ navbar links render 

    Error: page.goto: NS_ERROR_UNKNOWN_HOST
    Call log:
      - navigating to "https://thecareersetu.in/", waiting until "load"


      29 |
      30 |   test('navbar links render', async ({ page }) => {
    > 31 |     await page.goto('/')
         |                ^
      32 |     await expect(page.getByRole('link', { name: /pricing/i }).first()).toBeVisible()
      33 |   })
      34 |
        at C:\Users\amitc\CareerSetu\tests\e2e\regression.spec.ts:31:16

    attachment #1: screenshot (image/png) ΓöÇΓöÇΓöÇΓöÇΓöÇΓöÇΓöÇΓöÇΓöÇΓöÇΓöÇΓöÇΓöÇΓöÇΓöÇΓöÇΓöÇΓöÇΓöÇΓöÇΓöÇΓöÇΓöÇΓöÇΓöÇΓöÇΓöÇΓöÇΓöÇΓöÇΓöÇΓöÇΓöÇΓöÇΓöÇΓöÇΓöÇΓöÇΓöÇΓöÇΓöÇΓöÇΓöÇΓöÇΓöÇΓöÇΓöÇΓöÇΓöÇΓöÇΓöÇΓöÇΓöÇΓöÇΓöÇΓöÇΓöÇΓöÇ
    test-results\regression-Marketing-ΓÇô-Landing-page-navbar-links-render-Firefox\test-failed-1.png
    ΓöÇΓöÇΓöÇΓöÇΓöÇΓöÇΓöÇΓöÇΓöÇΓöÇΓöÇΓöÇΓöÇΓöÇΓöÇΓöÇΓöÇΓöÇΓöÇΓöÇΓöÇΓöÇΓöÇΓöÇΓöÇΓöÇΓöÇΓöÇΓöÇΓöÇΓöÇΓöÇΓöÇΓöÇΓöÇΓöÇΓöÇΓöÇΓöÇΓöÇΓöÇΓöÇΓöÇΓöÇΓöÇΓöÇΓöÇΓöÇΓöÇΓöÇΓöÇΓöÇΓöÇΓöÇΓöÇΓöÇΓöÇΓöÇΓöÇΓöÇΓöÇΓöÇΓöÇΓöÇΓöÇΓöÇΓöÇΓöÇΓöÇΓöÇΓöÇΓöÇΓöÇΓöÇΓöÇΓöÇΓöÇΓöÇΓöÇΓöÇΓöÇΓöÇΓöÇΓöÇΓöÇΓöÇΓöÇΓöÇΓöÇΓöÇΓöÇΓöÇΓöÇΓöÇΓöÇΓöÇ

    Error Context: test-results\regression-Marketing-ΓÇô-Landing-page-navbar-links-render-Firefox\error-context.md

    Retry #1 ΓöÇΓöÇΓöÇΓöÇΓöÇΓöÇΓöÇΓöÇΓöÇΓöÇΓöÇΓöÇΓöÇΓöÇΓöÇΓöÇΓöÇΓöÇΓöÇΓöÇΓöÇΓöÇΓöÇΓöÇΓöÇΓöÇΓöÇΓöÇΓöÇΓöÇΓöÇΓöÇΓöÇΓöÇΓöÇΓöÇΓöÇΓöÇΓöÇΓöÇΓöÇΓöÇΓöÇΓöÇΓöÇΓöÇΓöÇΓöÇΓöÇΓöÇΓöÇΓöÇΓöÇΓöÇΓöÇΓöÇΓöÇΓöÇΓöÇΓöÇΓöÇΓöÇΓöÇΓöÇΓöÇΓöÇΓöÇΓöÇΓöÇΓöÇΓöÇΓöÇΓöÇΓöÇΓöÇΓöÇΓöÇΓöÇΓöÇΓöÇΓöÇΓöÇΓöÇΓöÇΓöÇΓöÇΓöÇ

    Error: page.goto: NS_ERROR_UNKNOWN_HOST
    Call log:
      - navigating to "https://thecareersetu.in/", waiting until "load"


      29 |
      30 |   test('navbar links render', async ({ page }) => {
    > 31 |     await page.goto('/')
         |                ^
      32 |     await expect(page.getByRole('link', { name: /pricing/i }).first()).toBeVisible()
      33 |   })
      34 |
        at C:\Users\amitc\CareerSetu\tests\e2e\regression.spec.ts:31:16

    attachment #1: screenshot (image/png) ΓöÇΓöÇΓöÇΓöÇΓöÇΓöÇΓöÇΓöÇΓöÇΓöÇΓöÇΓöÇΓöÇΓöÇΓöÇΓöÇΓöÇΓöÇΓöÇΓöÇΓöÇΓöÇΓöÇΓöÇΓöÇΓöÇΓöÇΓöÇΓöÇΓöÇΓöÇΓöÇΓöÇΓöÇΓöÇΓöÇΓöÇΓöÇΓöÇΓöÇΓöÇΓöÇΓöÇΓöÇΓöÇΓöÇΓöÇΓöÇΓöÇΓöÇΓöÇΓöÇΓöÇΓöÇΓöÇΓöÇΓöÇΓöÇ
    test-results\regression-Marketing-ΓÇô-Landing-page-navbar-links-render-Firefox-retry1\test-failed-1.png
    ΓöÇΓöÇΓöÇΓöÇΓöÇΓöÇΓöÇΓöÇΓöÇΓöÇΓöÇΓöÇΓöÇΓöÇΓöÇΓöÇΓöÇΓöÇΓöÇΓöÇΓöÇΓöÇΓöÇΓöÇΓöÇΓöÇΓöÇΓöÇΓöÇΓöÇΓöÇΓöÇΓöÇΓöÇΓöÇΓöÇΓöÇΓöÇΓöÇΓöÇΓöÇΓöÇΓöÇΓöÇΓöÇΓöÇΓöÇΓöÇΓöÇΓöÇΓöÇΓöÇΓöÇΓöÇΓöÇΓöÇΓöÇΓöÇΓöÇΓöÇΓöÇΓöÇΓöÇΓöÇΓöÇΓöÇΓöÇΓöÇΓöÇΓöÇΓöÇΓöÇΓöÇΓöÇΓöÇΓöÇΓöÇΓöÇΓöÇΓöÇΓöÇΓöÇΓöÇΓöÇΓöÇΓöÇΓöÇΓöÇΓöÇΓöÇΓöÇΓöÇΓöÇΓöÇΓöÇΓöÇ

    Error Context: test-results\regression-Marketing-ΓÇô-Landing-page-navbar-links-render-Firefox-retry1\error-context.md

  35) [Firefox] ΓÇ║ tests\e2e\regression.spec.ts:35:7 ΓÇ║ Marketing ΓÇô Landing page ΓÇ║ no broken images on landing 

    Error: page.goto: NS_ERROR_UNKNOWN_HOST
    Call log:
      - navigating to "https://thecareersetu.in/", waiting until "load"


      34 |
      35 |   test('no broken images on landing', async ({ page }) => {
    > 36 |     await page.goto('/')
         |                ^
      37 |     const imgs = await page.$$eval('img', els =>
      38 |       els.map(i => ({ src: i.src, ok: (i as HTMLImageElement).naturalWidth > 0 }))
      39 |     )
        at C:\Users\amitc\CareerSetu\tests\e2e\regression.spec.ts:36:16

    attachment #1: screenshot (image/png) ΓöÇΓöÇΓöÇΓöÇΓöÇΓöÇΓöÇΓöÇΓöÇΓöÇΓöÇΓöÇΓöÇΓöÇΓöÇΓöÇΓöÇΓöÇΓöÇΓöÇΓöÇΓöÇΓöÇΓöÇΓöÇΓöÇΓöÇΓöÇΓöÇΓöÇΓöÇΓöÇΓöÇΓöÇΓöÇΓöÇΓöÇΓöÇΓöÇΓöÇΓöÇΓöÇΓöÇΓöÇΓöÇΓöÇΓöÇΓöÇΓöÇΓöÇΓöÇΓöÇΓöÇΓöÇΓöÇΓöÇΓöÇΓöÇ
    test-results\regression-Marketing-ΓÇô-Lan-d5040-no-broken-images-on-landing-Firefox\test-failed-1.png
    ΓöÇΓöÇΓöÇΓöÇΓöÇΓöÇΓöÇΓöÇΓöÇΓöÇΓöÇΓöÇΓöÇΓöÇΓöÇΓöÇΓöÇΓöÇΓöÇΓöÇΓöÇΓöÇΓöÇΓöÇΓöÇΓöÇΓöÇΓöÇΓöÇΓöÇΓöÇΓöÇΓöÇΓöÇΓöÇΓöÇΓöÇΓöÇΓöÇΓöÇΓöÇΓöÇΓöÇΓöÇΓöÇΓöÇΓöÇΓöÇΓöÇΓöÇΓöÇΓöÇΓöÇΓöÇΓöÇΓöÇΓöÇΓöÇΓöÇΓöÇΓöÇΓöÇΓöÇΓöÇΓöÇΓöÇΓöÇΓöÇΓöÇΓöÇΓöÇΓöÇΓöÇΓöÇΓöÇΓöÇΓöÇΓöÇΓöÇΓöÇΓöÇΓöÇΓöÇΓöÇΓöÇΓöÇΓöÇΓöÇΓöÇΓöÇΓöÇΓöÇΓöÇΓöÇΓöÇΓöÇ

    Error Context: test-results\regression-Marketing-ΓÇô-Lan-d5040-no-broken-images-on-landing-Firefox\error-context.md

    Retry #1 ΓöÇΓöÇΓöÇΓöÇΓöÇΓöÇΓöÇΓöÇΓöÇΓöÇΓöÇΓöÇΓöÇΓöÇΓöÇΓöÇΓöÇΓöÇΓöÇΓöÇΓöÇΓöÇΓöÇΓöÇΓöÇΓöÇΓöÇΓöÇΓöÇΓöÇΓöÇΓöÇΓöÇΓöÇΓöÇΓöÇΓöÇΓöÇΓöÇΓöÇΓöÇΓöÇΓöÇΓöÇΓöÇΓöÇΓöÇΓöÇΓöÇΓöÇΓöÇΓöÇΓöÇΓöÇΓöÇΓöÇΓöÇΓöÇΓöÇΓöÇΓöÇΓöÇΓöÇΓöÇΓöÇΓöÇΓöÇΓöÇΓöÇΓöÇΓöÇΓöÇΓöÇΓöÇΓöÇΓöÇΓöÇΓöÇΓöÇΓöÇΓöÇΓöÇΓöÇΓöÇΓöÇΓöÇΓöÇ

    Error: page.goto: NS_ERROR_UNKNOWN_HOST
    Call log:
      - navigating to "https://thecareersetu.in/", waiting until "load"


      34 |
      35 |   test('no broken images on landing', async ({ page }) => {
    > 36 |     await page.goto('/')
         |                ^
      37 |     const imgs = await page.$$eval('img', els =>
      38 |       els.map(i => ({ src: i.src, ok: (i as HTMLImageElement).naturalWidth > 0 }))
      39 |     )
        at C:\Users\amitc\CareerSetu\tests\e2e\regression.spec.ts:36:16

    attachment #1: screenshot (image/png) ΓöÇΓöÇΓöÇΓöÇΓöÇΓöÇΓöÇΓöÇΓöÇΓöÇΓöÇΓöÇΓöÇΓöÇΓöÇΓöÇΓöÇΓöÇΓöÇΓöÇΓöÇΓöÇΓöÇΓöÇΓöÇΓöÇΓöÇΓöÇΓöÇΓöÇΓöÇΓöÇΓöÇΓöÇΓöÇΓöÇΓöÇΓöÇΓöÇΓöÇΓöÇΓöÇΓöÇΓöÇΓöÇΓöÇΓöÇΓöÇΓöÇΓöÇΓöÇΓöÇΓöÇΓöÇΓöÇΓöÇΓöÇΓöÇ
    test-results\regression-Marketing-ΓÇô-Lan-d5040-no-broken-images-on-landing-Firefox-retry1\test-failed-1.png
    ΓöÇΓöÇΓöÇΓöÇΓöÇΓöÇΓöÇΓöÇΓöÇΓöÇΓöÇΓöÇΓöÇΓöÇΓöÇΓöÇΓöÇΓöÇΓöÇΓöÇΓöÇΓöÇΓöÇΓöÇΓöÇΓöÇΓöÇΓöÇΓöÇΓöÇΓöÇΓöÇΓöÇΓöÇΓöÇΓöÇΓöÇΓöÇΓöÇΓöÇΓöÇΓöÇΓöÇΓöÇΓöÇΓöÇΓöÇΓöÇΓöÇΓöÇΓöÇΓöÇΓöÇΓöÇΓöÇΓöÇΓöÇΓöÇΓöÇΓöÇΓöÇΓöÇΓöÇΓöÇΓöÇΓöÇΓöÇΓöÇΓöÇΓöÇΓöÇΓöÇΓöÇΓöÇΓöÇΓöÇΓöÇΓöÇΓöÇΓöÇΓöÇΓöÇΓöÇΓöÇΓöÇΓöÇΓöÇΓöÇΓöÇΓöÇΓöÇΓöÇΓöÇΓöÇΓöÇΓöÇ

    Error Context: test-results\regression-Marketing-ΓÇô-Lan-d5040-no-broken-images-on-landing-Firefox-retry1\error-context.md

  36) [Firefox] ΓÇ║ tests\e2e\regression.spec.ts:47:7 ΓÇ║ Marketing ΓÇô Pricing ΓÇ║ loads and shows plan cards 

    Error: page.goto: NS_ERROR_UNKNOWN_HOST
    Call log:
      - navigating to "https://thecareersetu.in/pricing", waiting until "load"


      46 | test.describe('Marketing ΓÇô Pricing', () => {
      47 |   test('loads and shows plan cards', async ({ page }) => {
    > 48 |     await page.goto('/pricing')
         |                ^
      49 |     await expect(page).toHaveTitle(/pricing|plans/i)
      50 |     // Expect at least 2 plan headings (Free + paid)
      51 |     const cards = page.locator('[class*="card"], [class*="plan"], section').filter({ hasText: /free|starter|pro/i })
        at C:\Users\amitc\CareerSetu\tests\e2e\regression.spec.ts:48:16

    attachment #1: screenshot (image/png) ΓöÇΓöÇΓöÇΓöÇΓöÇΓöÇΓöÇΓöÇΓöÇΓöÇΓöÇΓöÇΓöÇΓöÇΓöÇΓöÇΓöÇΓöÇΓöÇΓöÇΓöÇΓöÇΓöÇΓöÇΓöÇΓöÇΓöÇΓöÇΓöÇΓöÇΓöÇΓöÇΓöÇΓöÇΓöÇΓöÇΓöÇΓöÇΓöÇΓöÇΓöÇΓöÇΓöÇΓöÇΓöÇΓöÇΓöÇΓöÇΓöÇΓöÇΓöÇΓöÇΓöÇΓöÇΓöÇΓöÇΓöÇΓöÇ
    test-results\regression-Marketing-ΓÇô-Pricing-loads-and-shows-plan-cards-Firefox\test-failed-1.png
    ΓöÇΓöÇΓöÇΓöÇΓöÇΓöÇΓöÇΓöÇΓöÇΓöÇΓöÇΓöÇΓöÇΓöÇΓöÇΓöÇΓöÇΓöÇΓöÇΓöÇΓöÇΓöÇΓöÇΓöÇΓöÇΓöÇΓöÇΓöÇΓöÇΓöÇΓöÇΓöÇΓöÇΓöÇΓöÇΓöÇΓöÇΓöÇΓöÇΓöÇΓöÇΓöÇΓöÇΓöÇΓöÇΓöÇΓöÇΓöÇΓöÇΓöÇΓöÇΓöÇΓöÇΓöÇΓöÇΓöÇΓöÇΓöÇΓöÇΓöÇΓöÇΓöÇΓöÇΓöÇΓöÇΓöÇΓöÇΓöÇΓöÇΓöÇΓöÇΓöÇΓöÇΓöÇΓöÇΓöÇΓöÇΓöÇΓöÇΓöÇΓöÇΓöÇΓöÇΓöÇΓöÇΓöÇΓöÇΓöÇΓöÇΓöÇΓöÇΓöÇΓöÇΓöÇΓöÇΓöÇ

    Error Context: test-results\regression-Marketing-ΓÇô-Pricing-loads-and-shows-plan-cards-Firefox\error-context.md

    Retry #1 ΓöÇΓöÇΓöÇΓöÇΓöÇΓöÇΓöÇΓöÇΓöÇΓöÇΓöÇΓöÇΓöÇΓöÇΓöÇΓöÇΓöÇΓöÇΓöÇΓöÇΓöÇΓöÇΓöÇΓöÇΓöÇΓöÇΓöÇΓöÇΓöÇΓöÇΓöÇΓöÇΓöÇΓöÇΓöÇΓöÇΓöÇΓöÇΓöÇΓöÇΓöÇΓöÇΓöÇΓöÇΓöÇΓöÇΓöÇΓöÇΓöÇΓöÇΓöÇΓöÇΓöÇΓöÇΓöÇΓöÇΓöÇΓöÇΓöÇΓöÇΓöÇΓöÇΓöÇΓöÇΓöÇΓöÇΓöÇΓöÇΓöÇΓöÇΓöÇΓöÇΓöÇΓöÇΓöÇΓöÇΓöÇΓöÇΓöÇΓöÇΓöÇΓöÇΓöÇΓöÇΓöÇΓöÇΓöÇ

    Error: page.goto: NS_ERROR_UNKNOWN_HOST
    Call log:
      - navigating to "https://thecareersetu.in/pricing", waiting until "load"


      46 | test.describe('Marketing ΓÇô Pricing', () => {
      47 |   test('loads and shows plan cards', async ({ page }) => {
    > 48 |     await page.goto('/pricing')
         |                ^
      49 |     await expect(page).toHaveTitle(/pricing|plans/i)
      50 |     // Expect at least 2 plan headings (Free + paid)
      51 |     const cards = page.locator('[class*="card"], [class*="plan"], section').filter({ hasText: /free|starter|pro/i })
        at C:\Users\amitc\CareerSetu\tests\e2e\regression.spec.ts:48:16

    attachment #1: screenshot (image/png) ΓöÇΓöÇΓöÇΓöÇΓöÇΓöÇΓöÇΓöÇΓöÇΓöÇΓöÇΓöÇΓöÇΓöÇΓöÇΓöÇΓöÇΓöÇΓöÇΓöÇΓöÇΓöÇΓöÇΓöÇΓöÇΓöÇΓöÇΓöÇΓöÇΓöÇΓöÇΓöÇΓöÇΓöÇΓöÇΓöÇΓöÇΓöÇΓöÇΓöÇΓöÇΓöÇΓöÇΓöÇΓöÇΓöÇΓöÇΓöÇΓöÇΓöÇΓöÇΓöÇΓöÇΓöÇΓöÇΓöÇΓöÇΓöÇ
    test-results\regression-Marketing-ΓÇô-Pricing-loads-and-shows-plan-cards-Firefox-retry1\test-failed-1.png
    ΓöÇΓöÇΓöÇΓöÇΓöÇΓöÇΓöÇΓöÇΓöÇΓöÇΓöÇΓöÇΓöÇΓöÇΓöÇΓöÇΓöÇΓöÇΓöÇΓöÇΓöÇΓöÇΓöÇΓöÇΓöÇΓöÇΓöÇΓöÇΓöÇΓöÇΓöÇΓöÇΓöÇΓöÇΓöÇΓöÇΓöÇΓöÇΓöÇΓöÇΓöÇΓöÇΓöÇΓöÇΓöÇΓöÇΓöÇΓöÇΓöÇΓöÇΓöÇΓöÇΓöÇΓöÇΓöÇΓöÇΓöÇΓöÇΓöÇΓöÇΓöÇΓöÇΓöÇΓöÇΓöÇΓöÇΓöÇΓöÇΓöÇΓöÇΓöÇΓöÇΓöÇΓöÇΓöÇΓöÇΓöÇΓöÇΓöÇΓöÇΓöÇΓöÇΓöÇΓöÇΓöÇΓöÇΓöÇΓöÇΓöÇΓöÇΓöÇΓöÇΓöÇΓöÇΓöÇΓöÇ

    Error Context: test-results\regression-Marketing-ΓÇô-Pricing-loads-and-shows-plan-cards-Firefox-retry1\error-context.md

  37) [Firefox] ΓÇ║ tests\e2e\regression.spec.ts:57:7 ΓÇ║ Marketing ΓÇô About ΓÇ║ loads without error ΓöÇΓöÇΓöÇΓöÇΓöÇΓöÇ

    Error: page.goto: NS_ERROR_UNKNOWN_HOST
    Call log:
      - navigating to "https://thecareersetu.in/about", waiting until "load"


      57 |   test('loads without error', async ({ page }) => {
      58 |     const errs = await noConsoleErrors(page)
    > 59 |     await page.goto('/about')
         |                ^
      60 |     await expect(page.locator('h1').first()).toBeVisible()
      61 |     expect(errs().filter(e => !e.includes('hydrat'))).toHaveLength(0)
      62 |   })
        at C:\Users\amitc\CareerSetu\tests\e2e\regression.spec.ts:59:16

    attachment #1: screenshot (image/png) ΓöÇΓöÇΓöÇΓöÇΓöÇΓöÇΓöÇΓöÇΓöÇΓöÇΓöÇΓöÇΓöÇΓöÇΓöÇΓöÇΓöÇΓöÇΓöÇΓöÇΓöÇΓöÇΓöÇΓöÇΓöÇΓöÇΓöÇΓöÇΓöÇΓöÇΓöÇΓöÇΓöÇΓöÇΓöÇΓöÇΓöÇΓöÇΓöÇΓöÇΓöÇΓöÇΓöÇΓöÇΓöÇΓöÇΓöÇΓöÇΓöÇΓöÇΓöÇΓöÇΓöÇΓöÇΓöÇΓöÇΓöÇΓöÇ
    test-results\regression-Marketing-ΓÇô-About-loads-without-error-Firefox\test-failed-1.png
    ΓöÇΓöÇΓöÇΓöÇΓöÇΓöÇΓöÇΓöÇΓöÇΓöÇΓöÇΓöÇΓöÇΓöÇΓöÇΓöÇΓöÇΓöÇΓöÇΓöÇΓöÇΓöÇΓöÇΓöÇΓöÇΓöÇΓöÇΓöÇΓöÇΓöÇΓöÇΓöÇΓöÇΓöÇΓöÇΓöÇΓöÇΓöÇΓöÇΓöÇΓöÇΓöÇΓöÇΓöÇΓöÇΓöÇΓöÇΓöÇΓöÇΓöÇΓöÇΓöÇΓöÇΓöÇΓöÇΓöÇΓöÇΓöÇΓöÇΓöÇΓöÇΓöÇΓöÇΓöÇΓöÇΓöÇΓöÇΓöÇΓöÇΓöÇΓöÇΓöÇΓöÇΓöÇΓöÇΓöÇΓöÇΓöÇΓöÇΓöÇΓöÇΓöÇΓöÇΓöÇΓöÇΓöÇΓöÇΓöÇΓöÇΓöÇΓöÇΓöÇΓöÇΓöÇΓöÇΓöÇ

    Error Context: test-results\regression-Marketing-ΓÇô-About-loads-without-error-Firefox\error-context.md

    Retry #1 ΓöÇΓöÇΓöÇΓöÇΓöÇΓöÇΓöÇΓöÇΓöÇΓöÇΓöÇΓöÇΓöÇΓöÇΓöÇΓöÇΓöÇΓöÇΓöÇΓöÇΓöÇΓöÇΓöÇΓöÇΓöÇΓöÇΓöÇΓöÇΓöÇΓöÇΓöÇΓöÇΓöÇΓöÇΓöÇΓöÇΓöÇΓöÇΓöÇΓöÇΓöÇΓöÇΓöÇΓöÇΓöÇΓöÇΓöÇΓöÇΓöÇΓöÇΓöÇΓöÇΓöÇΓöÇΓöÇΓöÇΓöÇΓöÇΓöÇΓöÇΓöÇΓöÇΓöÇΓöÇΓöÇΓöÇΓöÇΓöÇΓöÇΓöÇΓöÇΓöÇΓöÇΓöÇΓöÇΓöÇΓöÇΓöÇΓöÇΓöÇΓöÇΓöÇΓöÇΓöÇΓöÇΓöÇΓöÇ

    Error: page.goto: NS_ERROR_UNKNOWN_HOST
    Call log:
      - navigating to "https://thecareersetu.in/about", waiting until "load"


      57 |   test('loads without error', async ({ page }) => {
      58 |     const errs = await noConsoleErrors(page)
    > 59 |     await page.goto('/about')
         |                ^
      60 |     await expect(page.locator('h1').first()).toBeVisible()
      61 |     expect(errs().filter(e => !e.includes('hydrat'))).toHaveLength(0)
      62 |   })
        at C:\Users\amitc\CareerSetu\tests\e2e\regression.spec.ts:59:16

    attachment #1: screenshot (image/png) ΓöÇΓöÇΓöÇΓöÇΓöÇΓöÇΓöÇΓöÇΓöÇΓöÇΓöÇΓöÇΓöÇΓöÇΓöÇΓöÇΓöÇΓöÇΓöÇΓöÇΓöÇΓöÇΓöÇΓöÇΓöÇΓöÇΓöÇΓöÇΓöÇΓöÇΓöÇΓöÇΓöÇΓöÇΓöÇΓöÇΓöÇΓöÇΓöÇΓöÇΓöÇΓöÇΓöÇΓöÇΓöÇΓöÇΓöÇΓöÇΓöÇΓöÇΓöÇΓöÇΓöÇΓöÇΓöÇΓöÇΓöÇΓöÇ
    test-results\regression-Marketing-ΓÇô-About-loads-without-error-Firefox-retry1\test-failed-1.png
    ΓöÇΓöÇΓöÇΓöÇΓöÇΓöÇΓöÇΓöÇΓöÇΓöÇΓöÇΓöÇΓöÇΓöÇΓöÇΓöÇΓöÇΓöÇΓöÇΓöÇΓöÇΓöÇΓöÇΓöÇΓöÇΓöÇΓöÇΓöÇΓöÇΓöÇΓöÇΓöÇΓöÇΓöÇΓöÇΓöÇΓöÇΓöÇΓöÇΓöÇΓöÇΓöÇΓöÇΓöÇΓöÇΓöÇΓöÇΓöÇΓöÇΓöÇΓöÇΓöÇΓöÇΓöÇΓöÇΓöÇΓöÇΓöÇΓöÇΓöÇΓöÇΓöÇΓöÇΓöÇΓöÇΓöÇΓöÇΓöÇΓöÇΓöÇΓöÇΓöÇΓöÇΓöÇΓöÇΓöÇΓöÇΓöÇΓöÇΓöÇΓöÇΓöÇΓöÇΓöÇΓöÇΓöÇΓöÇΓöÇΓöÇΓöÇΓöÇΓöÇΓöÇΓöÇΓöÇΓöÇ

    Error Context: test-results\regression-Marketing-ΓÇô-About-loads-without-error-Firefox-retry1\error-context.md

  38) [Firefox] ΓÇ║ tests\e2e\regression.spec.ts:66:7 ΓÇ║ Marketing ΓÇô Privacy & Terms ΓÇ║ privacy page loads 

    Error: page.goto: NS_ERROR_UNKNOWN_HOST
    Call log:
      - navigating to "https://thecareersetu.in/privacy", waiting until "load"


      65 | test.describe('Marketing ΓÇô Privacy & Terms', () => {
      66 |   test('privacy page loads', async ({ page }) => {
    > 67 |     await page.goto('/privacy')
         |                ^
      68 |     await expect(page.locator('h1').first()).toBeVisible()
      69 |   })
      70 |   test('terms page loads', async ({ page }) => {
        at C:\Users\amitc\CareerSetu\tests\e2e\regression.spec.ts:67:16

    attachment #1: screenshot (image/png) ΓöÇΓöÇΓöÇΓöÇΓöÇΓöÇΓöÇΓöÇΓöÇΓöÇΓöÇΓöÇΓöÇΓöÇΓöÇΓöÇΓöÇΓöÇΓöÇΓöÇΓöÇΓöÇΓöÇΓöÇΓöÇΓöÇΓöÇΓöÇΓöÇΓöÇΓöÇΓöÇΓöÇΓöÇΓöÇΓöÇΓöÇΓöÇΓöÇΓöÇΓöÇΓöÇΓöÇΓöÇΓöÇΓöÇΓöÇΓöÇΓöÇΓöÇΓöÇΓöÇΓöÇΓöÇΓöÇΓöÇΓöÇΓöÇ
    test-results\regression-Marketing-ΓÇô-Privacy-Terms-privacy-page-loads-Firefox\test-failed-1.png
    ΓöÇΓöÇΓöÇΓöÇΓöÇΓöÇΓöÇΓöÇΓöÇΓöÇΓöÇΓöÇΓöÇΓöÇΓöÇΓöÇΓöÇΓöÇΓöÇΓöÇΓöÇΓöÇΓöÇΓöÇΓöÇΓöÇΓöÇΓöÇΓöÇΓöÇΓöÇΓöÇΓöÇΓöÇΓöÇΓöÇΓöÇΓöÇΓöÇΓöÇΓöÇΓöÇΓöÇΓöÇΓöÇΓöÇΓöÇΓöÇΓöÇΓöÇΓöÇΓöÇΓöÇΓöÇΓöÇΓöÇΓöÇΓöÇΓöÇΓöÇΓöÇΓöÇΓöÇΓöÇΓöÇΓöÇΓöÇΓöÇΓöÇΓöÇΓöÇΓöÇΓöÇΓöÇΓöÇΓöÇΓöÇΓöÇΓöÇΓöÇΓöÇΓöÇΓöÇΓöÇΓöÇΓöÇΓöÇΓöÇΓöÇΓöÇΓöÇΓöÇΓöÇΓöÇΓöÇΓöÇ

    Error Context: test-results\regression-Marketing-ΓÇô-Privacy-Terms-privacy-page-loads-Firefox\error-context.md

    Retry #1 ΓöÇΓöÇΓöÇΓöÇΓöÇΓöÇΓöÇΓöÇΓöÇΓöÇΓöÇΓöÇΓöÇΓöÇΓöÇΓöÇΓöÇΓöÇΓöÇΓöÇΓöÇΓöÇΓöÇΓöÇΓöÇΓöÇΓöÇΓöÇΓöÇΓöÇΓöÇΓöÇΓöÇΓöÇΓöÇΓöÇΓöÇΓöÇΓöÇΓöÇΓöÇΓöÇΓöÇΓöÇΓöÇΓöÇΓöÇΓöÇΓöÇΓöÇΓöÇΓöÇΓöÇΓöÇΓöÇΓöÇΓöÇΓöÇΓöÇΓöÇΓöÇΓöÇΓöÇΓöÇΓöÇΓöÇΓöÇΓöÇΓöÇΓöÇΓöÇΓöÇΓöÇΓöÇΓöÇΓöÇΓöÇΓöÇΓöÇΓöÇΓöÇΓöÇΓöÇΓöÇΓöÇΓöÇΓöÇ

    Error: page.goto: NS_ERROR_UNKNOWN_HOST
    Call log:
      - navigating to "https://thecareersetu.in/privacy", waiting until "load"


      65 | test.describe('Marketing ΓÇô Privacy & Terms', () => {
      66 |   test('privacy page loads', async ({ page }) => {
    > 67 |     await page.goto('/privacy')
         |                ^
      68 |     await expect(page.locator('h1').first()).toBeVisible()
      69 |   })
      70 |   test('terms page loads', async ({ page }) => {
        at C:\Users\amitc\CareerSetu\tests\e2e\regression.spec.ts:67:16

    attachment #1: screenshot (image/png) ΓöÇΓöÇΓöÇΓöÇΓöÇΓöÇΓöÇΓöÇΓöÇΓöÇΓöÇΓöÇΓöÇΓöÇΓöÇΓöÇΓöÇΓöÇΓöÇΓöÇΓöÇΓöÇΓöÇΓöÇΓöÇΓöÇΓöÇΓöÇΓöÇΓöÇΓöÇΓöÇΓöÇΓöÇΓöÇΓöÇΓöÇΓöÇΓöÇΓöÇΓöÇΓöÇΓöÇΓöÇΓöÇΓöÇΓöÇΓöÇΓöÇΓöÇΓöÇΓöÇΓöÇΓöÇΓöÇΓöÇΓöÇΓöÇ
    test-results\regression-Marketing-ΓÇô-Privacy-Terms-privacy-page-loads-Firefox-retry1\test-failed-1.png
    ΓöÇΓöÇΓöÇΓöÇΓöÇΓöÇΓöÇΓöÇΓöÇΓöÇΓöÇΓöÇΓöÇΓöÇΓöÇΓöÇΓöÇΓöÇΓöÇΓöÇΓöÇΓöÇΓöÇΓöÇΓöÇΓöÇΓöÇΓöÇΓöÇΓöÇΓöÇΓöÇΓöÇΓöÇΓöÇΓöÇΓöÇΓöÇΓöÇΓöÇΓöÇΓöÇΓöÇΓöÇΓöÇΓöÇΓöÇΓöÇΓöÇΓöÇΓöÇΓöÇΓöÇΓöÇΓöÇΓöÇΓöÇΓöÇΓöÇΓöÇΓöÇΓöÇΓöÇΓöÇΓöÇΓöÇΓöÇΓöÇΓöÇΓöÇΓöÇΓöÇΓöÇΓöÇΓöÇΓöÇΓöÇΓöÇΓöÇΓöÇΓöÇΓöÇΓöÇΓöÇΓöÇΓöÇΓöÇΓöÇΓöÇΓöÇΓöÇΓöÇΓöÇΓöÇΓöÇΓöÇ

    Error Context: test-results\regression-Marketing-ΓÇô-Privacy-Terms-privacy-page-loads-Firefox-retry1\error-context.md

  39) [Firefox] ΓÇ║ tests\e2e\regression.spec.ts:70:7 ΓÇ║ Marketing ΓÇô Privacy & Terms ΓÇ║ terms page loads 

    Error: page.goto: NS_ERROR_UNKNOWN_HOST
    Call log:
      - navigating to "https://thecareersetu.in/terms", waiting until "load"


      69 |   })
      70 |   test('terms page loads', async ({ page }) => {
    > 71 |     await page.goto('/terms')
         |                ^
      72 |     await expect(page.locator('h1').first()).toBeVisible()
      73 |   })
      74 | })
        at C:\Users\amitc\CareerSetu\tests\e2e\regression.spec.ts:71:16

    attachment #1: screenshot (image/png) ΓöÇΓöÇΓöÇΓöÇΓöÇΓöÇΓöÇΓöÇΓöÇΓöÇΓöÇΓöÇΓöÇΓöÇΓöÇΓöÇΓöÇΓöÇΓöÇΓöÇΓöÇΓöÇΓöÇΓöÇΓöÇΓöÇΓöÇΓöÇΓöÇΓöÇΓöÇΓöÇΓöÇΓöÇΓöÇΓöÇΓöÇΓöÇΓöÇΓöÇΓöÇΓöÇΓöÇΓöÇΓöÇΓöÇΓöÇΓöÇΓöÇΓöÇΓöÇΓöÇΓöÇΓöÇΓöÇΓöÇΓöÇΓöÇ
    test-results\regression-Marketing-ΓÇô-Privacy-Terms-terms-page-loads-Firefox\test-failed-1.png
    ΓöÇΓöÇΓöÇΓöÇΓöÇΓöÇΓöÇΓöÇΓöÇΓöÇΓöÇΓöÇΓöÇΓöÇΓöÇΓöÇΓöÇΓöÇΓöÇΓöÇΓöÇΓöÇΓöÇΓöÇΓöÇΓöÇΓöÇΓöÇΓöÇΓöÇΓöÇΓöÇΓöÇΓöÇΓöÇΓöÇΓöÇΓöÇΓöÇΓöÇΓöÇΓöÇΓöÇΓöÇΓöÇΓöÇΓöÇΓöÇΓöÇΓöÇΓöÇΓöÇΓöÇΓöÇΓöÇΓöÇΓöÇΓöÇΓöÇΓöÇΓöÇΓöÇΓöÇΓöÇΓöÇΓöÇΓöÇΓöÇΓöÇΓöÇΓöÇΓöÇΓöÇΓöÇΓöÇΓöÇΓöÇΓöÇΓöÇΓöÇΓöÇΓöÇΓöÇΓöÇΓöÇΓöÇΓöÇΓöÇΓöÇΓöÇΓöÇΓöÇΓöÇΓöÇΓöÇΓöÇ

    Error Context: test-results\regression-Marketing-ΓÇô-Privacy-Terms-terms-page-loads-Firefox\error-context.md

    Retry #1 ΓöÇΓöÇΓöÇΓöÇΓöÇΓöÇΓöÇΓöÇΓöÇΓöÇΓöÇΓöÇΓöÇΓöÇΓöÇΓöÇΓöÇΓöÇΓöÇΓöÇΓöÇΓöÇΓöÇΓöÇΓöÇΓöÇΓöÇΓöÇΓöÇΓöÇΓöÇΓöÇΓöÇΓöÇΓöÇΓöÇΓöÇΓöÇΓöÇΓöÇΓöÇΓöÇΓöÇΓöÇΓöÇΓöÇΓöÇΓöÇΓöÇΓöÇΓöÇΓöÇΓöÇΓöÇΓöÇΓöÇΓöÇΓöÇΓöÇΓöÇΓöÇΓöÇΓöÇΓöÇΓöÇΓöÇΓöÇΓöÇΓöÇΓöÇΓöÇΓöÇΓöÇΓöÇΓöÇΓöÇΓöÇΓöÇΓöÇΓöÇΓöÇΓöÇΓöÇΓöÇΓöÇΓöÇΓöÇ

    Error: page.goto: NS_ERROR_UNKNOWN_HOST
    Call log:
      - navigating to "https://thecareersetu.in/terms", waiting until "load"


      69 |   })
      70 |   test('terms page loads', async ({ page }) => {
    > 71 |     await page.goto('/terms')
         |                ^
      72 |     await expect(page.locator('h1').first()).toBeVisible()
      73 |   })
      74 | })
        at C:\Users\amitc\CareerSetu\tests\e2e\regression.spec.ts:71:16

    attachment #1: screenshot (image/png) ΓöÇΓöÇΓöÇΓöÇΓöÇΓöÇΓöÇΓöÇΓöÇΓöÇΓöÇΓöÇΓöÇΓöÇΓöÇΓöÇΓöÇΓöÇΓöÇΓöÇΓöÇΓöÇΓöÇΓöÇΓöÇΓöÇΓöÇΓöÇΓöÇΓöÇΓöÇΓöÇΓöÇΓöÇΓöÇΓöÇΓöÇΓöÇΓöÇΓöÇΓöÇΓöÇΓöÇΓöÇΓöÇΓöÇΓöÇΓöÇΓöÇΓöÇΓöÇΓöÇΓöÇΓöÇΓöÇΓöÇΓöÇΓöÇ
    test-results\regression-Marketing-ΓÇô-Privacy-Terms-terms-page-loads-Firefox-retry1\test-failed-1.png
    ΓöÇΓöÇΓöÇΓöÇΓöÇΓöÇΓöÇΓöÇΓöÇΓöÇΓöÇΓöÇΓöÇΓöÇΓöÇΓöÇΓöÇΓöÇΓöÇΓöÇΓöÇΓöÇΓöÇΓöÇΓöÇΓöÇΓöÇΓöÇΓöÇΓöÇΓöÇΓöÇΓöÇΓöÇΓöÇΓöÇΓöÇΓöÇΓöÇΓöÇΓöÇΓöÇΓöÇΓöÇΓöÇΓöÇΓöÇΓöÇΓöÇΓöÇΓöÇΓöÇΓöÇΓöÇΓöÇΓöÇΓöÇΓöÇΓöÇΓöÇΓöÇΓöÇΓöÇΓöÇΓöÇΓöÇΓöÇΓöÇΓöÇΓöÇΓöÇΓöÇΓöÇΓöÇΓöÇΓöÇΓöÇΓöÇΓöÇΓöÇΓöÇΓöÇΓöÇΓöÇΓöÇΓöÇΓöÇΓöÇΓöÇΓöÇΓöÇΓöÇΓöÇΓöÇΓöÇΓöÇ

    Error Context: test-results\regression-Marketing-ΓÇô-Privacy-Terms-terms-page-loads-Firefox-retry1\error-context.md

  40) [Firefox] ΓÇ║ tests\e2e\regression.spec.ts:79:7 ΓÇ║ Auth ΓÇô Login / Signup ΓÇ║ login page loads without redirect 

    Error: page.goto: NS_ERROR_UNKNOWN_HOST
    Call log:
      - navigating to "https://thecareersetu.in/login", waiting until "networkidle"


      78 | test.describe('Auth ΓÇô Login / Signup', () => {
      79 |   test('login page loads without redirect', async ({ page }) => {
    > 80 |     await page.goto('/login', { waitUntil: 'networkidle' })
         |                ^
      81 |     await expect(page).not.toHaveURL(/\/dashboard/)
      82 |     // Page content rendered (hydrated)
      83 |     await expect(page.locator('body')).not.toBeEmpty()
        at C:\Users\amitc\CareerSetu\tests\e2e\regression.spec.ts:80:16

    attachment #1: screenshot (image/png) ΓöÇΓöÇΓöÇΓöÇΓöÇΓöÇΓöÇΓöÇΓöÇΓöÇΓöÇΓöÇΓöÇΓöÇΓöÇΓöÇΓöÇΓöÇΓöÇΓöÇΓöÇΓöÇΓöÇΓöÇΓöÇΓöÇΓöÇΓöÇΓöÇΓöÇΓöÇΓöÇΓöÇΓöÇΓöÇΓöÇΓöÇΓöÇΓöÇΓöÇΓöÇΓöÇΓöÇΓöÇΓöÇΓöÇΓöÇΓöÇΓöÇΓöÇΓöÇΓöÇΓöÇΓöÇΓöÇΓöÇΓöÇΓöÇ
    test-results\regression-Auth-ΓÇô-Login-Si-e65f4-page-loads-without-redirect-Firefox\test-failed-1.png
    ΓöÇΓöÇΓöÇΓöÇΓöÇΓöÇΓöÇΓöÇΓöÇΓöÇΓöÇΓöÇΓöÇΓöÇΓöÇΓöÇΓöÇΓöÇΓöÇΓöÇΓöÇΓöÇΓöÇΓöÇΓöÇΓöÇΓöÇΓöÇΓöÇΓöÇΓöÇΓöÇΓöÇΓöÇΓöÇΓöÇΓöÇΓöÇΓöÇΓöÇΓöÇΓöÇΓöÇΓöÇΓöÇΓöÇΓöÇΓöÇΓöÇΓöÇΓöÇΓöÇΓöÇΓöÇΓöÇΓöÇΓöÇΓöÇΓöÇΓöÇΓöÇΓöÇΓöÇΓöÇΓöÇΓöÇΓöÇΓöÇΓöÇΓöÇΓöÇΓöÇΓöÇΓöÇΓöÇΓöÇΓöÇΓöÇΓöÇΓöÇΓöÇΓöÇΓöÇΓöÇΓöÇΓöÇΓöÇΓöÇΓöÇΓöÇΓöÇΓöÇΓöÇΓöÇΓöÇΓöÇ

    Error Context: test-results\regression-Auth-ΓÇô-Login-Si-e65f4-page-loads-without-redirect-Firefox\error-context.md

    Retry #1 ΓöÇΓöÇΓöÇΓöÇΓöÇΓöÇΓöÇΓöÇΓöÇΓöÇΓöÇΓöÇΓöÇΓöÇΓöÇΓöÇΓöÇΓöÇΓöÇΓöÇΓöÇΓöÇΓöÇΓöÇΓöÇΓöÇΓöÇΓöÇΓöÇΓöÇΓöÇΓöÇΓöÇΓöÇΓöÇΓöÇΓöÇΓöÇΓöÇΓöÇΓöÇΓöÇΓöÇΓöÇΓöÇΓöÇΓöÇΓöÇΓöÇΓöÇΓöÇΓöÇΓöÇΓöÇΓöÇΓöÇΓöÇΓöÇΓöÇΓöÇΓöÇΓöÇΓöÇΓöÇΓöÇΓöÇΓöÇΓöÇΓöÇΓöÇΓöÇΓöÇΓöÇΓöÇΓöÇΓöÇΓöÇΓöÇΓöÇΓöÇΓöÇΓöÇΓöÇΓöÇΓöÇΓöÇΓöÇ

    Error: page.goto: NS_ERROR_UNKNOWN_HOST
    Call log:
      - navigating to "https://thecareersetu.in/login", waiting until "networkidle"


      78 | test.describe('Auth ΓÇô Login / Signup', () => {
      79 |   test('login page loads without redirect', async ({ page }) => {
    > 80 |     await page.goto('/login', { waitUntil: 'networkidle' })
         |                ^
      81 |     await expect(page).not.toHaveURL(/\/dashboard/)
      82 |     // Page content rendered (hydrated)
      83 |     await expect(page.locator('body')).not.toBeEmpty()
        at C:\Users\amitc\CareerSetu\tests\e2e\regression.spec.ts:80:16

    attachment #1: screenshot (image/png) ΓöÇΓöÇΓöÇΓöÇΓöÇΓöÇΓöÇΓöÇΓöÇΓöÇΓöÇΓöÇΓöÇΓöÇΓöÇΓöÇΓöÇΓöÇΓöÇΓöÇΓöÇΓöÇΓöÇΓöÇΓöÇΓöÇΓöÇΓöÇΓöÇΓöÇΓöÇΓöÇΓöÇΓöÇΓöÇΓöÇΓöÇΓöÇΓöÇΓöÇΓöÇΓöÇΓöÇΓöÇΓöÇΓöÇΓöÇΓöÇΓöÇΓöÇΓöÇΓöÇΓöÇΓöÇΓöÇΓöÇΓöÇΓöÇ
    test-results\regression-Auth-ΓÇô-Login-Si-e65f4-page-loads-without-redirect-Firefox-retry1\test-failed-1.png
    ΓöÇΓöÇΓöÇΓöÇΓöÇΓöÇΓöÇΓöÇΓöÇΓöÇΓöÇΓöÇΓöÇΓöÇΓöÇΓöÇΓöÇΓöÇΓöÇΓöÇΓöÇΓöÇΓöÇΓöÇΓöÇΓöÇΓöÇΓöÇΓöÇΓöÇΓöÇΓöÇΓöÇΓöÇΓöÇΓöÇΓöÇΓöÇΓöÇΓöÇΓöÇΓöÇΓöÇΓöÇΓöÇΓöÇΓöÇΓöÇΓöÇΓöÇΓöÇΓöÇΓöÇΓöÇΓöÇΓöÇΓöÇΓöÇΓöÇΓöÇΓöÇΓöÇΓöÇΓöÇΓöÇΓöÇΓöÇΓöÇΓöÇΓöÇΓöÇΓöÇΓöÇΓöÇΓöÇΓöÇΓöÇΓöÇΓöÇΓöÇΓöÇΓöÇΓöÇΓöÇΓöÇΓöÇΓöÇΓöÇΓöÇΓöÇΓöÇΓöÇΓöÇΓöÇΓöÇΓöÇ

    Error Context: test-results\regression-Auth-ΓÇô-Login-Si-e65f4-page-loads-without-redirect-Firefox-retry1\error-context.md

  41) [Firefox] ΓÇ║ tests\e2e\regression.spec.ts:87:7 ΓÇ║ Auth ΓÇô Login / Signup ΓÇ║ signup page loads without redirect 

    Error: page.goto: NS_ERROR_UNKNOWN_HOST
    Call log:
      - navigating to "https://thecareersetu.in/signup", waiting until "networkidle"


      86 |
      87 |   test('signup page loads without redirect', async ({ page }) => {
    > 88 |     await page.goto('/signup', { waitUntil: 'networkidle' })
         |                ^
      89 |     await expect(page).not.toHaveURL(/\/dashboard/)
      90 |     await expect(page.locator('body')).not.toBeEmpty()
      91 |   })
        at C:\Users\amitc\CareerSetu\tests\e2e\regression.spec.ts:88:16

    attachment #1: screenshot (image/png) ΓöÇΓöÇΓöÇΓöÇΓöÇΓöÇΓöÇΓöÇΓöÇΓöÇΓöÇΓöÇΓöÇΓöÇΓöÇΓöÇΓöÇΓöÇΓöÇΓöÇΓöÇΓöÇΓöÇΓöÇΓöÇΓöÇΓöÇΓöÇΓöÇΓöÇΓöÇΓöÇΓöÇΓöÇΓöÇΓöÇΓöÇΓöÇΓöÇΓöÇΓöÇΓöÇΓöÇΓöÇΓöÇΓöÇΓöÇΓöÇΓöÇΓöÇΓöÇΓöÇΓöÇΓöÇΓöÇΓöÇΓöÇΓöÇ
    test-results\regression-Auth-ΓÇô-Login-Si-efc69-page-loads-without-redirect-Firefox\test-failed-1.png
    ΓöÇΓöÇΓöÇΓöÇΓöÇΓöÇΓöÇΓöÇΓöÇΓöÇΓöÇΓöÇΓöÇΓöÇΓöÇΓöÇΓöÇΓöÇΓöÇΓöÇΓöÇΓöÇΓöÇΓöÇΓöÇΓöÇΓöÇΓöÇΓöÇΓöÇΓöÇΓöÇΓöÇΓöÇΓöÇΓöÇΓöÇΓöÇΓöÇΓöÇΓöÇΓöÇΓöÇΓöÇΓöÇΓöÇΓöÇΓöÇΓöÇΓöÇΓöÇΓöÇΓöÇΓöÇΓöÇΓöÇΓöÇΓöÇΓöÇΓöÇΓöÇΓöÇΓöÇΓöÇΓöÇΓöÇΓöÇΓöÇΓöÇΓöÇΓöÇΓöÇΓöÇΓöÇΓöÇΓöÇΓöÇΓöÇΓöÇΓöÇΓöÇΓöÇΓöÇΓöÇΓöÇΓöÇΓöÇΓöÇΓöÇΓöÇΓöÇΓöÇΓöÇΓöÇΓöÇΓöÇ

    Error Context: test-results\regression-Auth-ΓÇô-Login-Si-efc69-page-loads-without-redirect-Firefox\error-context.md

    Retry #1 ΓöÇΓöÇΓöÇΓöÇΓöÇΓöÇΓöÇΓöÇΓöÇΓöÇΓöÇΓöÇΓöÇΓöÇΓöÇΓöÇΓöÇΓöÇΓöÇΓöÇΓöÇΓöÇΓöÇΓöÇΓöÇΓöÇΓöÇΓöÇΓöÇΓöÇΓöÇΓöÇΓöÇΓöÇΓöÇΓöÇΓöÇΓöÇΓöÇΓöÇΓöÇΓöÇΓöÇΓöÇΓöÇΓöÇΓöÇΓöÇΓöÇΓöÇΓöÇΓöÇΓöÇΓöÇΓöÇΓöÇΓöÇΓöÇΓöÇΓöÇΓöÇΓöÇΓöÇΓöÇΓöÇΓöÇΓöÇΓöÇΓöÇΓöÇΓöÇΓöÇΓöÇΓöÇΓöÇΓöÇΓöÇΓöÇΓöÇΓöÇΓöÇΓöÇΓöÇΓöÇΓöÇΓöÇΓöÇ

    Error: page.goto: NS_ERROR_UNKNOWN_HOST
    Call log:
      - navigating to "https://thecareersetu.in/signup", waiting until "networkidle"


      86 |
      87 |   test('signup page loads without redirect', async ({ page }) => {
    > 88 |     await page.goto('/signup', { waitUntil: 'networkidle' })
         |                ^
      89 |     await expect(page).not.toHaveURL(/\/dashboard/)
      90 |     await expect(page.locator('body')).not.toBeEmpty()
      91 |   })
        at C:\Users\amitc\CareerSetu\tests\e2e\regression.spec.ts:88:16

    attachment #1: screenshot (image/png) ΓöÇΓöÇΓöÇΓöÇΓöÇΓöÇΓöÇΓöÇΓöÇΓöÇΓöÇΓöÇΓöÇΓöÇΓöÇΓöÇΓöÇΓöÇΓöÇΓöÇΓöÇΓöÇΓöÇΓöÇΓöÇΓöÇΓöÇΓöÇΓöÇΓöÇΓöÇΓöÇΓöÇΓöÇΓöÇΓöÇΓöÇΓöÇΓöÇΓöÇΓöÇΓöÇΓöÇΓöÇΓöÇΓöÇΓöÇΓöÇΓöÇΓöÇΓöÇΓöÇΓöÇΓöÇΓöÇΓöÇΓöÇΓöÇ
    test-results\regression-Auth-ΓÇô-Login-Si-efc69-page-loads-without-redirect-Firefox-retry1\test-failed-1.png
    ΓöÇΓöÇΓöÇΓöÇΓöÇΓöÇΓöÇΓöÇΓöÇΓöÇΓöÇΓöÇΓöÇΓöÇΓöÇΓöÇΓöÇΓöÇΓöÇΓöÇΓöÇΓöÇΓöÇΓöÇΓöÇΓöÇΓöÇΓöÇΓöÇΓöÇΓöÇΓöÇΓöÇΓöÇΓöÇΓöÇΓöÇΓöÇΓöÇΓöÇΓöÇΓöÇΓöÇΓöÇΓöÇΓöÇΓöÇΓöÇΓöÇΓöÇΓöÇΓöÇΓöÇΓöÇΓöÇΓöÇΓöÇΓöÇΓöÇΓöÇΓöÇΓöÇΓöÇΓöÇΓöÇΓöÇΓöÇΓöÇΓöÇΓöÇΓöÇΓöÇΓöÇΓöÇΓöÇΓöÇΓöÇΓöÇΓöÇΓöÇΓöÇΓöÇΓöÇΓöÇΓöÇΓöÇΓöÇΓöÇΓöÇΓöÇΓöÇΓöÇΓöÇΓöÇΓöÇΓöÇ

    Error Context: test-results\regression-Auth-ΓÇô-Login-Si-efc69-page-loads-without-redirect-Firefox-retry1\error-context.md

  42) [Firefox] ΓÇ║ tests\e2e\regression.spec.ts:109:9 ΓÇ║ Auth guard ΓÇô unauthenticated redirects ΓÇ║ /dashboard ΓåÆ redirects to /login 

    Error: page.goto: NS_ERROR_UNKNOWN_HOST
    Call log:
      - navigating to "https://thecareersetu.in/dashboard", waiting until "load"


      108 |   for (const route of protectedRoutes) {
      109 |     test(`${route} ΓåÆ redirects to /login`, async ({ page }) => {
    > 110 |       await page.goto(route)
          |                  ^
      111 |       await expect(page).toHaveURL(/\/login/)
      112 |     })
      113 |   }
        at C:\Users\amitc\CareerSetu\tests\e2e\regression.spec.ts:110:18

    attachment #1: screenshot (image/png) ΓöÇΓöÇΓöÇΓöÇΓöÇΓöÇΓöÇΓöÇΓöÇΓöÇΓöÇΓöÇΓöÇΓöÇΓöÇΓöÇΓöÇΓöÇΓöÇΓöÇΓöÇΓöÇΓöÇΓöÇΓöÇΓöÇΓöÇΓöÇΓöÇΓöÇΓöÇΓöÇΓöÇΓöÇΓöÇΓöÇΓöÇΓöÇΓöÇΓöÇΓöÇΓöÇΓöÇΓöÇΓöÇΓöÇΓöÇΓöÇΓöÇΓöÇΓöÇΓöÇΓöÇΓöÇΓöÇΓöÇΓöÇΓöÇ
    test-results\regression-Auth-guard-ΓÇô-un-a1aaf-hboard-ΓåÆ-redirects-to-login-Firefox\test-failed-1.png
    ΓöÇΓöÇΓöÇΓöÇΓöÇΓöÇΓöÇΓöÇΓöÇΓöÇΓöÇΓöÇΓöÇΓöÇΓöÇΓöÇΓöÇΓöÇΓöÇΓöÇΓöÇΓöÇΓöÇΓöÇΓöÇΓöÇΓöÇΓöÇΓöÇΓöÇΓöÇΓöÇΓöÇΓöÇΓöÇΓöÇΓöÇΓöÇΓöÇΓöÇΓöÇΓöÇΓöÇΓöÇΓöÇΓöÇΓöÇΓöÇΓöÇΓöÇΓöÇΓöÇΓöÇΓöÇΓöÇΓöÇΓöÇΓöÇΓöÇΓöÇΓöÇΓöÇΓöÇΓöÇΓöÇΓöÇΓöÇΓöÇΓöÇΓöÇΓöÇΓöÇΓöÇΓöÇΓöÇΓöÇΓöÇΓöÇΓöÇΓöÇΓöÇΓöÇΓöÇΓöÇΓöÇΓöÇΓöÇΓöÇΓöÇΓöÇΓöÇΓöÇΓöÇΓöÇΓöÇΓöÇ

    Error Context: test-results\regression-Auth-guard-ΓÇô-un-a1aaf-hboard-ΓåÆ-redirects-to-login-Firefox\error-context.md

    Retry #1 ΓöÇΓöÇΓöÇΓöÇΓöÇΓöÇΓöÇΓöÇΓöÇΓöÇΓöÇΓöÇΓöÇΓöÇΓöÇΓöÇΓöÇΓöÇΓöÇΓöÇΓöÇΓöÇΓöÇΓöÇΓöÇΓöÇΓöÇΓöÇΓöÇΓöÇΓöÇΓöÇΓöÇΓöÇΓöÇΓöÇΓöÇΓöÇΓöÇΓöÇΓöÇΓöÇΓöÇΓöÇΓöÇΓöÇΓöÇΓöÇΓöÇΓöÇΓöÇΓöÇΓöÇΓöÇΓöÇΓöÇΓöÇΓöÇΓöÇΓöÇΓöÇΓöÇΓöÇΓöÇΓöÇΓöÇΓöÇΓöÇΓöÇΓöÇΓöÇΓöÇΓöÇΓöÇΓöÇΓöÇΓöÇΓöÇΓöÇΓöÇΓöÇΓöÇΓöÇΓöÇΓöÇΓöÇΓöÇ

    Error: page.goto: NS_ERROR_UNKNOWN_HOST
    Call log:
      - navigating to "https://thecareersetu.in/dashboard", waiting until "load"


      108 |   for (const route of protectedRoutes) {
      109 |     test(`${route} ΓåÆ redirects to /login`, async ({ page }) => {
    > 110 |       await page.goto(route)
          |                  ^
      111 |       await expect(page).toHaveURL(/\/login/)
      112 |     })
      113 |   }
        at C:\Users\amitc\CareerSetu\tests\e2e\regression.spec.ts:110:18

    attachment #1: screenshot (image/png) ΓöÇΓöÇΓöÇΓöÇΓöÇΓöÇΓöÇΓöÇΓöÇΓöÇΓöÇΓöÇΓöÇΓöÇΓöÇΓöÇΓöÇΓöÇΓöÇΓöÇΓöÇΓöÇΓöÇΓöÇΓöÇΓöÇΓöÇΓöÇΓöÇΓöÇΓöÇΓöÇΓöÇΓöÇΓöÇΓöÇΓöÇΓöÇΓöÇΓöÇΓöÇΓöÇΓöÇΓöÇΓöÇΓöÇΓöÇΓöÇΓöÇΓöÇΓöÇΓöÇΓöÇΓöÇΓöÇΓöÇΓöÇΓöÇ
    test-results\regression-Auth-guard-ΓÇô-un-a1aaf-hboard-ΓåÆ-redirects-to-login-Firefox-retry1\test-failed-1.png
    ΓöÇΓöÇΓöÇΓöÇΓöÇΓöÇΓöÇΓöÇΓöÇΓöÇΓöÇΓöÇΓöÇΓöÇΓöÇΓöÇΓöÇΓöÇΓöÇΓöÇΓöÇΓöÇΓöÇΓöÇΓöÇΓöÇΓöÇΓöÇΓöÇΓöÇΓöÇΓöÇΓöÇΓöÇΓöÇΓöÇΓöÇΓöÇΓöÇΓöÇΓöÇΓöÇΓöÇΓöÇΓöÇΓöÇΓöÇΓöÇΓöÇΓöÇΓöÇΓöÇΓöÇΓöÇΓöÇΓöÇΓöÇΓöÇΓöÇΓöÇΓöÇΓöÇΓöÇΓöÇΓöÇΓöÇΓöÇΓöÇΓöÇΓöÇΓöÇΓöÇΓöÇΓöÇΓöÇΓöÇΓöÇΓöÇΓöÇΓöÇΓöÇΓöÇΓöÇΓöÇΓöÇΓöÇΓöÇΓöÇΓöÇΓöÇΓöÇΓöÇΓöÇΓöÇΓöÇΓöÇ

    Error Context: test-results\regression-Auth-guard-ΓÇô-un-a1aaf-hboard-ΓåÆ-redirects-to-login-Firefox-retry1\error-context.md

  43) [Firefox] ΓÇ║ tests\e2e\regression.spec.ts:109:9 ΓÇ║ Auth guard ΓÇô unauthenticated redirects ΓÇ║ /practice ΓåÆ redirects to /login 

    Error: page.goto: NS_ERROR_UNKNOWN_HOST
    Call log:
      - navigating to "https://thecareersetu.in/practice", waiting until "load"


      108 |   for (const route of protectedRoutes) {
      109 |     test(`${route} ΓåÆ redirects to /login`, async ({ page }) => {
    > 110 |       await page.goto(route)
          |                  ^
      111 |       await expect(page).toHaveURL(/\/login/)
      112 |     })
      113 |   }
        at C:\Users\amitc\CareerSetu\tests\e2e\regression.spec.ts:110:18

    attachment #1: screenshot (image/png) ΓöÇΓöÇΓöÇΓöÇΓöÇΓöÇΓöÇΓöÇΓöÇΓöÇΓöÇΓöÇΓöÇΓöÇΓöÇΓöÇΓöÇΓöÇΓöÇΓöÇΓöÇΓöÇΓöÇΓöÇΓöÇΓöÇΓöÇΓöÇΓöÇΓöÇΓöÇΓöÇΓöÇΓöÇΓöÇΓöÇΓöÇΓöÇΓöÇΓöÇΓöÇΓöÇΓöÇΓöÇΓöÇΓöÇΓöÇΓöÇΓöÇΓöÇΓöÇΓöÇΓöÇΓöÇΓöÇΓöÇΓöÇΓöÇ
    test-results\regression-Auth-guard-ΓÇô-un-5f11e-actice-ΓåÆ-redirects-to-login-Firefox\test-failed-1.png
    ΓöÇΓöÇΓöÇΓöÇΓöÇΓöÇΓöÇΓöÇΓöÇΓöÇΓöÇΓöÇΓöÇΓöÇΓöÇΓöÇΓöÇΓöÇΓöÇΓöÇΓöÇΓöÇΓöÇΓöÇΓöÇΓöÇΓöÇΓöÇΓöÇΓöÇΓöÇΓöÇΓöÇΓöÇΓöÇΓöÇΓöÇΓöÇΓöÇΓöÇΓöÇΓöÇΓöÇΓöÇΓöÇΓöÇΓöÇΓöÇΓöÇΓöÇΓöÇΓöÇΓöÇΓöÇΓöÇΓöÇΓöÇΓöÇΓöÇΓöÇΓöÇΓöÇΓöÇΓöÇΓöÇΓöÇΓöÇΓöÇΓöÇΓöÇΓöÇΓöÇΓöÇΓöÇΓöÇΓöÇΓöÇΓöÇΓöÇΓöÇΓöÇΓöÇΓöÇΓöÇΓöÇΓöÇΓöÇΓöÇΓöÇΓöÇΓöÇΓöÇΓöÇΓöÇΓöÇΓöÇ

    Error Context: test-results\regression-Auth-guard-ΓÇô-un-5f11e-actice-ΓåÆ-redirects-to-login-Firefox\error-context.md

    Retry #1 ΓöÇΓöÇΓöÇΓöÇΓöÇΓöÇΓöÇΓöÇΓöÇΓöÇΓöÇΓöÇΓöÇΓöÇΓöÇΓöÇΓöÇΓöÇΓöÇΓöÇΓöÇΓöÇΓöÇΓöÇΓöÇΓöÇΓöÇΓöÇΓöÇΓöÇΓöÇΓöÇΓöÇΓöÇΓöÇΓöÇΓöÇΓöÇΓöÇΓöÇΓöÇΓöÇΓöÇΓöÇΓöÇΓöÇΓöÇΓöÇΓöÇΓöÇΓöÇΓöÇΓöÇΓöÇΓöÇΓöÇΓöÇΓöÇΓöÇΓöÇΓöÇΓöÇΓöÇΓöÇΓöÇΓöÇΓöÇΓöÇΓöÇΓöÇΓöÇΓöÇΓöÇΓöÇΓöÇΓöÇΓöÇΓöÇΓöÇΓöÇΓöÇΓöÇΓöÇΓöÇΓöÇΓöÇΓöÇ

    Error: page.goto: NS_ERROR_UNKNOWN_HOST
    Call log:
      - navigating to "https://thecareersetu.in/practice", waiting until "load"


      108 |   for (const route of protectedRoutes) {
      109 |     test(`${route} ΓåÆ redirects to /login`, async ({ page }) => {
    > 110 |       await page.goto(route)
          |                  ^
      111 |       await expect(page).toHaveURL(/\/login/)
      112 |     })
      113 |   }
        at C:\Users\amitc\CareerSetu\tests\e2e\regression.spec.ts:110:18

    attachment #1: screenshot (image/png) ΓöÇΓöÇΓöÇΓöÇΓöÇΓöÇΓöÇΓöÇΓöÇΓöÇΓöÇΓöÇΓöÇΓöÇΓöÇΓöÇΓöÇΓöÇΓöÇΓöÇΓöÇΓöÇΓöÇΓöÇΓöÇΓöÇΓöÇΓöÇΓöÇΓöÇΓöÇΓöÇΓöÇΓöÇΓöÇΓöÇΓöÇΓöÇΓöÇΓöÇΓöÇΓöÇΓöÇΓöÇΓöÇΓöÇΓöÇΓöÇΓöÇΓöÇΓöÇΓöÇΓöÇΓöÇΓöÇΓöÇΓöÇΓöÇ
    test-results\regression-Auth-guard-ΓÇô-un-5f11e-actice-ΓåÆ-redirects-to-login-Firefox-retry1\test-failed-1.png
    ΓöÇΓöÇΓöÇΓöÇΓöÇΓöÇΓöÇΓöÇΓöÇΓöÇΓöÇΓöÇΓöÇΓöÇΓöÇΓöÇΓöÇΓöÇΓöÇΓöÇΓöÇΓöÇΓöÇΓöÇΓöÇΓöÇΓöÇΓöÇΓöÇΓöÇΓöÇΓöÇΓöÇΓöÇΓöÇΓöÇΓöÇΓöÇΓöÇΓöÇΓöÇΓöÇΓöÇΓöÇΓöÇΓöÇΓöÇΓöÇΓöÇΓöÇΓöÇΓöÇΓöÇΓöÇΓöÇΓöÇΓöÇΓöÇΓöÇΓöÇΓöÇΓöÇΓöÇΓöÇΓöÇΓöÇΓöÇΓöÇΓöÇΓöÇΓöÇΓöÇΓöÇΓöÇΓöÇΓöÇΓöÇΓöÇΓöÇΓöÇΓöÇΓöÇΓöÇΓöÇΓöÇΓöÇΓöÇΓöÇΓöÇΓöÇΓöÇΓöÇΓöÇΓöÇΓöÇΓöÇ

    Error Context: test-results\regression-Auth-guard-ΓÇô-un-5f11e-actice-ΓåÆ-redirects-to-login-Firefox-retry1\error-context.md

  44) [Firefox] ΓÇ║ tests\e2e\regression.spec.ts:109:9 ΓÇ║ Auth guard ΓÇô unauthenticated redirects ΓÇ║ /reports ΓåÆ redirects to /login 

    Error: page.goto: NS_ERROR_UNKNOWN_HOST
    Call log:
      - navigating to "https://thecareersetu.in/reports", waiting until "load"


      108 |   for (const route of protectedRoutes) {
      109 |     test(`${route} ΓåÆ redirects to /login`, async ({ page }) => {
    > 110 |       await page.goto(route)
          |                  ^
      111 |       await expect(page).toHaveURL(/\/login/)
      112 |     })
      113 |   }
        at C:\Users\amitc\CareerSetu\tests\e2e\regression.spec.ts:110:18

    attachment #1: screenshot (image/png) ΓöÇΓöÇΓöÇΓöÇΓöÇΓöÇΓöÇΓöÇΓöÇΓöÇΓöÇΓöÇΓöÇΓöÇΓöÇΓöÇΓöÇΓöÇΓöÇΓöÇΓöÇΓöÇΓöÇΓöÇΓöÇΓöÇΓöÇΓöÇΓöÇΓöÇΓöÇΓöÇΓöÇΓöÇΓöÇΓöÇΓöÇΓöÇΓöÇΓöÇΓöÇΓöÇΓöÇΓöÇΓöÇΓöÇΓöÇΓöÇΓöÇΓöÇΓöÇΓöÇΓöÇΓöÇΓöÇΓöÇΓöÇΓöÇ
    test-results\regression-Auth-guard-ΓÇô-un-bed1d-eports-ΓåÆ-redirects-to-login-Firefox\test-failed-1.png
    ΓöÇΓöÇΓöÇΓöÇΓöÇΓöÇΓöÇΓöÇΓöÇΓöÇΓöÇΓöÇΓöÇΓöÇΓöÇΓöÇΓöÇΓöÇΓöÇΓöÇΓöÇΓöÇΓöÇΓöÇΓöÇΓöÇΓöÇΓöÇΓöÇΓöÇΓöÇΓöÇΓöÇΓöÇΓöÇΓöÇΓöÇΓöÇΓöÇΓöÇΓöÇΓöÇΓöÇΓöÇΓöÇΓöÇΓöÇΓöÇΓöÇΓöÇΓöÇΓöÇΓöÇΓöÇΓöÇΓöÇΓöÇΓöÇΓöÇΓöÇΓöÇΓöÇΓöÇΓöÇΓöÇΓöÇΓöÇΓöÇΓöÇΓöÇΓöÇΓöÇΓöÇΓöÇΓöÇΓöÇΓöÇΓöÇΓöÇΓöÇΓöÇΓöÇΓöÇΓöÇΓöÇΓöÇΓöÇΓöÇΓöÇΓöÇΓöÇΓöÇΓöÇΓöÇΓöÇΓöÇ

    Error Context: test-results\regression-Auth-guard-ΓÇô-un-bed1d-eports-ΓåÆ-redirects-to-login-Firefox\error-context.md

    Retry #1 ΓöÇΓöÇΓöÇΓöÇΓöÇΓöÇΓöÇΓöÇΓöÇΓöÇΓöÇΓöÇΓöÇΓöÇΓöÇΓöÇΓöÇΓöÇΓöÇΓöÇΓöÇΓöÇΓöÇΓöÇΓöÇΓöÇΓöÇΓöÇΓöÇΓöÇΓöÇΓöÇΓöÇΓöÇΓöÇΓöÇΓöÇΓöÇΓöÇΓöÇΓöÇΓöÇΓöÇΓöÇΓöÇΓöÇΓöÇΓöÇΓöÇΓöÇΓöÇΓöÇΓöÇΓöÇΓöÇΓöÇΓöÇΓöÇΓöÇΓöÇΓöÇΓöÇΓöÇΓöÇΓöÇΓöÇΓöÇΓöÇΓöÇΓöÇΓöÇΓöÇΓöÇΓöÇΓöÇΓöÇΓöÇΓöÇΓöÇΓöÇΓöÇΓöÇΓöÇΓöÇΓöÇΓöÇΓöÇ

    Error: page.goto: NS_ERROR_UNKNOWN_HOST
    Call log:
      - navigating to "https://thecareersetu.in/reports", waiting until "load"


      108 |   for (const route of protectedRoutes) {
      109 |     test(`${route} ΓåÆ redirects to /login`, async ({ page }) => {
    > 110 |       await page.goto(route)
          |                  ^
      111 |       await expect(page).toHaveURL(/\/login/)
      112 |     })
      113 |   }
        at C:\Users\amitc\CareerSetu\tests\e2e\regression.spec.ts:110:18

    attachment #1: screenshot (image/png) ΓöÇΓöÇΓöÇΓöÇΓöÇΓöÇΓöÇΓöÇΓöÇΓöÇΓöÇΓöÇΓöÇΓöÇΓöÇΓöÇΓöÇΓöÇΓöÇΓöÇΓöÇΓöÇΓöÇΓöÇΓöÇΓöÇΓöÇΓöÇΓöÇΓöÇΓöÇΓöÇΓöÇΓöÇΓöÇΓöÇΓöÇΓöÇΓöÇΓöÇΓöÇΓöÇΓöÇΓöÇΓöÇΓöÇΓöÇΓöÇΓöÇΓöÇΓöÇΓöÇΓöÇΓöÇΓöÇΓöÇΓöÇΓöÇ
    test-results\regression-Auth-guard-ΓÇô-un-bed1d-eports-ΓåÆ-redirects-to-login-Firefox-retry1\test-failed-1.png
    ΓöÇΓöÇΓöÇΓöÇΓöÇΓöÇΓöÇΓöÇΓöÇΓöÇΓöÇΓöÇΓöÇΓöÇΓöÇΓöÇΓöÇΓöÇΓöÇΓöÇΓöÇΓöÇΓöÇΓöÇΓöÇΓöÇΓöÇΓöÇΓöÇΓöÇΓöÇΓöÇΓöÇΓöÇΓöÇΓöÇΓöÇΓöÇΓöÇΓöÇΓöÇΓöÇΓöÇΓöÇΓöÇΓöÇΓöÇΓöÇΓöÇΓöÇΓöÇΓöÇΓöÇΓöÇΓöÇΓöÇΓöÇΓöÇΓöÇΓöÇΓöÇΓöÇΓöÇΓöÇΓöÇΓöÇΓöÇΓöÇΓöÇΓöÇΓöÇΓöÇΓöÇΓöÇΓöÇΓöÇΓöÇΓöÇΓöÇΓöÇΓöÇΓöÇΓöÇΓöÇΓöÇΓöÇΓöÇΓöÇΓöÇΓöÇΓöÇΓöÇΓöÇΓöÇΓöÇΓöÇ

    Error Context: test-results\regression-Auth-guard-ΓÇô-un-bed1d-eports-ΓåÆ-redirects-to-login-Firefox-retry1\error-context.md

  45) [Firefox] ΓÇ║ tests\e2e\regression.spec.ts:109:9 ΓÇ║ Auth guard ΓÇô unauthenticated redirects ΓÇ║ /resume-builder ΓåÆ redirects to /login 

    Error: page.goto: NS_ERROR_UNKNOWN_HOST
    Call log:
      - navigating to "https://thecareersetu.in/resume-builder", waiting until "load"


      108 |   for (const route of protectedRoutes) {
      109 |     test(`${route} ΓåÆ redirects to /login`, async ({ page }) => {
    > 110 |       await page.goto(route)
          |                  ^
      111 |       await expect(page).toHaveURL(/\/login/)
      112 |     })
      113 |   }
        at C:\Users\amitc\CareerSetu\tests\e2e\regression.spec.ts:110:18

    attachment #1: screenshot (image/png) ΓöÇΓöÇΓöÇΓöÇΓöÇΓöÇΓöÇΓöÇΓöÇΓöÇΓöÇΓöÇΓöÇΓöÇΓöÇΓöÇΓöÇΓöÇΓöÇΓöÇΓöÇΓöÇΓöÇΓöÇΓöÇΓöÇΓöÇΓöÇΓöÇΓöÇΓöÇΓöÇΓöÇΓöÇΓöÇΓöÇΓöÇΓöÇΓöÇΓöÇΓöÇΓöÇΓöÇΓöÇΓöÇΓöÇΓöÇΓöÇΓöÇΓöÇΓöÇΓöÇΓöÇΓöÇΓöÇΓöÇΓöÇΓöÇ
    test-results\regression-Auth-guard-ΓÇô-un-7c213-uilder-ΓåÆ-redirects-to-login-Firefox\test-failed-1.png
    ΓöÇΓöÇΓöÇΓöÇΓöÇΓöÇΓöÇΓöÇΓöÇΓöÇΓöÇΓöÇΓöÇΓöÇΓöÇΓöÇΓöÇΓöÇΓöÇΓöÇΓöÇΓöÇΓöÇΓöÇΓöÇΓöÇΓöÇΓöÇΓöÇΓöÇΓöÇΓöÇΓöÇΓöÇΓöÇΓöÇΓöÇΓöÇΓöÇΓöÇΓöÇΓöÇΓöÇΓöÇΓöÇΓöÇΓöÇΓöÇΓöÇΓöÇΓöÇΓöÇΓöÇΓöÇΓöÇΓöÇΓöÇΓöÇΓöÇΓöÇΓöÇΓöÇΓöÇΓöÇΓöÇΓöÇΓöÇΓöÇΓöÇΓöÇΓöÇΓöÇΓöÇΓöÇΓöÇΓöÇΓöÇΓöÇΓöÇΓöÇΓöÇΓöÇΓöÇΓöÇΓöÇΓöÇΓöÇΓöÇΓöÇΓöÇΓöÇΓöÇΓöÇΓöÇΓöÇΓöÇ

    Error Context: test-results\regression-Auth-guard-ΓÇô-un-7c213-uilder-ΓåÆ-redirects-to-login-Firefox\error-context.md

    Retry #1 ΓöÇΓöÇΓöÇΓöÇΓöÇΓöÇΓöÇΓöÇΓöÇΓöÇΓöÇΓöÇΓöÇΓöÇΓöÇΓöÇΓöÇΓöÇΓöÇΓöÇΓöÇΓöÇΓöÇΓöÇΓöÇΓöÇΓöÇΓöÇΓöÇΓöÇΓöÇΓöÇΓöÇΓöÇΓöÇΓöÇΓöÇΓöÇΓöÇΓöÇΓöÇΓöÇΓöÇΓöÇΓöÇΓöÇΓöÇΓöÇΓöÇΓöÇΓöÇΓöÇΓöÇΓöÇΓöÇΓöÇΓöÇΓöÇΓöÇΓöÇΓöÇΓöÇΓöÇΓöÇΓöÇΓöÇΓöÇΓöÇΓöÇΓöÇΓöÇΓöÇΓöÇΓöÇΓöÇΓöÇΓöÇΓöÇΓöÇΓöÇΓöÇΓöÇΓöÇΓöÇΓöÇΓöÇΓöÇ

    Error: page.goto: NS_ERROR_UNKNOWN_HOST
    Call log:
      - navigating to "https://thecareersetu.in/resume-builder", waiting until "load"


      108 |   for (const route of protectedRoutes) {
      109 |     test(`${route} ΓåÆ redirects to /login`, async ({ page }) => {
    > 110 |       await page.goto(route)
          |                  ^
      111 |       await expect(page).toHaveURL(/\/login/)
      112 |     })
      113 |   }
        at C:\Users\amitc\CareerSetu\tests\e2e\regression.spec.ts:110:18

    attachment #1: screenshot (image/png) ΓöÇΓöÇΓöÇΓöÇΓöÇΓöÇΓöÇΓöÇΓöÇΓöÇΓöÇΓöÇΓöÇΓöÇΓöÇΓöÇΓöÇΓöÇΓöÇΓöÇΓöÇΓöÇΓöÇΓöÇΓöÇΓöÇΓöÇΓöÇΓöÇΓöÇΓöÇΓöÇΓöÇΓöÇΓöÇΓöÇΓöÇΓöÇΓöÇΓöÇΓöÇΓöÇΓöÇΓöÇΓöÇΓöÇΓöÇΓöÇΓöÇΓöÇΓöÇΓöÇΓöÇΓöÇΓöÇΓöÇΓöÇΓöÇ
    test-results\regression-Auth-guard-ΓÇô-un-7c213-uilder-ΓåÆ-redirects-to-login-Firefox-retry1\test-failed-1.png
    ΓöÇΓöÇΓöÇΓöÇΓöÇΓöÇΓöÇΓöÇΓöÇΓöÇΓöÇΓöÇΓöÇΓöÇΓöÇΓöÇΓöÇΓöÇΓöÇΓöÇΓöÇΓöÇΓöÇΓöÇΓöÇΓöÇΓöÇΓöÇΓöÇΓöÇΓöÇΓöÇΓöÇΓöÇΓöÇΓöÇΓöÇΓöÇΓöÇΓöÇΓöÇΓöÇΓöÇΓöÇΓöÇΓöÇΓöÇΓöÇΓöÇΓöÇΓöÇΓöÇΓöÇΓöÇΓöÇΓöÇΓöÇΓöÇΓöÇΓöÇΓöÇΓöÇΓöÇΓöÇΓöÇΓöÇΓöÇΓöÇΓöÇΓöÇΓöÇΓöÇΓöÇΓöÇΓöÇΓöÇΓöÇΓöÇΓöÇΓöÇΓöÇΓöÇΓöÇΓöÇΓöÇΓöÇΓöÇΓöÇΓöÇΓöÇΓöÇΓöÇΓöÇΓöÇΓöÇΓöÇ

    Error Context: test-results\regression-Auth-guard-ΓÇô-un-7c213-uilder-ΓåÆ-redirects-to-login-Firefox-retry1\error-context.md

  46) [Firefox] ΓÇ║ tests\e2e\regression.spec.ts:109:9 ΓÇ║ Auth guard ΓÇô unauthenticated redirects ΓÇ║ /jobs ΓåÆ redirects to /login 

    Error: page.goto: NS_ERROR_UNKNOWN_HOST
    Call log:
      - navigating to "https://thecareersetu.in/jobs", waiting until "load"


      108 |   for (const route of protectedRoutes) {
      109 |     test(`${route} ΓåÆ redirects to /login`, async ({ page }) => {
    > 110 |       await page.goto(route)
          |                  ^
      111 |       await expect(page).toHaveURL(/\/login/)
      112 |     })
      113 |   }
        at C:\Users\amitc\CareerSetu\tests\e2e\regression.spec.ts:110:18

    attachment #1: screenshot (image/png) ΓöÇΓöÇΓöÇΓöÇΓöÇΓöÇΓöÇΓöÇΓöÇΓöÇΓöÇΓöÇΓöÇΓöÇΓöÇΓöÇΓöÇΓöÇΓöÇΓöÇΓöÇΓöÇΓöÇΓöÇΓöÇΓöÇΓöÇΓöÇΓöÇΓöÇΓöÇΓöÇΓöÇΓöÇΓöÇΓöÇΓöÇΓöÇΓöÇΓöÇΓöÇΓöÇΓöÇΓöÇΓöÇΓöÇΓöÇΓöÇΓöÇΓöÇΓöÇΓöÇΓöÇΓöÇΓöÇΓöÇΓöÇΓöÇ
    test-results\regression-Auth-guard-ΓÇô-un-651d8-s-jobs-ΓåÆ-redirects-to-login-Firefox\test-failed-1.png
    ΓöÇΓöÇΓöÇΓöÇΓöÇΓöÇΓöÇΓöÇΓöÇΓöÇΓöÇΓöÇΓöÇΓöÇΓöÇΓöÇΓöÇΓöÇΓöÇΓöÇΓöÇΓöÇΓöÇΓöÇΓöÇΓöÇΓöÇΓöÇΓöÇΓöÇΓöÇΓöÇΓöÇΓöÇΓöÇΓöÇΓöÇΓöÇΓöÇΓöÇΓöÇΓöÇΓöÇΓöÇΓöÇΓöÇΓöÇΓöÇΓöÇΓöÇΓöÇΓöÇΓöÇΓöÇΓöÇΓöÇΓöÇΓöÇΓöÇΓöÇΓöÇΓöÇΓöÇΓöÇΓöÇΓöÇΓöÇΓöÇΓöÇΓöÇΓöÇΓöÇΓöÇΓöÇΓöÇΓöÇΓöÇΓöÇΓöÇΓöÇΓöÇΓöÇΓöÇΓöÇΓöÇΓöÇΓöÇΓöÇΓöÇΓöÇΓöÇΓöÇΓöÇΓöÇΓöÇΓöÇ

    Error Context: test-results\regression-Auth-guard-ΓÇô-un-651d8-s-jobs-ΓåÆ-redirects-to-login-Firefox\error-context.md

    Retry #1 ΓöÇΓöÇΓöÇΓöÇΓöÇΓöÇΓöÇΓöÇΓöÇΓöÇΓöÇΓöÇΓöÇΓöÇΓöÇΓöÇΓöÇΓöÇΓöÇΓöÇΓöÇΓöÇΓöÇΓöÇΓöÇΓöÇΓöÇΓöÇΓöÇΓöÇΓöÇΓöÇΓöÇΓöÇΓöÇΓöÇΓöÇΓöÇΓöÇΓöÇΓöÇΓöÇΓöÇΓöÇΓöÇΓöÇΓöÇΓöÇΓöÇΓöÇΓöÇΓöÇΓöÇΓöÇΓöÇΓöÇΓöÇΓöÇΓöÇΓöÇΓöÇΓöÇΓöÇΓöÇΓöÇΓöÇΓöÇΓöÇΓöÇΓöÇΓöÇΓöÇΓöÇΓöÇΓöÇΓöÇΓöÇΓöÇΓöÇΓöÇΓöÇΓöÇΓöÇΓöÇΓöÇΓöÇΓöÇ

    Error: page.goto: NS_ERROR_UNKNOWN_HOST
    Call log:
      - navigating to "https://thecareersetu.in/jobs", waiting until "load"


      108 |   for (const route of protectedRoutes) {
      109 |     test(`${route} ΓåÆ redirects to /login`, async ({ page }) => {
    > 110 |       await page.goto(route)
          |                  ^
      111 |       await expect(page).toHaveURL(/\/login/)
      112 |     })
      113 |   }
        at C:\Users\amitc\CareerSetu\tests\e2e\regression.spec.ts:110:18

    attachment #1: screenshot (image/png) ΓöÇΓöÇΓöÇΓöÇΓöÇΓöÇΓöÇΓöÇΓöÇΓöÇΓöÇΓöÇΓöÇΓöÇΓöÇΓöÇΓöÇΓöÇΓöÇΓöÇΓöÇΓöÇΓöÇΓöÇΓöÇΓöÇΓöÇΓöÇΓöÇΓöÇΓöÇΓöÇΓöÇΓöÇΓöÇΓöÇΓöÇΓöÇΓöÇΓöÇΓöÇΓöÇΓöÇΓöÇΓöÇΓöÇΓöÇΓöÇΓöÇΓöÇΓöÇΓöÇΓöÇΓöÇΓöÇΓöÇΓöÇΓöÇ
    test-results\regression-Auth-guard-ΓÇô-un-651d8-s-jobs-ΓåÆ-redirects-to-login-Firefox-retry1\test-failed-1.png
    ΓöÇΓöÇΓöÇΓöÇΓöÇΓöÇΓöÇΓöÇΓöÇΓöÇΓöÇΓöÇΓöÇΓöÇΓöÇΓöÇΓöÇΓöÇΓöÇΓöÇΓöÇΓöÇΓöÇΓöÇΓöÇΓöÇΓöÇΓöÇΓöÇΓöÇΓöÇΓöÇΓöÇΓöÇΓöÇΓöÇΓöÇΓöÇΓöÇΓöÇΓöÇΓöÇΓöÇΓöÇΓöÇΓöÇΓöÇΓöÇΓöÇΓöÇΓöÇΓöÇΓöÇΓöÇΓöÇΓöÇΓöÇΓöÇΓöÇΓöÇΓöÇΓöÇΓöÇΓöÇΓöÇΓöÇΓöÇΓöÇΓöÇΓöÇΓöÇΓöÇΓöÇΓöÇΓöÇΓöÇΓöÇΓöÇΓöÇΓöÇΓöÇΓöÇΓöÇΓöÇΓöÇΓöÇΓöÇΓöÇΓöÇΓöÇΓöÇΓöÇΓöÇΓöÇΓöÇΓöÇ

    Error Context: test-results\regression-Auth-guard-ΓÇô-un-651d8-s-jobs-ΓåÆ-redirects-to-login-Firefox-retry1\error-context.md

  47) [Firefox] ΓÇ║ tests\e2e\regression.spec.ts:109:9 ΓÇ║ Auth guard ΓÇô unauthenticated redirects ΓÇ║ /profile ΓåÆ redirects to /login 

    Error: page.goto: NS_ERROR_UNKNOWN_HOST
    Call log:
      - navigating to "https://thecareersetu.in/profile", waiting until "load"


      108 |   for (const route of protectedRoutes) {
      109 |     test(`${route} ΓåÆ redirects to /login`, async ({ page }) => {
    > 110 |       await page.goto(route)
          |                  ^
      111 |       await expect(page).toHaveURL(/\/login/)
      112 |     })
      113 |   }
        at C:\Users\amitc\CareerSetu\tests\e2e\regression.spec.ts:110:18

    attachment #1: screenshot (image/png) ΓöÇΓöÇΓöÇΓöÇΓöÇΓöÇΓöÇΓöÇΓöÇΓöÇΓöÇΓöÇΓöÇΓöÇΓöÇΓöÇΓöÇΓöÇΓöÇΓöÇΓöÇΓöÇΓöÇΓöÇΓöÇΓöÇΓöÇΓöÇΓöÇΓöÇΓöÇΓöÇΓöÇΓöÇΓöÇΓöÇΓöÇΓöÇΓöÇΓöÇΓöÇΓöÇΓöÇΓöÇΓöÇΓöÇΓöÇΓöÇΓöÇΓöÇΓöÇΓöÇΓöÇΓöÇΓöÇΓöÇΓöÇΓöÇ
    test-results\regression-Auth-guard-ΓÇô-un-4a622-rofile-ΓåÆ-redirects-to-login-Firefox\test-failed-1.png
    ΓöÇΓöÇΓöÇΓöÇΓöÇΓöÇΓöÇΓöÇΓöÇΓöÇΓöÇΓöÇΓöÇΓöÇΓöÇΓöÇΓöÇΓöÇΓöÇΓöÇΓöÇΓöÇΓöÇΓöÇΓöÇΓöÇΓöÇΓöÇΓöÇΓöÇΓöÇΓöÇΓöÇΓöÇΓöÇΓöÇΓöÇΓöÇΓöÇΓöÇΓöÇΓöÇΓöÇΓöÇΓöÇΓöÇΓöÇΓöÇΓöÇΓöÇΓöÇΓöÇΓöÇΓöÇΓöÇΓöÇΓöÇΓöÇΓöÇΓöÇΓöÇΓöÇΓöÇΓöÇΓöÇΓöÇΓöÇΓöÇΓöÇΓöÇΓöÇΓöÇΓöÇΓöÇΓöÇΓöÇΓöÇΓöÇΓöÇΓöÇΓöÇΓöÇΓöÇΓöÇΓöÇΓöÇΓöÇΓöÇΓöÇΓöÇΓöÇΓöÇΓöÇΓöÇΓöÇΓöÇ

    Error Context: test-results\regression-Auth-guard-ΓÇô-un-4a622-rofile-ΓåÆ-redirects-to-login-Firefox\error-context.md

    Retry #1 ΓöÇΓöÇΓöÇΓöÇΓöÇΓöÇΓöÇΓöÇΓöÇΓöÇΓöÇΓöÇΓöÇΓöÇΓöÇΓöÇΓöÇΓöÇΓöÇΓöÇΓöÇΓöÇΓöÇΓöÇΓöÇΓöÇΓöÇΓöÇΓöÇΓöÇΓöÇΓöÇΓöÇΓöÇΓöÇΓöÇΓöÇΓöÇΓöÇΓöÇΓöÇΓöÇΓöÇΓöÇΓöÇΓöÇΓöÇΓöÇΓöÇΓöÇΓöÇΓöÇΓöÇΓöÇΓöÇΓöÇΓöÇΓöÇΓöÇΓöÇΓöÇΓöÇΓöÇΓöÇΓöÇΓöÇΓöÇΓöÇΓöÇΓöÇΓöÇΓöÇΓöÇΓöÇΓöÇΓöÇΓöÇΓöÇΓöÇΓöÇΓöÇΓöÇΓöÇΓöÇΓöÇΓöÇΓöÇ

    Error: page.goto: NS_ERROR_UNKNOWN_HOST
    Call log:
      - navigating to "https://thecareersetu.in/profile", waiting until "load"


      108 |   for (const route of protectedRoutes) {
      109 |     test(`${route} ΓåÆ redirects to /login`, async ({ page }) => {
    > 110 |       await page.goto(route)
          |                  ^
      111 |       await expect(page).toHaveURL(/\/login/)
      112 |     })
      113 |   }
        at C:\Users\amitc\CareerSetu\tests\e2e\regression.spec.ts:110:18

    attachment #1: screenshot (image/png) ΓöÇΓöÇΓöÇΓöÇΓöÇΓöÇΓöÇΓöÇΓöÇΓöÇΓöÇΓöÇΓöÇΓöÇΓöÇΓöÇΓöÇΓöÇΓöÇΓöÇΓöÇΓöÇΓöÇΓöÇΓöÇΓöÇΓöÇΓöÇΓöÇΓöÇΓöÇΓöÇΓöÇΓöÇΓöÇΓöÇΓöÇΓöÇΓöÇΓöÇΓöÇΓöÇΓöÇΓöÇΓöÇΓöÇΓöÇΓöÇΓöÇΓöÇΓöÇΓöÇΓöÇΓöÇΓöÇΓöÇΓöÇΓöÇ
    test-results\regression-Auth-guard-ΓÇô-un-4a622-rofile-ΓåÆ-redirects-to-login-Firefox-retry1\test-failed-1.png
    ΓöÇΓöÇΓöÇΓöÇΓöÇΓöÇΓöÇΓöÇΓöÇΓöÇΓöÇΓöÇΓöÇΓöÇΓöÇΓöÇΓöÇΓöÇΓöÇΓöÇΓöÇΓöÇΓöÇΓöÇΓöÇΓöÇΓöÇΓöÇΓöÇΓöÇΓöÇΓöÇΓöÇΓöÇΓöÇΓöÇΓöÇΓöÇΓöÇΓöÇΓöÇΓöÇΓöÇΓöÇΓöÇΓöÇΓöÇΓöÇΓöÇΓöÇΓöÇΓöÇΓöÇΓöÇΓöÇΓöÇΓöÇΓöÇΓöÇΓöÇΓöÇΓöÇΓöÇΓöÇΓöÇΓöÇΓöÇΓöÇΓöÇΓöÇΓöÇΓöÇΓöÇΓöÇΓöÇΓöÇΓöÇΓöÇΓöÇΓöÇΓöÇΓöÇΓöÇΓöÇΓöÇΓöÇΓöÇΓöÇΓöÇΓöÇΓöÇΓöÇΓöÇΓöÇΓöÇΓöÇ

    Error Context: test-results\regression-Auth-guard-ΓÇô-un-4a622-rofile-ΓåÆ-redirects-to-login-Firefox-retry1\error-context.md

  48) [Firefox] ΓÇ║ tests\e2e\regression.spec.ts:109:9 ΓÇ║ Auth guard ΓÇô unauthenticated redirects ΓÇ║ /subscription ΓåÆ redirects to /login 

    Error: page.goto: NS_ERROR_UNKNOWN_HOST
    Call log:
      - navigating to "https://thecareersetu.in/subscription", waiting until "load"


      108 |   for (const route of protectedRoutes) {
      109 |     test(`${route} ΓåÆ redirects to /login`, async ({ page }) => {
    > 110 |       await page.goto(route)
          |                  ^
      111 |       await expect(page).toHaveURL(/\/login/)
      112 |     })
      113 |   }
        at C:\Users\amitc\CareerSetu\tests\e2e\regression.spec.ts:110:18

    attachment #1: screenshot (image/png) ΓöÇΓöÇΓöÇΓöÇΓöÇΓöÇΓöÇΓöÇΓöÇΓöÇΓöÇΓöÇΓöÇΓöÇΓöÇΓöÇΓöÇΓöÇΓöÇΓöÇΓöÇΓöÇΓöÇΓöÇΓöÇΓöÇΓöÇΓöÇΓöÇΓöÇΓöÇΓöÇΓöÇΓöÇΓöÇΓöÇΓöÇΓöÇΓöÇΓöÇΓöÇΓöÇΓöÇΓöÇΓöÇΓöÇΓöÇΓöÇΓöÇΓöÇΓöÇΓöÇΓöÇΓöÇΓöÇΓöÇΓöÇΓöÇ
    test-results\regression-Auth-guard-ΓÇô-un-4cc60-iption-ΓåÆ-redirects-to-login-Firefox\test-failed-1.png
    ΓöÇΓöÇΓöÇΓöÇΓöÇΓöÇΓöÇΓöÇΓöÇΓöÇΓöÇΓöÇΓöÇΓöÇΓöÇΓöÇΓöÇΓöÇΓöÇΓöÇΓöÇΓöÇΓöÇΓöÇΓöÇΓöÇΓöÇΓöÇΓöÇΓöÇΓöÇΓöÇΓöÇΓöÇΓöÇΓöÇΓöÇΓöÇΓöÇΓöÇΓöÇΓöÇΓöÇΓöÇΓöÇΓöÇΓöÇΓöÇΓöÇΓöÇΓöÇΓöÇΓöÇΓöÇΓöÇΓöÇΓöÇΓöÇΓöÇΓöÇΓöÇΓöÇΓöÇΓöÇΓöÇΓöÇΓöÇΓöÇΓöÇΓöÇΓöÇΓöÇΓöÇΓöÇΓöÇΓöÇΓöÇΓöÇΓöÇΓöÇΓöÇΓöÇΓöÇΓöÇΓöÇΓöÇΓöÇΓöÇΓöÇΓöÇΓöÇΓöÇΓöÇΓöÇΓöÇΓöÇ

    Error Context: test-results\regression-Auth-guard-ΓÇô-un-4cc60-iption-ΓåÆ-redirects-to-login-Firefox\error-context.md

    Retry #1 ΓöÇΓöÇΓöÇΓöÇΓöÇΓöÇΓöÇΓöÇΓöÇΓöÇΓöÇΓöÇΓöÇΓöÇΓöÇΓöÇΓöÇΓöÇΓöÇΓöÇΓöÇΓöÇΓöÇΓöÇΓöÇΓöÇΓöÇΓöÇΓöÇΓöÇΓöÇΓöÇΓöÇΓöÇΓöÇΓöÇΓöÇΓöÇΓöÇΓöÇΓöÇΓöÇΓöÇΓöÇΓöÇΓöÇΓöÇΓöÇΓöÇΓöÇΓöÇΓöÇΓöÇΓöÇΓöÇΓöÇΓöÇΓöÇΓöÇΓöÇΓöÇΓöÇΓöÇΓöÇΓöÇΓöÇΓöÇΓöÇΓöÇΓöÇΓöÇΓöÇΓöÇΓöÇΓöÇΓöÇΓöÇΓöÇΓöÇΓöÇΓöÇΓöÇΓöÇΓöÇΓöÇΓöÇΓöÇ

    Error: page.goto: NS_ERROR_UNKNOWN_HOST
    Call log:
      - navigating to "https://thecareersetu.in/subscription", waiting until "load"


      108 |   for (const route of protectedRoutes) {
      109 |     test(`${route} ΓåÆ redirects to /login`, async ({ page }) => {
    > 110 |       await page.goto(route)
          |                  ^
      111 |       await expect(page).toHaveURL(/\/login/)
      112 |     })
      113 |   }
        at C:\Users\amitc\CareerSetu\tests\e2e\regression.spec.ts:110:18

    attachment #1: screenshot (image/png) ΓöÇΓöÇΓöÇΓöÇΓöÇΓöÇΓöÇΓöÇΓöÇΓöÇΓöÇΓöÇΓöÇΓöÇΓöÇΓöÇΓöÇΓöÇΓöÇΓöÇΓöÇΓöÇΓöÇΓöÇΓöÇΓöÇΓöÇΓöÇΓöÇΓöÇΓöÇΓöÇΓöÇΓöÇΓöÇΓöÇΓöÇΓöÇΓöÇΓöÇΓöÇΓöÇΓöÇΓöÇΓöÇΓöÇΓöÇΓöÇΓöÇΓöÇΓöÇΓöÇΓöÇΓöÇΓöÇΓöÇΓöÇΓöÇ
    test-results\regression-Auth-guard-ΓÇô-un-4cc60-iption-ΓåÆ-redirects-to-login-Firefox-retry1\test-failed-1.png
    ΓöÇΓöÇΓöÇΓöÇΓöÇΓöÇΓöÇΓöÇΓöÇΓöÇΓöÇΓöÇΓöÇΓöÇΓöÇΓöÇΓöÇΓöÇΓöÇΓöÇΓöÇΓöÇΓöÇΓöÇΓöÇΓöÇΓöÇΓöÇΓöÇΓöÇΓöÇΓöÇΓöÇΓöÇΓöÇΓöÇΓöÇΓöÇΓöÇΓöÇΓöÇΓöÇΓöÇΓöÇΓöÇΓöÇΓöÇΓöÇΓöÇΓöÇΓöÇΓöÇΓöÇΓöÇΓöÇΓöÇΓöÇΓöÇΓöÇΓöÇΓöÇΓöÇΓöÇΓöÇΓöÇΓöÇΓöÇΓöÇΓöÇΓöÇΓöÇΓöÇΓöÇΓöÇΓöÇΓöÇΓöÇΓöÇΓöÇΓöÇΓöÇΓöÇΓöÇΓöÇΓöÇΓöÇΓöÇΓöÇΓöÇΓöÇΓöÇΓöÇΓöÇΓöÇΓöÇΓöÇ

    Error Context: test-results\regression-Auth-guard-ΓÇô-un-4cc60-iption-ΓåÆ-redirects-to-login-Firefox-retry1\error-context.md

  49) [Firefox] ΓÇ║ tests\e2e\regression.spec.ts:109:9 ΓÇ║ Auth guard ΓÇô unauthenticated redirects ΓÇ║ /question-bank ΓåÆ redirects to /login 

    Error: page.goto: NS_ERROR_UNKNOWN_HOST
    Call log:
      - navigating to "https://thecareersetu.in/question-bank", waiting until "load"


      108 |   for (const route of protectedRoutes) {
      109 |     test(`${route} ΓåÆ redirects to /login`, async ({ page }) => {
    > 110 |       await page.goto(route)
          |                  ^
      111 |       await expect(page).toHaveURL(/\/login/)
      112 |     })
      113 |   }
        at C:\Users\amitc\CareerSetu\tests\e2e\regression.spec.ts:110:18

    attachment #1: screenshot (image/png) ΓöÇΓöÇΓöÇΓöÇΓöÇΓöÇΓöÇΓöÇΓöÇΓöÇΓöÇΓöÇΓöÇΓöÇΓöÇΓöÇΓöÇΓöÇΓöÇΓöÇΓöÇΓöÇΓöÇΓöÇΓöÇΓöÇΓöÇΓöÇΓöÇΓöÇΓöÇΓöÇΓöÇΓöÇΓöÇΓöÇΓöÇΓöÇΓöÇΓöÇΓöÇΓöÇΓöÇΓöÇΓöÇΓöÇΓöÇΓöÇΓöÇΓöÇΓöÇΓöÇΓöÇΓöÇΓöÇΓöÇΓöÇΓöÇ
    test-results\regression-Auth-guard-ΓÇô-un-91c30-n-bank-ΓåÆ-redirects-to-login-Firefox\test-failed-1.png
    ΓöÇΓöÇΓöÇΓöÇΓöÇΓöÇΓöÇΓöÇΓöÇΓöÇΓöÇΓöÇΓöÇΓöÇΓöÇΓöÇΓöÇΓöÇΓöÇΓöÇΓöÇΓöÇΓöÇΓöÇΓöÇΓöÇΓöÇΓöÇΓöÇΓöÇΓöÇΓöÇΓöÇΓöÇΓöÇΓöÇΓöÇΓöÇΓöÇΓöÇΓöÇΓöÇΓöÇΓöÇΓöÇΓöÇΓöÇΓöÇΓöÇΓöÇΓöÇΓöÇΓöÇΓöÇΓöÇΓöÇΓöÇΓöÇΓöÇΓöÇΓöÇΓöÇΓöÇΓöÇΓöÇΓöÇΓöÇΓöÇΓöÇΓöÇΓöÇΓöÇΓöÇΓöÇΓöÇΓöÇΓöÇΓöÇΓöÇΓöÇΓöÇΓöÇΓöÇΓöÇΓöÇΓöÇΓöÇΓöÇΓöÇΓöÇΓöÇΓöÇΓöÇΓöÇΓöÇΓöÇ

    Error Context: test-results\regression-Auth-guard-ΓÇô-un-91c30-n-bank-ΓåÆ-redirects-to-login-Firefox\error-context.md

    Retry #1 ΓöÇΓöÇΓöÇΓöÇΓöÇΓöÇΓöÇΓöÇΓöÇΓöÇΓöÇΓöÇΓöÇΓöÇΓöÇΓöÇΓöÇΓöÇΓöÇΓöÇΓöÇΓöÇΓöÇΓöÇΓöÇΓöÇΓöÇΓöÇΓöÇΓöÇΓöÇΓöÇΓöÇΓöÇΓöÇΓöÇΓöÇΓöÇΓöÇΓöÇΓöÇΓöÇΓöÇΓöÇΓöÇΓöÇΓöÇΓöÇΓöÇΓöÇΓöÇΓöÇΓöÇΓöÇΓöÇΓöÇΓöÇΓöÇΓöÇΓöÇΓöÇΓöÇΓöÇΓöÇΓöÇΓöÇΓöÇΓöÇΓöÇΓöÇΓöÇΓöÇΓöÇΓöÇΓöÇΓöÇΓöÇΓöÇΓöÇΓöÇΓöÇΓöÇΓöÇΓöÇΓöÇΓöÇΓöÇ

    Error: page.goto: NS_ERROR_UNKNOWN_HOST
    Call log:
      - navigating to "https://thecareersetu.in/question-bank", waiting until "load"


      108 |   for (const route of protectedRoutes) {
      109 |     test(`${route} ΓåÆ redirects to /login`, async ({ page }) => {
    > 110 |       await page.goto(route)
          |                  ^
      111 |       await expect(page).toHaveURL(/\/login/)
      112 |     })
      113 |   }
        at C:\Users\amitc\CareerSetu\tests\e2e\regression.spec.ts:110:18

    attachment #1: screenshot (image/png) ΓöÇΓöÇΓöÇΓöÇΓöÇΓöÇΓöÇΓöÇΓöÇΓöÇΓöÇΓöÇΓöÇΓöÇΓöÇΓöÇΓöÇΓöÇΓöÇΓöÇΓöÇΓöÇΓöÇΓöÇΓöÇΓöÇΓöÇΓöÇΓöÇΓöÇΓöÇΓöÇΓöÇΓöÇΓöÇΓöÇΓöÇΓöÇΓöÇΓöÇΓöÇΓöÇΓöÇΓöÇΓöÇΓöÇΓöÇΓöÇΓöÇΓöÇΓöÇΓöÇΓöÇΓöÇΓöÇΓöÇΓöÇΓöÇ
    test-results\regression-Auth-guard-ΓÇô-un-91c30-n-bank-ΓåÆ-redirects-to-login-Firefox-retry1\test-failed-1.png
    ΓöÇΓöÇΓöÇΓöÇΓöÇΓöÇΓöÇΓöÇΓöÇΓöÇΓöÇΓöÇΓöÇΓöÇΓöÇΓöÇΓöÇΓöÇΓöÇΓöÇΓöÇΓöÇΓöÇΓöÇΓöÇΓöÇΓöÇΓöÇΓöÇΓöÇΓöÇΓöÇΓöÇΓöÇΓöÇΓöÇΓöÇΓöÇΓöÇΓöÇΓöÇΓöÇΓöÇΓöÇΓöÇΓöÇΓöÇΓöÇΓöÇΓöÇΓöÇΓöÇΓöÇΓöÇΓöÇΓöÇΓöÇΓöÇΓöÇΓöÇΓöÇΓöÇΓöÇΓöÇΓöÇΓöÇΓöÇΓöÇΓöÇΓöÇΓöÇΓöÇΓöÇΓöÇΓöÇΓöÇΓöÇΓöÇΓöÇΓöÇΓöÇΓöÇΓöÇΓöÇΓöÇΓöÇΓöÇΓöÇΓöÇΓöÇΓöÇΓöÇΓöÇΓöÇΓöÇΓöÇ

    Error Context: test-results\regression-Auth-guard-ΓÇô-un-91c30-n-bank-ΓåÆ-redirects-to-login-Firefox-retry1\error-context.md

  50) [Firefox] ΓÇ║ tests\e2e\regression.spec.ts:119:7 ΓÇ║ Theme toggle ΓÇ║ dark mode class toggled on html element 

    Error: page.goto: NS_ERROR_UNKNOWN_HOST
    Call log:
      - navigating to "https://thecareersetu.in/", waiting until "load"


      118 | test.describe('Theme toggle', () => {
      119 |   test('dark mode class toggled on html element', async ({ page }) => {
    > 120 |     await page.goto('/')
          |                ^
      121 |     // Find toggle button (aria-label contains "dark" or "light")
      122 |     const toggle = page.getByRole('button', { name: /switch to dark|switch to light|toggle theme/i }).first()
      123 |     // If not found by aria-label, fall back to Sun/Moon icon button
        at C:\Users\amitc\CareerSetu\tests\e2e\regression.spec.ts:120:16

    attachment #1: screenshot (image/png) ΓöÇΓöÇΓöÇΓöÇΓöÇΓöÇΓöÇΓöÇΓöÇΓöÇΓöÇΓöÇΓöÇΓöÇΓöÇΓöÇΓöÇΓöÇΓöÇΓöÇΓöÇΓöÇΓöÇΓöÇΓöÇΓöÇΓöÇΓöÇΓöÇΓöÇΓöÇΓöÇΓöÇΓöÇΓöÇΓöÇΓöÇΓöÇΓöÇΓöÇΓöÇΓöÇΓöÇΓöÇΓöÇΓöÇΓöÇΓöÇΓöÇΓöÇΓöÇΓöÇΓöÇΓöÇΓöÇΓöÇΓöÇΓöÇ
    test-results\regression-Theme-toggle-da-2d58a-ass-toggled-on-html-element-Firefox\test-failed-1.png
    ΓöÇΓöÇΓöÇΓöÇΓöÇΓöÇΓöÇΓöÇΓöÇΓöÇΓöÇΓöÇΓöÇΓöÇΓöÇΓöÇΓöÇΓöÇΓöÇΓöÇΓöÇΓöÇΓöÇΓöÇΓöÇΓöÇΓöÇΓöÇΓöÇΓöÇΓöÇΓöÇΓöÇΓöÇΓöÇΓöÇΓöÇΓöÇΓöÇΓöÇΓöÇΓöÇΓöÇΓöÇΓöÇΓöÇΓöÇΓöÇΓöÇΓöÇΓöÇΓöÇΓöÇΓöÇΓöÇΓöÇΓöÇΓöÇΓöÇΓöÇΓöÇΓöÇΓöÇΓöÇΓöÇΓöÇΓöÇΓöÇΓöÇΓöÇΓöÇΓöÇΓöÇΓöÇΓöÇΓöÇΓöÇΓöÇΓöÇΓöÇΓöÇΓöÇΓöÇΓöÇΓöÇΓöÇΓöÇΓöÇΓöÇΓöÇΓöÇΓöÇΓöÇΓöÇΓöÇΓöÇ

    Error Context: test-results\regression-Theme-toggle-da-2d58a-ass-toggled-on-html-element-Firefox\error-context.md

    Retry #1 ΓöÇΓöÇΓöÇΓöÇΓöÇΓöÇΓöÇΓöÇΓöÇΓöÇΓöÇΓöÇΓöÇΓöÇΓöÇΓöÇΓöÇΓöÇΓöÇΓöÇΓöÇΓöÇΓöÇΓöÇΓöÇΓöÇΓöÇΓöÇΓöÇΓöÇΓöÇΓöÇΓöÇΓöÇΓöÇΓöÇΓöÇΓöÇΓöÇΓöÇΓöÇΓöÇΓöÇΓöÇΓöÇΓöÇΓöÇΓöÇΓöÇΓöÇΓöÇΓöÇΓöÇΓöÇΓöÇΓöÇΓöÇΓöÇΓöÇΓöÇΓöÇΓöÇΓöÇΓöÇΓöÇΓöÇΓöÇΓöÇΓöÇΓöÇΓöÇΓöÇΓöÇΓöÇΓöÇΓöÇΓöÇΓöÇΓöÇΓöÇΓöÇΓöÇΓöÇΓöÇΓöÇΓöÇΓöÇ

    Error: page.goto: NS_ERROR_UNKNOWN_HOST
    Call log:
      - navigating to "https://thecareersetu.in/", waiting until "load"


      118 | test.describe('Theme toggle', () => {
      119 |   test('dark mode class toggled on html element', async ({ page }) => {
    > 120 |     await page.goto('/')
          |                ^
      121 |     // Find toggle button (aria-label contains "dark" or "light")
      122 |     const toggle = page.getByRole('button', { name: /switch to dark|switch to light|toggle theme/i }).first()
      123 |     // If not found by aria-label, fall back to Sun/Moon icon button
        at C:\Users\amitc\CareerSetu\tests\e2e\regression.spec.ts:120:16

    attachment #1: screenshot (image/png) ΓöÇΓöÇΓöÇΓöÇΓöÇΓöÇΓöÇΓöÇΓöÇΓöÇΓöÇΓöÇΓöÇΓöÇΓöÇΓöÇΓöÇΓöÇΓöÇΓöÇΓöÇΓöÇΓöÇΓöÇΓöÇΓöÇΓöÇΓöÇΓöÇΓöÇΓöÇΓöÇΓöÇΓöÇΓöÇΓöÇΓöÇΓöÇΓöÇΓöÇΓöÇΓöÇΓöÇΓöÇΓöÇΓöÇΓöÇΓöÇΓöÇΓöÇΓöÇΓöÇΓöÇΓöÇΓöÇΓöÇΓöÇΓöÇ
    test-results\regression-Theme-toggle-da-2d58a-ass-toggled-on-html-element-Firefox-retry1\test-failed-1.png
    ΓöÇΓöÇΓöÇΓöÇΓöÇΓöÇΓöÇΓöÇΓöÇΓöÇΓöÇΓöÇΓöÇΓöÇΓöÇΓöÇΓöÇΓöÇΓöÇΓöÇΓöÇΓöÇΓöÇΓöÇΓöÇΓöÇΓöÇΓöÇΓöÇΓöÇΓöÇΓöÇΓöÇΓöÇΓöÇΓöÇΓöÇΓöÇΓöÇΓöÇΓöÇΓöÇΓöÇΓöÇΓöÇΓöÇΓöÇΓöÇΓöÇΓöÇΓöÇΓöÇΓöÇΓöÇΓöÇΓöÇΓöÇΓöÇΓöÇΓöÇΓöÇΓöÇΓöÇΓöÇΓöÇΓöÇΓöÇΓöÇΓöÇΓöÇΓöÇΓöÇΓöÇΓöÇΓöÇΓöÇΓöÇΓöÇΓöÇΓöÇΓöÇΓöÇΓöÇΓöÇΓöÇΓöÇΓöÇΓöÇΓöÇΓöÇΓöÇΓöÇΓöÇΓöÇΓöÇΓöÇ

    Error Context: test-results\regression-Theme-toggle-da-2d58a-ass-toggled-on-html-element-Firefox-retry1\error-context.md

  51) [Firefox] ΓÇ║ tests\e2e\regression.spec.ts:147:7 ΓÇ║ Navbar ΓÇ║ mobile menu opens and closes ΓöÇΓöÇΓöÇΓöÇΓöÇΓöÇΓöÇ

    Error: page.goto: NS_ERROR_UNKNOWN_HOST
    Call log:
      - navigating to "https://thecareersetu.in/", waiting until "load"


      147 |   test('mobile menu opens and closes', async ({ page }) => {
      148 |     await page.setViewportSize({ width: 375, height: 812 })
    > 149 |     await page.goto('/')
          |                ^
      150 |     const menuBtn = page.getByRole('button', { name: /toggle menu|menu/i })
      151 |     await menuBtn.click()
      152 |     // Sheet/menu content should appear
        at C:\Users\amitc\CareerSetu\tests\e2e\regression.spec.ts:149:16

    attachment #1: screenshot (image/png) ΓöÇΓöÇΓöÇΓöÇΓöÇΓöÇΓöÇΓöÇΓöÇΓöÇΓöÇΓöÇΓöÇΓöÇΓöÇΓöÇΓöÇΓöÇΓöÇΓöÇΓöÇΓöÇΓöÇΓöÇΓöÇΓöÇΓöÇΓöÇΓöÇΓöÇΓöÇΓöÇΓöÇΓöÇΓöÇΓöÇΓöÇΓöÇΓöÇΓöÇΓöÇΓöÇΓöÇΓöÇΓöÇΓöÇΓöÇΓöÇΓöÇΓöÇΓöÇΓöÇΓöÇΓöÇΓöÇΓöÇΓöÇΓöÇ
    test-results\regression-Navbar-mobile-menu-opens-and-closes-Firefox\test-failed-1.png
    ΓöÇΓöÇΓöÇΓöÇΓöÇΓöÇΓöÇΓöÇΓöÇΓöÇΓöÇΓöÇΓöÇΓöÇΓöÇΓöÇΓöÇΓöÇΓöÇΓöÇΓöÇΓöÇΓöÇΓöÇΓöÇΓöÇΓöÇΓöÇΓöÇΓöÇΓöÇΓöÇΓöÇΓöÇΓöÇΓöÇΓöÇΓöÇΓöÇΓöÇΓöÇΓöÇΓöÇΓöÇΓöÇΓöÇΓöÇΓöÇΓöÇΓöÇΓöÇΓöÇΓöÇΓöÇΓöÇΓöÇΓöÇΓöÇΓöÇΓöÇΓöÇΓöÇΓöÇΓöÇΓöÇΓöÇΓöÇΓöÇΓöÇΓöÇΓöÇΓöÇΓöÇΓöÇΓöÇΓöÇΓöÇΓöÇΓöÇΓöÇΓöÇΓöÇΓöÇΓöÇΓöÇΓöÇΓöÇΓöÇΓöÇΓöÇΓöÇΓöÇΓöÇΓöÇΓöÇΓöÇ

    Error Context: test-results\regression-Navbar-mobile-menu-opens-and-closes-Firefox\error-context.md

    Retry #1 ΓöÇΓöÇΓöÇΓöÇΓöÇΓöÇΓöÇΓöÇΓöÇΓöÇΓöÇΓöÇΓöÇΓöÇΓöÇΓöÇΓöÇΓöÇΓöÇΓöÇΓöÇΓöÇΓöÇΓöÇΓöÇΓöÇΓöÇΓöÇΓöÇΓöÇΓöÇΓöÇΓöÇΓöÇΓöÇΓöÇΓöÇΓöÇΓöÇΓöÇΓöÇΓöÇΓöÇΓöÇΓöÇΓöÇΓöÇΓöÇΓöÇΓöÇΓöÇΓöÇΓöÇΓöÇΓöÇΓöÇΓöÇΓöÇΓöÇΓöÇΓöÇΓöÇΓöÇΓöÇΓöÇΓöÇΓöÇΓöÇΓöÇΓöÇΓöÇΓöÇΓöÇΓöÇΓöÇΓöÇΓöÇΓöÇΓöÇΓöÇΓöÇΓöÇΓöÇΓöÇΓöÇΓöÇΓöÇ

    Error: page.goto: NS_ERROR_UNKNOWN_HOST
    Call log:
      - navigating to "https://thecareersetu.in/", waiting until "load"


      147 |   test('mobile menu opens and closes', async ({ page }) => {
      148 |     await page.setViewportSize({ width: 375, height: 812 })
    > 149 |     await page.goto('/')
          |                ^
      150 |     const menuBtn = page.getByRole('button', { name: /toggle menu|menu/i })
      151 |     await menuBtn.click()
      152 |     // Sheet/menu content should appear
        at C:\Users\amitc\CareerSetu\tests\e2e\regression.spec.ts:149:16

    attachment #1: screenshot (image/png) ΓöÇΓöÇΓöÇΓöÇΓöÇΓöÇΓöÇΓöÇΓöÇΓöÇΓöÇΓöÇΓöÇΓöÇΓöÇΓöÇΓöÇΓöÇΓöÇΓöÇΓöÇΓöÇΓöÇΓöÇΓöÇΓöÇΓöÇΓöÇΓöÇΓöÇΓöÇΓöÇΓöÇΓöÇΓöÇΓöÇΓöÇΓöÇΓöÇΓöÇΓöÇΓöÇΓöÇΓöÇΓöÇΓöÇΓöÇΓöÇΓöÇΓöÇΓöÇΓöÇΓöÇΓöÇΓöÇΓöÇΓöÇΓöÇ
    test-results\regression-Navbar-mobile-menu-opens-and-closes-Firefox-retry1\test-failed-1.png
    ΓöÇΓöÇΓöÇΓöÇΓöÇΓöÇΓöÇΓöÇΓöÇΓöÇΓöÇΓöÇΓöÇΓöÇΓöÇΓöÇΓöÇΓöÇΓöÇΓöÇΓöÇΓöÇΓöÇΓöÇΓöÇΓöÇΓöÇΓöÇΓöÇΓöÇΓöÇΓöÇΓöÇΓöÇΓöÇΓöÇΓöÇΓöÇΓöÇΓöÇΓöÇΓöÇΓöÇΓöÇΓöÇΓöÇΓöÇΓöÇΓöÇΓöÇΓöÇΓöÇΓöÇΓöÇΓöÇΓöÇΓöÇΓöÇΓöÇΓöÇΓöÇΓöÇΓöÇΓöÇΓöÇΓöÇΓöÇΓöÇΓöÇΓöÇΓöÇΓöÇΓöÇΓöÇΓöÇΓöÇΓöÇΓöÇΓöÇΓöÇΓöÇΓöÇΓöÇΓöÇΓöÇΓöÇΓöÇΓöÇΓöÇΓöÇΓöÇΓöÇΓöÇΓöÇΓöÇΓöÇ

    Error Context: test-results\regression-Navbar-mobile-menu-opens-and-closes-Firefox-retry1\error-context.md

  52) [Firefox] ΓÇ║ tests\e2e\regression.spec.ts:156:7 ΓÇ║ Navbar ΓÇ║ footer renders on landing ΓöÇΓöÇΓöÇΓöÇΓöÇΓöÇΓöÇΓöÇΓöÇΓöÇ

    Error: page.goto: NS_ERROR_UNKNOWN_HOST
    Call log:
      - navigating to "https://thecareersetu.in/", waiting until "load"


      155 |
      156 |   test('footer renders on landing', async ({ page }) => {
    > 157 |     await page.goto('/')
          |                ^
      158 |     const footer = page.locator('footer')
      159 |     await expect(footer).toBeVisible()
      160 |   })
        at C:\Users\amitc\CareerSetu\tests\e2e\regression.spec.ts:157:16

    attachment #1: screenshot (image/png) ΓöÇΓöÇΓöÇΓöÇΓöÇΓöÇΓöÇΓöÇΓöÇΓöÇΓöÇΓöÇΓöÇΓöÇΓöÇΓöÇΓöÇΓöÇΓöÇΓöÇΓöÇΓöÇΓöÇΓöÇΓöÇΓöÇΓöÇΓöÇΓöÇΓöÇΓöÇΓöÇΓöÇΓöÇΓöÇΓöÇΓöÇΓöÇΓöÇΓöÇΓöÇΓöÇΓöÇΓöÇΓöÇΓöÇΓöÇΓöÇΓöÇΓöÇΓöÇΓöÇΓöÇΓöÇΓöÇΓöÇΓöÇΓöÇ
    test-results\regression-Navbar-footer-renders-on-landing-Firefox\test-failed-1.png
    ΓöÇΓöÇΓöÇΓöÇΓöÇΓöÇΓöÇΓöÇΓöÇΓöÇΓöÇΓöÇΓöÇΓöÇΓöÇΓöÇΓöÇΓöÇΓöÇΓöÇΓöÇΓöÇΓöÇΓöÇΓöÇΓöÇΓöÇΓöÇΓöÇΓöÇΓöÇΓöÇΓöÇΓöÇΓöÇΓöÇΓöÇΓöÇΓöÇΓöÇΓöÇΓöÇΓöÇΓöÇΓöÇΓöÇΓöÇΓöÇΓöÇΓöÇΓöÇΓöÇΓöÇΓöÇΓöÇΓöÇΓöÇΓöÇΓöÇΓöÇΓöÇΓöÇΓöÇΓöÇΓöÇΓöÇΓöÇΓöÇΓöÇΓöÇΓöÇΓöÇΓöÇΓöÇΓöÇΓöÇΓöÇΓöÇΓöÇΓöÇΓöÇΓöÇΓöÇΓöÇΓöÇΓöÇΓöÇΓöÇΓöÇΓöÇΓöÇΓöÇΓöÇΓöÇΓöÇΓöÇ

    Error Context: test-results\regression-Navbar-footer-renders-on-landing-Firefox\error-context.md

    Retry #1 ΓöÇΓöÇΓöÇΓöÇΓöÇΓöÇΓöÇΓöÇΓöÇΓöÇΓöÇΓöÇΓöÇΓöÇΓöÇΓöÇΓöÇΓöÇΓöÇΓöÇΓöÇΓöÇΓöÇΓöÇΓöÇΓöÇΓöÇΓöÇΓöÇΓöÇΓöÇΓöÇΓöÇΓöÇΓöÇΓöÇΓöÇΓöÇΓöÇΓöÇΓöÇΓöÇΓöÇΓöÇΓöÇΓöÇΓöÇΓöÇΓöÇΓöÇΓöÇΓöÇΓöÇΓöÇΓöÇΓöÇΓöÇΓöÇΓöÇΓöÇΓöÇΓöÇΓöÇΓöÇΓöÇΓöÇΓöÇΓöÇΓöÇΓöÇΓöÇΓöÇΓöÇΓöÇΓöÇΓöÇΓöÇΓöÇΓöÇΓöÇΓöÇΓöÇΓöÇΓöÇΓöÇΓöÇΓöÇ

    Error: page.goto: NS_ERROR_UNKNOWN_HOST
    Call log:
      - navigating to "https://thecareersetu.in/", waiting until "load"


      155 |
      156 |   test('footer renders on landing', async ({ page }) => {
    > 157 |     await page.goto('/')
          |                ^
      158 |     const footer = page.locator('footer')
      159 |     await expect(footer).toBeVisible()
      160 |   })
        at C:\Users\amitc\CareerSetu\tests\e2e\regression.spec.ts:157:16

    attachment #1: screenshot (image/png) ΓöÇΓöÇΓöÇΓöÇΓöÇΓöÇΓöÇΓöÇΓöÇΓöÇΓöÇΓöÇΓöÇΓöÇΓöÇΓöÇΓöÇΓöÇΓöÇΓöÇΓöÇΓöÇΓöÇΓöÇΓöÇΓöÇΓöÇΓöÇΓöÇΓöÇΓöÇΓöÇΓöÇΓöÇΓöÇΓöÇΓöÇΓöÇΓöÇΓöÇΓöÇΓöÇΓöÇΓöÇΓöÇΓöÇΓöÇΓöÇΓöÇΓöÇΓöÇΓöÇΓöÇΓöÇΓöÇΓöÇΓöÇΓöÇ
    test-results\regression-Navbar-footer-renders-on-landing-Firefox-retry1\test-failed-1.png
    ΓöÇΓöÇΓöÇΓöÇΓöÇΓöÇΓöÇΓöÇΓöÇΓöÇΓöÇΓöÇΓöÇΓöÇΓöÇΓöÇΓöÇΓöÇΓöÇΓöÇΓöÇΓöÇΓöÇΓöÇΓöÇΓöÇΓöÇΓöÇΓöÇΓöÇΓöÇΓöÇΓöÇΓöÇΓöÇΓöÇΓöÇΓöÇΓöÇΓöÇΓöÇΓöÇΓöÇΓöÇΓöÇΓöÇΓöÇΓöÇΓöÇΓöÇΓöÇΓöÇΓöÇΓöÇΓöÇΓöÇΓöÇΓöÇΓöÇΓöÇΓöÇΓöÇΓöÇΓöÇΓöÇΓöÇΓöÇΓöÇΓöÇΓöÇΓöÇΓöÇΓöÇΓöÇΓöÇΓöÇΓöÇΓöÇΓöÇΓöÇΓöÇΓöÇΓöÇΓöÇΓöÇΓöÇΓöÇΓöÇΓöÇΓöÇΓöÇΓöÇΓöÇΓöÇΓöÇΓöÇ

    Error Context: test-results\regression-Navbar-footer-renders-on-landing-Firefox-retry1\error-context.md

  53) [Firefox] ΓÇ║ tests\e2e\regression.spec.ts:166:7 ΓÇ║ Try page (no-signup demo) ΓÇ║ loads without redirect 

    Error: page.goto: NS_ERROR_UNKNOWN_HOST
    Call log:
      - navigating to "https://thecareersetu.in/try", waiting until "load"


      165 | test.describe('Try page (no-signup demo)', () => {
      166 |   test('loads without redirect', async ({ page }) => {
    > 167 |     await page.goto('/try')
          |                ^
      168 |     // Should NOT redirect to login
      169 |     await expect(page).not.toHaveURL(/\/login/)
      170 |     await expect(page.locator('body')).toBeVisible()
        at C:\Users\amitc\CareerSetu\tests\e2e\regression.spec.ts:167:16

    attachment #1: screenshot (image/png) ΓöÇΓöÇΓöÇΓöÇΓöÇΓöÇΓöÇΓöÇΓöÇΓöÇΓöÇΓöÇΓöÇΓöÇΓöÇΓöÇΓöÇΓöÇΓöÇΓöÇΓöÇΓöÇΓöÇΓöÇΓöÇΓöÇΓöÇΓöÇΓöÇΓöÇΓöÇΓöÇΓöÇΓöÇΓöÇΓöÇΓöÇΓöÇΓöÇΓöÇΓöÇΓöÇΓöÇΓöÇΓöÇΓöÇΓöÇΓöÇΓöÇΓöÇΓöÇΓöÇΓöÇΓöÇΓöÇΓöÇΓöÇΓöÇ
    test-results\regression-Try-page-no-signup-demo-loads-without-redirect-Firefox\test-failed-1.png
    ΓöÇΓöÇΓöÇΓöÇΓöÇΓöÇΓöÇΓöÇΓöÇΓöÇΓöÇΓöÇΓöÇΓöÇΓöÇΓöÇΓöÇΓöÇΓöÇΓöÇΓöÇΓöÇΓöÇΓöÇΓöÇΓöÇΓöÇΓöÇΓöÇΓöÇΓöÇΓöÇΓöÇΓöÇΓöÇΓöÇΓöÇΓöÇΓöÇΓöÇΓöÇΓöÇΓöÇΓöÇΓöÇΓöÇΓöÇΓöÇΓöÇΓöÇΓöÇΓöÇΓöÇΓöÇΓöÇΓöÇΓöÇΓöÇΓöÇΓöÇΓöÇΓöÇΓöÇΓöÇΓöÇΓöÇΓöÇΓöÇΓöÇΓöÇΓöÇΓöÇΓöÇΓöÇΓöÇΓöÇΓöÇΓöÇΓöÇΓöÇΓöÇΓöÇΓöÇΓöÇΓöÇΓöÇΓöÇΓöÇΓöÇΓöÇΓöÇΓöÇΓöÇΓöÇΓöÇΓöÇ

    Error Context: test-results\regression-Try-page-no-signup-demo-loads-without-redirect-Firefox\error-context.md

    Retry #1 ΓöÇΓöÇΓöÇΓöÇΓöÇΓöÇΓöÇΓöÇΓöÇΓöÇΓöÇΓöÇΓöÇΓöÇΓöÇΓöÇΓöÇΓöÇΓöÇΓöÇΓöÇΓöÇΓöÇΓöÇΓöÇΓöÇΓöÇΓöÇΓöÇΓöÇΓöÇΓöÇΓöÇΓöÇΓöÇΓöÇΓöÇΓöÇΓöÇΓöÇΓöÇΓöÇΓöÇΓöÇΓöÇΓöÇΓöÇΓöÇΓöÇΓöÇΓöÇΓöÇΓöÇΓöÇΓöÇΓöÇΓöÇΓöÇΓöÇΓöÇΓöÇΓöÇΓöÇΓöÇΓöÇΓöÇΓöÇΓöÇΓöÇΓöÇΓöÇΓöÇΓöÇΓöÇΓöÇΓöÇΓöÇΓöÇΓöÇΓöÇΓöÇΓöÇΓöÇΓöÇΓöÇΓöÇΓöÇ

    Error: page.goto: NS_ERROR_UNKNOWN_HOST
    Call log:
      - navigating to "https://thecareersetu.in/try", waiting until "load"


      165 | test.describe('Try page (no-signup demo)', () => {
      166 |   test('loads without redirect', async ({ page }) => {
    > 167 |     await page.goto('/try')
          |                ^
      168 |     // Should NOT redirect to login
      169 |     await expect(page).not.toHaveURL(/\/login/)
      170 |     await expect(page.locator('body')).toBeVisible()
        at C:\Users\amitc\CareerSetu\tests\e2e\regression.spec.ts:167:16

    attachment #1: screenshot (image/png) ΓöÇΓöÇΓöÇΓöÇΓöÇΓöÇΓöÇΓöÇΓöÇΓöÇΓöÇΓöÇΓöÇΓöÇΓöÇΓöÇΓöÇΓöÇΓöÇΓöÇΓöÇΓöÇΓöÇΓöÇΓöÇΓöÇΓöÇΓöÇΓöÇΓöÇΓöÇΓöÇΓöÇΓöÇΓöÇΓöÇΓöÇΓöÇΓöÇΓöÇΓöÇΓöÇΓöÇΓöÇΓöÇΓöÇΓöÇΓöÇΓöÇΓöÇΓöÇΓöÇΓöÇΓöÇΓöÇΓöÇΓöÇΓöÇ
    test-results\regression-Try-page-no-signup-demo-loads-without-redirect-Firefox-retry1\test-failed-1.png
    ΓöÇΓöÇΓöÇΓöÇΓöÇΓöÇΓöÇΓöÇΓöÇΓöÇΓöÇΓöÇΓöÇΓöÇΓöÇΓöÇΓöÇΓöÇΓöÇΓöÇΓöÇΓöÇΓöÇΓöÇΓöÇΓöÇΓöÇΓöÇΓöÇΓöÇΓöÇΓöÇΓöÇΓöÇΓöÇΓöÇΓöÇΓöÇΓöÇΓöÇΓöÇΓöÇΓöÇΓöÇΓöÇΓöÇΓöÇΓöÇΓöÇΓöÇΓöÇΓöÇΓöÇΓöÇΓöÇΓöÇΓöÇΓöÇΓöÇΓöÇΓöÇΓöÇΓöÇΓöÇΓöÇΓöÇΓöÇΓöÇΓöÇΓöÇΓöÇΓöÇΓöÇΓöÇΓöÇΓöÇΓöÇΓöÇΓöÇΓöÇΓöÇΓöÇΓöÇΓöÇΓöÇΓöÇΓöÇΓöÇΓöÇΓöÇΓöÇΓöÇΓöÇΓöÇΓöÇΓöÇ

    Error Context: test-results\regression-Try-page-no-signup-demo-loads-without-redirect-Firefox-retry1\error-context.md

  54) [Firefox] ΓÇ║ tests\e2e\regression.spec.ts:179:9 ΓÇ║ Responsive ΓÇô 375px ΓÇ║ / no horizontal overflow at 375px 

    Error: page.goto: NS_ERROR_UNKNOWN_HOST
    Call log:
      - navigating to "https://thecareersetu.in/", waiting until "load"


      179 |     test(`${p} no horizontal overflow at 375px`, async ({ page }) => {
      180 |       await page.setViewportSize({ width: 375, height: 812 })
    > 181 |       await page.goto(p)
          |                  ^
      182 |       const bodyWidth = await page.evaluate(() => document.body.scrollWidth)
      183 |       expect(bodyWidth).toBeLessThanOrEqual(390) // allow a tiny margin
      184 |     })
        at C:\Users\amitc\CareerSetu\tests\e2e\regression.spec.ts:181:18

    attachment #1: screenshot (image/png) ΓöÇΓöÇΓöÇΓöÇΓöÇΓöÇΓöÇΓöÇΓöÇΓöÇΓöÇΓöÇΓöÇΓöÇΓöÇΓöÇΓöÇΓöÇΓöÇΓöÇΓöÇΓöÇΓöÇΓöÇΓöÇΓöÇΓöÇΓöÇΓöÇΓöÇΓöÇΓöÇΓöÇΓöÇΓöÇΓöÇΓöÇΓöÇΓöÇΓöÇΓöÇΓöÇΓöÇΓöÇΓöÇΓöÇΓöÇΓöÇΓöÇΓöÇΓöÇΓöÇΓöÇΓöÇΓöÇΓöÇΓöÇΓöÇ
    test-results\regression-Responsive-ΓÇô-37-95fae-orizontal-overflow-at-375px-Firefox\test-failed-1.png
    ΓöÇΓöÇΓöÇΓöÇΓöÇΓöÇΓöÇΓöÇΓöÇΓöÇΓöÇΓöÇΓöÇΓöÇΓöÇΓöÇΓöÇΓöÇΓöÇΓöÇΓöÇΓöÇΓöÇΓöÇΓöÇΓöÇΓöÇΓöÇΓöÇΓöÇΓöÇΓöÇΓöÇΓöÇΓöÇΓöÇΓöÇΓöÇΓöÇΓöÇΓöÇΓöÇΓöÇΓöÇΓöÇΓöÇΓöÇΓöÇΓöÇΓöÇΓöÇΓöÇΓöÇΓöÇΓöÇΓöÇΓöÇΓöÇΓöÇΓöÇΓöÇΓöÇΓöÇΓöÇΓöÇΓöÇΓöÇΓöÇΓöÇΓöÇΓöÇΓöÇΓöÇΓöÇΓöÇΓöÇΓöÇΓöÇΓöÇΓöÇΓöÇΓöÇΓöÇΓöÇΓöÇΓöÇΓöÇΓöÇΓöÇΓöÇΓöÇΓöÇΓöÇΓöÇΓöÇΓöÇ

    Error Context: test-results\regression-Responsive-ΓÇô-37-95fae-orizontal-overflow-at-375px-Firefox\error-context.md

    Retry #1 ΓöÇΓöÇΓöÇΓöÇΓöÇΓöÇΓöÇΓöÇΓöÇΓöÇΓöÇΓöÇΓöÇΓöÇΓöÇΓöÇΓöÇΓöÇΓöÇΓöÇΓöÇΓöÇΓöÇΓöÇΓöÇΓöÇΓöÇΓöÇΓöÇΓöÇΓöÇΓöÇΓöÇΓöÇΓöÇΓöÇΓöÇΓöÇΓöÇΓöÇΓöÇΓöÇΓöÇΓöÇΓöÇΓöÇΓöÇΓöÇΓöÇΓöÇΓöÇΓöÇΓöÇΓöÇΓöÇΓöÇΓöÇΓöÇΓöÇΓöÇΓöÇΓöÇΓöÇΓöÇΓöÇΓöÇΓöÇΓöÇΓöÇΓöÇΓöÇΓöÇΓöÇΓöÇΓöÇΓöÇΓöÇΓöÇΓöÇΓöÇΓöÇΓöÇΓöÇΓöÇΓöÇΓöÇΓöÇ

    Error: page.goto: NS_ERROR_UNKNOWN_HOST
    Call log:
      - navigating to "https://thecareersetu.in/", waiting until "load"


      179 |     test(`${p} no horizontal overflow at 375px`, async ({ page }) => {
      180 |       await page.setViewportSize({ width: 375, height: 812 })
    > 181 |       await page.goto(p)
          |                  ^
      182 |       const bodyWidth = await page.evaluate(() => document.body.scrollWidth)
      183 |       expect(bodyWidth).toBeLessThanOrEqual(390) // allow a tiny margin
      184 |     })
        at C:\Users\amitc\CareerSetu\tests\e2e\regression.spec.ts:181:18

    attachment #1: screenshot (image/png) ΓöÇΓöÇΓöÇΓöÇΓöÇΓöÇΓöÇΓöÇΓöÇΓöÇΓöÇΓöÇΓöÇΓöÇΓöÇΓöÇΓöÇΓöÇΓöÇΓöÇΓöÇΓöÇΓöÇΓöÇΓöÇΓöÇΓöÇΓöÇΓöÇΓöÇΓöÇΓöÇΓöÇΓöÇΓöÇΓöÇΓöÇΓöÇΓöÇΓöÇΓöÇΓöÇΓöÇΓöÇΓöÇΓöÇΓöÇΓöÇΓöÇΓöÇΓöÇΓöÇΓöÇΓöÇΓöÇΓöÇΓöÇΓöÇ
    test-results\regression-Responsive-ΓÇô-37-95fae-orizontal-overflow-at-375px-Firefox-retry1\test-failed-1.png
    ΓöÇΓöÇΓöÇΓöÇΓöÇΓöÇΓöÇΓöÇΓöÇΓöÇΓöÇΓöÇΓöÇΓöÇΓöÇΓöÇΓöÇΓöÇΓöÇΓöÇΓöÇΓöÇΓöÇΓöÇΓöÇΓöÇΓöÇΓöÇΓöÇΓöÇΓöÇΓöÇΓöÇΓöÇΓöÇΓöÇΓöÇΓöÇΓöÇΓöÇΓöÇΓöÇΓöÇΓöÇΓöÇΓöÇΓöÇΓöÇΓöÇΓöÇΓöÇΓöÇΓöÇΓöÇΓöÇΓöÇΓöÇΓöÇΓöÇΓöÇΓöÇΓöÇΓöÇΓöÇΓöÇΓöÇΓöÇΓöÇΓöÇΓöÇΓöÇΓöÇΓöÇΓöÇΓöÇΓöÇΓöÇΓöÇΓöÇΓöÇΓöÇΓöÇΓöÇΓöÇΓöÇΓöÇΓöÇΓöÇΓöÇΓöÇΓöÇΓöÇΓöÇΓöÇΓöÇΓöÇ

    Error Context: test-results\regression-Responsive-ΓÇô-37-95fae-orizontal-overflow-at-375px-Firefox-retry1\error-context.md

  55) [Firefox] ΓÇ║ tests\e2e\regression.spec.ts:179:9 ΓÇ║ Responsive ΓÇô 375px ΓÇ║ /pricing no horizontal overflow at 375px 

    Error: page.goto: NS_ERROR_UNKNOWN_HOST
    Call log:
      - navigating to "https://thecareersetu.in/pricing", waiting until "load"


      179 |     test(`${p} no horizontal overflow at 375px`, async ({ page }) => {
      180 |       await page.setViewportSize({ width: 375, height: 812 })
    > 181 |       await page.goto(p)
          |                  ^
      182 |       const bodyWidth = await page.evaluate(() => document.body.scrollWidth)
      183 |       expect(bodyWidth).toBeLessThanOrEqual(390) // allow a tiny margin
      184 |     })
        at C:\Users\amitc\CareerSetu\tests\e2e\regression.spec.ts:181:18

    attachment #1: screenshot (image/png) ΓöÇΓöÇΓöÇΓöÇΓöÇΓöÇΓöÇΓöÇΓöÇΓöÇΓöÇΓöÇΓöÇΓöÇΓöÇΓöÇΓöÇΓöÇΓöÇΓöÇΓöÇΓöÇΓöÇΓöÇΓöÇΓöÇΓöÇΓöÇΓöÇΓöÇΓöÇΓöÇΓöÇΓöÇΓöÇΓöÇΓöÇΓöÇΓöÇΓöÇΓöÇΓöÇΓöÇΓöÇΓöÇΓöÇΓöÇΓöÇΓöÇΓöÇΓöÇΓöÇΓöÇΓöÇΓöÇΓöÇΓöÇΓöÇ
    test-results\regression-Responsive-ΓÇô-37-42b8c-orizontal-overflow-at-375px-Firefox\test-failed-1.png
    ΓöÇΓöÇΓöÇΓöÇΓöÇΓöÇΓöÇΓöÇΓöÇΓöÇΓöÇΓöÇΓöÇΓöÇΓöÇΓöÇΓöÇΓöÇΓöÇΓöÇΓöÇΓöÇΓöÇΓöÇΓöÇΓöÇΓöÇΓöÇΓöÇΓöÇΓöÇΓöÇΓöÇΓöÇΓöÇΓöÇΓöÇΓöÇΓöÇΓöÇΓöÇΓöÇΓöÇΓöÇΓöÇΓöÇΓöÇΓöÇΓöÇΓöÇΓöÇΓöÇΓöÇΓöÇΓöÇΓöÇΓöÇΓöÇΓöÇΓöÇΓöÇΓöÇΓöÇΓöÇΓöÇΓöÇΓöÇΓöÇΓöÇΓöÇΓöÇΓöÇΓöÇΓöÇΓöÇΓöÇΓöÇΓöÇΓöÇΓöÇΓöÇΓöÇΓöÇΓöÇΓöÇΓöÇΓöÇΓöÇΓöÇΓöÇΓöÇΓöÇΓöÇΓöÇΓöÇΓöÇ

    Error Context: test-results\regression-Responsive-ΓÇô-37-42b8c-orizontal-overflow-at-375px-Firefox\error-context.md

    Retry #1 ΓöÇΓöÇΓöÇΓöÇΓöÇΓöÇΓöÇΓöÇΓöÇΓöÇΓöÇΓöÇΓöÇΓöÇΓöÇΓöÇΓöÇΓöÇΓöÇΓöÇΓöÇΓöÇΓöÇΓöÇΓöÇΓöÇΓöÇΓöÇΓöÇΓöÇΓöÇΓöÇΓöÇΓöÇΓöÇΓöÇΓöÇΓöÇΓöÇΓöÇΓöÇΓöÇΓöÇΓöÇΓöÇΓöÇΓöÇΓöÇΓöÇΓöÇΓöÇΓöÇΓöÇΓöÇΓöÇΓöÇΓöÇΓöÇΓöÇΓöÇΓöÇΓöÇΓöÇΓöÇΓöÇΓöÇΓöÇΓöÇΓöÇΓöÇΓöÇΓöÇΓöÇΓöÇΓöÇΓöÇΓöÇΓöÇΓöÇΓöÇΓöÇΓöÇΓöÇΓöÇΓöÇΓöÇΓöÇ

    Error: page.goto: NS_ERROR_UNKNOWN_HOST
    Call log:
      - navigating to "https://thecareersetu.in/pricing", waiting until "load"


      179 |     test(`${p} no horizontal overflow at 375px`, async ({ page }) => {
      180 |       await page.setViewportSize({ width: 375, height: 812 })
    > 181 |       await page.goto(p)
          |                  ^
      182 |       const bodyWidth = await page.evaluate(() => document.body.scrollWidth)
      183 |       expect(bodyWidth).toBeLessThanOrEqual(390) // allow a tiny margin
      184 |     })
        at C:\Users\amitc\CareerSetu\tests\e2e\regression.spec.ts:181:18

    attachment #1: screenshot (image/png) ΓöÇΓöÇΓöÇΓöÇΓöÇΓöÇΓöÇΓöÇΓöÇΓöÇΓöÇΓöÇΓöÇΓöÇΓöÇΓöÇΓöÇΓöÇΓöÇΓöÇΓöÇΓöÇΓöÇΓöÇΓöÇΓöÇΓöÇΓöÇΓöÇΓöÇΓöÇΓöÇΓöÇΓöÇΓöÇΓöÇΓöÇΓöÇΓöÇΓöÇΓöÇΓöÇΓöÇΓöÇΓöÇΓöÇΓöÇΓöÇΓöÇΓöÇΓöÇΓöÇΓöÇΓöÇΓöÇΓöÇΓöÇΓöÇ
    test-results\regression-Responsive-ΓÇô-37-42b8c-orizontal-overflow-at-375px-Firefox-retry1\test-failed-1.png
    ΓöÇΓöÇΓöÇΓöÇΓöÇΓöÇΓöÇΓöÇΓöÇΓöÇΓöÇΓöÇΓöÇΓöÇΓöÇΓöÇΓöÇΓöÇΓöÇΓöÇΓöÇΓöÇΓöÇΓöÇΓöÇΓöÇΓöÇΓöÇΓöÇΓöÇΓöÇΓöÇΓöÇΓöÇΓöÇΓöÇΓöÇΓöÇΓöÇΓöÇΓöÇΓöÇΓöÇΓöÇΓöÇΓöÇΓöÇΓöÇΓöÇΓöÇΓöÇΓöÇΓöÇΓöÇΓöÇΓöÇΓöÇΓöÇΓöÇΓöÇΓöÇΓöÇΓöÇΓöÇΓöÇΓöÇΓöÇΓöÇΓöÇΓöÇΓöÇΓöÇΓöÇΓöÇΓöÇΓöÇΓöÇΓöÇΓöÇΓöÇΓöÇΓöÇΓöÇΓöÇΓöÇΓöÇΓöÇΓöÇΓöÇΓöÇΓöÇΓöÇΓöÇΓöÇΓöÇΓöÇ

    Error Context: test-results\regression-Responsive-ΓÇô-37-42b8c-orizontal-overflow-at-375px-Firefox-retry1\error-context.md

  56) [Firefox] ΓÇ║ tests\e2e\regression.spec.ts:179:9 ΓÇ║ Responsive ΓÇô 375px ΓÇ║ /about no horizontal overflow at 375px 

    Error: page.goto: NS_ERROR_UNKNOWN_HOST
    Call log:
      - navigating to "https://thecareersetu.in/about", waiting until "load"


      179 |     test(`${p} no horizontal overflow at 375px`, async ({ page }) => {
      180 |       await page.setViewportSize({ width: 375, height: 812 })
    > 181 |       await page.goto(p)
          |                  ^
      182 |       const bodyWidth = await page.evaluate(() => document.body.scrollWidth)
      183 |       expect(bodyWidth).toBeLessThanOrEqual(390) // allow a tiny margin
      184 |     })
        at C:\Users\amitc\CareerSetu\tests\e2e\regression.spec.ts:181:18

    attachment #1: screenshot (image/png) ΓöÇΓöÇΓöÇΓöÇΓöÇΓöÇΓöÇΓöÇΓöÇΓöÇΓöÇΓöÇΓöÇΓöÇΓöÇΓöÇΓöÇΓöÇΓöÇΓöÇΓöÇΓöÇΓöÇΓöÇΓöÇΓöÇΓöÇΓöÇΓöÇΓöÇΓöÇΓöÇΓöÇΓöÇΓöÇΓöÇΓöÇΓöÇΓöÇΓöÇΓöÇΓöÇΓöÇΓöÇΓöÇΓöÇΓöÇΓöÇΓöÇΓöÇΓöÇΓöÇΓöÇΓöÇΓöÇΓöÇΓöÇΓöÇ
    test-results\regression-Responsive-ΓÇô-37-f7b56-orizontal-overflow-at-375px-Firefox\test-failed-1.png
    ΓöÇΓöÇΓöÇΓöÇΓöÇΓöÇΓöÇΓöÇΓöÇΓöÇΓöÇΓöÇΓöÇΓöÇΓöÇΓöÇΓöÇΓöÇΓöÇΓöÇΓöÇΓöÇΓöÇΓöÇΓöÇΓöÇΓöÇΓöÇΓöÇΓöÇΓöÇΓöÇΓöÇΓöÇΓöÇΓöÇΓöÇΓöÇΓöÇΓöÇΓöÇΓöÇΓöÇΓöÇΓöÇΓöÇΓöÇΓöÇΓöÇΓöÇΓöÇΓöÇΓöÇΓöÇΓöÇΓöÇΓöÇΓöÇΓöÇΓöÇΓöÇΓöÇΓöÇΓöÇΓöÇΓöÇΓöÇΓöÇΓöÇΓöÇΓöÇΓöÇΓöÇΓöÇΓöÇΓöÇΓöÇΓöÇΓöÇΓöÇΓöÇΓöÇΓöÇΓöÇΓöÇΓöÇΓöÇΓöÇΓöÇΓöÇΓöÇΓöÇΓöÇΓöÇΓöÇΓöÇ

    Error Context: test-results\regression-Responsive-ΓÇô-37-f7b56-orizontal-overflow-at-375px-Firefox\error-context.md

    Retry #1 ΓöÇΓöÇΓöÇΓöÇΓöÇΓöÇΓöÇΓöÇΓöÇΓöÇΓöÇΓöÇΓöÇΓöÇΓöÇΓöÇΓöÇΓöÇΓöÇΓöÇΓöÇΓöÇΓöÇΓöÇΓöÇΓöÇΓöÇΓöÇΓöÇΓöÇΓöÇΓöÇΓöÇΓöÇΓöÇΓöÇΓöÇΓöÇΓöÇΓöÇΓöÇΓöÇΓöÇΓöÇΓöÇΓöÇΓöÇΓöÇΓöÇΓöÇΓöÇΓöÇΓöÇΓöÇΓöÇΓöÇΓöÇΓöÇΓöÇΓöÇΓöÇΓöÇΓöÇΓöÇΓöÇΓöÇΓöÇΓöÇΓöÇΓöÇΓöÇΓöÇΓöÇΓöÇΓöÇΓöÇΓöÇΓöÇΓöÇΓöÇΓöÇΓöÇΓöÇΓöÇΓöÇΓöÇΓöÇ

    Error: page.goto: NS_ERROR_UNKNOWN_HOST
    Call log:
      - navigating to "https://thecareersetu.in/about", waiting until "load"


      179 |     test(`${p} no horizontal overflow at 375px`, async ({ page }) => {
      180 |       await page.setViewportSize({ width: 375, height: 812 })
    > 181 |       await page.goto(p)
          |                  ^
      182 |       const bodyWidth = await page.evaluate(() => document.body.scrollWidth)
      183 |       expect(bodyWidth).toBeLessThanOrEqual(390) // allow a tiny margin
      184 |     })
        at C:\Users\amitc\CareerSetu\tests\e2e\regression.spec.ts:181:18

    attachment #1: screenshot (image/png) ΓöÇΓöÇΓöÇΓöÇΓöÇΓöÇΓöÇΓöÇΓöÇΓöÇΓöÇΓöÇΓöÇΓöÇΓöÇΓöÇΓöÇΓöÇΓöÇΓöÇΓöÇΓöÇΓöÇΓöÇΓöÇΓöÇΓöÇΓöÇΓöÇΓöÇΓöÇΓöÇΓöÇΓöÇΓöÇΓöÇΓöÇΓöÇΓöÇΓöÇΓöÇΓöÇΓöÇΓöÇΓöÇΓöÇΓöÇΓöÇΓöÇΓöÇΓöÇΓöÇΓöÇΓöÇΓöÇΓöÇΓöÇΓöÇ
    test-results\regression-Responsive-ΓÇô-37-f7b56-orizontal-overflow-at-375px-Firefox-retry1\test-failed-1.png
    ΓöÇΓöÇΓöÇΓöÇΓöÇΓöÇΓöÇΓöÇΓöÇΓöÇΓöÇΓöÇΓöÇΓöÇΓöÇΓöÇΓöÇΓöÇΓöÇΓöÇΓöÇΓöÇΓöÇΓöÇΓöÇΓöÇΓöÇΓöÇΓöÇΓöÇΓöÇΓöÇΓöÇΓöÇΓöÇΓöÇΓöÇΓöÇΓöÇΓöÇΓöÇΓöÇΓöÇΓöÇΓöÇΓöÇΓöÇΓöÇΓöÇΓöÇΓöÇΓöÇΓöÇΓöÇΓöÇΓöÇΓöÇΓöÇΓöÇΓöÇΓöÇΓöÇΓöÇΓöÇΓöÇΓöÇΓöÇΓöÇΓöÇΓöÇΓöÇΓöÇΓöÇΓöÇΓöÇΓöÇΓöÇΓöÇΓöÇΓöÇΓöÇΓöÇΓöÇΓöÇΓöÇΓöÇΓöÇΓöÇΓöÇΓöÇΓöÇΓöÇΓöÇΓöÇΓöÇΓöÇ

    Error Context: test-results\regression-Responsive-ΓÇô-37-f7b56-orizontal-overflow-at-375px-Firefox-retry1\error-context.md

  57) [Firefox] ΓÇ║ tests\e2e\regression.spec.ts:179:9 ΓÇ║ Responsive ΓÇô 375px ΓÇ║ /login no horizontal overflow at 375px 

    Error: page.goto: NS_ERROR_UNKNOWN_HOST
    Call log:
      - navigating to "https://thecareersetu.in/login", waiting until "load"


      179 |     test(`${p} no horizontal overflow at 375px`, async ({ page }) => {
      180 |       await page.setViewportSize({ width: 375, height: 812 })
    > 181 |       await page.goto(p)
          |                  ^
      182 |       const bodyWidth = await page.evaluate(() => document.body.scrollWidth)
      183 |       expect(bodyWidth).toBeLessThanOrEqual(390) // allow a tiny margin
      184 |     })
        at C:\Users\amitc\CareerSetu\tests\e2e\regression.spec.ts:181:18

    attachment #1: screenshot (image/png) ΓöÇΓöÇΓöÇΓöÇΓöÇΓöÇΓöÇΓöÇΓöÇΓöÇΓöÇΓöÇΓöÇΓöÇΓöÇΓöÇΓöÇΓöÇΓöÇΓöÇΓöÇΓöÇΓöÇΓöÇΓöÇΓöÇΓöÇΓöÇΓöÇΓöÇΓöÇΓöÇΓöÇΓöÇΓöÇΓöÇΓöÇΓöÇΓöÇΓöÇΓöÇΓöÇΓöÇΓöÇΓöÇΓöÇΓöÇΓöÇΓöÇΓöÇΓöÇΓöÇΓöÇΓöÇΓöÇΓöÇΓöÇΓöÇ
    test-results\regression-Responsive-ΓÇô-37-5a1f9-orizontal-overflow-at-375px-Firefox\test-failed-1.png
    ΓöÇΓöÇΓöÇΓöÇΓöÇΓöÇΓöÇΓöÇΓöÇΓöÇΓöÇΓöÇΓöÇΓöÇΓöÇΓöÇΓöÇΓöÇΓöÇΓöÇΓöÇΓöÇΓöÇΓöÇΓöÇΓöÇΓöÇΓöÇΓöÇΓöÇΓöÇΓöÇΓöÇΓöÇΓöÇΓöÇΓöÇΓöÇΓöÇΓöÇΓöÇΓöÇΓöÇΓöÇΓöÇΓöÇΓöÇΓöÇΓöÇΓöÇΓöÇΓöÇΓöÇΓöÇΓöÇΓöÇΓöÇΓöÇΓöÇΓöÇΓöÇΓöÇΓöÇΓöÇΓöÇΓöÇΓöÇΓöÇΓöÇΓöÇΓöÇΓöÇΓöÇΓöÇΓöÇΓöÇΓöÇΓöÇΓöÇΓöÇΓöÇΓöÇΓöÇΓöÇΓöÇΓöÇΓöÇΓöÇΓöÇΓöÇΓöÇΓöÇΓöÇΓöÇΓöÇΓöÇ

    Error Context: test-results\regression-Responsive-ΓÇô-37-5a1f9-orizontal-overflow-at-375px-Firefox\error-context.md

    Retry #1 ΓöÇΓöÇΓöÇΓöÇΓöÇΓöÇΓöÇΓöÇΓöÇΓöÇΓöÇΓöÇΓöÇΓöÇΓöÇΓöÇΓöÇΓöÇΓöÇΓöÇΓöÇΓöÇΓöÇΓöÇΓöÇΓöÇΓöÇΓöÇΓöÇΓöÇΓöÇΓöÇΓöÇΓöÇΓöÇΓöÇΓöÇΓöÇΓöÇΓöÇΓöÇΓöÇΓöÇΓöÇΓöÇΓöÇΓöÇΓöÇΓöÇΓöÇΓöÇΓöÇΓöÇΓöÇΓöÇΓöÇΓöÇΓöÇΓöÇΓöÇΓöÇΓöÇΓöÇΓöÇΓöÇΓöÇΓöÇΓöÇΓöÇΓöÇΓöÇΓöÇΓöÇΓöÇΓöÇΓöÇΓöÇΓöÇΓöÇΓöÇΓöÇΓöÇΓöÇΓöÇΓöÇΓöÇΓöÇ

    Error: page.goto: NS_ERROR_UNKNOWN_HOST
    Call log:
      - navigating to "https://thecareersetu.in/login", waiting until "load"


      179 |     test(`${p} no horizontal overflow at 375px`, async ({ page }) => {
      180 |       await page.setViewportSize({ width: 375, height: 812 })
    > 181 |       await page.goto(p)
          |                  ^
      182 |       const bodyWidth = await page.evaluate(() => document.body.scrollWidth)
      183 |       expect(bodyWidth).toBeLessThanOrEqual(390) // allow a tiny margin
      184 |     })
        at C:\Users\amitc\CareerSetu\tests\e2e\regression.spec.ts:181:18

    attachment #1: screenshot (image/png) ΓöÇΓöÇΓöÇΓöÇΓöÇΓöÇΓöÇΓöÇΓöÇΓöÇΓöÇΓöÇΓöÇΓöÇΓöÇΓöÇΓöÇΓöÇΓöÇΓöÇΓöÇΓöÇΓöÇΓöÇΓöÇΓöÇΓöÇΓöÇΓöÇΓöÇΓöÇΓöÇΓöÇΓöÇΓöÇΓöÇΓöÇΓöÇΓöÇΓöÇΓöÇΓöÇΓöÇΓöÇΓöÇΓöÇΓöÇΓöÇΓöÇΓöÇΓöÇΓöÇΓöÇΓöÇΓöÇΓöÇΓöÇΓöÇ
    test-results\regression-Responsive-ΓÇô-37-5a1f9-orizontal-overflow-at-375px-Firefox-retry1\test-failed-1.png
    ΓöÇΓöÇΓöÇΓöÇΓöÇΓöÇΓöÇΓöÇΓöÇΓöÇΓöÇΓöÇΓöÇΓöÇΓöÇΓöÇΓöÇΓöÇΓöÇΓöÇΓöÇΓöÇΓöÇΓöÇΓöÇΓöÇΓöÇΓöÇΓöÇΓöÇΓöÇΓöÇΓöÇΓöÇΓöÇΓöÇΓöÇΓöÇΓöÇΓöÇΓöÇΓöÇΓöÇΓöÇΓöÇΓöÇΓöÇΓöÇΓöÇΓöÇΓöÇΓöÇΓöÇΓöÇΓöÇΓöÇΓöÇΓöÇΓöÇΓöÇΓöÇΓöÇΓöÇΓöÇΓöÇΓöÇΓöÇΓöÇΓöÇΓöÇΓöÇΓöÇΓöÇΓöÇΓöÇΓöÇΓöÇΓöÇΓöÇΓöÇΓöÇΓöÇΓöÇΓöÇΓöÇΓöÇΓöÇΓöÇΓöÇΓöÇΓöÇΓöÇΓöÇΓöÇΓöÇΓöÇ

    Error Context: test-results\regression-Responsive-ΓÇô-37-5a1f9-orizontal-overflow-at-375px-Firefox-retry1\error-context.md

  58) [Firefox] ΓÇ║ tests\e2e\user-journeys.spec.ts:39:7 ΓÇ║ US-1 Signup ΓÇ║ a new email can create an account without error 

    Error: page.goto: NS_ERROR_UNKNOWN_HOST
    Call log:
      - navigating to "https://thecareersetu.in/signup", waiting until "load"


      39 |   test('a new email can create an account without error', async ({ page }) => {
      40 |     const email = uniqueEmail()
    > 41 |     await page.goto('/signup')
         |                ^
      42 |     await page.getByPlaceholder('Priya Sharma').fill('E2E Tester')
      43 |     await page.getByPlaceholder('you@example.com').fill(email)
      44 |     await page.getByPlaceholder('Min. 6 characters').fill('Test1234!')
        at C:\Users\amitc\CareerSetu\tests\e2e\user-journeys.spec.ts:41:16

    attachment #1: screenshot (image/png) ΓöÇΓöÇΓöÇΓöÇΓöÇΓöÇΓöÇΓöÇΓöÇΓöÇΓöÇΓöÇΓöÇΓöÇΓöÇΓöÇΓöÇΓöÇΓöÇΓöÇΓöÇΓöÇΓöÇΓöÇΓöÇΓöÇΓöÇΓöÇΓöÇΓöÇΓöÇΓöÇΓöÇΓöÇΓöÇΓöÇΓöÇΓöÇΓöÇΓöÇΓöÇΓöÇΓöÇΓöÇΓöÇΓöÇΓöÇΓöÇΓöÇΓöÇΓöÇΓöÇΓöÇΓöÇΓöÇΓöÇΓöÇΓöÇ
    test-results\user-journeys-US-1-Signup--3b306-te-an-account-without-error-Firefox\test-failed-1.png
    ΓöÇΓöÇΓöÇΓöÇΓöÇΓöÇΓöÇΓöÇΓöÇΓöÇΓöÇΓöÇΓöÇΓöÇΓöÇΓöÇΓöÇΓöÇΓöÇΓöÇΓöÇΓöÇΓöÇΓöÇΓöÇΓöÇΓöÇΓöÇΓöÇΓöÇΓöÇΓöÇΓöÇΓöÇΓöÇΓöÇΓöÇΓöÇΓöÇΓöÇΓöÇΓöÇΓöÇΓöÇΓöÇΓöÇΓöÇΓöÇΓöÇΓöÇΓöÇΓöÇΓöÇΓöÇΓöÇΓöÇΓöÇΓöÇΓöÇΓöÇΓöÇΓöÇΓöÇΓöÇΓöÇΓöÇΓöÇΓöÇΓöÇΓöÇΓöÇΓöÇΓöÇΓöÇΓöÇΓöÇΓöÇΓöÇΓöÇΓöÇΓöÇΓöÇΓöÇΓöÇΓöÇΓöÇΓöÇΓöÇΓöÇΓöÇΓöÇΓöÇΓöÇΓöÇΓöÇΓöÇ

    Error Context: test-results\user-journeys-US-1-Signup--3b306-te-an-account-without-error-Firefox\error-context.md

    Retry #1 ΓöÇΓöÇΓöÇΓöÇΓöÇΓöÇΓöÇΓöÇΓöÇΓöÇΓöÇΓöÇΓöÇΓöÇΓöÇΓöÇΓöÇΓöÇΓöÇΓöÇΓöÇΓöÇΓöÇΓöÇΓöÇΓöÇΓöÇΓöÇΓöÇΓöÇΓöÇΓöÇΓöÇΓöÇΓöÇΓöÇΓöÇΓöÇΓöÇΓöÇΓöÇΓöÇΓöÇΓöÇΓöÇΓöÇΓöÇΓöÇΓöÇΓöÇΓöÇΓöÇΓöÇΓöÇΓöÇΓöÇΓöÇΓöÇΓöÇΓöÇΓöÇΓöÇΓöÇΓöÇΓöÇΓöÇΓöÇΓöÇΓöÇΓöÇΓöÇΓöÇΓöÇΓöÇΓöÇΓöÇΓöÇΓöÇΓöÇΓöÇΓöÇΓöÇΓöÇΓöÇΓöÇΓöÇΓöÇ

    Error: page.goto: NS_ERROR_UNKNOWN_HOST
    Call log:
      - navigating to "https://thecareersetu.in/signup", waiting until "load"


      39 |   test('a new email can create an account without error', async ({ page }) => {
      40 |     const email = uniqueEmail()
    > 41 |     await page.goto('/signup')
         |                ^
      42 |     await page.getByPlaceholder('Priya Sharma').fill('E2E Tester')
      43 |     await page.getByPlaceholder('you@example.com').fill(email)
      44 |     await page.getByPlaceholder('Min. 6 characters').fill('Test1234!')
        at C:\Users\amitc\CareerSetu\tests\e2e\user-journeys.spec.ts:41:16

    attachment #1: screenshot (image/png) ΓöÇΓöÇΓöÇΓöÇΓöÇΓöÇΓöÇΓöÇΓöÇΓöÇΓöÇΓöÇΓöÇΓöÇΓöÇΓöÇΓöÇΓöÇΓöÇΓöÇΓöÇΓöÇΓöÇΓöÇΓöÇΓöÇΓöÇΓöÇΓöÇΓöÇΓöÇΓöÇΓöÇΓöÇΓöÇΓöÇΓöÇΓöÇΓöÇΓöÇΓöÇΓöÇΓöÇΓöÇΓöÇΓöÇΓöÇΓöÇΓöÇΓöÇΓöÇΓöÇΓöÇΓöÇΓöÇΓöÇΓöÇΓöÇ
    test-results\user-journeys-US-1-Signup--3b306-te-an-account-without-error-Firefox-retry1\test-failed-1.png
    ΓöÇΓöÇΓöÇΓöÇΓöÇΓöÇΓöÇΓöÇΓöÇΓöÇΓöÇΓöÇΓöÇΓöÇΓöÇΓöÇΓöÇΓöÇΓöÇΓöÇΓöÇΓöÇΓöÇΓöÇΓöÇΓöÇΓöÇΓöÇΓöÇΓöÇΓöÇΓöÇΓöÇΓöÇΓöÇΓöÇΓöÇΓöÇΓöÇΓöÇΓöÇΓöÇΓöÇΓöÇΓöÇΓöÇΓöÇΓöÇΓöÇΓöÇΓöÇΓöÇΓöÇΓöÇΓöÇΓöÇΓöÇΓöÇΓöÇΓöÇΓöÇΓöÇΓöÇΓöÇΓöÇΓöÇΓöÇΓöÇΓöÇΓöÇΓöÇΓöÇΓöÇΓöÇΓöÇΓöÇΓöÇΓöÇΓöÇΓöÇΓöÇΓöÇΓöÇΓöÇΓöÇΓöÇΓöÇΓöÇΓöÇΓöÇΓöÇΓöÇΓöÇΓöÇΓöÇΓöÇ

    Error Context: test-results\user-journeys-US-1-Signup--3b306-te-an-account-without-error-Firefox-retry1\error-context.md

  59) [Firefox] ΓÇ║ tests\e2e\user-journeys.spec.ts:64:7 ΓÇ║ US-2 Login ΓÇ║ valid credentials land in the app (dashboard or onboarding) 

    Error: page.goto: NS_ERROR_UNKNOWN_HOST
    Call log:
      - navigating to "https://thecareersetu.in/login", waiting until "load"


      28 |
      29 | async function login(page: Page, email: string, password: string) {
    > 30 |   await page.goto('/login')
         |              ^
      31 |   await page.getByPlaceholder('you@example.com').fill(email)
      32 |   await page.getByPlaceholder('Your password').fill(password)
      33 |   await page.getByRole('button', { name: 'Sign in' }).click()
        at login (C:\Users\amitc\CareerSetu\tests\e2e\user-journeys.spec.ts:30:14)
        at C:\Users\amitc\CareerSetu\tests\e2e\user-journeys.spec.ts:65:11

    attachment #1: screenshot (image/png) ΓöÇΓöÇΓöÇΓöÇΓöÇΓöÇΓöÇΓöÇΓöÇΓöÇΓöÇΓöÇΓöÇΓöÇΓöÇΓöÇΓöÇΓöÇΓöÇΓöÇΓöÇΓöÇΓöÇΓöÇΓöÇΓöÇΓöÇΓöÇΓöÇΓöÇΓöÇΓöÇΓöÇΓöÇΓöÇΓöÇΓöÇΓöÇΓöÇΓöÇΓöÇΓöÇΓöÇΓöÇΓöÇΓöÇΓöÇΓöÇΓöÇΓöÇΓöÇΓöÇΓöÇΓöÇΓöÇΓöÇΓöÇΓöÇ
    test-results\user-journeys-US-2-Login-v-1ef5d-pp-dashboard-or-onboarding--Firefox\test-failed-1.png
    ΓöÇΓöÇΓöÇΓöÇΓöÇΓöÇΓöÇΓöÇΓöÇΓöÇΓöÇΓöÇΓöÇΓöÇΓöÇΓöÇΓöÇΓöÇΓöÇΓöÇΓöÇΓöÇΓöÇΓöÇΓöÇΓöÇΓöÇΓöÇΓöÇΓöÇΓöÇΓöÇΓöÇΓöÇΓöÇΓöÇΓöÇΓöÇΓöÇΓöÇΓöÇΓöÇΓöÇΓöÇΓöÇΓöÇΓöÇΓöÇΓöÇΓöÇΓöÇΓöÇΓöÇΓöÇΓöÇΓöÇΓöÇΓöÇΓöÇΓöÇΓöÇΓöÇΓöÇΓöÇΓöÇΓöÇΓöÇΓöÇΓöÇΓöÇΓöÇΓöÇΓöÇΓöÇΓöÇΓöÇΓöÇΓöÇΓöÇΓöÇΓöÇΓöÇΓöÇΓöÇΓöÇΓöÇΓöÇΓöÇΓöÇΓöÇΓöÇΓöÇΓöÇΓöÇΓöÇΓöÇ

    Error Context: test-results\user-journeys-US-2-Login-v-1ef5d-pp-dashboard-or-onboarding--Firefox\error-context.md

    Retry #1 ΓöÇΓöÇΓöÇΓöÇΓöÇΓöÇΓöÇΓöÇΓöÇΓöÇΓöÇΓöÇΓöÇΓöÇΓöÇΓöÇΓöÇΓöÇΓöÇΓöÇΓöÇΓöÇΓöÇΓöÇΓöÇΓöÇΓöÇΓöÇΓöÇΓöÇΓöÇΓöÇΓöÇΓöÇΓöÇΓöÇΓöÇΓöÇΓöÇΓöÇΓöÇΓöÇΓöÇΓöÇΓöÇΓöÇΓöÇΓöÇΓöÇΓöÇΓöÇΓöÇΓöÇΓöÇΓöÇΓöÇΓöÇΓöÇΓöÇΓöÇΓöÇΓöÇΓöÇΓöÇΓöÇΓöÇΓöÇΓöÇΓöÇΓöÇΓöÇΓöÇΓöÇΓöÇΓöÇΓöÇΓöÇΓöÇΓöÇΓöÇΓöÇΓöÇΓöÇΓöÇΓöÇΓöÇΓöÇ

    Error: page.goto: NS_ERROR_UNKNOWN_HOST
    Call log:
      - navigating to "https://thecareersetu.in/login", waiting until "load"


      28 |
      29 | async function login(page: Page, email: string, password: string) {
    > 30 |   await page.goto('/login')
         |              ^
      31 |   await page.getByPlaceholder('you@example.com').fill(email)
      32 |   await page.getByPlaceholder('Your password').fill(password)
      33 |   await page.getByRole('button', { name: 'Sign in' }).click()
        at login (C:\Users\amitc\CareerSetu\tests\e2e\user-journeys.spec.ts:30:14)
        at C:\Users\amitc\CareerSetu\tests\e2e\user-journeys.spec.ts:65:11

    attachment #1: screenshot (image/png) ΓöÇΓöÇΓöÇΓöÇΓöÇΓöÇΓöÇΓöÇΓöÇΓöÇΓöÇΓöÇΓöÇΓöÇΓöÇΓöÇΓöÇΓöÇΓöÇΓöÇΓöÇΓöÇΓöÇΓöÇΓöÇΓöÇΓöÇΓöÇΓöÇΓöÇΓöÇΓöÇΓöÇΓöÇΓöÇΓöÇΓöÇΓöÇΓöÇΓöÇΓöÇΓöÇΓöÇΓöÇΓöÇΓöÇΓöÇΓöÇΓöÇΓöÇΓöÇΓöÇΓöÇΓöÇΓöÇΓöÇΓöÇΓöÇ
    test-results\user-journeys-US-2-Login-v-1ef5d-pp-dashboard-or-onboarding--Firefox-retry1\test-failed-1.png
    ΓöÇΓöÇΓöÇΓöÇΓöÇΓöÇΓöÇΓöÇΓöÇΓöÇΓöÇΓöÇΓöÇΓöÇΓöÇΓöÇΓöÇΓöÇΓöÇΓöÇΓöÇΓöÇΓöÇΓöÇΓöÇΓöÇΓöÇΓöÇΓöÇΓöÇΓöÇΓöÇΓöÇΓöÇΓöÇΓöÇΓöÇΓöÇΓöÇΓöÇΓöÇΓöÇΓöÇΓöÇΓöÇΓöÇΓöÇΓöÇΓöÇΓöÇΓöÇΓöÇΓöÇΓöÇΓöÇΓöÇΓöÇΓöÇΓöÇΓöÇΓöÇΓöÇΓöÇΓöÇΓöÇΓöÇΓöÇΓöÇΓöÇΓöÇΓöÇΓöÇΓöÇΓöÇΓöÇΓöÇΓöÇΓöÇΓöÇΓöÇΓöÇΓöÇΓöÇΓöÇΓöÇΓöÇΓöÇΓöÇΓöÇΓöÇΓöÇΓöÇΓöÇΓöÇΓöÇΓöÇ

    Error Context: test-results\user-journeys-US-2-Login-v-1ef5d-pp-dashboard-or-onboarding--Firefox-retry1\error-context.md

  60) [Firefox] ΓÇ║ tests\e2e\user-journeys.spec.ts:74:7 ΓÇ║ US-3 Invalid login ΓÇ║ wrong password shows an error and stays on /login 

    Error: page.goto: NS_ERROR_UNKNOWN_HOST
    Call log:
      - navigating to "https://thecareersetu.in/login", waiting until "load"


      28 |
      29 | async function login(page: Page, email: string, password: string) {
    > 30 |   await page.goto('/login')
         |              ^
      31 |   await page.getByPlaceholder('you@example.com').fill(email)
      32 |   await page.getByPlaceholder('Your password').fill(password)
      33 |   await page.getByRole('button', { name: 'Sign in' }).click()
        at login (C:\Users\amitc\CareerSetu\tests\e2e\user-journeys.spec.ts:30:14)
        at C:\Users\amitc\CareerSetu\tests\e2e\user-journeys.spec.ts:75:11

    attachment #1: screenshot (image/png) ΓöÇΓöÇΓöÇΓöÇΓöÇΓöÇΓöÇΓöÇΓöÇΓöÇΓöÇΓöÇΓöÇΓöÇΓöÇΓöÇΓöÇΓöÇΓöÇΓöÇΓöÇΓöÇΓöÇΓöÇΓöÇΓöÇΓöÇΓöÇΓöÇΓöÇΓöÇΓöÇΓöÇΓöÇΓöÇΓöÇΓöÇΓöÇΓöÇΓöÇΓöÇΓöÇΓöÇΓöÇΓöÇΓöÇΓöÇΓöÇΓöÇΓöÇΓöÇΓöÇΓöÇΓöÇΓöÇΓöÇΓöÇΓöÇ
    test-results\user-journeys-US-3-Invalid-bd9c1-an-error-and-stays-on-login-Firefox\test-failed-1.png
    ΓöÇΓöÇΓöÇΓöÇΓöÇΓöÇΓöÇΓöÇΓöÇΓöÇΓöÇΓöÇΓöÇΓöÇΓöÇΓöÇΓöÇΓöÇΓöÇΓöÇΓöÇΓöÇΓöÇΓöÇΓöÇΓöÇΓöÇΓöÇΓöÇΓöÇΓöÇΓöÇΓöÇΓöÇΓöÇΓöÇΓöÇΓöÇΓöÇΓöÇΓöÇΓöÇΓöÇΓöÇΓöÇΓöÇΓöÇΓöÇΓöÇΓöÇΓöÇΓöÇΓöÇΓöÇΓöÇΓöÇΓöÇΓöÇΓöÇΓöÇΓöÇΓöÇΓöÇΓöÇΓöÇΓöÇΓöÇΓöÇΓöÇΓöÇΓöÇΓöÇΓöÇΓöÇΓöÇΓöÇΓöÇΓöÇΓöÇΓöÇΓöÇΓöÇΓöÇΓöÇΓöÇΓöÇΓöÇΓöÇΓöÇΓöÇΓöÇΓöÇΓöÇΓöÇΓöÇΓöÇ

    Error Context: test-results\user-journeys-US-3-Invalid-bd9c1-an-error-and-stays-on-login-Firefox\error-context.md

    Retry #1 ΓöÇΓöÇΓöÇΓöÇΓöÇΓöÇΓöÇΓöÇΓöÇΓöÇΓöÇΓöÇΓöÇΓöÇΓöÇΓöÇΓöÇΓöÇΓöÇΓöÇΓöÇΓöÇΓöÇΓöÇΓöÇΓöÇΓöÇΓöÇΓöÇΓöÇΓöÇΓöÇΓöÇΓöÇΓöÇΓöÇΓöÇΓöÇΓöÇΓöÇΓöÇΓöÇΓöÇΓöÇΓöÇΓöÇΓöÇΓöÇΓöÇΓöÇΓöÇΓöÇΓöÇΓöÇΓöÇΓöÇΓöÇΓöÇΓöÇΓöÇΓöÇΓöÇΓöÇΓöÇΓöÇΓöÇΓöÇΓöÇΓöÇΓöÇΓöÇΓöÇΓöÇΓöÇΓöÇΓöÇΓöÇΓöÇΓöÇΓöÇΓöÇΓöÇΓöÇΓöÇΓöÇΓöÇΓöÇ

    Error: page.goto: NS_ERROR_UNKNOWN_HOST
    Call log:
      - navigating to "https://thecareersetu.in/login", waiting until "load"


      28 |
      29 | async function login(page: Page, email: string, password: string) {
    > 30 |   await page.goto('/login')
         |              ^
      31 |   await page.getByPlaceholder('you@example.com').fill(email)
      32 |   await page.getByPlaceholder('Your password').fill(password)
      33 |   await page.getByRole('button', { name: 'Sign in' }).click()
        at login (C:\Users\amitc\CareerSetu\tests\e2e\user-journeys.spec.ts:30:14)
        at C:\Users\amitc\CareerSetu\tests\e2e\user-journeys.spec.ts:75:11

    attachment #1: screenshot (image/png) ΓöÇΓöÇΓöÇΓöÇΓöÇΓöÇΓöÇΓöÇΓöÇΓöÇΓöÇΓöÇΓöÇΓöÇΓöÇΓöÇΓöÇΓöÇΓöÇΓöÇΓöÇΓöÇΓöÇΓöÇΓöÇΓöÇΓöÇΓöÇΓöÇΓöÇΓöÇΓöÇΓöÇΓöÇΓöÇΓöÇΓöÇΓöÇΓöÇΓöÇΓöÇΓöÇΓöÇΓöÇΓöÇΓöÇΓöÇΓöÇΓöÇΓöÇΓöÇΓöÇΓöÇΓöÇΓöÇΓöÇΓöÇΓöÇ
    test-results\user-journeys-US-3-Invalid-bd9c1-an-error-and-stays-on-login-Firefox-retry1\test-failed-1.png
    ΓöÇΓöÇΓöÇΓöÇΓöÇΓöÇΓöÇΓöÇΓöÇΓöÇΓöÇΓöÇΓöÇΓöÇΓöÇΓöÇΓöÇΓöÇΓöÇΓöÇΓöÇΓöÇΓöÇΓöÇΓöÇΓöÇΓöÇΓöÇΓöÇΓöÇΓöÇΓöÇΓöÇΓöÇΓöÇΓöÇΓöÇΓöÇΓöÇΓöÇΓöÇΓöÇΓöÇΓöÇΓöÇΓöÇΓöÇΓöÇΓöÇΓöÇΓöÇΓöÇΓöÇΓöÇΓöÇΓöÇΓöÇΓöÇΓöÇΓöÇΓöÇΓöÇΓöÇΓöÇΓöÇΓöÇΓöÇΓöÇΓöÇΓöÇΓöÇΓöÇΓöÇΓöÇΓöÇΓöÇΓöÇΓöÇΓöÇΓöÇΓöÇΓöÇΓöÇΓöÇΓöÇΓöÇΓöÇΓöÇΓöÇΓöÇΓöÇΓöÇΓöÇΓöÇΓöÇΓöÇ

    Error Context: test-results\user-journeys-US-3-Invalid-bd9c1-an-error-and-stays-on-login-Firefox-retry1\error-context.md

  61) [Firefox] ΓÇ║ tests\e2e\user-journeys.spec.ts:86:7 ΓÇ║ US-4 Session persists across navigation (redirect-loop regression) ΓÇ║ after login, a protected route loads instead of bouncing to /login 

    Error: page.goto: NS_ERROR_UNKNOWN_HOST
    Call log:
      - navigating to "https://thecareersetu.in/login", waiting until "load"


      28 |
      29 | async function login(page: Page, email: string, password: string) {
    > 30 |   await page.goto('/login')
         |              ^
      31 |   await page.getByPlaceholder('you@example.com').fill(email)
      32 |   await page.getByPlaceholder('Your password').fill(password)
      33 |   await page.getByRole('button', { name: 'Sign in' }).click()
        at login (C:\Users\amitc\CareerSetu\tests\e2e\user-journeys.spec.ts:30:14)
        at C:\Users\amitc\CareerSetu\tests\e2e\user-journeys.spec.ts:87:11

    attachment #1: screenshot (image/png) ΓöÇΓöÇΓöÇΓöÇΓöÇΓöÇΓöÇΓöÇΓöÇΓöÇΓöÇΓöÇΓöÇΓöÇΓöÇΓöÇΓöÇΓöÇΓöÇΓöÇΓöÇΓöÇΓöÇΓöÇΓöÇΓöÇΓöÇΓöÇΓöÇΓöÇΓöÇΓöÇΓöÇΓöÇΓöÇΓöÇΓöÇΓöÇΓöÇΓöÇΓöÇΓöÇΓöÇΓöÇΓöÇΓöÇΓöÇΓöÇΓöÇΓöÇΓöÇΓöÇΓöÇΓöÇΓöÇΓöÇΓöÇΓöÇ
    test-results\user-journeys-US-4-Session-c503c-nstead-of-bouncing-to-login-Firefox\test-failed-1.png
    ΓöÇΓöÇΓöÇΓöÇΓöÇΓöÇΓöÇΓöÇΓöÇΓöÇΓöÇΓöÇΓöÇΓöÇΓöÇΓöÇΓöÇΓöÇΓöÇΓöÇΓöÇΓöÇΓöÇΓöÇΓöÇΓöÇΓöÇΓöÇΓöÇΓöÇΓöÇΓöÇΓöÇΓöÇΓöÇΓöÇΓöÇΓöÇΓöÇΓöÇΓöÇΓöÇΓöÇΓöÇΓöÇΓöÇΓöÇΓöÇΓöÇΓöÇΓöÇΓöÇΓöÇΓöÇΓöÇΓöÇΓöÇΓöÇΓöÇΓöÇΓöÇΓöÇΓöÇΓöÇΓöÇΓöÇΓöÇΓöÇΓöÇΓöÇΓöÇΓöÇΓöÇΓöÇΓöÇΓöÇΓöÇΓöÇΓöÇΓöÇΓöÇΓöÇΓöÇΓöÇΓöÇΓöÇΓöÇΓöÇΓöÇΓöÇΓöÇΓöÇΓöÇΓöÇΓöÇΓöÇ

    Error Context: test-results\user-journeys-US-4-Session-c503c-nstead-of-bouncing-to-login-Firefox\error-context.md

    Retry #1 ΓöÇΓöÇΓöÇΓöÇΓöÇΓöÇΓöÇΓöÇΓöÇΓöÇΓöÇΓöÇΓöÇΓöÇΓöÇΓöÇΓöÇΓöÇΓöÇΓöÇΓöÇΓöÇΓöÇΓöÇΓöÇΓöÇΓöÇΓöÇΓöÇΓöÇΓöÇΓöÇΓöÇΓöÇΓöÇΓöÇΓöÇΓöÇΓöÇΓöÇΓöÇΓöÇΓöÇΓöÇΓöÇΓöÇΓöÇΓöÇΓöÇΓöÇΓöÇΓöÇΓöÇΓöÇΓöÇΓöÇΓöÇΓöÇΓöÇΓöÇΓöÇΓöÇΓöÇΓöÇΓöÇΓöÇΓöÇΓöÇΓöÇΓöÇΓöÇΓöÇΓöÇΓöÇΓöÇΓöÇΓöÇΓöÇΓöÇΓöÇΓöÇΓöÇΓöÇΓöÇΓöÇΓöÇΓöÇ

    Error: page.goto: NS_ERROR_UNKNOWN_HOST
    Call log:
      - navigating to "https://thecareersetu.in/login", waiting until "load"


      28 |
      29 | async function login(page: Page, email: string, password: string) {
    > 30 |   await page.goto('/login')
         |              ^
      31 |   await page.getByPlaceholder('you@example.com').fill(email)
      32 |   await page.getByPlaceholder('Your password').fill(password)
      33 |   await page.getByRole('button', { name: 'Sign in' }).click()
        at login (C:\Users\amitc\CareerSetu\tests\e2e\user-journeys.spec.ts:30:14)
        at C:\Users\amitc\CareerSetu\tests\e2e\user-journeys.spec.ts:87:11

    attachment #1: screenshot (image/png) ΓöÇΓöÇΓöÇΓöÇΓöÇΓöÇΓöÇΓöÇΓöÇΓöÇΓöÇΓöÇΓöÇΓöÇΓöÇΓöÇΓöÇΓöÇΓöÇΓöÇΓöÇΓöÇΓöÇΓöÇΓöÇΓöÇΓöÇΓöÇΓöÇΓöÇΓöÇΓöÇΓöÇΓöÇΓöÇΓöÇΓöÇΓöÇΓöÇΓöÇΓöÇΓöÇΓöÇΓöÇΓöÇΓöÇΓöÇΓöÇΓöÇΓöÇΓöÇΓöÇΓöÇΓöÇΓöÇΓöÇΓöÇΓöÇ
    test-results\user-journeys-US-4-Session-c503c-nstead-of-bouncing-to-login-Firefox-retry1\test-failed-1.png
    ΓöÇΓöÇΓöÇΓöÇΓöÇΓöÇΓöÇΓöÇΓöÇΓöÇΓöÇΓöÇΓöÇΓöÇΓöÇΓöÇΓöÇΓöÇΓöÇΓöÇΓöÇΓöÇΓöÇΓöÇΓöÇΓöÇΓöÇΓöÇΓöÇΓöÇΓöÇΓöÇΓöÇΓöÇΓöÇΓöÇΓöÇΓöÇΓöÇΓöÇΓöÇΓöÇΓöÇΓöÇΓöÇΓöÇΓöÇΓöÇΓöÇΓöÇΓöÇΓöÇΓöÇΓöÇΓöÇΓöÇΓöÇΓöÇΓöÇΓöÇΓöÇΓöÇΓöÇΓöÇΓöÇΓöÇΓöÇΓöÇΓöÇΓöÇΓöÇΓöÇΓöÇΓöÇΓöÇΓöÇΓöÇΓöÇΓöÇΓöÇΓöÇΓöÇΓöÇΓöÇΓöÇΓöÇΓöÇΓöÇΓöÇΓöÇΓöÇΓöÇΓöÇΓöÇΓöÇΓöÇ

    Error Context: test-results\user-journeys-US-4-Session-c503c-nstead-of-bouncing-to-login-Firefox-retry1\error-context.md

  62) [Firefox] ΓÇ║ tests\e2e\user-journeys.spec.ts:103:7 ΓÇ║ US-5 Profile ΓÇ║ profile page loads and saving succeeds 

    Error: page.goto: NS_ERROR_UNKNOWN_HOST
    Call log:
      - navigating to "https://thecareersetu.in/login", waiting until "load"


      28 |
      29 | async function login(page: Page, email: string, password: string) {
    > 30 |   await page.goto('/login')
         |              ^
      31 |   await page.getByPlaceholder('you@example.com').fill(email)
      32 |   await page.getByPlaceholder('Your password').fill(password)
      33 |   await page.getByRole('button', { name: 'Sign in' }).click()
        at login (C:\Users\amitc\CareerSetu\tests\e2e\user-journeys.spec.ts:30:14)
        at C:\Users\amitc\CareerSetu\tests\e2e\user-journeys.spec.ts:104:11

    attachment #1: screenshot (image/png) ΓöÇΓöÇΓöÇΓöÇΓöÇΓöÇΓöÇΓöÇΓöÇΓöÇΓöÇΓöÇΓöÇΓöÇΓöÇΓöÇΓöÇΓöÇΓöÇΓöÇΓöÇΓöÇΓöÇΓöÇΓöÇΓöÇΓöÇΓöÇΓöÇΓöÇΓöÇΓöÇΓöÇΓöÇΓöÇΓöÇΓöÇΓöÇΓöÇΓöÇΓöÇΓöÇΓöÇΓöÇΓöÇΓöÇΓöÇΓöÇΓöÇΓöÇΓöÇΓöÇΓöÇΓöÇΓöÇΓöÇΓöÇΓöÇ
    test-results\user-journeys-US-5-Profile-a529b-e-loads-and-saving-succeeds-Firefox\test-failed-1.png
    ΓöÇΓöÇΓöÇΓöÇΓöÇΓöÇΓöÇΓöÇΓöÇΓöÇΓöÇΓöÇΓöÇΓöÇΓöÇΓöÇΓöÇΓöÇΓöÇΓöÇΓöÇΓöÇΓöÇΓöÇΓöÇΓöÇΓöÇΓöÇΓöÇΓöÇΓöÇΓöÇΓöÇΓöÇΓöÇΓöÇΓöÇΓöÇΓöÇΓöÇΓöÇΓöÇΓöÇΓöÇΓöÇΓöÇΓöÇΓöÇΓöÇΓöÇΓöÇΓöÇΓöÇΓöÇΓöÇΓöÇΓöÇΓöÇΓöÇΓöÇΓöÇΓöÇΓöÇΓöÇΓöÇΓöÇΓöÇΓöÇΓöÇΓöÇΓöÇΓöÇΓöÇΓöÇΓöÇΓöÇΓöÇΓöÇΓöÇΓöÇΓöÇΓöÇΓöÇΓöÇΓöÇΓöÇΓöÇΓöÇΓöÇΓöÇΓöÇΓöÇΓöÇΓöÇΓöÇΓöÇ

    Error Context: test-results\user-journeys-US-5-Profile-a529b-e-loads-and-saving-succeeds-Firefox\error-context.md

    Retry #1 ΓöÇΓöÇΓöÇΓöÇΓöÇΓöÇΓöÇΓöÇΓöÇΓöÇΓöÇΓöÇΓöÇΓöÇΓöÇΓöÇΓöÇΓöÇΓöÇΓöÇΓöÇΓöÇΓöÇΓöÇΓöÇΓöÇΓöÇΓöÇΓöÇΓöÇΓöÇΓöÇΓöÇΓöÇΓöÇΓöÇΓöÇΓöÇΓöÇΓöÇΓöÇΓöÇΓöÇΓöÇΓöÇΓöÇΓöÇΓöÇΓöÇΓöÇΓöÇΓöÇΓöÇΓöÇΓöÇΓöÇΓöÇΓöÇΓöÇΓöÇΓöÇΓöÇΓöÇΓöÇΓöÇΓöÇΓöÇΓöÇΓöÇΓöÇΓöÇΓöÇΓöÇΓöÇΓöÇΓöÇΓöÇΓöÇΓöÇΓöÇΓöÇΓöÇΓöÇΓöÇΓöÇΓöÇΓöÇ

    Error: page.goto: NS_ERROR_UNKNOWN_HOST
    Call log:
      - navigating to "https://thecareersetu.in/login", waiting until "load"


      28 |
      29 | async function login(page: Page, email: string, password: string) {
    > 30 |   await page.goto('/login')
         |              ^
      31 |   await page.getByPlaceholder('you@example.com').fill(email)
      32 |   await page.getByPlaceholder('Your password').fill(password)
      33 |   await page.getByRole('button', { name: 'Sign in' }).click()
        at login (C:\Users\amitc\CareerSetu\tests\e2e\user-journeys.spec.ts:30:14)
        at C:\Users\amitc\CareerSetu\tests\e2e\user-journeys.spec.ts:104:11

    attachment #1: screenshot (image/png) ΓöÇΓöÇΓöÇΓöÇΓöÇΓöÇΓöÇΓöÇΓöÇΓöÇΓöÇΓöÇΓöÇΓöÇΓöÇΓöÇΓöÇΓöÇΓöÇΓöÇΓöÇΓöÇΓöÇΓöÇΓöÇΓöÇΓöÇΓöÇΓöÇΓöÇΓöÇΓöÇΓöÇΓöÇΓöÇΓöÇΓöÇΓöÇΓöÇΓöÇΓöÇΓöÇΓöÇΓöÇΓöÇΓöÇΓöÇΓöÇΓöÇΓöÇΓöÇΓöÇΓöÇΓöÇΓöÇΓöÇΓöÇΓöÇ
    test-results\user-journeys-US-5-Profile-a529b-e-loads-and-saving-succeeds-Firefox-retry1\test-failed-1.png
    ΓöÇΓöÇΓöÇΓöÇΓöÇΓöÇΓöÇΓöÇΓöÇΓöÇΓöÇΓöÇΓöÇΓöÇΓöÇΓöÇΓöÇΓöÇΓöÇΓöÇΓöÇΓöÇΓöÇΓöÇΓöÇΓöÇΓöÇΓöÇΓöÇΓöÇΓöÇΓöÇΓöÇΓöÇΓöÇΓöÇΓöÇΓöÇΓöÇΓöÇΓöÇΓöÇΓöÇΓöÇΓöÇΓöÇΓöÇΓöÇΓöÇΓöÇΓöÇΓöÇΓöÇΓöÇΓöÇΓöÇΓöÇΓöÇΓöÇΓöÇΓöÇΓöÇΓöÇΓöÇΓöÇΓöÇΓöÇΓöÇΓöÇΓöÇΓöÇΓöÇΓöÇΓöÇΓöÇΓöÇΓöÇΓöÇΓöÇΓöÇΓöÇΓöÇΓöÇΓöÇΓöÇΓöÇΓöÇΓöÇΓöÇΓöÇΓöÇΓöÇΓöÇΓöÇΓöÇΓöÇ

    Error Context: test-results\user-journeys-US-5-Profile-a529b-e-loads-and-saving-succeeds-Firefox-retry1\error-context.md

  63) [Firefox] ΓÇ║ tests\e2e\user-journeys.spec.ts:124:7 ΓÇ║ US-6 Mock MCQ test ΓÇ║ configure and start ΓÇö starts, or gracefully reports no questions (no crash / no 401) 

    Error: page.goto: NS_ERROR_UNKNOWN_HOST
    Call log:
      - navigating to "https://thecareersetu.in/login", waiting until "load"


      28 |
      29 | async function login(page: Page, email: string, password: string) {
    > 30 |   await page.goto('/login')
         |              ^
      31 |   await page.getByPlaceholder('you@example.com').fill(email)
      32 |   await page.getByPlaceholder('Your password').fill(password)
      33 |   await page.getByRole('button', { name: 'Sign in' }).click()
        at login (C:\Users\amitc\CareerSetu\tests\e2e\user-journeys.spec.ts:30:14)
        at C:\Users\amitc\CareerSetu\tests\e2e\user-journeys.spec.ts:125:11

    attachment #1: screenshot (image/png) ΓöÇΓöÇΓöÇΓöÇΓöÇΓöÇΓöÇΓöÇΓöÇΓöÇΓöÇΓöÇΓöÇΓöÇΓöÇΓöÇΓöÇΓöÇΓöÇΓöÇΓöÇΓöÇΓöÇΓöÇΓöÇΓöÇΓöÇΓöÇΓöÇΓöÇΓöÇΓöÇΓöÇΓöÇΓöÇΓöÇΓöÇΓöÇΓöÇΓöÇΓöÇΓöÇΓöÇΓöÇΓöÇΓöÇΓöÇΓöÇΓöÇΓöÇΓöÇΓöÇΓöÇΓöÇΓöÇΓöÇΓöÇΓöÇ
    test-results\user-journeys-US-6-Mock-MC-dad2a--questions-no-crash-no-401--Firefox\test-failed-1.png
    ΓöÇΓöÇΓöÇΓöÇΓöÇΓöÇΓöÇΓöÇΓöÇΓöÇΓöÇΓöÇΓöÇΓöÇΓöÇΓöÇΓöÇΓöÇΓöÇΓöÇΓöÇΓöÇΓöÇΓöÇΓöÇΓöÇΓöÇΓöÇΓöÇΓöÇΓöÇΓöÇΓöÇΓöÇΓöÇΓöÇΓöÇΓöÇΓöÇΓöÇΓöÇΓöÇΓöÇΓöÇΓöÇΓöÇΓöÇΓöÇΓöÇΓöÇΓöÇΓöÇΓöÇΓöÇΓöÇΓöÇΓöÇΓöÇΓöÇΓöÇΓöÇΓöÇΓöÇΓöÇΓöÇΓöÇΓöÇΓöÇΓöÇΓöÇΓöÇΓöÇΓöÇΓöÇΓöÇΓöÇΓöÇΓöÇΓöÇΓöÇΓöÇΓöÇΓöÇΓöÇΓöÇΓöÇΓöÇΓöÇΓöÇΓöÇΓöÇΓöÇΓöÇΓöÇΓöÇΓöÇ

    Error Context: test-results\user-journeys-US-6-Mock-MC-dad2a--questions-no-crash-no-401--Firefox\error-context.md

    Retry #1 ΓöÇΓöÇΓöÇΓöÇΓöÇΓöÇΓöÇΓöÇΓöÇΓöÇΓöÇΓöÇΓöÇΓöÇΓöÇΓöÇΓöÇΓöÇΓöÇΓöÇΓöÇΓöÇΓöÇΓöÇΓöÇΓöÇΓöÇΓöÇΓöÇΓöÇΓöÇΓöÇΓöÇΓöÇΓöÇΓöÇΓöÇΓöÇΓöÇΓöÇΓöÇΓöÇΓöÇΓöÇΓöÇΓöÇΓöÇΓöÇΓöÇΓöÇΓöÇΓöÇΓöÇΓöÇΓöÇΓöÇΓöÇΓöÇΓöÇΓöÇΓöÇΓöÇΓöÇΓöÇΓöÇΓöÇΓöÇΓöÇΓöÇΓöÇΓöÇΓöÇΓöÇΓöÇΓöÇΓöÇΓöÇΓöÇΓöÇΓöÇΓöÇΓöÇΓöÇΓöÇΓöÇΓöÇΓöÇ

    Error: page.goto: NS_ERROR_UNKNOWN_HOST
    Call log:
      - navigating to "https://thecareersetu.in/login", waiting until "load"


      28 |
      29 | async function login(page: Page, email: string, password: string) {
    > 30 |   await page.goto('/login')
         |              ^
      31 |   await page.getByPlaceholder('you@example.com').fill(email)
      32 |   await page.getByPlaceholder('Your password').fill(password)
      33 |   await page.getByRole('button', { name: 'Sign in' }).click()
        at login (C:\Users\amitc\CareerSetu\tests\e2e\user-journeys.spec.ts:30:14)
        at C:\Users\amitc\CareerSetu\tests\e2e\user-journeys.spec.ts:125:11

    attachment #1: screenshot (image/png) ΓöÇΓöÇΓöÇΓöÇΓöÇΓöÇΓöÇΓöÇΓöÇΓöÇΓöÇΓöÇΓöÇΓöÇΓöÇΓöÇΓöÇΓöÇΓöÇΓöÇΓöÇΓöÇΓöÇΓöÇΓöÇΓöÇΓöÇΓöÇΓöÇΓöÇΓöÇΓöÇΓöÇΓöÇΓöÇΓöÇΓöÇΓöÇΓöÇΓöÇΓöÇΓöÇΓöÇΓöÇΓöÇΓöÇΓöÇΓöÇΓöÇΓöÇΓöÇΓöÇΓöÇΓöÇΓöÇΓöÇΓöÇΓöÇ
    test-results\user-journeys-US-6-Mock-MC-dad2a--questions-no-crash-no-401--Firefox-retry1\test-failed-1.png
    ΓöÇΓöÇΓöÇΓöÇΓöÇΓöÇΓöÇΓöÇΓöÇΓöÇΓöÇΓöÇΓöÇΓöÇΓöÇΓöÇΓöÇΓöÇΓöÇΓöÇΓöÇΓöÇΓöÇΓöÇΓöÇΓöÇΓöÇΓöÇΓöÇΓöÇΓöÇΓöÇΓöÇΓöÇΓöÇΓöÇΓöÇΓöÇΓöÇΓöÇΓöÇΓöÇΓöÇΓöÇΓöÇΓöÇΓöÇΓöÇΓöÇΓöÇΓöÇΓöÇΓöÇΓöÇΓöÇΓöÇΓöÇΓöÇΓöÇΓöÇΓöÇΓöÇΓöÇΓöÇΓöÇΓöÇΓöÇΓöÇΓöÇΓöÇΓöÇΓöÇΓöÇΓöÇΓöÇΓöÇΓöÇΓöÇΓöÇΓöÇΓöÇΓöÇΓöÇΓöÇΓöÇΓöÇΓöÇΓöÇΓöÇΓöÇΓöÇΓöÇΓöÇΓöÇΓöÇΓöÇ

    Error Context: test-results\user-journeys-US-6-Mock-MC-dad2a--questions-no-crash-no-401--Firefox-retry1\error-context.md

  64) [Firefox] ΓÇ║ tests\e2e\user-journeys.spec.ts:149:7 ΓÇ║ US-7 Reports ΓÇ║ reports page loads for an authenticated user 

    Error: page.goto: NS_ERROR_UNKNOWN_HOST
    Call log:
      - navigating to "https://thecareersetu.in/login", waiting until "load"


      28 |
      29 | async function login(page: Page, email: string, password: string) {
    > 30 |   await page.goto('/login')
         |              ^
      31 |   await page.getByPlaceholder('you@example.com').fill(email)
      32 |   await page.getByPlaceholder('Your password').fill(password)
      33 |   await page.getByRole('button', { name: 'Sign in' }).click()
        at login (C:\Users\amitc\CareerSetu\tests\e2e\user-journeys.spec.ts:30:14)
        at C:\Users\amitc\CareerSetu\tests\e2e\user-journeys.spec.ts:150:11

    attachment #1: screenshot (image/png) ΓöÇΓöÇΓöÇΓöÇΓöÇΓöÇΓöÇΓöÇΓöÇΓöÇΓöÇΓöÇΓöÇΓöÇΓöÇΓöÇΓöÇΓöÇΓöÇΓöÇΓöÇΓöÇΓöÇΓöÇΓöÇΓöÇΓöÇΓöÇΓöÇΓöÇΓöÇΓöÇΓöÇΓöÇΓöÇΓöÇΓöÇΓöÇΓöÇΓöÇΓöÇΓöÇΓöÇΓöÇΓöÇΓöÇΓöÇΓöÇΓöÇΓöÇΓöÇΓöÇΓöÇΓöÇΓöÇΓöÇΓöÇΓöÇ
    test-results\user-journeys-US-7-Reports-3a3ce-s-for-an-authenticated-user-Firefox\test-failed-1.png
    ΓöÇΓöÇΓöÇΓöÇΓöÇΓöÇΓöÇΓöÇΓöÇΓöÇΓöÇΓöÇΓöÇΓöÇΓöÇΓöÇΓöÇΓöÇΓöÇΓöÇΓöÇΓöÇΓöÇΓöÇΓöÇΓöÇΓöÇΓöÇΓöÇΓöÇΓöÇΓöÇΓöÇΓöÇΓöÇΓöÇΓöÇΓöÇΓöÇΓöÇΓöÇΓöÇΓöÇΓöÇΓöÇΓöÇΓöÇΓöÇΓöÇΓöÇΓöÇΓöÇΓöÇΓöÇΓöÇΓöÇΓöÇΓöÇΓöÇΓöÇΓöÇΓöÇΓöÇΓöÇΓöÇΓöÇΓöÇΓöÇΓöÇΓöÇΓöÇΓöÇΓöÇΓöÇΓöÇΓöÇΓöÇΓöÇΓöÇΓöÇΓöÇΓöÇΓöÇΓöÇΓöÇΓöÇΓöÇΓöÇΓöÇΓöÇΓöÇΓöÇΓöÇΓöÇΓöÇΓöÇ

    Error Context: test-results\user-journeys-US-7-Reports-3a3ce-s-for-an-authenticated-user-Firefox\error-context.md

    Retry #1 ΓöÇΓöÇΓöÇΓöÇΓöÇΓöÇΓöÇΓöÇΓöÇΓöÇΓöÇΓöÇΓöÇΓöÇΓöÇΓöÇΓöÇΓöÇΓöÇΓöÇΓöÇΓöÇΓöÇΓöÇΓöÇΓöÇΓöÇΓöÇΓöÇΓöÇΓöÇΓöÇΓöÇΓöÇΓöÇΓöÇΓöÇΓöÇΓöÇΓöÇΓöÇΓöÇΓöÇΓöÇΓöÇΓöÇΓöÇΓöÇΓöÇΓöÇΓöÇΓöÇΓöÇΓöÇΓöÇΓöÇΓöÇΓöÇΓöÇΓöÇΓöÇΓöÇΓöÇΓöÇΓöÇΓöÇΓöÇΓöÇΓöÇΓöÇΓöÇΓöÇΓöÇΓöÇΓöÇΓöÇΓöÇΓöÇΓöÇΓöÇΓöÇΓöÇΓöÇΓöÇΓöÇΓöÇΓöÇ

    Error: page.goto: NS_ERROR_UNKNOWN_HOST
    Call log:
      - navigating to "https://thecareersetu.in/login", waiting until "load"


      28 |
      29 | async function login(page: Page, email: string, password: string) {
    > 30 |   await page.goto('/login')
         |              ^
      31 |   await page.getByPlaceholder('you@example.com').fill(email)
      32 |   await page.getByPlaceholder('Your password').fill(password)
      33 |   await page.getByRole('button', { name: 'Sign in' }).click()
        at login (C:\Users\amitc\CareerSetu\tests\e2e\user-journeys.spec.ts:30:14)
        at C:\Users\amitc\CareerSetu\tests\e2e\user-journeys.spec.ts:150:11

    attachment #1: screenshot (image/png) ΓöÇΓöÇΓöÇΓöÇΓöÇΓöÇΓöÇΓöÇΓöÇΓöÇΓöÇΓöÇΓöÇΓöÇΓöÇΓöÇΓöÇΓöÇΓöÇΓöÇΓöÇΓöÇΓöÇΓöÇΓöÇΓöÇΓöÇΓöÇΓöÇΓöÇΓöÇΓöÇΓöÇΓöÇΓöÇΓöÇΓöÇΓöÇΓöÇΓöÇΓöÇΓöÇΓöÇΓöÇΓöÇΓöÇΓöÇΓöÇΓöÇΓöÇΓöÇΓöÇΓöÇΓöÇΓöÇΓöÇΓöÇΓöÇ
    test-results\user-journeys-US-7-Reports-3a3ce-s-for-an-authenticated-user-Firefox-retry1\test-failed-1.png
    ΓöÇΓöÇΓöÇΓöÇΓöÇΓöÇΓöÇΓöÇΓöÇΓöÇΓöÇΓöÇΓöÇΓöÇΓöÇΓöÇΓöÇΓöÇΓöÇΓöÇΓöÇΓöÇΓöÇΓöÇΓöÇΓöÇΓöÇΓöÇΓöÇΓöÇΓöÇΓöÇΓöÇΓöÇΓöÇΓöÇΓöÇΓöÇΓöÇΓöÇΓöÇΓöÇΓöÇΓöÇΓöÇΓöÇΓöÇΓöÇΓöÇΓöÇΓöÇΓöÇΓöÇΓöÇΓöÇΓöÇΓöÇΓöÇΓöÇΓöÇΓöÇΓöÇΓöÇΓöÇΓöÇΓöÇΓöÇΓöÇΓöÇΓöÇΓöÇΓöÇΓöÇΓöÇΓöÇΓöÇΓöÇΓöÇΓöÇΓöÇΓöÇΓöÇΓöÇΓöÇΓöÇΓöÇΓöÇΓöÇΓöÇΓöÇΓöÇΓöÇΓöÇΓöÇΓöÇΓöÇ

    Error Context: test-results\user-journeys-US-7-Reports-3a3ce-s-for-an-authenticated-user-Firefox-retry1\error-context.md

  65) [Brave] ΓÇ║ tests\e2e\regression.spec.ts:15:7 ΓÇ║ Marketing ΓÇô Landing page ΓÇ║ loads, shows hero CTA, no JS errors 

    Error: page.goto: net::ERR_NAME_NOT_RESOLVED at https://thecareersetu.in/
    Call log:
      - navigating to "https://thecareersetu.in/", waiting until "load"


      15 |   test('loads, shows hero CTA, no JS errors', async ({ page }) => {
      16 |     const errs = await noConsoleErrors(page)
    > 17 |     await page.goto('/')
         |                ^
      18 |     await expect(page).toHaveTitle(/CareerSetu/i)
      19 |     // Hero heading visible
      20 |     await expect(page.locator('h1').first()).toBeVisible()
        at C:\Users\amitc\CareerSetu\tests\e2e\regression.spec.ts:17:16

    attachment #1: screenshot (image/png) ΓöÇΓöÇΓöÇΓöÇΓöÇΓöÇΓöÇΓöÇΓöÇΓöÇΓöÇΓöÇΓöÇΓöÇΓöÇΓöÇΓöÇΓöÇΓöÇΓöÇΓöÇΓöÇΓöÇΓöÇΓöÇΓöÇΓöÇΓöÇΓöÇΓöÇΓöÇΓöÇΓöÇΓöÇΓöÇΓöÇΓöÇΓöÇΓöÇΓöÇΓöÇΓöÇΓöÇΓöÇΓöÇΓöÇΓöÇΓöÇΓöÇΓöÇΓöÇΓöÇΓöÇΓöÇΓöÇΓöÇΓöÇΓöÇ
    test-results\regression-Marketing-ΓÇô-Lan-09021-shows-hero-CTA-no-JS-errors-Brave\test-failed-1.png
    ΓöÇΓöÇΓöÇΓöÇΓöÇΓöÇΓöÇΓöÇΓöÇΓöÇΓöÇΓöÇΓöÇΓöÇΓöÇΓöÇΓöÇΓöÇΓöÇΓöÇΓöÇΓöÇΓöÇΓöÇΓöÇΓöÇΓöÇΓöÇΓöÇΓöÇΓöÇΓöÇΓöÇΓöÇΓöÇΓöÇΓöÇΓöÇΓöÇΓöÇΓöÇΓöÇΓöÇΓöÇΓöÇΓöÇΓöÇΓöÇΓöÇΓöÇΓöÇΓöÇΓöÇΓöÇΓöÇΓöÇΓöÇΓöÇΓöÇΓöÇΓöÇΓöÇΓöÇΓöÇΓöÇΓöÇΓöÇΓöÇΓöÇΓöÇΓöÇΓöÇΓöÇΓöÇΓöÇΓöÇΓöÇΓöÇΓöÇΓöÇΓöÇΓöÇΓöÇΓöÇΓöÇΓöÇΓöÇΓöÇΓöÇΓöÇΓöÇΓöÇΓöÇΓöÇΓöÇΓöÇ

    Error Context: test-results\regression-Marketing-ΓÇô-Lan-09021-shows-hero-CTA-no-JS-errors-Brave\error-context.md

    Retry #1 ΓöÇΓöÇΓöÇΓöÇΓöÇΓöÇΓöÇΓöÇΓöÇΓöÇΓöÇΓöÇΓöÇΓöÇΓöÇΓöÇΓöÇΓöÇΓöÇΓöÇΓöÇΓöÇΓöÇΓöÇΓöÇΓöÇΓöÇΓöÇΓöÇΓöÇΓöÇΓöÇΓöÇΓöÇΓöÇΓöÇΓöÇΓöÇΓöÇΓöÇΓöÇΓöÇΓöÇΓöÇΓöÇΓöÇΓöÇΓöÇΓöÇΓöÇΓöÇΓöÇΓöÇΓöÇΓöÇΓöÇΓöÇΓöÇΓöÇΓöÇΓöÇΓöÇΓöÇΓöÇΓöÇΓöÇΓöÇΓöÇΓöÇΓöÇΓöÇΓöÇΓöÇΓöÇΓöÇΓöÇΓöÇΓöÇΓöÇΓöÇΓöÇΓöÇΓöÇΓöÇΓöÇΓöÇΓöÇ

    Error: page.goto: net::ERR_NAME_NOT_RESOLVED at https://thecareersetu.in/
    Call log:
      - navigating to "https://thecareersetu.in/", waiting until "load"


      15 |   test('loads, shows hero CTA, no JS errors', async ({ page }) => {
      16 |     const errs = await noConsoleErrors(page)
    > 17 |     await page.goto('/')
         |                ^
      18 |     await expect(page).toHaveTitle(/CareerSetu/i)
      19 |     // Hero heading visible
      20 |     await expect(page.locator('h1').first()).toBeVisible()
        at C:\Users\amitc\CareerSetu\tests\e2e\regression.spec.ts:17:16

    attachment #1: screenshot (image/png) ΓöÇΓöÇΓöÇΓöÇΓöÇΓöÇΓöÇΓöÇΓöÇΓöÇΓöÇΓöÇΓöÇΓöÇΓöÇΓöÇΓöÇΓöÇΓöÇΓöÇΓöÇΓöÇΓöÇΓöÇΓöÇΓöÇΓöÇΓöÇΓöÇΓöÇΓöÇΓöÇΓöÇΓöÇΓöÇΓöÇΓöÇΓöÇΓöÇΓöÇΓöÇΓöÇΓöÇΓöÇΓöÇΓöÇΓöÇΓöÇΓöÇΓöÇΓöÇΓöÇΓöÇΓöÇΓöÇΓöÇΓöÇΓöÇ
    test-results\regression-Marketing-ΓÇô-Lan-09021-shows-hero-CTA-no-JS-errors-Brave-retry1\test-failed-1.png
    ΓöÇΓöÇΓöÇΓöÇΓöÇΓöÇΓöÇΓöÇΓöÇΓöÇΓöÇΓöÇΓöÇΓöÇΓöÇΓöÇΓöÇΓöÇΓöÇΓöÇΓöÇΓöÇΓöÇΓöÇΓöÇΓöÇΓöÇΓöÇΓöÇΓöÇΓöÇΓöÇΓöÇΓöÇΓöÇΓöÇΓöÇΓöÇΓöÇΓöÇΓöÇΓöÇΓöÇΓöÇΓöÇΓöÇΓöÇΓöÇΓöÇΓöÇΓöÇΓöÇΓöÇΓöÇΓöÇΓöÇΓöÇΓöÇΓöÇΓöÇΓöÇΓöÇΓöÇΓöÇΓöÇΓöÇΓöÇΓöÇΓöÇΓöÇΓöÇΓöÇΓöÇΓöÇΓöÇΓöÇΓöÇΓöÇΓöÇΓöÇΓöÇΓöÇΓöÇΓöÇΓöÇΓöÇΓöÇΓöÇΓöÇΓöÇΓöÇΓöÇΓöÇΓöÇΓöÇΓöÇ

    Error Context: test-results\regression-Marketing-ΓÇô-Lan-09021-shows-hero-CTA-no-JS-errors-Brave-retry1\error-context.md

  66) [Brave] ΓÇ║ tests\e2e\regression.spec.ts:30:7 ΓÇ║ Marketing ΓÇô Landing page ΓÇ║ navbar links render ΓöÇ

    Error: page.goto: net::ERR_NAME_NOT_RESOLVED at https://thecareersetu.in/
    Call log:
      - navigating to "https://thecareersetu.in/", waiting until "load"


      29 |
      30 |   test('navbar links render', async ({ page }) => {
    > 31 |     await page.goto('/')
         |                ^
      32 |     await expect(page.getByRole('link', { name: /pricing/i }).first()).toBeVisible()
      33 |   })
      34 |
        at C:\Users\amitc\CareerSetu\tests\e2e\regression.spec.ts:31:16

    attachment #1: screenshot (image/png) ΓöÇΓöÇΓöÇΓöÇΓöÇΓöÇΓöÇΓöÇΓöÇΓöÇΓöÇΓöÇΓöÇΓöÇΓöÇΓöÇΓöÇΓöÇΓöÇΓöÇΓöÇΓöÇΓöÇΓöÇΓöÇΓöÇΓöÇΓöÇΓöÇΓöÇΓöÇΓöÇΓöÇΓöÇΓöÇΓöÇΓöÇΓöÇΓöÇΓöÇΓöÇΓöÇΓöÇΓöÇΓöÇΓöÇΓöÇΓöÇΓöÇΓöÇΓöÇΓöÇΓöÇΓöÇΓöÇΓöÇΓöÇΓöÇ
    test-results\regression-Marketing-ΓÇô-Landing-page-navbar-links-render-Brave\test-failed-1.png
    ΓöÇΓöÇΓöÇΓöÇΓöÇΓöÇΓöÇΓöÇΓöÇΓöÇΓöÇΓöÇΓöÇΓöÇΓöÇΓöÇΓöÇΓöÇΓöÇΓöÇΓöÇΓöÇΓöÇΓöÇΓöÇΓöÇΓöÇΓöÇΓöÇΓöÇΓöÇΓöÇΓöÇΓöÇΓöÇΓöÇΓöÇΓöÇΓöÇΓöÇΓöÇΓöÇΓöÇΓöÇΓöÇΓöÇΓöÇΓöÇΓöÇΓöÇΓöÇΓöÇΓöÇΓöÇΓöÇΓöÇΓöÇΓöÇΓöÇΓöÇΓöÇΓöÇΓöÇΓöÇΓöÇΓöÇΓöÇΓöÇΓöÇΓöÇΓöÇΓöÇΓöÇΓöÇΓöÇΓöÇΓöÇΓöÇΓöÇΓöÇΓöÇΓöÇΓöÇΓöÇΓöÇΓöÇΓöÇΓöÇΓöÇΓöÇΓöÇΓöÇΓöÇΓöÇΓöÇΓöÇ

    Error Context: test-results\regression-Marketing-ΓÇô-Landing-page-navbar-links-render-Brave\error-context.md

    Retry #1 ΓöÇΓöÇΓöÇΓöÇΓöÇΓöÇΓöÇΓöÇΓöÇΓöÇΓöÇΓöÇΓöÇΓöÇΓöÇΓöÇΓöÇΓöÇΓöÇΓöÇΓöÇΓöÇΓöÇΓöÇΓöÇΓöÇΓöÇΓöÇΓöÇΓöÇΓöÇΓöÇΓöÇΓöÇΓöÇΓöÇΓöÇΓöÇΓöÇΓöÇΓöÇΓöÇΓöÇΓöÇΓöÇΓöÇΓöÇΓöÇΓöÇΓöÇΓöÇΓöÇΓöÇΓöÇΓöÇΓöÇΓöÇΓöÇΓöÇΓöÇΓöÇΓöÇΓöÇΓöÇΓöÇΓöÇΓöÇΓöÇΓöÇΓöÇΓöÇΓöÇΓöÇΓöÇΓöÇΓöÇΓöÇΓöÇΓöÇΓöÇΓöÇΓöÇΓöÇΓöÇΓöÇΓöÇΓöÇ

    Error: page.goto: net::ERR_NAME_NOT_RESOLVED at https://thecareersetu.in/
    Call log:
      - navigating to "https://thecareersetu.in/", waiting until "load"


      29 |
      30 |   test('navbar links render', async ({ page }) => {
    > 31 |     await page.goto('/')
         |                ^
      32 |     await expect(page.getByRole('link', { name: /pricing/i }).first()).toBeVisible()
      33 |   })
      34 |
        at C:\Users\amitc\CareerSetu\tests\e2e\regression.spec.ts:31:16

    attachment #1: screenshot (image/png) ΓöÇΓöÇΓöÇΓöÇΓöÇΓöÇΓöÇΓöÇΓöÇΓöÇΓöÇΓöÇΓöÇΓöÇΓöÇΓöÇΓöÇΓöÇΓöÇΓöÇΓöÇΓöÇΓöÇΓöÇΓöÇΓöÇΓöÇΓöÇΓöÇΓöÇΓöÇΓöÇΓöÇΓöÇΓöÇΓöÇΓöÇΓöÇΓöÇΓöÇΓöÇΓöÇΓöÇΓöÇΓöÇΓöÇΓöÇΓöÇΓöÇΓöÇΓöÇΓöÇΓöÇΓöÇΓöÇΓöÇΓöÇΓöÇ
    test-results\regression-Marketing-ΓÇô-Landing-page-navbar-links-render-Brave-retry1\test-failed-1.png
    ΓöÇΓöÇΓöÇΓöÇΓöÇΓöÇΓöÇΓöÇΓöÇΓöÇΓöÇΓöÇΓöÇΓöÇΓöÇΓöÇΓöÇΓöÇΓöÇΓöÇΓöÇΓöÇΓöÇΓöÇΓöÇΓöÇΓöÇΓöÇΓöÇΓöÇΓöÇΓöÇΓöÇΓöÇΓöÇΓöÇΓöÇΓöÇΓöÇΓöÇΓöÇΓöÇΓöÇΓöÇΓöÇΓöÇΓöÇΓöÇΓöÇΓöÇΓöÇΓöÇΓöÇΓöÇΓöÇΓöÇΓöÇΓöÇΓöÇΓöÇΓöÇΓöÇΓöÇΓöÇΓöÇΓöÇΓöÇΓöÇΓöÇΓöÇΓöÇΓöÇΓöÇΓöÇΓöÇΓöÇΓöÇΓöÇΓöÇΓöÇΓöÇΓöÇΓöÇΓöÇΓöÇΓöÇΓöÇΓöÇΓöÇΓöÇΓöÇΓöÇΓöÇΓöÇΓöÇΓöÇ

    Error Context: test-results\regression-Marketing-ΓÇô-Landing-page-navbar-links-render-Brave-retry1\error-context.md

  67) [Brave] ΓÇ║ tests\e2e\regression.spec.ts:35:7 ΓÇ║ Marketing ΓÇô Landing page ΓÇ║ no broken images on landing 

    Error: page.goto: net::ERR_NAME_NOT_RESOLVED at https://thecareersetu.in/
    Call log:
      - navigating to "https://thecareersetu.in/", waiting until "load"


      34 |
      35 |   test('no broken images on landing', async ({ page }) => {
    > 36 |     await page.goto('/')
         |                ^
      37 |     const imgs = await page.$$eval('img', els =>
      38 |       els.map(i => ({ src: i.src, ok: (i as HTMLImageElement).naturalWidth > 0 }))
      39 |     )
        at C:\Users\amitc\CareerSetu\tests\e2e\regression.spec.ts:36:16

    attachment #1: screenshot (image/png) ΓöÇΓöÇΓöÇΓöÇΓöÇΓöÇΓöÇΓöÇΓöÇΓöÇΓöÇΓöÇΓöÇΓöÇΓöÇΓöÇΓöÇΓöÇΓöÇΓöÇΓöÇΓöÇΓöÇΓöÇΓöÇΓöÇΓöÇΓöÇΓöÇΓöÇΓöÇΓöÇΓöÇΓöÇΓöÇΓöÇΓöÇΓöÇΓöÇΓöÇΓöÇΓöÇΓöÇΓöÇΓöÇΓöÇΓöÇΓöÇΓöÇΓöÇΓöÇΓöÇΓöÇΓöÇΓöÇΓöÇΓöÇΓöÇ
    test-results\regression-Marketing-ΓÇô-Lan-d5040-no-broken-images-on-landing-Brave\test-failed-1.png
    ΓöÇΓöÇΓöÇΓöÇΓöÇΓöÇΓöÇΓöÇΓöÇΓöÇΓöÇΓöÇΓöÇΓöÇΓöÇΓöÇΓöÇΓöÇΓöÇΓöÇΓöÇΓöÇΓöÇΓöÇΓöÇΓöÇΓöÇΓöÇΓöÇΓöÇΓöÇΓöÇΓöÇΓöÇΓöÇΓöÇΓöÇΓöÇΓöÇΓöÇΓöÇΓöÇΓöÇΓöÇΓöÇΓöÇΓöÇΓöÇΓöÇΓöÇΓöÇΓöÇΓöÇΓöÇΓöÇΓöÇΓöÇΓöÇΓöÇΓöÇΓöÇΓöÇΓöÇΓöÇΓöÇΓöÇΓöÇΓöÇΓöÇΓöÇΓöÇΓöÇΓöÇΓöÇΓöÇΓöÇΓöÇΓöÇΓöÇΓöÇΓöÇΓöÇΓöÇΓöÇΓöÇΓöÇΓöÇΓöÇΓöÇΓöÇΓöÇΓöÇΓöÇΓöÇΓöÇΓöÇ

    Error Context: test-results\regression-Marketing-ΓÇô-Lan-d5040-no-broken-images-on-landing-Brave\error-context.md

    Retry #1 ΓöÇΓöÇΓöÇΓöÇΓöÇΓöÇΓöÇΓöÇΓöÇΓöÇΓöÇΓöÇΓöÇΓöÇΓöÇΓöÇΓöÇΓöÇΓöÇΓöÇΓöÇΓöÇΓöÇΓöÇΓöÇΓöÇΓöÇΓöÇΓöÇΓöÇΓöÇΓöÇΓöÇΓöÇΓöÇΓöÇΓöÇΓöÇΓöÇΓöÇΓöÇΓöÇΓöÇΓöÇΓöÇΓöÇΓöÇΓöÇΓöÇΓöÇΓöÇΓöÇΓöÇΓöÇΓöÇΓöÇΓöÇΓöÇΓöÇΓöÇΓöÇΓöÇΓöÇΓöÇΓöÇΓöÇΓöÇΓöÇΓöÇΓöÇΓöÇΓöÇΓöÇΓöÇΓöÇΓöÇΓöÇΓöÇΓöÇΓöÇΓöÇΓöÇΓöÇΓöÇΓöÇΓöÇΓöÇ

    Error: page.goto: net::ERR_NAME_NOT_RESOLVED at https://thecareersetu.in/
    Call log:
      - navigating to "https://thecareersetu.in/", waiting until "load"


      34 |
      35 |   test('no broken images on landing', async ({ page }) => {
    > 36 |     await page.goto('/')
         |                ^
      37 |     const imgs = await page.$$eval('img', els =>
      38 |       els.map(i => ({ src: i.src, ok: (i as HTMLImageElement).naturalWidth > 0 }))
      39 |     )
        at C:\Users\amitc\CareerSetu\tests\e2e\regression.spec.ts:36:16

    attachment #1: screenshot (image/png) ΓöÇΓöÇΓöÇΓöÇΓöÇΓöÇΓöÇΓöÇΓöÇΓöÇΓöÇΓöÇΓöÇΓöÇΓöÇΓöÇΓöÇΓöÇΓöÇΓöÇΓöÇΓöÇΓöÇΓöÇΓöÇΓöÇΓöÇΓöÇΓöÇΓöÇΓöÇΓöÇΓöÇΓöÇΓöÇΓöÇΓöÇΓöÇΓöÇΓöÇΓöÇΓöÇΓöÇΓöÇΓöÇΓöÇΓöÇΓöÇΓöÇΓöÇΓöÇΓöÇΓöÇΓöÇΓöÇΓöÇΓöÇΓöÇ
    test-results\regression-Marketing-ΓÇô-Lan-d5040-no-broken-images-on-landing-Brave-retry1\test-failed-1.png
    ΓöÇΓöÇΓöÇΓöÇΓöÇΓöÇΓöÇΓöÇΓöÇΓöÇΓöÇΓöÇΓöÇΓöÇΓöÇΓöÇΓöÇΓöÇΓöÇΓöÇΓöÇΓöÇΓöÇΓöÇΓöÇΓöÇΓöÇΓöÇΓöÇΓöÇΓöÇΓöÇΓöÇΓöÇΓöÇΓöÇΓöÇΓöÇΓöÇΓöÇΓöÇΓöÇΓöÇΓöÇΓöÇΓöÇΓöÇΓöÇΓöÇΓöÇΓöÇΓöÇΓöÇΓöÇΓöÇΓöÇΓöÇΓöÇΓöÇΓöÇΓöÇΓöÇΓöÇΓöÇΓöÇΓöÇΓöÇΓöÇΓöÇΓöÇΓöÇΓöÇΓöÇΓöÇΓöÇΓöÇΓöÇΓöÇΓöÇΓöÇΓöÇΓöÇΓöÇΓöÇΓöÇΓöÇΓöÇΓöÇΓöÇΓöÇΓöÇΓöÇΓöÇΓöÇΓöÇΓöÇ

    Error Context: test-results\regression-Marketing-ΓÇô-Lan-d5040-no-broken-images-on-landing-Brave-retry1\error-context.md

  68) [Brave] ΓÇ║ tests\e2e\regression.spec.ts:47:7 ΓÇ║ Marketing ΓÇô Pricing ΓÇ║ loads and shows plan cards 

    Error: page.goto: net::ERR_NAME_NOT_RESOLVED at https://thecareersetu.in/pricing
    Call log:
      - navigating to "https://thecareersetu.in/pricing", waiting until "load"


      46 | test.describe('Marketing ΓÇô Pricing', () => {
      47 |   test('loads and shows plan cards', async ({ page }) => {
    > 48 |     await page.goto('/pricing')
         |                ^
      49 |     await expect(page).toHaveTitle(/pricing|plans/i)
      50 |     // Expect at least 2 plan headings (Free + paid)
      51 |     const cards = page.locator('[class*="card"], [class*="plan"], section').filter({ hasText: /free|starter|pro/i })
        at C:\Users\amitc\CareerSetu\tests\e2e\regression.spec.ts:48:16

    attachment #1: screenshot (image/png) ΓöÇΓöÇΓöÇΓöÇΓöÇΓöÇΓöÇΓöÇΓöÇΓöÇΓöÇΓöÇΓöÇΓöÇΓöÇΓöÇΓöÇΓöÇΓöÇΓöÇΓöÇΓöÇΓöÇΓöÇΓöÇΓöÇΓöÇΓöÇΓöÇΓöÇΓöÇΓöÇΓöÇΓöÇΓöÇΓöÇΓöÇΓöÇΓöÇΓöÇΓöÇΓöÇΓöÇΓöÇΓöÇΓöÇΓöÇΓöÇΓöÇΓöÇΓöÇΓöÇΓöÇΓöÇΓöÇΓöÇΓöÇΓöÇ
    test-results\regression-Marketing-ΓÇô-Pricing-loads-and-shows-plan-cards-Brave\test-failed-1.png
    ΓöÇΓöÇΓöÇΓöÇΓöÇΓöÇΓöÇΓöÇΓöÇΓöÇΓöÇΓöÇΓöÇΓöÇΓöÇΓöÇΓöÇΓöÇΓöÇΓöÇΓöÇΓöÇΓöÇΓöÇΓöÇΓöÇΓöÇΓöÇΓöÇΓöÇΓöÇΓöÇΓöÇΓöÇΓöÇΓöÇΓöÇΓöÇΓöÇΓöÇΓöÇΓöÇΓöÇΓöÇΓöÇΓöÇΓöÇΓöÇΓöÇΓöÇΓöÇΓöÇΓöÇΓöÇΓöÇΓöÇΓöÇΓöÇΓöÇΓöÇΓöÇΓöÇΓöÇΓöÇΓöÇΓöÇΓöÇΓöÇΓöÇΓöÇΓöÇΓöÇΓöÇΓöÇΓöÇΓöÇΓöÇΓöÇΓöÇΓöÇΓöÇΓöÇΓöÇΓöÇΓöÇΓöÇΓöÇΓöÇΓöÇΓöÇΓöÇΓöÇΓöÇΓöÇΓöÇΓöÇ

    Error Context: test-results\regression-Marketing-ΓÇô-Pricing-loads-and-shows-plan-cards-Brave\error-context.md

    Retry #1 ΓöÇΓöÇΓöÇΓöÇΓöÇΓöÇΓöÇΓöÇΓöÇΓöÇΓöÇΓöÇΓöÇΓöÇΓöÇΓöÇΓöÇΓöÇΓöÇΓöÇΓöÇΓöÇΓöÇΓöÇΓöÇΓöÇΓöÇΓöÇΓöÇΓöÇΓöÇΓöÇΓöÇΓöÇΓöÇΓöÇΓöÇΓöÇΓöÇΓöÇΓöÇΓöÇΓöÇΓöÇΓöÇΓöÇΓöÇΓöÇΓöÇΓöÇΓöÇΓöÇΓöÇΓöÇΓöÇΓöÇΓöÇΓöÇΓöÇΓöÇΓöÇΓöÇΓöÇΓöÇΓöÇΓöÇΓöÇΓöÇΓöÇΓöÇΓöÇΓöÇΓöÇΓöÇΓöÇΓöÇΓöÇΓöÇΓöÇΓöÇΓöÇΓöÇΓöÇΓöÇΓöÇΓöÇΓöÇ

    Error: page.goto: net::ERR_NAME_NOT_RESOLVED at https://thecareersetu.in/pricing
    Call log:
      - navigating to "https://thecareersetu.in/pricing", waiting until "load"


      46 | test.describe('Marketing ΓÇô Pricing', () => {
      47 |   test('loads and shows plan cards', async ({ page }) => {
    > 48 |     await page.goto('/pricing')
         |                ^
      49 |     await expect(page).toHaveTitle(/pricing|plans/i)
      50 |     // Expect at least 2 plan headings (Free + paid)
      51 |     const cards = page.locator('[class*="card"], [class*="plan"], section').filter({ hasText: /free|starter|pro/i })
        at C:\Users\amitc\CareerSetu\tests\e2e\regression.spec.ts:48:16

    attachment #1: screenshot (image/png) ΓöÇΓöÇΓöÇΓöÇΓöÇΓöÇΓöÇΓöÇΓöÇΓöÇΓöÇΓöÇΓöÇΓöÇΓöÇΓöÇΓöÇΓöÇΓöÇΓöÇΓöÇΓöÇΓöÇΓöÇΓöÇΓöÇΓöÇΓöÇΓöÇΓöÇΓöÇΓöÇΓöÇΓöÇΓöÇΓöÇΓöÇΓöÇΓöÇΓöÇΓöÇΓöÇΓöÇΓöÇΓöÇΓöÇΓöÇΓöÇΓöÇΓöÇΓöÇΓöÇΓöÇΓöÇΓöÇΓöÇΓöÇΓöÇ
    test-results\regression-Marketing-ΓÇô-Pricing-loads-and-shows-plan-cards-Brave-retry1\test-failed-1.png
    ΓöÇΓöÇΓöÇΓöÇΓöÇΓöÇΓöÇΓöÇΓöÇΓöÇΓöÇΓöÇΓöÇΓöÇΓöÇΓöÇΓöÇΓöÇΓöÇΓöÇΓöÇΓöÇΓöÇΓöÇΓöÇΓöÇΓöÇΓöÇΓöÇΓöÇΓöÇΓöÇΓöÇΓöÇΓöÇΓöÇΓöÇΓöÇΓöÇΓöÇΓöÇΓöÇΓöÇΓöÇΓöÇΓöÇΓöÇΓöÇΓöÇΓöÇΓöÇΓöÇΓöÇΓöÇΓöÇΓöÇΓöÇΓöÇΓöÇΓöÇΓöÇΓöÇΓöÇΓöÇΓöÇΓöÇΓöÇΓöÇΓöÇΓöÇΓöÇΓöÇΓöÇΓöÇΓöÇΓöÇΓöÇΓöÇΓöÇΓöÇΓöÇΓöÇΓöÇΓöÇΓöÇΓöÇΓöÇΓöÇΓöÇΓöÇΓöÇΓöÇΓöÇΓöÇΓöÇΓöÇ

    Error Context: test-results\regression-Marketing-ΓÇô-Pricing-loads-and-shows-plan-cards-Brave-retry1\error-context.md

  69) [Brave] ΓÇ║ tests\e2e\regression.spec.ts:57:7 ΓÇ║ Marketing ΓÇô About ΓÇ║ loads without error ΓöÇΓöÇΓöÇΓöÇΓöÇΓöÇΓöÇΓöÇ

    Error: page.goto: net::ERR_NAME_NOT_RESOLVED at https://thecareersetu.in/about
    Call log:
      - navigating to "https://thecareersetu.in/about", waiting until "load"


      57 |   test('loads without error', async ({ page }) => {
      58 |     const errs = await noConsoleErrors(page)
    > 59 |     await page.goto('/about')
         |                ^
      60 |     await expect(page.locator('h1').first()).toBeVisible()
      61 |     expect(errs().filter(e => !e.includes('hydrat'))).toHaveLength(0)
      62 |   })
        at C:\Users\amitc\CareerSetu\tests\e2e\regression.spec.ts:59:16

    attachment #1: screenshot (image/png) ΓöÇΓöÇΓöÇΓöÇΓöÇΓöÇΓöÇΓöÇΓöÇΓöÇΓöÇΓöÇΓöÇΓöÇΓöÇΓöÇΓöÇΓöÇΓöÇΓöÇΓöÇΓöÇΓöÇΓöÇΓöÇΓöÇΓöÇΓöÇΓöÇΓöÇΓöÇΓöÇΓöÇΓöÇΓöÇΓöÇΓöÇΓöÇΓöÇΓöÇΓöÇΓöÇΓöÇΓöÇΓöÇΓöÇΓöÇΓöÇΓöÇΓöÇΓöÇΓöÇΓöÇΓöÇΓöÇΓöÇΓöÇΓöÇ
    test-results\regression-Marketing-ΓÇô-About-loads-without-error-Brave\test-failed-1.png
    ΓöÇΓöÇΓöÇΓöÇΓöÇΓöÇΓöÇΓöÇΓöÇΓöÇΓöÇΓöÇΓöÇΓöÇΓöÇΓöÇΓöÇΓöÇΓöÇΓöÇΓöÇΓöÇΓöÇΓöÇΓöÇΓöÇΓöÇΓöÇΓöÇΓöÇΓöÇΓöÇΓöÇΓöÇΓöÇΓöÇΓöÇΓöÇΓöÇΓöÇΓöÇΓöÇΓöÇΓöÇΓöÇΓöÇΓöÇΓöÇΓöÇΓöÇΓöÇΓöÇΓöÇΓöÇΓöÇΓöÇΓöÇΓöÇΓöÇΓöÇΓöÇΓöÇΓöÇΓöÇΓöÇΓöÇΓöÇΓöÇΓöÇΓöÇΓöÇΓöÇΓöÇΓöÇΓöÇΓöÇΓöÇΓöÇΓöÇΓöÇΓöÇΓöÇΓöÇΓöÇΓöÇΓöÇΓöÇΓöÇΓöÇΓöÇΓöÇΓöÇΓöÇΓöÇΓöÇΓöÇ

    Error Context: test-results\regression-Marketing-ΓÇô-About-loads-without-error-Brave\error-context.md

    Retry #1 ΓöÇΓöÇΓöÇΓöÇΓöÇΓöÇΓöÇΓöÇΓöÇΓöÇΓöÇΓöÇΓöÇΓöÇΓöÇΓöÇΓöÇΓöÇΓöÇΓöÇΓöÇΓöÇΓöÇΓöÇΓöÇΓöÇΓöÇΓöÇΓöÇΓöÇΓöÇΓöÇΓöÇΓöÇΓöÇΓöÇΓöÇΓöÇΓöÇΓöÇΓöÇΓöÇΓöÇΓöÇΓöÇΓöÇΓöÇΓöÇΓöÇΓöÇΓöÇΓöÇΓöÇΓöÇΓöÇΓöÇΓöÇΓöÇΓöÇΓöÇΓöÇΓöÇΓöÇΓöÇΓöÇΓöÇΓöÇΓöÇΓöÇΓöÇΓöÇΓöÇΓöÇΓöÇΓöÇΓöÇΓöÇΓöÇΓöÇΓöÇΓöÇΓöÇΓöÇΓöÇΓöÇΓöÇΓöÇ

    Error: page.goto: net::ERR_NAME_NOT_RESOLVED at https://thecareersetu.in/about
    Call log:
      - navigating to "https://thecareersetu.in/about", waiting until "load"


      57 |   test('loads without error', async ({ page }) => {
      58 |     const errs = await noConsoleErrors(page)
    > 59 |     await page.goto('/about')
         |                ^
      60 |     await expect(page.locator('h1').first()).toBeVisible()
      61 |     expect(errs().filter(e => !e.includes('hydrat'))).toHaveLength(0)
      62 |   })
        at C:\Users\amitc\CareerSetu\tests\e2e\regression.spec.ts:59:16

    attachment #1: screenshot (image/png) ΓöÇΓöÇΓöÇΓöÇΓöÇΓöÇΓöÇΓöÇΓöÇΓöÇΓöÇΓöÇΓöÇΓöÇΓöÇΓöÇΓöÇΓöÇΓöÇΓöÇΓöÇΓöÇΓöÇΓöÇΓöÇΓöÇΓöÇΓöÇΓöÇΓöÇΓöÇΓöÇΓöÇΓöÇΓöÇΓöÇΓöÇΓöÇΓöÇΓöÇΓöÇΓöÇΓöÇΓöÇΓöÇΓöÇΓöÇΓöÇΓöÇΓöÇΓöÇΓöÇΓöÇΓöÇΓöÇΓöÇΓöÇΓöÇ
    test-results\regression-Marketing-ΓÇô-About-loads-without-error-Brave-retry1\test-failed-1.png
    ΓöÇΓöÇΓöÇΓöÇΓöÇΓöÇΓöÇΓöÇΓöÇΓöÇΓöÇΓöÇΓöÇΓöÇΓöÇΓöÇΓöÇΓöÇΓöÇΓöÇΓöÇΓöÇΓöÇΓöÇΓöÇΓöÇΓöÇΓöÇΓöÇΓöÇΓöÇΓöÇΓöÇΓöÇΓöÇΓöÇΓöÇΓöÇΓöÇΓöÇΓöÇΓöÇΓöÇΓöÇΓöÇΓöÇΓöÇΓöÇΓöÇΓöÇΓöÇΓöÇΓöÇΓöÇΓöÇΓöÇΓöÇΓöÇΓöÇΓöÇΓöÇΓöÇΓöÇΓöÇΓöÇΓöÇΓöÇΓöÇΓöÇΓöÇΓöÇΓöÇΓöÇΓöÇΓöÇΓöÇΓöÇΓöÇΓöÇΓöÇΓöÇΓöÇΓöÇΓöÇΓöÇΓöÇΓöÇΓöÇΓöÇΓöÇΓöÇΓöÇΓöÇΓöÇΓöÇΓöÇ

    Error Context: test-results\regression-Marketing-ΓÇô-About-loads-without-error-Brave-retry1\error-context.md

  70) [Brave] ΓÇ║ tests\e2e\regression.spec.ts:66:7 ΓÇ║ Marketing ΓÇô Privacy & Terms ΓÇ║ privacy page loads 

    Error: page.goto: net::ERR_NAME_NOT_RESOLVED at https://thecareersetu.in/privacy
    Call log:
      - navigating to "https://thecareersetu.in/privacy", waiting until "load"


      65 | test.describe('Marketing ΓÇô Privacy & Terms', () => {
      66 |   test('privacy page loads', async ({ page }) => {
    > 67 |     await page.goto('/privacy')
         |                ^
      68 |     await expect(page.locator('h1').first()).toBeVisible()
      69 |   })
      70 |   test('terms page loads', async ({ page }) => {
        at C:\Users\amitc\CareerSetu\tests\e2e\regression.spec.ts:67:16

    attachment #1: screenshot (image/png) ΓöÇΓöÇΓöÇΓöÇΓöÇΓöÇΓöÇΓöÇΓöÇΓöÇΓöÇΓöÇΓöÇΓöÇΓöÇΓöÇΓöÇΓöÇΓöÇΓöÇΓöÇΓöÇΓöÇΓöÇΓöÇΓöÇΓöÇΓöÇΓöÇΓöÇΓöÇΓöÇΓöÇΓöÇΓöÇΓöÇΓöÇΓöÇΓöÇΓöÇΓöÇΓöÇΓöÇΓöÇΓöÇΓöÇΓöÇΓöÇΓöÇΓöÇΓöÇΓöÇΓöÇΓöÇΓöÇΓöÇΓöÇΓöÇ
    test-results\regression-Marketing-ΓÇô-Privacy-Terms-privacy-page-loads-Brave\test-failed-1.png
    ΓöÇΓöÇΓöÇΓöÇΓöÇΓöÇΓöÇΓöÇΓöÇΓöÇΓöÇΓöÇΓöÇΓöÇΓöÇΓöÇΓöÇΓöÇΓöÇΓöÇΓöÇΓöÇΓöÇΓöÇΓöÇΓöÇΓöÇΓöÇΓöÇΓöÇΓöÇΓöÇΓöÇΓöÇΓöÇΓöÇΓöÇΓöÇΓöÇΓöÇΓöÇΓöÇΓöÇΓöÇΓöÇΓöÇΓöÇΓöÇΓöÇΓöÇΓöÇΓöÇΓöÇΓöÇΓöÇΓöÇΓöÇΓöÇΓöÇΓöÇΓöÇΓöÇΓöÇΓöÇΓöÇΓöÇΓöÇΓöÇΓöÇΓöÇΓöÇΓöÇΓöÇΓöÇΓöÇΓöÇΓöÇΓöÇΓöÇΓöÇΓöÇΓöÇΓöÇΓöÇΓöÇΓöÇΓöÇΓöÇΓöÇΓöÇΓöÇΓöÇΓöÇΓöÇΓöÇΓöÇ

    Error Context: test-results\regression-Marketing-ΓÇô-Privacy-Terms-privacy-page-loads-Brave\error-context.md

    Retry #1 ΓöÇΓöÇΓöÇΓöÇΓöÇΓöÇΓöÇΓöÇΓöÇΓöÇΓöÇΓöÇΓöÇΓöÇΓöÇΓöÇΓöÇΓöÇΓöÇΓöÇΓöÇΓöÇΓöÇΓöÇΓöÇΓöÇΓöÇΓöÇΓöÇΓöÇΓöÇΓöÇΓöÇΓöÇΓöÇΓöÇΓöÇΓöÇΓöÇΓöÇΓöÇΓöÇΓöÇΓöÇΓöÇΓöÇΓöÇΓöÇΓöÇΓöÇΓöÇΓöÇΓöÇΓöÇΓöÇΓöÇΓöÇΓöÇΓöÇΓöÇΓöÇΓöÇΓöÇΓöÇΓöÇΓöÇΓöÇΓöÇΓöÇΓöÇΓöÇΓöÇΓöÇΓöÇΓöÇΓöÇΓöÇΓöÇΓöÇΓöÇΓöÇΓöÇΓöÇΓöÇΓöÇΓöÇΓöÇ

    Error: page.goto: net::ERR_NAME_NOT_RESOLVED at https://thecareersetu.in/privacy
    Call log:
      - navigating to "https://thecareersetu.in/privacy", waiting until "load"


      65 | test.describe('Marketing ΓÇô Privacy & Terms', () => {
      66 |   test('privacy page loads', async ({ page }) => {
    > 67 |     await page.goto('/privacy')
         |                ^
      68 |     await expect(page.locator('h1').first()).toBeVisible()
      69 |   })
      70 |   test('terms page loads', async ({ page }) => {
        at C:\Users\amitc\CareerSetu\tests\e2e\regression.spec.ts:67:16

    attachment #1: screenshot (image/png) ΓöÇΓöÇΓöÇΓöÇΓöÇΓöÇΓöÇΓöÇΓöÇΓöÇΓöÇΓöÇΓöÇΓöÇΓöÇΓöÇΓöÇΓöÇΓöÇΓöÇΓöÇΓöÇΓöÇΓöÇΓöÇΓöÇΓöÇΓöÇΓöÇΓöÇΓöÇΓöÇΓöÇΓöÇΓöÇΓöÇΓöÇΓöÇΓöÇΓöÇΓöÇΓöÇΓöÇΓöÇΓöÇΓöÇΓöÇΓöÇΓöÇΓöÇΓöÇΓöÇΓöÇΓöÇΓöÇΓöÇΓöÇΓöÇ
    test-results\regression-Marketing-ΓÇô-Privacy-Terms-privacy-page-loads-Brave-retry1\test-failed-1.png
    ΓöÇΓöÇΓöÇΓöÇΓöÇΓöÇΓöÇΓöÇΓöÇΓöÇΓöÇΓöÇΓöÇΓöÇΓöÇΓöÇΓöÇΓöÇΓöÇΓöÇΓöÇΓöÇΓöÇΓöÇΓöÇΓöÇΓöÇΓöÇΓöÇΓöÇΓöÇΓöÇΓöÇΓöÇΓöÇΓöÇΓöÇΓöÇΓöÇΓöÇΓöÇΓöÇΓöÇΓöÇΓöÇΓöÇΓöÇΓöÇΓöÇΓöÇΓöÇΓöÇΓöÇΓöÇΓöÇΓöÇΓöÇΓöÇΓöÇΓöÇΓöÇΓöÇΓöÇΓöÇΓöÇΓöÇΓöÇΓöÇΓöÇΓöÇΓöÇΓöÇΓöÇΓöÇΓöÇΓöÇΓöÇΓöÇΓöÇΓöÇΓöÇΓöÇΓöÇΓöÇΓöÇΓöÇΓöÇΓöÇΓöÇΓöÇΓöÇΓöÇΓöÇΓöÇΓöÇΓöÇ

    Error Context: test-results\regression-Marketing-ΓÇô-Privacy-Terms-privacy-page-loads-Brave-retry1\error-context.md

  71) [Brave] ΓÇ║ tests\e2e\regression.spec.ts:70:7 ΓÇ║ Marketing ΓÇô Privacy & Terms ΓÇ║ terms page loads ΓöÇ

    Error: page.goto: net::ERR_NAME_NOT_RESOLVED at https://thecareersetu.in/terms
    Call log:
      - navigating to "https://thecareersetu.in/terms", waiting until "load"


      69 |   })
      70 |   test('terms page loads', async ({ page }) => {
    > 71 |     await page.goto('/terms')
         |                ^
      72 |     await expect(page.locator('h1').first()).toBeVisible()
      73 |   })
      74 | })
        at C:\Users\amitc\CareerSetu\tests\e2e\regression.spec.ts:71:16

    attachment #1: screenshot (image/png) ΓöÇΓöÇΓöÇΓöÇΓöÇΓöÇΓöÇΓöÇΓöÇΓöÇΓöÇΓöÇΓöÇΓöÇΓöÇΓöÇΓöÇΓöÇΓöÇΓöÇΓöÇΓöÇΓöÇΓöÇΓöÇΓöÇΓöÇΓöÇΓöÇΓöÇΓöÇΓöÇΓöÇΓöÇΓöÇΓöÇΓöÇΓöÇΓöÇΓöÇΓöÇΓöÇΓöÇΓöÇΓöÇΓöÇΓöÇΓöÇΓöÇΓöÇΓöÇΓöÇΓöÇΓöÇΓöÇΓöÇΓöÇΓöÇ
    test-results\regression-Marketing-ΓÇô-Privacy-Terms-terms-page-loads-Brave\test-failed-1.png
    ΓöÇΓöÇΓöÇΓöÇΓöÇΓöÇΓöÇΓöÇΓöÇΓöÇΓöÇΓöÇΓöÇΓöÇΓöÇΓöÇΓöÇΓöÇΓöÇΓöÇΓöÇΓöÇΓöÇΓöÇΓöÇΓöÇΓöÇΓöÇΓöÇΓöÇΓöÇΓöÇΓöÇΓöÇΓöÇΓöÇΓöÇΓöÇΓöÇΓöÇΓöÇΓöÇΓöÇΓöÇΓöÇΓöÇΓöÇΓöÇΓöÇΓöÇΓöÇΓöÇΓöÇΓöÇΓöÇΓöÇΓöÇΓöÇΓöÇΓöÇΓöÇΓöÇΓöÇΓöÇΓöÇΓöÇΓöÇΓöÇΓöÇΓöÇΓöÇΓöÇΓöÇΓöÇΓöÇΓöÇΓöÇΓöÇΓöÇΓöÇΓöÇΓöÇΓöÇΓöÇΓöÇΓöÇΓöÇΓöÇΓöÇΓöÇΓöÇΓöÇΓöÇΓöÇΓöÇΓöÇ

    Error Context: test-results\regression-Marketing-ΓÇô-Privacy-Terms-terms-page-loads-Brave\error-context.md

    Retry #1 ΓöÇΓöÇΓöÇΓöÇΓöÇΓöÇΓöÇΓöÇΓöÇΓöÇΓöÇΓöÇΓöÇΓöÇΓöÇΓöÇΓöÇΓöÇΓöÇΓöÇΓöÇΓöÇΓöÇΓöÇΓöÇΓöÇΓöÇΓöÇΓöÇΓöÇΓöÇΓöÇΓöÇΓöÇΓöÇΓöÇΓöÇΓöÇΓöÇΓöÇΓöÇΓöÇΓöÇΓöÇΓöÇΓöÇΓöÇΓöÇΓöÇΓöÇΓöÇΓöÇΓöÇΓöÇΓöÇΓöÇΓöÇΓöÇΓöÇΓöÇΓöÇΓöÇΓöÇΓöÇΓöÇΓöÇΓöÇΓöÇΓöÇΓöÇΓöÇΓöÇΓöÇΓöÇΓöÇΓöÇΓöÇΓöÇΓöÇΓöÇΓöÇΓöÇΓöÇΓöÇΓöÇΓöÇΓöÇ

    Error: page.goto: net::ERR_NAME_NOT_RESOLVED at https://thecareersetu.in/terms
    Call log:
      - navigating to "https://thecareersetu.in/terms", waiting until "load"


      69 |   })
      70 |   test('terms page loads', async ({ page }) => {
    > 71 |     await page.goto('/terms')
         |                ^
      72 |     await expect(page.locator('h1').first()).toBeVisible()
      73 |   })
      74 | })
        at C:\Users\amitc\CareerSetu\tests\e2e\regression.spec.ts:71:16

    attachment #1: screenshot (image/png) ΓöÇΓöÇΓöÇΓöÇΓöÇΓöÇΓöÇΓöÇΓöÇΓöÇΓöÇΓöÇΓöÇΓöÇΓöÇΓöÇΓöÇΓöÇΓöÇΓöÇΓöÇΓöÇΓöÇΓöÇΓöÇΓöÇΓöÇΓöÇΓöÇΓöÇΓöÇΓöÇΓöÇΓöÇΓöÇΓöÇΓöÇΓöÇΓöÇΓöÇΓöÇΓöÇΓöÇΓöÇΓöÇΓöÇΓöÇΓöÇΓöÇΓöÇΓöÇΓöÇΓöÇΓöÇΓöÇΓöÇΓöÇΓöÇ
    test-results\regression-Marketing-ΓÇô-Privacy-Terms-terms-page-loads-Brave-retry1\test-failed-1.png
    ΓöÇΓöÇΓöÇΓöÇΓöÇΓöÇΓöÇΓöÇΓöÇΓöÇΓöÇΓöÇΓöÇΓöÇΓöÇΓöÇΓöÇΓöÇΓöÇΓöÇΓöÇΓöÇΓöÇΓöÇΓöÇΓöÇΓöÇΓöÇΓöÇΓöÇΓöÇΓöÇΓöÇΓöÇΓöÇΓöÇΓöÇΓöÇΓöÇΓöÇΓöÇΓöÇΓöÇΓöÇΓöÇΓöÇΓöÇΓöÇΓöÇΓöÇΓöÇΓöÇΓöÇΓöÇΓöÇΓöÇΓöÇΓöÇΓöÇΓöÇΓöÇΓöÇΓöÇΓöÇΓöÇΓöÇΓöÇΓöÇΓöÇΓöÇΓöÇΓöÇΓöÇΓöÇΓöÇΓöÇΓöÇΓöÇΓöÇΓöÇΓöÇΓöÇΓöÇΓöÇΓöÇΓöÇΓöÇΓöÇΓöÇΓöÇΓöÇΓöÇΓöÇΓöÇΓöÇΓöÇ

    Error Context: test-results\regression-Marketing-ΓÇô-Privacy-Terms-terms-page-loads-Brave-retry1\error-context.md

  72) [Brave] ΓÇ║ tests\e2e\regression.spec.ts:79:7 ΓÇ║ Auth ΓÇô Login / Signup ΓÇ║ login page loads without redirect 

    Error: page.goto: net::ERR_NAME_NOT_RESOLVED at https://thecareersetu.in/login
    Call log:
      - navigating to "https://thecareersetu.in/login", waiting until "networkidle"


      78 | test.describe('Auth ΓÇô Login / Signup', () => {
      79 |   test('login page loads without redirect', async ({ page }) => {
    > 80 |     await page.goto('/login', { waitUntil: 'networkidle' })
         |                ^
      81 |     await expect(page).not.toHaveURL(/\/dashboard/)
      82 |     // Page content rendered (hydrated)
      83 |     await expect(page.locator('body')).not.toBeEmpty()
        at C:\Users\amitc\CareerSetu\tests\e2e\regression.spec.ts:80:16

    attachment #1: screenshot (image/png) ΓöÇΓöÇΓöÇΓöÇΓöÇΓöÇΓöÇΓöÇΓöÇΓöÇΓöÇΓöÇΓöÇΓöÇΓöÇΓöÇΓöÇΓöÇΓöÇΓöÇΓöÇΓöÇΓöÇΓöÇΓöÇΓöÇΓöÇΓöÇΓöÇΓöÇΓöÇΓöÇΓöÇΓöÇΓöÇΓöÇΓöÇΓöÇΓöÇΓöÇΓöÇΓöÇΓöÇΓöÇΓöÇΓöÇΓöÇΓöÇΓöÇΓöÇΓöÇΓöÇΓöÇΓöÇΓöÇΓöÇΓöÇΓöÇ
    test-results\regression-Auth-ΓÇô-Login-Si-e65f4-page-loads-without-redirect-Brave\test-failed-1.png
    ΓöÇΓöÇΓöÇΓöÇΓöÇΓöÇΓöÇΓöÇΓöÇΓöÇΓöÇΓöÇΓöÇΓöÇΓöÇΓöÇΓöÇΓöÇΓöÇΓöÇΓöÇΓöÇΓöÇΓöÇΓöÇΓöÇΓöÇΓöÇΓöÇΓöÇΓöÇΓöÇΓöÇΓöÇΓöÇΓöÇΓöÇΓöÇΓöÇΓöÇΓöÇΓöÇΓöÇΓöÇΓöÇΓöÇΓöÇΓöÇΓöÇΓöÇΓöÇΓöÇΓöÇΓöÇΓöÇΓöÇΓöÇΓöÇΓöÇΓöÇΓöÇΓöÇΓöÇΓöÇΓöÇΓöÇΓöÇΓöÇΓöÇΓöÇΓöÇΓöÇΓöÇΓöÇΓöÇΓöÇΓöÇΓöÇΓöÇΓöÇΓöÇΓöÇΓöÇΓöÇΓöÇΓöÇΓöÇΓöÇΓöÇΓöÇΓöÇΓöÇΓöÇΓöÇΓöÇΓöÇ

    Error Context: test-results\regression-Auth-ΓÇô-Login-Si-e65f4-page-loads-without-redirect-Brave\error-context.md

    Retry #1 ΓöÇΓöÇΓöÇΓöÇΓöÇΓöÇΓöÇΓöÇΓöÇΓöÇΓöÇΓöÇΓöÇΓöÇΓöÇΓöÇΓöÇΓöÇΓöÇΓöÇΓöÇΓöÇΓöÇΓöÇΓöÇΓöÇΓöÇΓöÇΓöÇΓöÇΓöÇΓöÇΓöÇΓöÇΓöÇΓöÇΓöÇΓöÇΓöÇΓöÇΓöÇΓöÇΓöÇΓöÇΓöÇΓöÇΓöÇΓöÇΓöÇΓöÇΓöÇΓöÇΓöÇΓöÇΓöÇΓöÇΓöÇΓöÇΓöÇΓöÇΓöÇΓöÇΓöÇΓöÇΓöÇΓöÇΓöÇΓöÇΓöÇΓöÇΓöÇΓöÇΓöÇΓöÇΓöÇΓöÇΓöÇΓöÇΓöÇΓöÇΓöÇΓöÇΓöÇΓöÇΓöÇΓöÇΓöÇ

    Error: page.goto: net::ERR_NAME_NOT_RESOLVED at https://thecareersetu.in/login
    Call log:
      - navigating to "https://thecareersetu.in/login", waiting until "networkidle"


      78 | test.describe('Auth ΓÇô Login / Signup', () => {
      79 |   test('login page loads without redirect', async ({ page }) => {
    > 80 |     await page.goto('/login', { waitUntil: 'networkidle' })
         |                ^
      81 |     await expect(page).not.toHaveURL(/\/dashboard/)
      82 |     // Page content rendered (hydrated)
      83 |     await expect(page.locator('body')).not.toBeEmpty()
        at C:\Users\amitc\CareerSetu\tests\e2e\regression.spec.ts:80:16

    attachment #1: screenshot (image/png) ΓöÇΓöÇΓöÇΓöÇΓöÇΓöÇΓöÇΓöÇΓöÇΓöÇΓöÇΓöÇΓöÇΓöÇΓöÇΓöÇΓöÇΓöÇΓöÇΓöÇΓöÇΓöÇΓöÇΓöÇΓöÇΓöÇΓöÇΓöÇΓöÇΓöÇΓöÇΓöÇΓöÇΓöÇΓöÇΓöÇΓöÇΓöÇΓöÇΓöÇΓöÇΓöÇΓöÇΓöÇΓöÇΓöÇΓöÇΓöÇΓöÇΓöÇΓöÇΓöÇΓöÇΓöÇΓöÇΓöÇΓöÇΓöÇ
    test-results\regression-Auth-ΓÇô-Login-Si-e65f4-page-loads-without-redirect-Brave-retry1\test-failed-1.png
    ΓöÇΓöÇΓöÇΓöÇΓöÇΓöÇΓöÇΓöÇΓöÇΓöÇΓöÇΓöÇΓöÇΓöÇΓöÇΓöÇΓöÇΓöÇΓöÇΓöÇΓöÇΓöÇΓöÇΓöÇΓöÇΓöÇΓöÇΓöÇΓöÇΓöÇΓöÇΓöÇΓöÇΓöÇΓöÇΓöÇΓöÇΓöÇΓöÇΓöÇΓöÇΓöÇΓöÇΓöÇΓöÇΓöÇΓöÇΓöÇΓöÇΓöÇΓöÇΓöÇΓöÇΓöÇΓöÇΓöÇΓöÇΓöÇΓöÇΓöÇΓöÇΓöÇΓöÇΓöÇΓöÇΓöÇΓöÇΓöÇΓöÇΓöÇΓöÇΓöÇΓöÇΓöÇΓöÇΓöÇΓöÇΓöÇΓöÇΓöÇΓöÇΓöÇΓöÇΓöÇΓöÇΓöÇΓöÇΓöÇΓöÇΓöÇΓöÇΓöÇΓöÇΓöÇΓöÇΓöÇ

    Error Context: test-results\regression-Auth-ΓÇô-Login-Si-e65f4-page-loads-without-redirect-Brave-retry1\error-context.md

  73) [Brave] ΓÇ║ tests\e2e\regression.spec.ts:87:7 ΓÇ║ Auth ΓÇô Login / Signup ΓÇ║ signup page loads without redirect 

    Error: page.goto: net::ERR_NAME_NOT_RESOLVED at https://thecareersetu.in/signup
    Call log:
      - navigating to "https://thecareersetu.in/signup", waiting until "networkidle"


      86 |
      87 |   test('signup page loads without redirect', async ({ page }) => {
    > 88 |     await page.goto('/signup', { waitUntil: 'networkidle' })
         |                ^
      89 |     await expect(page).not.toHaveURL(/\/dashboard/)
      90 |     await expect(page.locator('body')).not.toBeEmpty()
      91 |   })
        at C:\Users\amitc\CareerSetu\tests\e2e\regression.spec.ts:88:16

    attachment #1: screenshot (image/png) ΓöÇΓöÇΓöÇΓöÇΓöÇΓöÇΓöÇΓöÇΓöÇΓöÇΓöÇΓöÇΓöÇΓöÇΓöÇΓöÇΓöÇΓöÇΓöÇΓöÇΓöÇΓöÇΓöÇΓöÇΓöÇΓöÇΓöÇΓöÇΓöÇΓöÇΓöÇΓöÇΓöÇΓöÇΓöÇΓöÇΓöÇΓöÇΓöÇΓöÇΓöÇΓöÇΓöÇΓöÇΓöÇΓöÇΓöÇΓöÇΓöÇΓöÇΓöÇΓöÇΓöÇΓöÇΓöÇΓöÇΓöÇΓöÇ
    test-results\regression-Auth-ΓÇô-Login-Si-efc69-page-loads-without-redirect-Brave\test-failed-1.png
    ΓöÇΓöÇΓöÇΓöÇΓöÇΓöÇΓöÇΓöÇΓöÇΓöÇΓöÇΓöÇΓöÇΓöÇΓöÇΓöÇΓöÇΓöÇΓöÇΓöÇΓöÇΓöÇΓöÇΓöÇΓöÇΓöÇΓöÇΓöÇΓöÇΓöÇΓöÇΓöÇΓöÇΓöÇΓöÇΓöÇΓöÇΓöÇΓöÇΓöÇΓöÇΓöÇΓöÇΓöÇΓöÇΓöÇΓöÇΓöÇΓöÇΓöÇΓöÇΓöÇΓöÇΓöÇΓöÇΓöÇΓöÇΓöÇΓöÇΓöÇΓöÇΓöÇΓöÇΓöÇΓöÇΓöÇΓöÇΓöÇΓöÇΓöÇΓöÇΓöÇΓöÇΓöÇΓöÇΓöÇΓöÇΓöÇΓöÇΓöÇΓöÇΓöÇΓöÇΓöÇΓöÇΓöÇΓöÇΓöÇΓöÇΓöÇΓöÇΓöÇΓöÇΓöÇΓöÇΓöÇ

    Error Context: test-results\regression-Auth-ΓÇô-Login-Si-efc69-page-loads-without-redirect-Brave\error-context.md

    Retry #1 ΓöÇΓöÇΓöÇΓöÇΓöÇΓöÇΓöÇΓöÇΓöÇΓöÇΓöÇΓöÇΓöÇΓöÇΓöÇΓöÇΓöÇΓöÇΓöÇΓöÇΓöÇΓöÇΓöÇΓöÇΓöÇΓöÇΓöÇΓöÇΓöÇΓöÇΓöÇΓöÇΓöÇΓöÇΓöÇΓöÇΓöÇΓöÇΓöÇΓöÇΓöÇΓöÇΓöÇΓöÇΓöÇΓöÇΓöÇΓöÇΓöÇΓöÇΓöÇΓöÇΓöÇΓöÇΓöÇΓöÇΓöÇΓöÇΓöÇΓöÇΓöÇΓöÇΓöÇΓöÇΓöÇΓöÇΓöÇΓöÇΓöÇΓöÇΓöÇΓöÇΓöÇΓöÇΓöÇΓöÇΓöÇΓöÇΓöÇΓöÇΓöÇΓöÇΓöÇΓöÇΓöÇΓöÇΓöÇ

    Error: page.goto: net::ERR_NAME_NOT_RESOLVED at https://thecareersetu.in/signup
    Call log:
      - navigating to "https://thecareersetu.in/signup", waiting until "networkidle"


      86 |
      87 |   test('signup page loads without redirect', async ({ page }) => {
    > 88 |     await page.goto('/signup', { waitUntil: 'networkidle' })
         |                ^
      89 |     await expect(page).not.toHaveURL(/\/dashboard/)
      90 |     await expect(page.locator('body')).not.toBeEmpty()
      91 |   })
        at C:\Users\amitc\CareerSetu\tests\e2e\regression.spec.ts:88:16

    attachment #1: screenshot (image/png) ΓöÇΓöÇΓöÇΓöÇΓöÇΓöÇΓöÇΓöÇΓöÇΓöÇΓöÇΓöÇΓöÇΓöÇΓöÇΓöÇΓöÇΓöÇΓöÇΓöÇΓöÇΓöÇΓöÇΓöÇΓöÇΓöÇΓöÇΓöÇΓöÇΓöÇΓöÇΓöÇΓöÇΓöÇΓöÇΓöÇΓöÇΓöÇΓöÇΓöÇΓöÇΓöÇΓöÇΓöÇΓöÇΓöÇΓöÇΓöÇΓöÇΓöÇΓöÇΓöÇΓöÇΓöÇΓöÇΓöÇΓöÇΓöÇ
    test-results\regression-Auth-ΓÇô-Login-Si-efc69-page-loads-without-redirect-Brave-retry1\test-failed-1.png
    ΓöÇΓöÇΓöÇΓöÇΓöÇΓöÇΓöÇΓöÇΓöÇΓöÇΓöÇΓöÇΓöÇΓöÇΓöÇΓöÇΓöÇΓöÇΓöÇΓöÇΓöÇΓöÇΓöÇΓöÇΓöÇΓöÇΓöÇΓöÇΓöÇΓöÇΓöÇΓöÇΓöÇΓöÇΓöÇΓöÇΓöÇΓöÇΓöÇΓöÇΓöÇΓöÇΓöÇΓöÇΓöÇΓöÇΓöÇΓöÇΓöÇΓöÇΓöÇΓöÇΓöÇΓöÇΓöÇΓöÇΓöÇΓöÇΓöÇΓöÇΓöÇΓöÇΓöÇΓöÇΓöÇΓöÇΓöÇΓöÇΓöÇΓöÇΓöÇΓöÇΓöÇΓöÇΓöÇΓöÇΓöÇΓöÇΓöÇΓöÇΓöÇΓöÇΓöÇΓöÇΓöÇΓöÇΓöÇΓöÇΓöÇΓöÇΓöÇΓöÇΓöÇΓöÇΓöÇΓöÇ

    Error Context: test-results\regression-Auth-ΓÇô-Login-Si-efc69-page-loads-without-redirect-Brave-retry1\error-context.md

  74) [Brave] ΓÇ║ tests\e2e\regression.spec.ts:109:9 ΓÇ║ Auth guard ΓÇô unauthenticated redirects ΓÇ║ /dashboard ΓåÆ redirects to /login 

    Error: page.goto: net::ERR_NAME_NOT_RESOLVED at https://thecareersetu.in/dashboard
    Call log:
      - navigating to "https://thecareersetu.in/dashboard", waiting until "load"


      108 |   for (const route of protectedRoutes) {
      109 |     test(`${route} ΓåÆ redirects to /login`, async ({ page }) => {
    > 110 |       await page.goto(route)
          |                  ^
      111 |       await expect(page).toHaveURL(/\/login/)
      112 |     })
      113 |   }
        at C:\Users\amitc\CareerSetu\tests\e2e\regression.spec.ts:110:18

    attachment #1: screenshot (image/png) ΓöÇΓöÇΓöÇΓöÇΓöÇΓöÇΓöÇΓöÇΓöÇΓöÇΓöÇΓöÇΓöÇΓöÇΓöÇΓöÇΓöÇΓöÇΓöÇΓöÇΓöÇΓöÇΓöÇΓöÇΓöÇΓöÇΓöÇΓöÇΓöÇΓöÇΓöÇΓöÇΓöÇΓöÇΓöÇΓöÇΓöÇΓöÇΓöÇΓöÇΓöÇΓöÇΓöÇΓöÇΓöÇΓöÇΓöÇΓöÇΓöÇΓöÇΓöÇΓöÇΓöÇΓöÇΓöÇΓöÇΓöÇΓöÇ
    test-results\regression-Auth-guard-ΓÇô-un-a1aaf-hboard-ΓåÆ-redirects-to-login-Brave\test-failed-1.png
    ΓöÇΓöÇΓöÇΓöÇΓöÇΓöÇΓöÇΓöÇΓöÇΓöÇΓöÇΓöÇΓöÇΓöÇΓöÇΓöÇΓöÇΓöÇΓöÇΓöÇΓöÇΓöÇΓöÇΓöÇΓöÇΓöÇΓöÇΓöÇΓöÇΓöÇΓöÇΓöÇΓöÇΓöÇΓöÇΓöÇΓöÇΓöÇΓöÇΓöÇΓöÇΓöÇΓöÇΓöÇΓöÇΓöÇΓöÇΓöÇΓöÇΓöÇΓöÇΓöÇΓöÇΓöÇΓöÇΓöÇΓöÇΓöÇΓöÇΓöÇΓöÇΓöÇΓöÇΓöÇΓöÇΓöÇΓöÇΓöÇΓöÇΓöÇΓöÇΓöÇΓöÇΓöÇΓöÇΓöÇΓöÇΓöÇΓöÇΓöÇΓöÇΓöÇΓöÇΓöÇΓöÇΓöÇΓöÇΓöÇΓöÇΓöÇΓöÇΓöÇΓöÇΓöÇΓöÇΓöÇ

    Error Context: test-results\regression-Auth-guard-ΓÇô-un-a1aaf-hboard-ΓåÆ-redirects-to-login-Brave\error-context.md

    Retry #1 ΓöÇΓöÇΓöÇΓöÇΓöÇΓöÇΓöÇΓöÇΓöÇΓöÇΓöÇΓöÇΓöÇΓöÇΓöÇΓöÇΓöÇΓöÇΓöÇΓöÇΓöÇΓöÇΓöÇΓöÇΓöÇΓöÇΓöÇΓöÇΓöÇΓöÇΓöÇΓöÇΓöÇΓöÇΓöÇΓöÇΓöÇΓöÇΓöÇΓöÇΓöÇΓöÇΓöÇΓöÇΓöÇΓöÇΓöÇΓöÇΓöÇΓöÇΓöÇΓöÇΓöÇΓöÇΓöÇΓöÇΓöÇΓöÇΓöÇΓöÇΓöÇΓöÇΓöÇΓöÇΓöÇΓöÇΓöÇΓöÇΓöÇΓöÇΓöÇΓöÇΓöÇΓöÇΓöÇΓöÇΓöÇΓöÇΓöÇΓöÇΓöÇΓöÇΓöÇΓöÇΓöÇΓöÇΓöÇ

    Error: page.goto: net::ERR_NAME_NOT_RESOLVED at https://thecareersetu.in/dashboard
    Call log:
      - navigating to "https://thecareersetu.in/dashboard", waiting until "load"


      108 |   for (const route of protectedRoutes) {
      109 |     test(`${route} ΓåÆ redirects to /login`, async ({ page }) => {
    > 110 |       await page.goto(route)
          |                  ^
      111 |       await expect(page).toHaveURL(/\/login/)
      112 |     })
      113 |   }
        at C:\Users\amitc\CareerSetu\tests\e2e\regression.spec.ts:110:18

    attachment #1: screenshot (image/png) ΓöÇΓöÇΓöÇΓöÇΓöÇΓöÇΓöÇΓöÇΓöÇΓöÇΓöÇΓöÇΓöÇΓöÇΓöÇΓöÇΓöÇΓöÇΓöÇΓöÇΓöÇΓöÇΓöÇΓöÇΓöÇΓöÇΓöÇΓöÇΓöÇΓöÇΓöÇΓöÇΓöÇΓöÇΓöÇΓöÇΓöÇΓöÇΓöÇΓöÇΓöÇΓöÇΓöÇΓöÇΓöÇΓöÇΓöÇΓöÇΓöÇΓöÇΓöÇΓöÇΓöÇΓöÇΓöÇΓöÇΓöÇΓöÇ
    test-results\regression-Auth-guard-ΓÇô-un-a1aaf-hboard-ΓåÆ-redirects-to-login-Brave-retry1\test-failed-1.png
    ΓöÇΓöÇΓöÇΓöÇΓöÇΓöÇΓöÇΓöÇΓöÇΓöÇΓöÇΓöÇΓöÇΓöÇΓöÇΓöÇΓöÇΓöÇΓöÇΓöÇΓöÇΓöÇΓöÇΓöÇΓöÇΓöÇΓöÇΓöÇΓöÇΓöÇΓöÇΓöÇΓöÇΓöÇΓöÇΓöÇΓöÇΓöÇΓöÇΓöÇΓöÇΓöÇΓöÇΓöÇΓöÇΓöÇΓöÇΓöÇΓöÇΓöÇΓöÇΓöÇΓöÇΓöÇΓöÇΓöÇΓöÇΓöÇΓöÇΓöÇΓöÇΓöÇΓöÇΓöÇΓöÇΓöÇΓöÇΓöÇΓöÇΓöÇΓöÇΓöÇΓöÇΓöÇΓöÇΓöÇΓöÇΓöÇΓöÇΓöÇΓöÇΓöÇΓöÇΓöÇΓöÇΓöÇΓöÇΓöÇΓöÇΓöÇΓöÇΓöÇΓöÇΓöÇΓöÇΓöÇ

    Error Context: test-results\regression-Auth-guard-ΓÇô-un-a1aaf-hboard-ΓåÆ-redirects-to-login-Brave-retry1\error-context.md

  75) [Brave] ΓÇ║ tests\e2e\regression.spec.ts:109:9 ΓÇ║ Auth guard ΓÇô unauthenticated redirects ΓÇ║ /practice ΓåÆ redirects to /login 

    Error: page.goto: net::ERR_NAME_NOT_RESOLVED at https://thecareersetu.in/practice
    Call log:
      - navigating to "https://thecareersetu.in/practice", waiting until "load"


      108 |   for (const route of protectedRoutes) {
      109 |     test(`${route} ΓåÆ redirects to /login`, async ({ page }) => {
    > 110 |       await page.goto(route)
          |                  ^
      111 |       await expect(page).toHaveURL(/\/login/)
      112 |     })
      113 |   }
        at C:\Users\amitc\CareerSetu\tests\e2e\regression.spec.ts:110:18

    attachment #1: screenshot (image/png) ΓöÇΓöÇΓöÇΓöÇΓöÇΓöÇΓöÇΓöÇΓöÇΓöÇΓöÇΓöÇΓöÇΓöÇΓöÇΓöÇΓöÇΓöÇΓöÇΓöÇΓöÇΓöÇΓöÇΓöÇΓöÇΓöÇΓöÇΓöÇΓöÇΓöÇΓöÇΓöÇΓöÇΓöÇΓöÇΓöÇΓöÇΓöÇΓöÇΓöÇΓöÇΓöÇΓöÇΓöÇΓöÇΓöÇΓöÇΓöÇΓöÇΓöÇΓöÇΓöÇΓöÇΓöÇΓöÇΓöÇΓöÇΓöÇ
    test-results\regression-Auth-guard-ΓÇô-un-5f11e-actice-ΓåÆ-redirects-to-login-Brave\test-failed-1.png
    ΓöÇΓöÇΓöÇΓöÇΓöÇΓöÇΓöÇΓöÇΓöÇΓöÇΓöÇΓöÇΓöÇΓöÇΓöÇΓöÇΓöÇΓöÇΓöÇΓöÇΓöÇΓöÇΓöÇΓöÇΓöÇΓöÇΓöÇΓöÇΓöÇΓöÇΓöÇΓöÇΓöÇΓöÇΓöÇΓöÇΓöÇΓöÇΓöÇΓöÇΓöÇΓöÇΓöÇΓöÇΓöÇΓöÇΓöÇΓöÇΓöÇΓöÇΓöÇΓöÇΓöÇΓöÇΓöÇΓöÇΓöÇΓöÇΓöÇΓöÇΓöÇΓöÇΓöÇΓöÇΓöÇΓöÇΓöÇΓöÇΓöÇΓöÇΓöÇΓöÇΓöÇΓöÇΓöÇΓöÇΓöÇΓöÇΓöÇΓöÇΓöÇΓöÇΓöÇΓöÇΓöÇΓöÇΓöÇΓöÇΓöÇΓöÇΓöÇΓöÇΓöÇΓöÇΓöÇΓöÇ

    Error Context: test-results\regression-Auth-guard-ΓÇô-un-5f11e-actice-ΓåÆ-redirects-to-login-Brave\error-context.md

    Retry #1 ΓöÇΓöÇΓöÇΓöÇΓöÇΓöÇΓöÇΓöÇΓöÇΓöÇΓöÇΓöÇΓöÇΓöÇΓöÇΓöÇΓöÇΓöÇΓöÇΓöÇΓöÇΓöÇΓöÇΓöÇΓöÇΓöÇΓöÇΓöÇΓöÇΓöÇΓöÇΓöÇΓöÇΓöÇΓöÇΓöÇΓöÇΓöÇΓöÇΓöÇΓöÇΓöÇΓöÇΓöÇΓöÇΓöÇΓöÇΓöÇΓöÇΓöÇΓöÇΓöÇΓöÇΓöÇΓöÇΓöÇΓöÇΓöÇΓöÇΓöÇΓöÇΓöÇΓöÇΓöÇΓöÇΓöÇΓöÇΓöÇΓöÇΓöÇΓöÇΓöÇΓöÇΓöÇΓöÇΓöÇΓöÇΓöÇΓöÇΓöÇΓöÇΓöÇΓöÇΓöÇΓöÇΓöÇΓöÇ

    Error: page.goto: net::ERR_NAME_NOT_RESOLVED at https://thecareersetu.in/practice
    Call log:
      - navigating to "https://thecareersetu.in/practice", waiting until "load"


      108 |   for (const route of protectedRoutes) {
      109 |     test(`${route} ΓåÆ redirects to /login`, async ({ page }) => {
    > 110 |       await page.goto(route)
          |                  ^
      111 |       await expect(page).toHaveURL(/\/login/)
      112 |     })
      113 |   }
        at C:\Users\amitc\CareerSetu\tests\e2e\regression.spec.ts:110:18

    attachment #1: screenshot (image/png) ΓöÇΓöÇΓöÇΓöÇΓöÇΓöÇΓöÇΓöÇΓöÇΓöÇΓöÇΓöÇΓöÇΓöÇΓöÇΓöÇΓöÇΓöÇΓöÇΓöÇΓöÇΓöÇΓöÇΓöÇΓöÇΓöÇΓöÇΓöÇΓöÇΓöÇΓöÇΓöÇΓöÇΓöÇΓöÇΓöÇΓöÇΓöÇΓöÇΓöÇΓöÇΓöÇΓöÇΓöÇΓöÇΓöÇΓöÇΓöÇΓöÇΓöÇΓöÇΓöÇΓöÇΓöÇΓöÇΓöÇΓöÇΓöÇ
    test-results\regression-Auth-guard-ΓÇô-un-5f11e-actice-ΓåÆ-redirects-to-login-Brave-retry1\test-failed-1.png
    ΓöÇΓöÇΓöÇΓöÇΓöÇΓöÇΓöÇΓöÇΓöÇΓöÇΓöÇΓöÇΓöÇΓöÇΓöÇΓöÇΓöÇΓöÇΓöÇΓöÇΓöÇΓöÇΓöÇΓöÇΓöÇΓöÇΓöÇΓöÇΓöÇΓöÇΓöÇΓöÇΓöÇΓöÇΓöÇΓöÇΓöÇΓöÇΓöÇΓöÇΓöÇΓöÇΓöÇΓöÇΓöÇΓöÇΓöÇΓöÇΓöÇΓöÇΓöÇΓöÇΓöÇΓöÇΓöÇΓöÇΓöÇΓöÇΓöÇΓöÇΓöÇΓöÇΓöÇΓöÇΓöÇΓöÇΓöÇΓöÇΓöÇΓöÇΓöÇΓöÇΓöÇΓöÇΓöÇΓöÇΓöÇΓöÇΓöÇΓöÇΓöÇΓöÇΓöÇΓöÇΓöÇΓöÇΓöÇΓöÇΓöÇΓöÇΓöÇΓöÇΓöÇΓöÇΓöÇΓöÇ

    Error Context: test-results\regression-Auth-guard-ΓÇô-un-5f11e-actice-ΓåÆ-redirects-to-login-Brave-retry1\error-context.md

  76) [Brave] ΓÇ║ tests\e2e\regression.spec.ts:109:9 ΓÇ║ Auth guard ΓÇô unauthenticated redirects ΓÇ║ /reports ΓåÆ redirects to /login 

    Error: page.goto: net::ERR_NAME_NOT_RESOLVED at https://thecareersetu.in/reports
    Call log:
      - navigating to "https://thecareersetu.in/reports", waiting until "load"


      108 |   for (const route of protectedRoutes) {
      109 |     test(`${route} ΓåÆ redirects to /login`, async ({ page }) => {
    > 110 |       await page.goto(route)
          |                  ^
      111 |       await expect(page).toHaveURL(/\/login/)
      112 |     })
      113 |   }
        at C:\Users\amitc\CareerSetu\tests\e2e\regression.spec.ts:110:18

    attachment #1: screenshot (image/png) ΓöÇΓöÇΓöÇΓöÇΓöÇΓöÇΓöÇΓöÇΓöÇΓöÇΓöÇΓöÇΓöÇΓöÇΓöÇΓöÇΓöÇΓöÇΓöÇΓöÇΓöÇΓöÇΓöÇΓöÇΓöÇΓöÇΓöÇΓöÇΓöÇΓöÇΓöÇΓöÇΓöÇΓöÇΓöÇΓöÇΓöÇΓöÇΓöÇΓöÇΓöÇΓöÇΓöÇΓöÇΓöÇΓöÇΓöÇΓöÇΓöÇΓöÇΓöÇΓöÇΓöÇΓöÇΓöÇΓöÇΓöÇΓöÇ
    test-results\regression-Auth-guard-ΓÇô-un-bed1d-eports-ΓåÆ-redirects-to-login-Brave\test-failed-1.png
    ΓöÇΓöÇΓöÇΓöÇΓöÇΓöÇΓöÇΓöÇΓöÇΓöÇΓöÇΓöÇΓöÇΓöÇΓöÇΓöÇΓöÇΓöÇΓöÇΓöÇΓöÇΓöÇΓöÇΓöÇΓöÇΓöÇΓöÇΓöÇΓöÇΓöÇΓöÇΓöÇΓöÇΓöÇΓöÇΓöÇΓöÇΓöÇΓöÇΓöÇΓöÇΓöÇΓöÇΓöÇΓöÇΓöÇΓöÇΓöÇΓöÇΓöÇΓöÇΓöÇΓöÇΓöÇΓöÇΓöÇΓöÇΓöÇΓöÇΓöÇΓöÇΓöÇΓöÇΓöÇΓöÇΓöÇΓöÇΓöÇΓöÇΓöÇΓöÇΓöÇΓöÇΓöÇΓöÇΓöÇΓöÇΓöÇΓöÇΓöÇΓöÇΓöÇΓöÇΓöÇΓöÇΓöÇΓöÇΓöÇΓöÇΓöÇΓöÇΓöÇΓöÇΓöÇΓöÇΓöÇ

    Error Context: test-results\regression-Auth-guard-ΓÇô-un-bed1d-eports-ΓåÆ-redirects-to-login-Brave\error-context.md

    Retry #1 ΓöÇΓöÇΓöÇΓöÇΓöÇΓöÇΓöÇΓöÇΓöÇΓöÇΓöÇΓöÇΓöÇΓöÇΓöÇΓöÇΓöÇΓöÇΓöÇΓöÇΓöÇΓöÇΓöÇΓöÇΓöÇΓöÇΓöÇΓöÇΓöÇΓöÇΓöÇΓöÇΓöÇΓöÇΓöÇΓöÇΓöÇΓöÇΓöÇΓöÇΓöÇΓöÇΓöÇΓöÇΓöÇΓöÇΓöÇΓöÇΓöÇΓöÇΓöÇΓöÇΓöÇΓöÇΓöÇΓöÇΓöÇΓöÇΓöÇΓöÇΓöÇΓöÇΓöÇΓöÇΓöÇΓöÇΓöÇΓöÇΓöÇΓöÇΓöÇΓöÇΓöÇΓöÇΓöÇΓöÇΓöÇΓöÇΓöÇΓöÇΓöÇΓöÇΓöÇΓöÇΓöÇΓöÇΓöÇ

    Error: page.goto: net::ERR_NAME_NOT_RESOLVED at https://thecareersetu.in/reports
    Call log:
      - navigating to "https://thecareersetu.in/reports", waiting until "load"


      108 |   for (const route of protectedRoutes) {
      109 |     test(`${route} ΓåÆ redirects to /login`, async ({ page }) => {
    > 110 |       await page.goto(route)
          |                  ^
      111 |       await expect(page).toHaveURL(/\/login/)
      112 |     })
      113 |   }
        at C:\Users\amitc\CareerSetu\tests\e2e\regression.spec.ts:110:18

    attachment #1: screenshot (image/png) ΓöÇΓöÇΓöÇΓöÇΓöÇΓöÇΓöÇΓöÇΓöÇΓöÇΓöÇΓöÇΓöÇΓöÇΓöÇΓöÇΓöÇΓöÇΓöÇΓöÇΓöÇΓöÇΓöÇΓöÇΓöÇΓöÇΓöÇΓöÇΓöÇΓöÇΓöÇΓöÇΓöÇΓöÇΓöÇΓöÇΓöÇΓöÇΓöÇΓöÇΓöÇΓöÇΓöÇΓöÇΓöÇΓöÇΓöÇΓöÇΓöÇΓöÇΓöÇΓöÇΓöÇΓöÇΓöÇΓöÇΓöÇΓöÇ
    test-results\regression-Auth-guard-ΓÇô-un-bed1d-eports-ΓåÆ-redirects-to-login-Brave-retry1\test-failed-1.png
    ΓöÇΓöÇΓöÇΓöÇΓöÇΓöÇΓöÇΓöÇΓöÇΓöÇΓöÇΓöÇΓöÇΓöÇΓöÇΓöÇΓöÇΓöÇΓöÇΓöÇΓöÇΓöÇΓöÇΓöÇΓöÇΓöÇΓöÇΓöÇΓöÇΓöÇΓöÇΓöÇΓöÇΓöÇΓöÇΓöÇΓöÇΓöÇΓöÇΓöÇΓöÇΓöÇΓöÇΓöÇΓöÇΓöÇΓöÇΓöÇΓöÇΓöÇΓöÇΓöÇΓöÇΓöÇΓöÇΓöÇΓöÇΓöÇΓöÇΓöÇΓöÇΓöÇΓöÇΓöÇΓöÇΓöÇΓöÇΓöÇΓöÇΓöÇΓöÇΓöÇΓöÇΓöÇΓöÇΓöÇΓöÇΓöÇΓöÇΓöÇΓöÇΓöÇΓöÇΓöÇΓöÇΓöÇΓöÇΓöÇΓöÇΓöÇΓöÇΓöÇΓöÇΓöÇΓöÇΓöÇ

    Error Context: test-results\regression-Auth-guard-ΓÇô-un-bed1d-eports-ΓåÆ-redirects-to-login-Brave-retry1\error-context.md

  77) [Brave] ΓÇ║ tests\e2e\regression.spec.ts:109:9 ΓÇ║ Auth guard ΓÇô unauthenticated redirects ΓÇ║ /resume-builder ΓåÆ redirects to /login 

    Error: page.goto: net::ERR_NAME_NOT_RESOLVED at https://thecareersetu.in/resume-builder
    Call log:
      - navigating to "https://thecareersetu.in/resume-builder", waiting until "load"


      108 |   for (const route of protectedRoutes) {
      109 |     test(`${route} ΓåÆ redirects to /login`, async ({ page }) => {
    > 110 |       await page.goto(route)
          |                  ^
      111 |       await expect(page).toHaveURL(/\/login/)
      112 |     })
      113 |   }
        at C:\Users\amitc\CareerSetu\tests\e2e\regression.spec.ts:110:18

    attachment #1: screenshot (image/png) ΓöÇΓöÇΓöÇΓöÇΓöÇΓöÇΓöÇΓöÇΓöÇΓöÇΓöÇΓöÇΓöÇΓöÇΓöÇΓöÇΓöÇΓöÇΓöÇΓöÇΓöÇΓöÇΓöÇΓöÇΓöÇΓöÇΓöÇΓöÇΓöÇΓöÇΓöÇΓöÇΓöÇΓöÇΓöÇΓöÇΓöÇΓöÇΓöÇΓöÇΓöÇΓöÇΓöÇΓöÇΓöÇΓöÇΓöÇΓöÇΓöÇΓöÇΓöÇΓöÇΓöÇΓöÇΓöÇΓöÇΓöÇΓöÇ
    test-results\regression-Auth-guard-ΓÇô-un-7c213-uilder-ΓåÆ-redirects-to-login-Brave\test-failed-1.png
    ΓöÇΓöÇΓöÇΓöÇΓöÇΓöÇΓöÇΓöÇΓöÇΓöÇΓöÇΓöÇΓöÇΓöÇΓöÇΓöÇΓöÇΓöÇΓöÇΓöÇΓöÇΓöÇΓöÇΓöÇΓöÇΓöÇΓöÇΓöÇΓöÇΓöÇΓöÇΓöÇΓöÇΓöÇΓöÇΓöÇΓöÇΓöÇΓöÇΓöÇΓöÇΓöÇΓöÇΓöÇΓöÇΓöÇΓöÇΓöÇΓöÇΓöÇΓöÇΓöÇΓöÇΓöÇΓöÇΓöÇΓöÇΓöÇΓöÇΓöÇΓöÇΓöÇΓöÇΓöÇΓöÇΓöÇΓöÇΓöÇΓöÇΓöÇΓöÇΓöÇΓöÇΓöÇΓöÇΓöÇΓöÇΓöÇΓöÇΓöÇΓöÇΓöÇΓöÇΓöÇΓöÇΓöÇΓöÇΓöÇΓöÇΓöÇΓöÇΓöÇΓöÇΓöÇΓöÇΓöÇ

    Error Context: test-results\regression-Auth-guard-ΓÇô-un-7c213-uilder-ΓåÆ-redirects-to-login-Brave\error-context.md

    Retry #1 ΓöÇΓöÇΓöÇΓöÇΓöÇΓöÇΓöÇΓöÇΓöÇΓöÇΓöÇΓöÇΓöÇΓöÇΓöÇΓöÇΓöÇΓöÇΓöÇΓöÇΓöÇΓöÇΓöÇΓöÇΓöÇΓöÇΓöÇΓöÇΓöÇΓöÇΓöÇΓöÇΓöÇΓöÇΓöÇΓöÇΓöÇΓöÇΓöÇΓöÇΓöÇΓöÇΓöÇΓöÇΓöÇΓöÇΓöÇΓöÇΓöÇΓöÇΓöÇΓöÇΓöÇΓöÇΓöÇΓöÇΓöÇΓöÇΓöÇΓöÇΓöÇΓöÇΓöÇΓöÇΓöÇΓöÇΓöÇΓöÇΓöÇΓöÇΓöÇΓöÇΓöÇΓöÇΓöÇΓöÇΓöÇΓöÇΓöÇΓöÇΓöÇΓöÇΓöÇΓöÇΓöÇΓöÇΓöÇ

    Error: page.goto: net::ERR_NAME_NOT_RESOLVED at https://thecareersetu.in/resume-builder
    Call log:
      - navigating to "https://thecareersetu.in/resume-builder", waiting until "load"


      108 |   for (const route of protectedRoutes) {
      109 |     test(`${route} ΓåÆ redirects to /login`, async ({ page }) => {
    > 110 |       await page.goto(route)
          |                  ^
      111 |       await expect(page).toHaveURL(/\/login/)
      112 |     })
      113 |   }
        at C:\Users\amitc\CareerSetu\tests\e2e\regression.spec.ts:110:18

    attachment #1: screenshot (image/png) ΓöÇΓöÇΓöÇΓöÇΓöÇΓöÇΓöÇΓöÇΓöÇΓöÇΓöÇΓöÇΓöÇΓöÇΓöÇΓöÇΓöÇΓöÇΓöÇΓöÇΓöÇΓöÇΓöÇΓöÇΓöÇΓöÇΓöÇΓöÇΓöÇΓöÇΓöÇΓöÇΓöÇΓöÇΓöÇΓöÇΓöÇΓöÇΓöÇΓöÇΓöÇΓöÇΓöÇΓöÇΓöÇΓöÇΓöÇΓöÇΓöÇΓöÇΓöÇΓöÇΓöÇΓöÇΓöÇΓöÇΓöÇΓöÇ
    test-results\regression-Auth-guard-ΓÇô-un-7c213-uilder-ΓåÆ-redirects-to-login-Brave-retry1\test-failed-1.png
    ΓöÇΓöÇΓöÇΓöÇΓöÇΓöÇΓöÇΓöÇΓöÇΓöÇΓöÇΓöÇΓöÇΓöÇΓöÇΓöÇΓöÇΓöÇΓöÇΓöÇΓöÇΓöÇΓöÇΓöÇΓöÇΓöÇΓöÇΓöÇΓöÇΓöÇΓöÇΓöÇΓöÇΓöÇΓöÇΓöÇΓöÇΓöÇΓöÇΓöÇΓöÇΓöÇΓöÇΓöÇΓöÇΓöÇΓöÇΓöÇΓöÇΓöÇΓöÇΓöÇΓöÇΓöÇΓöÇΓöÇΓöÇΓöÇΓöÇΓöÇΓöÇΓöÇΓöÇΓöÇΓöÇΓöÇΓöÇΓöÇΓöÇΓöÇΓöÇΓöÇΓöÇΓöÇΓöÇΓöÇΓöÇΓöÇΓöÇΓöÇΓöÇΓöÇΓöÇΓöÇΓöÇΓöÇΓöÇΓöÇΓöÇΓöÇΓöÇΓöÇΓöÇΓöÇΓöÇΓöÇ

    Error Context: test-results\regression-Auth-guard-ΓÇô-un-7c213-uilder-ΓåÆ-redirects-to-login-Brave-retry1\error-context.md

  78) [Brave] ΓÇ║ tests\e2e\regression.spec.ts:109:9 ΓÇ║ Auth guard ΓÇô unauthenticated redirects ΓÇ║ /jobs ΓåÆ redirects to /login 

    Error: page.goto: net::ERR_NAME_NOT_RESOLVED at https://thecareersetu.in/jobs
    Call log:
      - navigating to "https://thecareersetu.in/jobs", waiting until "load"


      108 |   for (const route of protectedRoutes) {
      109 |     test(`${route} ΓåÆ redirects to /login`, async ({ page }) => {
    > 110 |       await page.goto(route)
          |                  ^
      111 |       await expect(page).toHaveURL(/\/login/)
      112 |     })
      113 |   }
        at C:\Users\amitc\CareerSetu\tests\e2e\regression.spec.ts:110:18

    Error Context: test-results\regression-Auth-guard-ΓÇô-un-651d8-s-jobs-ΓåÆ-redirects-to-login-Brave\error-context.md

    Retry #1 ΓöÇΓöÇΓöÇΓöÇΓöÇΓöÇΓöÇΓöÇΓöÇΓöÇΓöÇΓöÇΓöÇΓöÇΓöÇΓöÇΓöÇΓöÇΓöÇΓöÇΓöÇΓöÇΓöÇΓöÇΓöÇΓöÇΓöÇΓöÇΓöÇΓöÇΓöÇΓöÇΓöÇΓöÇΓöÇΓöÇΓöÇΓöÇΓöÇΓöÇΓöÇΓöÇΓöÇΓöÇΓöÇΓöÇΓöÇΓöÇΓöÇΓöÇΓöÇΓöÇΓöÇΓöÇΓöÇΓöÇΓöÇΓöÇΓöÇΓöÇΓöÇΓöÇΓöÇΓöÇΓöÇΓöÇΓöÇΓöÇΓöÇΓöÇΓöÇΓöÇΓöÇΓöÇΓöÇΓöÇΓöÇΓöÇΓöÇΓöÇΓöÇΓöÇΓöÇΓöÇΓöÇΓöÇΓöÇ

    Error: page.goto: net::ERR_NAME_NOT_RESOLVED at https://thecareersetu.in/jobs
    Call log:
      - navigating to "https://thecareersetu.in/jobs", waiting until "load"


      108 |   for (const route of protectedRoutes) {
      109 |     test(`${route} ΓåÆ redirects to /login`, async ({ page }) => {
    > 110 |       await page.goto(route)
          |                  ^
      111 |       await expect(page).toHaveURL(/\/login/)
      112 |     })
      113 |   }
        at C:\Users\amitc\CareerSetu\tests\e2e\regression.spec.ts:110:18

    attachment #1: screenshot (image/png) ΓöÇΓöÇΓöÇΓöÇΓöÇΓöÇΓöÇΓöÇΓöÇΓöÇΓöÇΓöÇΓöÇΓöÇΓöÇΓöÇΓöÇΓöÇΓöÇΓöÇΓöÇΓöÇΓöÇΓöÇΓöÇΓöÇΓöÇΓöÇΓöÇΓöÇΓöÇΓöÇΓöÇΓöÇΓöÇΓöÇΓöÇΓöÇΓöÇΓöÇΓöÇΓöÇΓöÇΓöÇΓöÇΓöÇΓöÇΓöÇΓöÇΓöÇΓöÇΓöÇΓöÇΓöÇΓöÇΓöÇΓöÇΓöÇ
    test-results\regression-Auth-guard-ΓÇô-un-651d8-s-jobs-ΓåÆ-redirects-to-login-Brave-retry1\test-failed-1.png
    ΓöÇΓöÇΓöÇΓöÇΓöÇΓöÇΓöÇΓöÇΓöÇΓöÇΓöÇΓöÇΓöÇΓöÇΓöÇΓöÇΓöÇΓöÇΓöÇΓöÇΓöÇΓöÇΓöÇΓöÇΓöÇΓöÇΓöÇΓöÇΓöÇΓöÇΓöÇΓöÇΓöÇΓöÇΓöÇΓöÇΓöÇΓöÇΓöÇΓöÇΓöÇΓöÇΓöÇΓöÇΓöÇΓöÇΓöÇΓöÇΓöÇΓöÇΓöÇΓöÇΓöÇΓöÇΓöÇΓöÇΓöÇΓöÇΓöÇΓöÇΓöÇΓöÇΓöÇΓöÇΓöÇΓöÇΓöÇΓöÇΓöÇΓöÇΓöÇΓöÇΓöÇΓöÇΓöÇΓöÇΓöÇΓöÇΓöÇΓöÇΓöÇΓöÇΓöÇΓöÇΓöÇΓöÇΓöÇΓöÇΓöÇΓöÇΓöÇΓöÇΓöÇΓöÇΓöÇΓöÇ

    Error Context: test-results\regression-Auth-guard-ΓÇô-un-651d8-s-jobs-ΓåÆ-redirects-to-login-Brave-retry1\error-context.md

  79) [Brave] ΓÇ║ tests\e2e\regression.spec.ts:109:9 ΓÇ║ Auth guard ΓÇô unauthenticated redirects ΓÇ║ /profile ΓåÆ redirects to /login 

    Error: page.goto: net::ERR_NAME_NOT_RESOLVED at https://thecareersetu.in/profile
    Call log:
      - navigating to "https://thecareersetu.in/profile", waiting until "load"


      108 |   for (const route of protectedRoutes) {
      109 |     test(`${route} ΓåÆ redirects to /login`, async ({ page }) => {
    > 110 |       await page.goto(route)
          |                  ^
      111 |       await expect(page).toHaveURL(/\/login/)
      112 |     })
      113 |   }
        at C:\Users\amitc\CareerSetu\tests\e2e\regression.spec.ts:110:18

    attachment #1: screenshot (image/png) ΓöÇΓöÇΓöÇΓöÇΓöÇΓöÇΓöÇΓöÇΓöÇΓöÇΓöÇΓöÇΓöÇΓöÇΓöÇΓöÇΓöÇΓöÇΓöÇΓöÇΓöÇΓöÇΓöÇΓöÇΓöÇΓöÇΓöÇΓöÇΓöÇΓöÇΓöÇΓöÇΓöÇΓöÇΓöÇΓöÇΓöÇΓöÇΓöÇΓöÇΓöÇΓöÇΓöÇΓöÇΓöÇΓöÇΓöÇΓöÇΓöÇΓöÇΓöÇΓöÇΓöÇΓöÇΓöÇΓöÇΓöÇΓöÇ
    test-results\regression-Auth-guard-ΓÇô-un-4a622-rofile-ΓåÆ-redirects-to-login-Brave\test-failed-1.png
    ΓöÇΓöÇΓöÇΓöÇΓöÇΓöÇΓöÇΓöÇΓöÇΓöÇΓöÇΓöÇΓöÇΓöÇΓöÇΓöÇΓöÇΓöÇΓöÇΓöÇΓöÇΓöÇΓöÇΓöÇΓöÇΓöÇΓöÇΓöÇΓöÇΓöÇΓöÇΓöÇΓöÇΓöÇΓöÇΓöÇΓöÇΓöÇΓöÇΓöÇΓöÇΓöÇΓöÇΓöÇΓöÇΓöÇΓöÇΓöÇΓöÇΓöÇΓöÇΓöÇΓöÇΓöÇΓöÇΓöÇΓöÇΓöÇΓöÇΓöÇΓöÇΓöÇΓöÇΓöÇΓöÇΓöÇΓöÇΓöÇΓöÇΓöÇΓöÇΓöÇΓöÇΓöÇΓöÇΓöÇΓöÇΓöÇΓöÇΓöÇΓöÇΓöÇΓöÇΓöÇΓöÇΓöÇΓöÇΓöÇΓöÇΓöÇΓöÇΓöÇΓöÇΓöÇΓöÇΓöÇ

    Error Context: test-results\regression-Auth-guard-ΓÇô-un-4a622-rofile-ΓåÆ-redirects-to-login-Brave\error-context.md

    Retry #1 ΓöÇΓöÇΓöÇΓöÇΓöÇΓöÇΓöÇΓöÇΓöÇΓöÇΓöÇΓöÇΓöÇΓöÇΓöÇΓöÇΓöÇΓöÇΓöÇΓöÇΓöÇΓöÇΓöÇΓöÇΓöÇΓöÇΓöÇΓöÇΓöÇΓöÇΓöÇΓöÇΓöÇΓöÇΓöÇΓöÇΓöÇΓöÇΓöÇΓöÇΓöÇΓöÇΓöÇΓöÇΓöÇΓöÇΓöÇΓöÇΓöÇΓöÇΓöÇΓöÇΓöÇΓöÇΓöÇΓöÇΓöÇΓöÇΓöÇΓöÇΓöÇΓöÇΓöÇΓöÇΓöÇΓöÇΓöÇΓöÇΓöÇΓöÇΓöÇΓöÇΓöÇΓöÇΓöÇΓöÇΓöÇΓöÇΓöÇΓöÇΓöÇΓöÇΓöÇΓöÇΓöÇΓöÇΓöÇ

    Error: page.goto: net::ERR_NAME_NOT_RESOLVED at https://thecareersetu.in/profile
    Call log:
      - navigating to "https://thecareersetu.in/profile", waiting until "load"


      108 |   for (const route of protectedRoutes) {
      109 |     test(`${route} ΓåÆ redirects to /login`, async ({ page }) => {
    > 110 |       await page.goto(route)
          |                  ^
      111 |       await expect(page).toHaveURL(/\/login/)
      112 |     })
      113 |   }
        at C:\Users\amitc\CareerSetu\tests\e2e\regression.spec.ts:110:18

    attachment #1: screenshot (image/png) ΓöÇΓöÇΓöÇΓöÇΓöÇΓöÇΓöÇΓöÇΓöÇΓöÇΓöÇΓöÇΓöÇΓöÇΓöÇΓöÇΓöÇΓöÇΓöÇΓöÇΓöÇΓöÇΓöÇΓöÇΓöÇΓöÇΓöÇΓöÇΓöÇΓöÇΓöÇΓöÇΓöÇΓöÇΓöÇΓöÇΓöÇΓöÇΓöÇΓöÇΓöÇΓöÇΓöÇΓöÇΓöÇΓöÇΓöÇΓöÇΓöÇΓöÇΓöÇΓöÇΓöÇΓöÇΓöÇΓöÇΓöÇΓöÇ
    test-results\regression-Auth-guard-ΓÇô-un-4a622-rofile-ΓåÆ-redirects-to-login-Brave-retry1\test-failed-1.png
    ΓöÇΓöÇΓöÇΓöÇΓöÇΓöÇΓöÇΓöÇΓöÇΓöÇΓöÇΓöÇΓöÇΓöÇΓöÇΓöÇΓöÇΓöÇΓöÇΓöÇΓöÇΓöÇΓöÇΓöÇΓöÇΓöÇΓöÇΓöÇΓöÇΓöÇΓöÇΓöÇΓöÇΓöÇΓöÇΓöÇΓöÇΓöÇΓöÇΓöÇΓöÇΓöÇΓöÇΓöÇΓöÇΓöÇΓöÇΓöÇΓöÇΓöÇΓöÇΓöÇΓöÇΓöÇΓöÇΓöÇΓöÇΓöÇΓöÇΓöÇΓöÇΓöÇΓöÇΓöÇΓöÇΓöÇΓöÇΓöÇΓöÇΓöÇΓöÇΓöÇΓöÇΓöÇΓöÇΓöÇΓöÇΓöÇΓöÇΓöÇΓöÇΓöÇΓöÇΓöÇΓöÇΓöÇΓöÇΓöÇΓöÇΓöÇΓöÇΓöÇΓöÇΓöÇΓöÇΓöÇ

    Error Context: test-results\regression-Auth-guard-ΓÇô-un-4a622-rofile-ΓåÆ-redirects-to-login-Brave-retry1\error-context.md

  80) [Brave] ΓÇ║ tests\e2e\regression.spec.ts:109:9 ΓÇ║ Auth guard ΓÇô unauthenticated redirects ΓÇ║ /subscription ΓåÆ redirects to /login 

    Error: page.goto: net::ERR_NAME_NOT_RESOLVED at https://thecareersetu.in/subscription
    Call log:
      - navigating to "https://thecareersetu.in/subscription", waiting until "load"


      108 |   for (const route of protectedRoutes) {
      109 |     test(`${route} ΓåÆ redirects to /login`, async ({ page }) => {
    > 110 |       await page.goto(route)
          |                  ^
      111 |       await expect(page).toHaveURL(/\/login/)
      112 |     })
      113 |   }
        at C:\Users\amitc\CareerSetu\tests\e2e\regression.spec.ts:110:18

    attachment #1: screenshot (image/png) ΓöÇΓöÇΓöÇΓöÇΓöÇΓöÇΓöÇΓöÇΓöÇΓöÇΓöÇΓöÇΓöÇΓöÇΓöÇΓöÇΓöÇΓöÇΓöÇΓöÇΓöÇΓöÇΓöÇΓöÇΓöÇΓöÇΓöÇΓöÇΓöÇΓöÇΓöÇΓöÇΓöÇΓöÇΓöÇΓöÇΓöÇΓöÇΓöÇΓöÇΓöÇΓöÇΓöÇΓöÇΓöÇΓöÇΓöÇΓöÇΓöÇΓöÇΓöÇΓöÇΓöÇΓöÇΓöÇΓöÇΓöÇΓöÇ
    test-results\regression-Auth-guard-ΓÇô-un-4cc60-iption-ΓåÆ-redirects-to-login-Brave\test-failed-1.png
    ΓöÇΓöÇΓöÇΓöÇΓöÇΓöÇΓöÇΓöÇΓöÇΓöÇΓöÇΓöÇΓöÇΓöÇΓöÇΓöÇΓöÇΓöÇΓöÇΓöÇΓöÇΓöÇΓöÇΓöÇΓöÇΓöÇΓöÇΓöÇΓöÇΓöÇΓöÇΓöÇΓöÇΓöÇΓöÇΓöÇΓöÇΓöÇΓöÇΓöÇΓöÇΓöÇΓöÇΓöÇΓöÇΓöÇΓöÇΓöÇΓöÇΓöÇΓöÇΓöÇΓöÇΓöÇΓöÇΓöÇΓöÇΓöÇΓöÇΓöÇΓöÇΓöÇΓöÇΓöÇΓöÇΓöÇΓöÇΓöÇΓöÇΓöÇΓöÇΓöÇΓöÇΓöÇΓöÇΓöÇΓöÇΓöÇΓöÇΓöÇΓöÇΓöÇΓöÇΓöÇΓöÇΓöÇΓöÇΓöÇΓöÇΓöÇΓöÇΓöÇΓöÇΓöÇΓöÇΓöÇ

    Error Context: test-results\regression-Auth-guard-ΓÇô-un-4cc60-iption-ΓåÆ-redirects-to-login-Brave\error-context.md

    Retry #1 ΓöÇΓöÇΓöÇΓöÇΓöÇΓöÇΓöÇΓöÇΓöÇΓöÇΓöÇΓöÇΓöÇΓöÇΓöÇΓöÇΓöÇΓöÇΓöÇΓöÇΓöÇΓöÇΓöÇΓöÇΓöÇΓöÇΓöÇΓöÇΓöÇΓöÇΓöÇΓöÇΓöÇΓöÇΓöÇΓöÇΓöÇΓöÇΓöÇΓöÇΓöÇΓöÇΓöÇΓöÇΓöÇΓöÇΓöÇΓöÇΓöÇΓöÇΓöÇΓöÇΓöÇΓöÇΓöÇΓöÇΓöÇΓöÇΓöÇΓöÇΓöÇΓöÇΓöÇΓöÇΓöÇΓöÇΓöÇΓöÇΓöÇΓöÇΓöÇΓöÇΓöÇΓöÇΓöÇΓöÇΓöÇΓöÇΓöÇΓöÇΓöÇΓöÇΓöÇΓöÇΓöÇΓöÇΓöÇ

    Error: page.goto: net::ERR_NAME_NOT_RESOLVED at https://thecareersetu.in/subscription
    Call log:
      - navigating to "https://thecareersetu.in/subscription", waiting until "load"


      108 |   for (const route of protectedRoutes) {
      109 |     test(`${route} ΓåÆ redirects to /login`, async ({ page }) => {
    > 110 |       await page.goto(route)
          |                  ^
      111 |       await expect(page).toHaveURL(/\/login/)
      112 |     })
      113 |   }
        at C:\Users\amitc\CareerSetu\tests\e2e\regression.spec.ts:110:18

    attachment #1: screenshot (image/png) ΓöÇΓöÇΓöÇΓöÇΓöÇΓöÇΓöÇΓöÇΓöÇΓöÇΓöÇΓöÇΓöÇΓöÇΓöÇΓöÇΓöÇΓöÇΓöÇΓöÇΓöÇΓöÇΓöÇΓöÇΓöÇΓöÇΓöÇΓöÇΓöÇΓöÇΓöÇΓöÇΓöÇΓöÇΓöÇΓöÇΓöÇΓöÇΓöÇΓöÇΓöÇΓöÇΓöÇΓöÇΓöÇΓöÇΓöÇΓöÇΓöÇΓöÇΓöÇΓöÇΓöÇΓöÇΓöÇΓöÇΓöÇΓöÇ
    test-results\regression-Auth-guard-ΓÇô-un-4cc60-iption-ΓåÆ-redirects-to-login-Brave-retry1\test-failed-1.png
    ΓöÇΓöÇΓöÇΓöÇΓöÇΓöÇΓöÇΓöÇΓöÇΓöÇΓöÇΓöÇΓöÇΓöÇΓöÇΓöÇΓöÇΓöÇΓöÇΓöÇΓöÇΓöÇΓöÇΓöÇΓöÇΓöÇΓöÇΓöÇΓöÇΓöÇΓöÇΓöÇΓöÇΓöÇΓöÇΓöÇΓöÇΓöÇΓöÇΓöÇΓöÇΓöÇΓöÇΓöÇΓöÇΓöÇΓöÇΓöÇΓöÇΓöÇΓöÇΓöÇΓöÇΓöÇΓöÇΓöÇΓöÇΓöÇΓöÇΓöÇΓöÇΓöÇΓöÇΓöÇΓöÇΓöÇΓöÇΓöÇΓöÇΓöÇΓöÇΓöÇΓöÇΓöÇΓöÇΓöÇΓöÇΓöÇΓöÇΓöÇΓöÇΓöÇΓöÇΓöÇΓöÇΓöÇΓöÇΓöÇΓöÇΓöÇΓöÇΓöÇΓöÇΓöÇΓöÇΓöÇ

    Error Context: test-results\regression-Auth-guard-ΓÇô-un-4cc60-iption-ΓåÆ-redirects-to-login-Brave-retry1\error-context.md

  81) [Brave] ΓÇ║ tests\e2e\regression.spec.ts:109:9 ΓÇ║ Auth guard ΓÇô unauthenticated redirects ΓÇ║ /question-bank ΓåÆ redirects to /login 

    Error: page.goto: net::ERR_NAME_NOT_RESOLVED at https://thecareersetu.in/question-bank
    Call log:
      - navigating to "https://thecareersetu.in/question-bank", waiting until "load"


      108 |   for (const route of protectedRoutes) {
      109 |     test(`${route} ΓåÆ redirects to /login`, async ({ page }) => {
    > 110 |       await page.goto(route)
          |                  ^
      111 |       await expect(page).toHaveURL(/\/login/)
      112 |     })
      113 |   }
        at C:\Users\amitc\CareerSetu\tests\e2e\regression.spec.ts:110:18

    attachment #1: screenshot (image/png) ΓöÇΓöÇΓöÇΓöÇΓöÇΓöÇΓöÇΓöÇΓöÇΓöÇΓöÇΓöÇΓöÇΓöÇΓöÇΓöÇΓöÇΓöÇΓöÇΓöÇΓöÇΓöÇΓöÇΓöÇΓöÇΓöÇΓöÇΓöÇΓöÇΓöÇΓöÇΓöÇΓöÇΓöÇΓöÇΓöÇΓöÇΓöÇΓöÇΓöÇΓöÇΓöÇΓöÇΓöÇΓöÇΓöÇΓöÇΓöÇΓöÇΓöÇΓöÇΓöÇΓöÇΓöÇΓöÇΓöÇΓöÇΓöÇ
    test-results\regression-Auth-guard-ΓÇô-un-91c30-n-bank-ΓåÆ-redirects-to-login-Brave\test-failed-1.png
    ΓöÇΓöÇΓöÇΓöÇΓöÇΓöÇΓöÇΓöÇΓöÇΓöÇΓöÇΓöÇΓöÇΓöÇΓöÇΓöÇΓöÇΓöÇΓöÇΓöÇΓöÇΓöÇΓöÇΓöÇΓöÇΓöÇΓöÇΓöÇΓöÇΓöÇΓöÇΓöÇΓöÇΓöÇΓöÇΓöÇΓöÇΓöÇΓöÇΓöÇΓöÇΓöÇΓöÇΓöÇΓöÇΓöÇΓöÇΓöÇΓöÇΓöÇΓöÇΓöÇΓöÇΓöÇΓöÇΓöÇΓöÇΓöÇΓöÇΓöÇΓöÇΓöÇΓöÇΓöÇΓöÇΓöÇΓöÇΓöÇΓöÇΓöÇΓöÇΓöÇΓöÇΓöÇΓöÇΓöÇΓöÇΓöÇΓöÇΓöÇΓöÇΓöÇΓöÇΓöÇΓöÇΓöÇΓöÇΓöÇΓöÇΓöÇΓöÇΓöÇΓöÇΓöÇΓöÇΓöÇ

    Error Context: test-results\regression-Auth-guard-ΓÇô-un-91c30-n-bank-ΓåÆ-redirects-to-login-Brave\error-context.md

    Retry #1 ΓöÇΓöÇΓöÇΓöÇΓöÇΓöÇΓöÇΓöÇΓöÇΓöÇΓöÇΓöÇΓöÇΓöÇΓöÇΓöÇΓöÇΓöÇΓöÇΓöÇΓöÇΓöÇΓöÇΓöÇΓöÇΓöÇΓöÇΓöÇΓöÇΓöÇΓöÇΓöÇΓöÇΓöÇΓöÇΓöÇΓöÇΓöÇΓöÇΓöÇΓöÇΓöÇΓöÇΓöÇΓöÇΓöÇΓöÇΓöÇΓöÇΓöÇΓöÇΓöÇΓöÇΓöÇΓöÇΓöÇΓöÇΓöÇΓöÇΓöÇΓöÇΓöÇΓöÇΓöÇΓöÇΓöÇΓöÇΓöÇΓöÇΓöÇΓöÇΓöÇΓöÇΓöÇΓöÇΓöÇΓöÇΓöÇΓöÇΓöÇΓöÇΓöÇΓöÇΓöÇΓöÇΓöÇΓöÇ

    Error: page.goto: net::ERR_NAME_NOT_RESOLVED at https://thecareersetu.in/question-bank
    Call log:
      - navigating to "https://thecareersetu.in/question-bank", waiting until "load"


      108 |   for (const route of protectedRoutes) {
      109 |     test(`${route} ΓåÆ redirects to /login`, async ({ page }) => {
    > 110 |       await page.goto(route)
          |                  ^
      111 |       await expect(page).toHaveURL(/\/login/)
      112 |     })
      113 |   }
        at C:\Users\amitc\CareerSetu\tests\e2e\regression.spec.ts:110:18

    attachment #1: screenshot (image/png) ΓöÇΓöÇΓöÇΓöÇΓöÇΓöÇΓöÇΓöÇΓöÇΓöÇΓöÇΓöÇΓöÇΓöÇΓöÇΓöÇΓöÇΓöÇΓöÇΓöÇΓöÇΓöÇΓöÇΓöÇΓöÇΓöÇΓöÇΓöÇΓöÇΓöÇΓöÇΓöÇΓöÇΓöÇΓöÇΓöÇΓöÇΓöÇΓöÇΓöÇΓöÇΓöÇΓöÇΓöÇΓöÇΓöÇΓöÇΓöÇΓöÇΓöÇΓöÇΓöÇΓöÇΓöÇΓöÇΓöÇΓöÇΓöÇ
    test-results\regression-Auth-guard-ΓÇô-un-91c30-n-bank-ΓåÆ-redirects-to-login-Brave-retry1\test-failed-1.png
    ΓöÇΓöÇΓöÇΓöÇΓöÇΓöÇΓöÇΓöÇΓöÇΓöÇΓöÇΓöÇΓöÇΓöÇΓöÇΓöÇΓöÇΓöÇΓöÇΓöÇΓöÇΓöÇΓöÇΓöÇΓöÇΓöÇΓöÇΓöÇΓöÇΓöÇΓöÇΓöÇΓöÇΓöÇΓöÇΓöÇΓöÇΓöÇΓöÇΓöÇΓöÇΓöÇΓöÇΓöÇΓöÇΓöÇΓöÇΓöÇΓöÇΓöÇΓöÇΓöÇΓöÇΓöÇΓöÇΓöÇΓöÇΓöÇΓöÇΓöÇΓöÇΓöÇΓöÇΓöÇΓöÇΓöÇΓöÇΓöÇΓöÇΓöÇΓöÇΓöÇΓöÇΓöÇΓöÇΓöÇΓöÇΓöÇΓöÇΓöÇΓöÇΓöÇΓöÇΓöÇΓöÇΓöÇΓöÇΓöÇΓöÇΓöÇΓöÇΓöÇΓöÇΓöÇΓöÇΓöÇ

    Error Context: test-results\regression-Auth-guard-ΓÇô-un-91c30-n-bank-ΓåÆ-redirects-to-login-Brave-retry1\error-context.md

  82) [Brave] ΓÇ║ tests\e2e\regression.spec.ts:119:7 ΓÇ║ Theme toggle ΓÇ║ dark mode class toggled on html element 

    Error: page.goto: net::ERR_NAME_NOT_RESOLVED at https://thecareersetu.in/
    Call log:
      - navigating to "https://thecareersetu.in/", waiting until "load"


      118 | test.describe('Theme toggle', () => {
      119 |   test('dark mode class toggled on html element', async ({ page }) => {
    > 120 |     await page.goto('/')
          |                ^
      121 |     // Find toggle button (aria-label contains "dark" or "light")
      122 |     const toggle = page.getByRole('button', { name: /switch to dark|switch to light|toggle theme/i }).first()
      123 |     // If not found by aria-label, fall back to Sun/Moon icon button
        at C:\Users\amitc\CareerSetu\tests\e2e\regression.spec.ts:120:16

    attachment #1: screenshot (image/png) ΓöÇΓöÇΓöÇΓöÇΓöÇΓöÇΓöÇΓöÇΓöÇΓöÇΓöÇΓöÇΓöÇΓöÇΓöÇΓöÇΓöÇΓöÇΓöÇΓöÇΓöÇΓöÇΓöÇΓöÇΓöÇΓöÇΓöÇΓöÇΓöÇΓöÇΓöÇΓöÇΓöÇΓöÇΓöÇΓöÇΓöÇΓöÇΓöÇΓöÇΓöÇΓöÇΓöÇΓöÇΓöÇΓöÇΓöÇΓöÇΓöÇΓöÇΓöÇΓöÇΓöÇΓöÇΓöÇΓöÇΓöÇΓöÇ
    test-results\regression-Theme-toggle-da-2d58a-ass-toggled-on-html-element-Brave\test-failed-1.png
    ΓöÇΓöÇΓöÇΓöÇΓöÇΓöÇΓöÇΓöÇΓöÇΓöÇΓöÇΓöÇΓöÇΓöÇΓöÇΓöÇΓöÇΓöÇΓöÇΓöÇΓöÇΓöÇΓöÇΓöÇΓöÇΓöÇΓöÇΓöÇΓöÇΓöÇΓöÇΓöÇΓöÇΓöÇΓöÇΓöÇΓöÇΓöÇΓöÇΓöÇΓöÇΓöÇΓöÇΓöÇΓöÇΓöÇΓöÇΓöÇΓöÇΓöÇΓöÇΓöÇΓöÇΓöÇΓöÇΓöÇΓöÇΓöÇΓöÇΓöÇΓöÇΓöÇΓöÇΓöÇΓöÇΓöÇΓöÇΓöÇΓöÇΓöÇΓöÇΓöÇΓöÇΓöÇΓöÇΓöÇΓöÇΓöÇΓöÇΓöÇΓöÇΓöÇΓöÇΓöÇΓöÇΓöÇΓöÇΓöÇΓöÇΓöÇΓöÇΓöÇΓöÇΓöÇΓöÇΓöÇ

    Error Context: test-results\regression-Theme-toggle-da-2d58a-ass-toggled-on-html-element-Brave\error-context.md

    Retry #1 ΓöÇΓöÇΓöÇΓöÇΓöÇΓöÇΓöÇΓöÇΓöÇΓöÇΓöÇΓöÇΓöÇΓöÇΓöÇΓöÇΓöÇΓöÇΓöÇΓöÇΓöÇΓöÇΓöÇΓöÇΓöÇΓöÇΓöÇΓöÇΓöÇΓöÇΓöÇΓöÇΓöÇΓöÇΓöÇΓöÇΓöÇΓöÇΓöÇΓöÇΓöÇΓöÇΓöÇΓöÇΓöÇΓöÇΓöÇΓöÇΓöÇΓöÇΓöÇΓöÇΓöÇΓöÇΓöÇΓöÇΓöÇΓöÇΓöÇΓöÇΓöÇΓöÇΓöÇΓöÇΓöÇΓöÇΓöÇΓöÇΓöÇΓöÇΓöÇΓöÇΓöÇΓöÇΓöÇΓöÇΓöÇΓöÇΓöÇΓöÇΓöÇΓöÇΓöÇΓöÇΓöÇΓöÇΓöÇ

    Error: page.goto: net::ERR_NAME_NOT_RESOLVED at https://thecareersetu.in/
    Call log:
      - navigating to "https://thecareersetu.in/", waiting until "load"


      118 | test.describe('Theme toggle', () => {
      119 |   test('dark mode class toggled on html element', async ({ page }) => {
    > 120 |     await page.goto('/')
          |                ^
      121 |     // Find toggle button (aria-label contains "dark" or "light")
      122 |     const toggle = page.getByRole('button', { name: /switch to dark|switch to light|toggle theme/i }).first()
      123 |     // If not found by aria-label, fall back to Sun/Moon icon button
        at C:\Users\amitc\CareerSetu\tests\e2e\regression.spec.ts:120:16

    attachment #1: screenshot (image/png) ΓöÇΓöÇΓöÇΓöÇΓöÇΓöÇΓöÇΓöÇΓöÇΓöÇΓöÇΓöÇΓöÇΓöÇΓöÇΓöÇΓöÇΓöÇΓöÇΓöÇΓöÇΓöÇΓöÇΓöÇΓöÇΓöÇΓöÇΓöÇΓöÇΓöÇΓöÇΓöÇΓöÇΓöÇΓöÇΓöÇΓöÇΓöÇΓöÇΓöÇΓöÇΓöÇΓöÇΓöÇΓöÇΓöÇΓöÇΓöÇΓöÇΓöÇΓöÇΓöÇΓöÇΓöÇΓöÇΓöÇΓöÇΓöÇ
    test-results\regression-Theme-toggle-da-2d58a-ass-toggled-on-html-element-Brave-retry1\test-failed-1.png
    ΓöÇΓöÇΓöÇΓöÇΓöÇΓöÇΓöÇΓöÇΓöÇΓöÇΓöÇΓöÇΓöÇΓöÇΓöÇΓöÇΓöÇΓöÇΓöÇΓöÇΓöÇΓöÇΓöÇΓöÇΓöÇΓöÇΓöÇΓöÇΓöÇΓöÇΓöÇΓöÇΓöÇΓöÇΓöÇΓöÇΓöÇΓöÇΓöÇΓöÇΓöÇΓöÇΓöÇΓöÇΓöÇΓöÇΓöÇΓöÇΓöÇΓöÇΓöÇΓöÇΓöÇΓöÇΓöÇΓöÇΓöÇΓöÇΓöÇΓöÇΓöÇΓöÇΓöÇΓöÇΓöÇΓöÇΓöÇΓöÇΓöÇΓöÇΓöÇΓöÇΓöÇΓöÇΓöÇΓöÇΓöÇΓöÇΓöÇΓöÇΓöÇΓöÇΓöÇΓöÇΓöÇΓöÇΓöÇΓöÇΓöÇΓöÇΓöÇΓöÇΓöÇΓöÇΓöÇΓöÇ

    Error Context: test-results\regression-Theme-toggle-da-2d58a-ass-toggled-on-html-element-Brave-retry1\error-context.md

  83) [Brave] ΓÇ║ tests\e2e\regression.spec.ts:147:7 ΓÇ║ Navbar ΓÇ║ mobile menu opens and closes ΓöÇΓöÇΓöÇΓöÇΓöÇΓöÇΓöÇΓöÇΓöÇ

    Error: page.goto: net::ERR_NAME_NOT_RESOLVED at https://thecareersetu.in/
    Call log:
      - navigating to "https://thecareersetu.in/", waiting until "load"


      147 |   test('mobile menu opens and closes', async ({ page }) => {
      148 |     await page.setViewportSize({ width: 375, height: 812 })
    > 149 |     await page.goto('/')
          |                ^
      150 |     const menuBtn = page.getByRole('button', { name: /toggle menu|menu/i })
      151 |     await menuBtn.click()
      152 |     // Sheet/menu content should appear
        at C:\Users\amitc\CareerSetu\tests\e2e\regression.spec.ts:149:16

    attachment #1: screenshot (image/png) ΓöÇΓöÇΓöÇΓöÇΓöÇΓöÇΓöÇΓöÇΓöÇΓöÇΓöÇΓöÇΓöÇΓöÇΓöÇΓöÇΓöÇΓöÇΓöÇΓöÇΓöÇΓöÇΓöÇΓöÇΓöÇΓöÇΓöÇΓöÇΓöÇΓöÇΓöÇΓöÇΓöÇΓöÇΓöÇΓöÇΓöÇΓöÇΓöÇΓöÇΓöÇΓöÇΓöÇΓöÇΓöÇΓöÇΓöÇΓöÇΓöÇΓöÇΓöÇΓöÇΓöÇΓöÇΓöÇΓöÇΓöÇΓöÇ
    test-results\regression-Navbar-mobile-menu-opens-and-closes-Brave\test-failed-1.png
    ΓöÇΓöÇΓöÇΓöÇΓöÇΓöÇΓöÇΓöÇΓöÇΓöÇΓöÇΓöÇΓöÇΓöÇΓöÇΓöÇΓöÇΓöÇΓöÇΓöÇΓöÇΓöÇΓöÇΓöÇΓöÇΓöÇΓöÇΓöÇΓöÇΓöÇΓöÇΓöÇΓöÇΓöÇΓöÇΓöÇΓöÇΓöÇΓöÇΓöÇΓöÇΓöÇΓöÇΓöÇΓöÇΓöÇΓöÇΓöÇΓöÇΓöÇΓöÇΓöÇΓöÇΓöÇΓöÇΓöÇΓöÇΓöÇΓöÇΓöÇΓöÇΓöÇΓöÇΓöÇΓöÇΓöÇΓöÇΓöÇΓöÇΓöÇΓöÇΓöÇΓöÇΓöÇΓöÇΓöÇΓöÇΓöÇΓöÇΓöÇΓöÇΓöÇΓöÇΓöÇΓöÇΓöÇΓöÇΓöÇΓöÇΓöÇΓöÇΓöÇΓöÇΓöÇΓöÇΓöÇ

    Error Context: test-results\regression-Navbar-mobile-menu-opens-and-closes-Brave\error-context.md

    Retry #1 ΓöÇΓöÇΓöÇΓöÇΓöÇΓöÇΓöÇΓöÇΓöÇΓöÇΓöÇΓöÇΓöÇΓöÇΓöÇΓöÇΓöÇΓöÇΓöÇΓöÇΓöÇΓöÇΓöÇΓöÇΓöÇΓöÇΓöÇΓöÇΓöÇΓöÇΓöÇΓöÇΓöÇΓöÇΓöÇΓöÇΓöÇΓöÇΓöÇΓöÇΓöÇΓöÇΓöÇΓöÇΓöÇΓöÇΓöÇΓöÇΓöÇΓöÇΓöÇΓöÇΓöÇΓöÇΓöÇΓöÇΓöÇΓöÇΓöÇΓöÇΓöÇΓöÇΓöÇΓöÇΓöÇΓöÇΓöÇΓöÇΓöÇΓöÇΓöÇΓöÇΓöÇΓöÇΓöÇΓöÇΓöÇΓöÇΓöÇΓöÇΓöÇΓöÇΓöÇΓöÇΓöÇΓöÇΓöÇ

    Error: page.goto: net::ERR_NAME_NOT_RESOLVED at https://thecareersetu.in/
    Call log:
      - navigating to "https://thecareersetu.in/", waiting until "load"


      147 |   test('mobile menu opens and closes', async ({ page }) => {
      148 |     await page.setViewportSize({ width: 375, height: 812 })
    > 149 |     await page.goto('/')
          |                ^
      150 |     const menuBtn = page.getByRole('button', { name: /toggle menu|menu/i })
      151 |     await menuBtn.click()
      152 |     // Sheet/menu content should appear
        at C:\Users\amitc\CareerSetu\tests\e2e\regression.spec.ts:149:16

    attachment #1: screenshot (image/png) ΓöÇΓöÇΓöÇΓöÇΓöÇΓöÇΓöÇΓöÇΓöÇΓöÇΓöÇΓöÇΓöÇΓöÇΓöÇΓöÇΓöÇΓöÇΓöÇΓöÇΓöÇΓöÇΓöÇΓöÇΓöÇΓöÇΓöÇΓöÇΓöÇΓöÇΓöÇΓöÇΓöÇΓöÇΓöÇΓöÇΓöÇΓöÇΓöÇΓöÇΓöÇΓöÇΓöÇΓöÇΓöÇΓöÇΓöÇΓöÇΓöÇΓöÇΓöÇΓöÇΓöÇΓöÇΓöÇΓöÇΓöÇΓöÇ
    test-results\regression-Navbar-mobile-menu-opens-and-closes-Brave-retry1\test-failed-1.png
    ΓöÇΓöÇΓöÇΓöÇΓöÇΓöÇΓöÇΓöÇΓöÇΓöÇΓöÇΓöÇΓöÇΓöÇΓöÇΓöÇΓöÇΓöÇΓöÇΓöÇΓöÇΓöÇΓöÇΓöÇΓöÇΓöÇΓöÇΓöÇΓöÇΓöÇΓöÇΓöÇΓöÇΓöÇΓöÇΓöÇΓöÇΓöÇΓöÇΓöÇΓöÇΓöÇΓöÇΓöÇΓöÇΓöÇΓöÇΓöÇΓöÇΓöÇΓöÇΓöÇΓöÇΓöÇΓöÇΓöÇΓöÇΓöÇΓöÇΓöÇΓöÇΓöÇΓöÇΓöÇΓöÇΓöÇΓöÇΓöÇΓöÇΓöÇΓöÇΓöÇΓöÇΓöÇΓöÇΓöÇΓöÇΓöÇΓöÇΓöÇΓöÇΓöÇΓöÇΓöÇΓöÇΓöÇΓöÇΓöÇΓöÇΓöÇΓöÇΓöÇΓöÇΓöÇΓöÇΓöÇ

    Error Context: test-results\regression-Navbar-mobile-menu-opens-and-closes-Brave-retry1\error-context.md

  84) [Brave] ΓÇ║ tests\e2e\regression.spec.ts:156:7 ΓÇ║ Navbar ΓÇ║ footer renders on landing ΓöÇΓöÇΓöÇΓöÇΓöÇΓöÇΓöÇΓöÇΓöÇΓöÇΓöÇΓöÇ

    Error: page.goto: net::ERR_NAME_NOT_RESOLVED at https://thecareersetu.in/
    Call log:
      - navigating to "https://thecareersetu.in/", waiting until "load"


      155 |
      156 |   test('footer renders on landing', async ({ page }) => {
    > 157 |     await page.goto('/')
          |                ^
      158 |     const footer = page.locator('footer')
      159 |     await expect(footer).toBeVisible()
      160 |   })
        at C:\Users\amitc\CareerSetu\tests\e2e\regression.spec.ts:157:16

    attachment #1: screenshot (image/png) ΓöÇΓöÇΓöÇΓöÇΓöÇΓöÇΓöÇΓöÇΓöÇΓöÇΓöÇΓöÇΓöÇΓöÇΓöÇΓöÇΓöÇΓöÇΓöÇΓöÇΓöÇΓöÇΓöÇΓöÇΓöÇΓöÇΓöÇΓöÇΓöÇΓöÇΓöÇΓöÇΓöÇΓöÇΓöÇΓöÇΓöÇΓöÇΓöÇΓöÇΓöÇΓöÇΓöÇΓöÇΓöÇΓöÇΓöÇΓöÇΓöÇΓöÇΓöÇΓöÇΓöÇΓöÇΓöÇΓöÇΓöÇΓöÇ
    test-results\regression-Navbar-footer-renders-on-landing-Brave\test-failed-1.png
    ΓöÇΓöÇΓöÇΓöÇΓöÇΓöÇΓöÇΓöÇΓöÇΓöÇΓöÇΓöÇΓöÇΓöÇΓöÇΓöÇΓöÇΓöÇΓöÇΓöÇΓöÇΓöÇΓöÇΓöÇΓöÇΓöÇΓöÇΓöÇΓöÇΓöÇΓöÇΓöÇΓöÇΓöÇΓöÇΓöÇΓöÇΓöÇΓöÇΓöÇΓöÇΓöÇΓöÇΓöÇΓöÇΓöÇΓöÇΓöÇΓöÇΓöÇΓöÇΓöÇΓöÇΓöÇΓöÇΓöÇΓöÇΓöÇΓöÇΓöÇΓöÇΓöÇΓöÇΓöÇΓöÇΓöÇΓöÇΓöÇΓöÇΓöÇΓöÇΓöÇΓöÇΓöÇΓöÇΓöÇΓöÇΓöÇΓöÇΓöÇΓöÇΓöÇΓöÇΓöÇΓöÇΓöÇΓöÇΓöÇΓöÇΓöÇΓöÇΓöÇΓöÇΓöÇΓöÇΓöÇ

    Error Context: test-results\regression-Navbar-footer-renders-on-landing-Brave\error-context.md

    Retry #1 ΓöÇΓöÇΓöÇΓöÇΓöÇΓöÇΓöÇΓöÇΓöÇΓöÇΓöÇΓöÇΓöÇΓöÇΓöÇΓöÇΓöÇΓöÇΓöÇΓöÇΓöÇΓöÇΓöÇΓöÇΓöÇΓöÇΓöÇΓöÇΓöÇΓöÇΓöÇΓöÇΓöÇΓöÇΓöÇΓöÇΓöÇΓöÇΓöÇΓöÇΓöÇΓöÇΓöÇΓöÇΓöÇΓöÇΓöÇΓöÇΓöÇΓöÇΓöÇΓöÇΓöÇΓöÇΓöÇΓöÇΓöÇΓöÇΓöÇΓöÇΓöÇΓöÇΓöÇΓöÇΓöÇΓöÇΓöÇΓöÇΓöÇΓöÇΓöÇΓöÇΓöÇΓöÇΓöÇΓöÇΓöÇΓöÇΓöÇΓöÇΓöÇΓöÇΓöÇΓöÇΓöÇΓöÇΓöÇ

    Error: page.goto: net::ERR_NAME_NOT_RESOLVED at https://thecareersetu.in/
    Call log:
      - navigating to "https://thecareersetu.in/", waiting until "load"


      155 |
      156 |   test('footer renders on landing', async ({ page }) => {
    > 157 |     await page.goto('/')
          |                ^
      158 |     const footer = page.locator('footer')
      159 |     await expect(footer).toBeVisible()
      160 |   })
        at C:\Users\amitc\CareerSetu\tests\e2e\regression.spec.ts:157:16

    attachment #1: screenshot (image/png) ΓöÇΓöÇΓöÇΓöÇΓöÇΓöÇΓöÇΓöÇΓöÇΓöÇΓöÇΓöÇΓöÇΓöÇΓöÇΓöÇΓöÇΓöÇΓöÇΓöÇΓöÇΓöÇΓöÇΓöÇΓöÇΓöÇΓöÇΓöÇΓöÇΓöÇΓöÇΓöÇΓöÇΓöÇΓöÇΓöÇΓöÇΓöÇΓöÇΓöÇΓöÇΓöÇΓöÇΓöÇΓöÇΓöÇΓöÇΓöÇΓöÇΓöÇΓöÇΓöÇΓöÇΓöÇΓöÇΓöÇΓöÇΓöÇ
    test-results\regression-Navbar-footer-renders-on-landing-Brave-retry1\test-failed-1.png
    ΓöÇΓöÇΓöÇΓöÇΓöÇΓöÇΓöÇΓöÇΓöÇΓöÇΓöÇΓöÇΓöÇΓöÇΓöÇΓöÇΓöÇΓöÇΓöÇΓöÇΓöÇΓöÇΓöÇΓöÇΓöÇΓöÇΓöÇΓöÇΓöÇΓöÇΓöÇΓöÇΓöÇΓöÇΓöÇΓöÇΓöÇΓöÇΓöÇΓöÇΓöÇΓöÇΓöÇΓöÇΓöÇΓöÇΓöÇΓöÇΓöÇΓöÇΓöÇΓöÇΓöÇΓöÇΓöÇΓöÇΓöÇΓöÇΓöÇΓöÇΓöÇΓöÇΓöÇΓöÇΓöÇΓöÇΓöÇΓöÇΓöÇΓöÇΓöÇΓöÇΓöÇΓöÇΓöÇΓöÇΓöÇΓöÇΓöÇΓöÇΓöÇΓöÇΓöÇΓöÇΓöÇΓöÇΓöÇΓöÇΓöÇΓöÇΓöÇΓöÇΓöÇΓöÇΓöÇΓöÇ

    Error Context: test-results\regression-Navbar-footer-renders-on-landing-Brave-retry1\error-context.md

  85) [Brave] ΓÇ║ tests\e2e\regression.spec.ts:166:7 ΓÇ║ Try page (no-signup demo) ΓÇ║ loads without redirect 

    Error: page.goto: net::ERR_NAME_NOT_RESOLVED at https://thecareersetu.in/try
    Call log:
      - navigating to "https://thecareersetu.in/try", waiting until "load"


      165 | test.describe('Try page (no-signup demo)', () => {
      166 |   test('loads without redirect', async ({ page }) => {
    > 167 |     await page.goto('/try')
          |                ^
      168 |     // Should NOT redirect to login
      169 |     await expect(page).not.toHaveURL(/\/login/)
      170 |     await expect(page.locator('body')).toBeVisible()
        at C:\Users\amitc\CareerSetu\tests\e2e\regression.spec.ts:167:16

    attachment #1: screenshot (image/png) ΓöÇΓöÇΓöÇΓöÇΓöÇΓöÇΓöÇΓöÇΓöÇΓöÇΓöÇΓöÇΓöÇΓöÇΓöÇΓöÇΓöÇΓöÇΓöÇΓöÇΓöÇΓöÇΓöÇΓöÇΓöÇΓöÇΓöÇΓöÇΓöÇΓöÇΓöÇΓöÇΓöÇΓöÇΓöÇΓöÇΓöÇΓöÇΓöÇΓöÇΓöÇΓöÇΓöÇΓöÇΓöÇΓöÇΓöÇΓöÇΓöÇΓöÇΓöÇΓöÇΓöÇΓöÇΓöÇΓöÇΓöÇΓöÇ
    test-results\regression-Try-page-no-signup-demo-loads-without-redirect-Brave\test-failed-1.png
    ΓöÇΓöÇΓöÇΓöÇΓöÇΓöÇΓöÇΓöÇΓöÇΓöÇΓöÇΓöÇΓöÇΓöÇΓöÇΓöÇΓöÇΓöÇΓöÇΓöÇΓöÇΓöÇΓöÇΓöÇΓöÇΓöÇΓöÇΓöÇΓöÇΓöÇΓöÇΓöÇΓöÇΓöÇΓöÇΓöÇΓöÇΓöÇΓöÇΓöÇΓöÇΓöÇΓöÇΓöÇΓöÇΓöÇΓöÇΓöÇΓöÇΓöÇΓöÇΓöÇΓöÇΓöÇΓöÇΓöÇΓöÇΓöÇΓöÇΓöÇΓöÇΓöÇΓöÇΓöÇΓöÇΓöÇΓöÇΓöÇΓöÇΓöÇΓöÇΓöÇΓöÇΓöÇΓöÇΓöÇΓöÇΓöÇΓöÇΓöÇΓöÇΓöÇΓöÇΓöÇΓöÇΓöÇΓöÇΓöÇΓöÇΓöÇΓöÇΓöÇΓöÇΓöÇΓöÇΓöÇ

    Error Context: test-results\regression-Try-page-no-signup-demo-loads-without-redirect-Brave\error-context.md

    Retry #1 ΓöÇΓöÇΓöÇΓöÇΓöÇΓöÇΓöÇΓöÇΓöÇΓöÇΓöÇΓöÇΓöÇΓöÇΓöÇΓöÇΓöÇΓöÇΓöÇΓöÇΓöÇΓöÇΓöÇΓöÇΓöÇΓöÇΓöÇΓöÇΓöÇΓöÇΓöÇΓöÇΓöÇΓöÇΓöÇΓöÇΓöÇΓöÇΓöÇΓöÇΓöÇΓöÇΓöÇΓöÇΓöÇΓöÇΓöÇΓöÇΓöÇΓöÇΓöÇΓöÇΓöÇΓöÇΓöÇΓöÇΓöÇΓöÇΓöÇΓöÇΓöÇΓöÇΓöÇΓöÇΓöÇΓöÇΓöÇΓöÇΓöÇΓöÇΓöÇΓöÇΓöÇΓöÇΓöÇΓöÇΓöÇΓöÇΓöÇΓöÇΓöÇΓöÇΓöÇΓöÇΓöÇΓöÇΓöÇ

    Error: page.goto: net::ERR_NAME_NOT_RESOLVED at https://thecareersetu.in/try
    Call log:
      - navigating to "https://thecareersetu.in/try", waiting until "load"


      165 | test.describe('Try page (no-signup demo)', () => {
      166 |   test('loads without redirect', async ({ page }) => {
    > 167 |     await page.goto('/try')
          |                ^
      168 |     // Should NOT redirect to login
      169 |     await expect(page).not.toHaveURL(/\/login/)
      170 |     await expect(page.locator('body')).toBeVisible()
        at C:\Users\amitc\CareerSetu\tests\e2e\regression.spec.ts:167:16

    attachment #1: screenshot (image/png) ΓöÇΓöÇΓöÇΓöÇΓöÇΓöÇΓöÇΓöÇΓöÇΓöÇΓöÇΓöÇΓöÇΓöÇΓöÇΓöÇΓöÇΓöÇΓöÇΓöÇΓöÇΓöÇΓöÇΓöÇΓöÇΓöÇΓöÇΓöÇΓöÇΓöÇΓöÇΓöÇΓöÇΓöÇΓöÇΓöÇΓöÇΓöÇΓöÇΓöÇΓöÇΓöÇΓöÇΓöÇΓöÇΓöÇΓöÇΓöÇΓöÇΓöÇΓöÇΓöÇΓöÇΓöÇΓöÇΓöÇΓöÇΓöÇ
    test-results\regression-Try-page-no-signup-demo-loads-without-redirect-Brave-retry1\test-failed-1.png
    ΓöÇΓöÇΓöÇΓöÇΓöÇΓöÇΓöÇΓöÇΓöÇΓöÇΓöÇΓöÇΓöÇΓöÇΓöÇΓöÇΓöÇΓöÇΓöÇΓöÇΓöÇΓöÇΓöÇΓöÇΓöÇΓöÇΓöÇΓöÇΓöÇΓöÇΓöÇΓöÇΓöÇΓöÇΓöÇΓöÇΓöÇΓöÇΓöÇΓöÇΓöÇΓöÇΓöÇΓöÇΓöÇΓöÇΓöÇΓöÇΓöÇΓöÇΓöÇΓöÇΓöÇΓöÇΓöÇΓöÇΓöÇΓöÇΓöÇΓöÇΓöÇΓöÇΓöÇΓöÇΓöÇΓöÇΓöÇΓöÇΓöÇΓöÇΓöÇΓöÇΓöÇΓöÇΓöÇΓöÇΓöÇΓöÇΓöÇΓöÇΓöÇΓöÇΓöÇΓöÇΓöÇΓöÇΓöÇΓöÇΓöÇΓöÇΓöÇΓöÇΓöÇΓöÇΓöÇΓöÇ

    Error Context: test-results\regression-Try-page-no-signup-demo-loads-without-redirect-Brave-retry1\error-context.md

  86) [Brave] ΓÇ║ tests\e2e\regression.spec.ts:179:9 ΓÇ║ Responsive ΓÇô 375px ΓÇ║ / no horizontal overflow at 375px 

    Error: page.goto: net::ERR_NAME_NOT_RESOLVED at https://thecareersetu.in/
    Call log:
      - navigating to "https://thecareersetu.in/", waiting until "load"


      179 |     test(`${p} no horizontal overflow at 375px`, async ({ page }) => {
      180 |       await page.setViewportSize({ width: 375, height: 812 })
    > 181 |       await page.goto(p)
          |                  ^
      182 |       const bodyWidth = await page.evaluate(() => document.body.scrollWidth)
      183 |       expect(bodyWidth).toBeLessThanOrEqual(390) // allow a tiny margin
      184 |     })
        at C:\Users\amitc\CareerSetu\tests\e2e\regression.spec.ts:181:18

    attachment #1: screenshot (image/png) ΓöÇΓöÇΓöÇΓöÇΓöÇΓöÇΓöÇΓöÇΓöÇΓöÇΓöÇΓöÇΓöÇΓöÇΓöÇΓöÇΓöÇΓöÇΓöÇΓöÇΓöÇΓöÇΓöÇΓöÇΓöÇΓöÇΓöÇΓöÇΓöÇΓöÇΓöÇΓöÇΓöÇΓöÇΓöÇΓöÇΓöÇΓöÇΓöÇΓöÇΓöÇΓöÇΓöÇΓöÇΓöÇΓöÇΓöÇΓöÇΓöÇΓöÇΓöÇΓöÇΓöÇΓöÇΓöÇΓöÇΓöÇΓöÇ
    test-results\regression-Responsive-ΓÇô-37-95fae-orizontal-overflow-at-375px-Brave\test-failed-1.png
    ΓöÇΓöÇΓöÇΓöÇΓöÇΓöÇΓöÇΓöÇΓöÇΓöÇΓöÇΓöÇΓöÇΓöÇΓöÇΓöÇΓöÇΓöÇΓöÇΓöÇΓöÇΓöÇΓöÇΓöÇΓöÇΓöÇΓöÇΓöÇΓöÇΓöÇΓöÇΓöÇΓöÇΓöÇΓöÇΓöÇΓöÇΓöÇΓöÇΓöÇΓöÇΓöÇΓöÇΓöÇΓöÇΓöÇΓöÇΓöÇΓöÇΓöÇΓöÇΓöÇΓöÇΓöÇΓöÇΓöÇΓöÇΓöÇΓöÇΓöÇΓöÇΓöÇΓöÇΓöÇΓöÇΓöÇΓöÇΓöÇΓöÇΓöÇΓöÇΓöÇΓöÇΓöÇΓöÇΓöÇΓöÇΓöÇΓöÇΓöÇΓöÇΓöÇΓöÇΓöÇΓöÇΓöÇΓöÇΓöÇΓöÇΓöÇΓöÇΓöÇΓöÇΓöÇΓöÇΓöÇ

    Error Context: test-results\regression-Responsive-ΓÇô-37-95fae-orizontal-overflow-at-375px-Brave\error-context.md

    Retry #1 ΓöÇΓöÇΓöÇΓöÇΓöÇΓöÇΓöÇΓöÇΓöÇΓöÇΓöÇΓöÇΓöÇΓöÇΓöÇΓöÇΓöÇΓöÇΓöÇΓöÇΓöÇΓöÇΓöÇΓöÇΓöÇΓöÇΓöÇΓöÇΓöÇΓöÇΓöÇΓöÇΓöÇΓöÇΓöÇΓöÇΓöÇΓöÇΓöÇΓöÇΓöÇΓöÇΓöÇΓöÇΓöÇΓöÇΓöÇΓöÇΓöÇΓöÇΓöÇΓöÇΓöÇΓöÇΓöÇΓöÇΓöÇΓöÇΓöÇΓöÇΓöÇΓöÇΓöÇΓöÇΓöÇΓöÇΓöÇΓöÇΓöÇΓöÇΓöÇΓöÇΓöÇΓöÇΓöÇΓöÇΓöÇΓöÇΓöÇΓöÇΓöÇΓöÇΓöÇΓöÇΓöÇΓöÇΓöÇ

    Error: page.goto: net::ERR_NAME_NOT_RESOLVED at https://thecareersetu.in/
    Call log:
      - navigating to "https://thecareersetu.in/", waiting until "load"


      179 |     test(`${p} no horizontal overflow at 375px`, async ({ page }) => {
      180 |       await page.setViewportSize({ width: 375, height: 812 })
    > 181 |       await page.goto(p)
          |                  ^
      182 |       const bodyWidth = await page.evaluate(() => document.body.scrollWidth)
      183 |       expect(bodyWidth).toBeLessThanOrEqual(390) // allow a tiny margin
      184 |     })
        at C:\Users\amitc\CareerSetu\tests\e2e\regression.spec.ts:181:18

    attachment #1: screenshot (image/png) ΓöÇΓöÇΓöÇΓöÇΓöÇΓöÇΓöÇΓöÇΓöÇΓöÇΓöÇΓöÇΓöÇΓöÇΓöÇΓöÇΓöÇΓöÇΓöÇΓöÇΓöÇΓöÇΓöÇΓöÇΓöÇΓöÇΓöÇΓöÇΓöÇΓöÇΓöÇΓöÇΓöÇΓöÇΓöÇΓöÇΓöÇΓöÇΓöÇΓöÇΓöÇΓöÇΓöÇΓöÇΓöÇΓöÇΓöÇΓöÇΓöÇΓöÇΓöÇΓöÇΓöÇΓöÇΓöÇΓöÇΓöÇΓöÇ
    test-results\regression-Responsive-ΓÇô-37-95fae-orizontal-overflow-at-375px-Brave-retry1\test-failed-1.png
    ΓöÇΓöÇΓöÇΓöÇΓöÇΓöÇΓöÇΓöÇΓöÇΓöÇΓöÇΓöÇΓöÇΓöÇΓöÇΓöÇΓöÇΓöÇΓöÇΓöÇΓöÇΓöÇΓöÇΓöÇΓöÇΓöÇΓöÇΓöÇΓöÇΓöÇΓöÇΓöÇΓöÇΓöÇΓöÇΓöÇΓöÇΓöÇΓöÇΓöÇΓöÇΓöÇΓöÇΓöÇΓöÇΓöÇΓöÇΓöÇΓöÇΓöÇΓöÇΓöÇΓöÇΓöÇΓöÇΓöÇΓöÇΓöÇΓöÇΓöÇΓöÇΓöÇΓöÇΓöÇΓöÇΓöÇΓöÇΓöÇΓöÇΓöÇΓöÇΓöÇΓöÇΓöÇΓöÇΓöÇΓöÇΓöÇΓöÇΓöÇΓöÇΓöÇΓöÇΓöÇΓöÇΓöÇΓöÇΓöÇΓöÇΓöÇΓöÇΓöÇΓöÇΓöÇΓöÇΓöÇ

    Error Context: test-results\regression-Responsive-ΓÇô-37-95fae-orizontal-overflow-at-375px-Brave-retry1\error-context.md

  87) [Brave] ΓÇ║ tests\e2e\regression.spec.ts:179:9 ΓÇ║ Responsive ΓÇô 375px ΓÇ║ /pricing no horizontal overflow at 375px 

    Error: page.goto: net::ERR_NAME_NOT_RESOLVED at https://thecareersetu.in/pricing
    Call log:
      - navigating to "https://thecareersetu.in/pricing", waiting until "load"


      179 |     test(`${p} no horizontal overflow at 375px`, async ({ page }) => {
      180 |       await page.setViewportSize({ width: 375, height: 812 })
    > 181 |       await page.goto(p)
          |                  ^
      182 |       const bodyWidth = await page.evaluate(() => document.body.scrollWidth)
      183 |       expect(bodyWidth).toBeLessThanOrEqual(390) // allow a tiny margin
      184 |     })
        at C:\Users\amitc\CareerSetu\tests\e2e\regression.spec.ts:181:18

    attachment #1: screenshot (image/png) ΓöÇΓöÇΓöÇΓöÇΓöÇΓöÇΓöÇΓöÇΓöÇΓöÇΓöÇΓöÇΓöÇΓöÇΓöÇΓöÇΓöÇΓöÇΓöÇΓöÇΓöÇΓöÇΓöÇΓöÇΓöÇΓöÇΓöÇΓöÇΓöÇΓöÇΓöÇΓöÇΓöÇΓöÇΓöÇΓöÇΓöÇΓöÇΓöÇΓöÇΓöÇΓöÇΓöÇΓöÇΓöÇΓöÇΓöÇΓöÇΓöÇΓöÇΓöÇΓöÇΓöÇΓöÇΓöÇΓöÇΓöÇΓöÇ
    test-results\regression-Responsive-ΓÇô-37-42b8c-orizontal-overflow-at-375px-Brave\test-failed-1.png
    ΓöÇΓöÇΓöÇΓöÇΓöÇΓöÇΓöÇΓöÇΓöÇΓöÇΓöÇΓöÇΓöÇΓöÇΓöÇΓöÇΓöÇΓöÇΓöÇΓöÇΓöÇΓöÇΓöÇΓöÇΓöÇΓöÇΓöÇΓöÇΓöÇΓöÇΓöÇΓöÇΓöÇΓöÇΓöÇΓöÇΓöÇΓöÇΓöÇΓöÇΓöÇΓöÇΓöÇΓöÇΓöÇΓöÇΓöÇΓöÇΓöÇΓöÇΓöÇΓöÇΓöÇΓöÇΓöÇΓöÇΓöÇΓöÇΓöÇΓöÇΓöÇΓöÇΓöÇΓöÇΓöÇΓöÇΓöÇΓöÇΓöÇΓöÇΓöÇΓöÇΓöÇΓöÇΓöÇΓöÇΓöÇΓöÇΓöÇΓöÇΓöÇΓöÇΓöÇΓöÇΓöÇΓöÇΓöÇΓöÇΓöÇΓöÇΓöÇΓöÇΓöÇΓöÇΓöÇΓöÇ

    Error Context: test-results\regression-Responsive-ΓÇô-37-42b8c-orizontal-overflow-at-375px-Brave\error-context.md

    Retry #1 ΓöÇΓöÇΓöÇΓöÇΓöÇΓöÇΓöÇΓöÇΓöÇΓöÇΓöÇΓöÇΓöÇΓöÇΓöÇΓöÇΓöÇΓöÇΓöÇΓöÇΓöÇΓöÇΓöÇΓöÇΓöÇΓöÇΓöÇΓöÇΓöÇΓöÇΓöÇΓöÇΓöÇΓöÇΓöÇΓöÇΓöÇΓöÇΓöÇΓöÇΓöÇΓöÇΓöÇΓöÇΓöÇΓöÇΓöÇΓöÇΓöÇΓöÇΓöÇΓöÇΓöÇΓöÇΓöÇΓöÇΓöÇΓöÇΓöÇΓöÇΓöÇΓöÇΓöÇΓöÇΓöÇΓöÇΓöÇΓöÇΓöÇΓöÇΓöÇΓöÇΓöÇΓöÇΓöÇΓöÇΓöÇΓöÇΓöÇΓöÇΓöÇΓöÇΓöÇΓöÇΓöÇΓöÇΓöÇ

    Error: page.goto: net::ERR_NAME_NOT_RESOLVED at https://thecareersetu.in/pricing
    Call log:
      - navigating to "https://thecareersetu.in/pricing", waiting until "load"


      179 |     test(`${p} no horizontal overflow at 375px`, async ({ page }) => {
      180 |       await page.setViewportSize({ width: 375, height: 812 })
    > 181 |       await page.goto(p)
          |                  ^
      182 |       const bodyWidth = await page.evaluate(() => document.body.scrollWidth)
      183 |       expect(bodyWidth).toBeLessThanOrEqual(390) // allow a tiny margin
      184 |     })
        at C:\Users\amitc\CareerSetu\tests\e2e\regression.spec.ts:181:18

    attachment #1: screenshot (image/png) ΓöÇΓöÇΓöÇΓöÇΓöÇΓöÇΓöÇΓöÇΓöÇΓöÇΓöÇΓöÇΓöÇΓöÇΓöÇΓöÇΓöÇΓöÇΓöÇΓöÇΓöÇΓöÇΓöÇΓöÇΓöÇΓöÇΓöÇΓöÇΓöÇΓöÇΓöÇΓöÇΓöÇΓöÇΓöÇΓöÇΓöÇΓöÇΓöÇΓöÇΓöÇΓöÇΓöÇΓöÇΓöÇΓöÇΓöÇΓöÇΓöÇΓöÇΓöÇΓöÇΓöÇΓöÇΓöÇΓöÇΓöÇΓöÇ
    test-results\regression-Responsive-ΓÇô-37-42b8c-orizontal-overflow-at-375px-Brave-retry1\test-failed-1.png
    ΓöÇΓöÇΓöÇΓöÇΓöÇΓöÇΓöÇΓöÇΓöÇΓöÇΓöÇΓöÇΓöÇΓöÇΓöÇΓöÇΓöÇΓöÇΓöÇΓöÇΓöÇΓöÇΓöÇΓöÇΓöÇΓöÇΓöÇΓöÇΓöÇΓöÇΓöÇΓöÇΓöÇΓöÇΓöÇΓöÇΓöÇΓöÇΓöÇΓöÇΓöÇΓöÇΓöÇΓöÇΓöÇΓöÇΓöÇΓöÇΓöÇΓöÇΓöÇΓöÇΓöÇΓöÇΓöÇΓöÇΓöÇΓöÇΓöÇΓöÇΓöÇΓöÇΓöÇΓöÇΓöÇΓöÇΓöÇΓöÇΓöÇΓöÇΓöÇΓöÇΓöÇΓöÇΓöÇΓöÇΓöÇΓöÇΓöÇΓöÇΓöÇΓöÇΓöÇΓöÇΓöÇΓöÇΓöÇΓöÇΓöÇΓöÇΓöÇΓöÇΓöÇΓöÇΓöÇΓöÇ

    Error Context: test-results\regression-Responsive-ΓÇô-37-42b8c-orizontal-overflow-at-375px-Brave-retry1\error-context.md

  88) [Brave] ΓÇ║ tests\e2e\regression.spec.ts:179:9 ΓÇ║ Responsive ΓÇô 375px ΓÇ║ /about no horizontal overflow at 375px 

    Error: page.goto: net::ERR_NAME_NOT_RESOLVED at https://thecareersetu.in/about
    Call log:
      - navigating to "https://thecareersetu.in/about", waiting until "load"


      179 |     test(`${p} no horizontal overflow at 375px`, async ({ page }) => {
      180 |       await page.setViewportSize({ width: 375, height: 812 })
    > 181 |       await page.goto(p)
          |                  ^
      182 |       const bodyWidth = await page.evaluate(() => document.body.scrollWidth)
      183 |       expect(bodyWidth).toBeLessThanOrEqual(390) // allow a tiny margin
      184 |     })
        at C:\Users\amitc\CareerSetu\tests\e2e\regression.spec.ts:181:18

    attachment #1: screenshot (image/png) ΓöÇΓöÇΓöÇΓöÇΓöÇΓöÇΓöÇΓöÇΓöÇΓöÇΓöÇΓöÇΓöÇΓöÇΓöÇΓöÇΓöÇΓöÇΓöÇΓöÇΓöÇΓöÇΓöÇΓöÇΓöÇΓöÇΓöÇΓöÇΓöÇΓöÇΓöÇΓöÇΓöÇΓöÇΓöÇΓöÇΓöÇΓöÇΓöÇΓöÇΓöÇΓöÇΓöÇΓöÇΓöÇΓöÇΓöÇΓöÇΓöÇΓöÇΓöÇΓöÇΓöÇΓöÇΓöÇΓöÇΓöÇΓöÇ
    test-results\regression-Responsive-ΓÇô-37-f7b56-orizontal-overflow-at-375px-Brave\test-failed-1.png
    ΓöÇΓöÇΓöÇΓöÇΓöÇΓöÇΓöÇΓöÇΓöÇΓöÇΓöÇΓöÇΓöÇΓöÇΓöÇΓöÇΓöÇΓöÇΓöÇΓöÇΓöÇΓöÇΓöÇΓöÇΓöÇΓöÇΓöÇΓöÇΓöÇΓöÇΓöÇΓöÇΓöÇΓöÇΓöÇΓöÇΓöÇΓöÇΓöÇΓöÇΓöÇΓöÇΓöÇΓöÇΓöÇΓöÇΓöÇΓöÇΓöÇΓöÇΓöÇΓöÇΓöÇΓöÇΓöÇΓöÇΓöÇΓöÇΓöÇΓöÇΓöÇΓöÇΓöÇΓöÇΓöÇΓöÇΓöÇΓöÇΓöÇΓöÇΓöÇΓöÇΓöÇΓöÇΓöÇΓöÇΓöÇΓöÇΓöÇΓöÇΓöÇΓöÇΓöÇΓöÇΓöÇΓöÇΓöÇΓöÇΓöÇΓöÇΓöÇΓöÇΓöÇΓöÇΓöÇΓöÇ

    Error Context: test-results\regression-Responsive-ΓÇô-37-f7b56-orizontal-overflow-at-375px-Brave\error-context.md

    Retry #1 ΓöÇΓöÇΓöÇΓöÇΓöÇΓöÇΓöÇΓöÇΓöÇΓöÇΓöÇΓöÇΓöÇΓöÇΓöÇΓöÇΓöÇΓöÇΓöÇΓöÇΓöÇΓöÇΓöÇΓöÇΓöÇΓöÇΓöÇΓöÇΓöÇΓöÇΓöÇΓöÇΓöÇΓöÇΓöÇΓöÇΓöÇΓöÇΓöÇΓöÇΓöÇΓöÇΓöÇΓöÇΓöÇΓöÇΓöÇΓöÇΓöÇΓöÇΓöÇΓöÇΓöÇΓöÇΓöÇΓöÇΓöÇΓöÇΓöÇΓöÇΓöÇΓöÇΓöÇΓöÇΓöÇΓöÇΓöÇΓöÇΓöÇΓöÇΓöÇΓöÇΓöÇΓöÇΓöÇΓöÇΓöÇΓöÇΓöÇΓöÇΓöÇΓöÇΓöÇΓöÇΓöÇΓöÇΓöÇ

    Error: page.goto: net::ERR_NAME_NOT_RESOLVED at https://thecareersetu.in/about
    Call log:
      - navigating to "https://thecareersetu.in/about", waiting until "load"


      179 |     test(`${p} no horizontal overflow at 375px`, async ({ page }) => {
      180 |       await page.setViewportSize({ width: 375, height: 812 })
    > 181 |       await page.goto(p)
          |                  ^
      182 |       const bodyWidth = await page.evaluate(() => document.body.scrollWidth)
      183 |       expect(bodyWidth).toBeLessThanOrEqual(390) // allow a tiny margin
      184 |     })
        at C:\Users\amitc\CareerSetu\tests\e2e\regression.spec.ts:181:18

    attachment #1: screenshot (image/png) ΓöÇΓöÇΓöÇΓöÇΓöÇΓöÇΓöÇΓöÇΓöÇΓöÇΓöÇΓöÇΓöÇΓöÇΓöÇΓöÇΓöÇΓöÇΓöÇΓöÇΓöÇΓöÇΓöÇΓöÇΓöÇΓöÇΓöÇΓöÇΓöÇΓöÇΓöÇΓöÇΓöÇΓöÇΓöÇΓöÇΓöÇΓöÇΓöÇΓöÇΓöÇΓöÇΓöÇΓöÇΓöÇΓöÇΓöÇΓöÇΓöÇΓöÇΓöÇΓöÇΓöÇΓöÇΓöÇΓöÇΓöÇΓöÇ
    test-results\regression-Responsive-ΓÇô-37-f7b56-orizontal-overflow-at-375px-Brave-retry1\test-failed-1.png
    ΓöÇΓöÇΓöÇΓöÇΓöÇΓöÇΓöÇΓöÇΓöÇΓöÇΓöÇΓöÇΓöÇΓöÇΓöÇΓöÇΓöÇΓöÇΓöÇΓöÇΓöÇΓöÇΓöÇΓöÇΓöÇΓöÇΓöÇΓöÇΓöÇΓöÇΓöÇΓöÇΓöÇΓöÇΓöÇΓöÇΓöÇΓöÇΓöÇΓöÇΓöÇΓöÇΓöÇΓöÇΓöÇΓöÇΓöÇΓöÇΓöÇΓöÇΓöÇΓöÇΓöÇΓöÇΓöÇΓöÇΓöÇΓöÇΓöÇΓöÇΓöÇΓöÇΓöÇΓöÇΓöÇΓöÇΓöÇΓöÇΓöÇΓöÇΓöÇΓöÇΓöÇΓöÇΓöÇΓöÇΓöÇΓöÇΓöÇΓöÇΓöÇΓöÇΓöÇΓöÇΓöÇΓöÇΓöÇΓöÇΓöÇΓöÇΓöÇΓöÇΓöÇΓöÇΓöÇΓöÇ

    Error Context: test-results\regression-Responsive-ΓÇô-37-f7b56-orizontal-overflow-at-375px-Brave-retry1\error-context.md

  89) [Brave] ΓÇ║ tests\e2e\regression.spec.ts:179:9 ΓÇ║ Responsive ΓÇô 375px ΓÇ║ /login no horizontal overflow at 375px 

    Error: page.goto: net::ERR_NAME_NOT_RESOLVED at https://thecareersetu.in/login
    Call log:
      - navigating to "https://thecareersetu.in/login", waiting until "load"


      179 |     test(`${p} no horizontal overflow at 375px`, async ({ page }) => {
      180 |       await page.setViewportSize({ width: 375, height: 812 })
    > 181 |       await page.goto(p)
          |                  ^
      182 |       const bodyWidth = await page.evaluate(() => document.body.scrollWidth)
      183 |       expect(bodyWidth).toBeLessThanOrEqual(390) // allow a tiny margin
      184 |     })
        at C:\Users\amitc\CareerSetu\tests\e2e\regression.spec.ts:181:18

    attachment #1: screenshot (image/png) ΓöÇΓöÇΓöÇΓöÇΓöÇΓöÇΓöÇΓöÇΓöÇΓöÇΓöÇΓöÇΓöÇΓöÇΓöÇΓöÇΓöÇΓöÇΓöÇΓöÇΓöÇΓöÇΓöÇΓöÇΓöÇΓöÇΓöÇΓöÇΓöÇΓöÇΓöÇΓöÇΓöÇΓöÇΓöÇΓöÇΓöÇΓöÇΓöÇΓöÇΓöÇΓöÇΓöÇΓöÇΓöÇΓöÇΓöÇΓöÇΓöÇΓöÇΓöÇΓöÇΓöÇΓöÇΓöÇΓöÇΓöÇΓöÇ
    test-results\regression-Responsive-ΓÇô-37-5a1f9-orizontal-overflow-at-375px-Brave\test-failed-1.png
    ΓöÇΓöÇΓöÇΓöÇΓöÇΓöÇΓöÇΓöÇΓöÇΓöÇΓöÇΓöÇΓöÇΓöÇΓöÇΓöÇΓöÇΓöÇΓöÇΓöÇΓöÇΓöÇΓöÇΓöÇΓöÇΓöÇΓöÇΓöÇΓöÇΓöÇΓöÇΓöÇΓöÇΓöÇΓöÇΓöÇΓöÇΓöÇΓöÇΓöÇΓöÇΓöÇΓöÇΓöÇΓöÇΓöÇΓöÇΓöÇΓöÇΓöÇΓöÇΓöÇΓöÇΓöÇΓöÇΓöÇΓöÇΓöÇΓöÇΓöÇΓöÇΓöÇΓöÇΓöÇΓöÇΓöÇΓöÇΓöÇΓöÇΓöÇΓöÇΓöÇΓöÇΓöÇΓöÇΓöÇΓöÇΓöÇΓöÇΓöÇΓöÇΓöÇΓöÇΓöÇΓöÇΓöÇΓöÇΓöÇΓöÇΓöÇΓöÇΓöÇΓöÇΓöÇΓöÇΓöÇ

    Error Context: test-results\regression-Responsive-ΓÇô-37-5a1f9-orizontal-overflow-at-375px-Brave\error-context.md

    Retry #1 ΓöÇΓöÇΓöÇΓöÇΓöÇΓöÇΓöÇΓöÇΓöÇΓöÇΓöÇΓöÇΓöÇΓöÇΓöÇΓöÇΓöÇΓöÇΓöÇΓöÇΓöÇΓöÇΓöÇΓöÇΓöÇΓöÇΓöÇΓöÇΓöÇΓöÇΓöÇΓöÇΓöÇΓöÇΓöÇΓöÇΓöÇΓöÇΓöÇΓöÇΓöÇΓöÇΓöÇΓöÇΓöÇΓöÇΓöÇΓöÇΓöÇΓöÇΓöÇΓöÇΓöÇΓöÇΓöÇΓöÇΓöÇΓöÇΓöÇΓöÇΓöÇΓöÇΓöÇΓöÇΓöÇΓöÇΓöÇΓöÇΓöÇΓöÇΓöÇΓöÇΓöÇΓöÇΓöÇΓöÇΓöÇΓöÇΓöÇΓöÇΓöÇΓöÇΓöÇΓöÇΓöÇΓöÇΓöÇ

    Error: page.goto: net::ERR_NAME_NOT_RESOLVED at https://thecareersetu.in/login
    Call log:
      - navigating to "https://thecareersetu.in/login", waiting until "load"


      179 |     test(`${p} no horizontal overflow at 375px`, async ({ page }) => {
      180 |       await page.setViewportSize({ width: 375, height: 812 })
    > 181 |       await page.goto(p)
          |                  ^
      182 |       const bodyWidth = await page.evaluate(() => document.body.scrollWidth)
      183 |       expect(bodyWidth).toBeLessThanOrEqual(390) // allow a tiny margin
      184 |     })
        at C:\Users\amitc\CareerSetu\tests\e2e\regression.spec.ts:181:18

    attachment #1: screenshot (image/png) ΓöÇΓöÇΓöÇΓöÇΓöÇΓöÇΓöÇΓöÇΓöÇΓöÇΓöÇΓöÇΓöÇΓöÇΓöÇΓöÇΓöÇΓöÇΓöÇΓöÇΓöÇΓöÇΓöÇΓöÇΓöÇΓöÇΓöÇΓöÇΓöÇΓöÇΓöÇΓöÇΓöÇΓöÇΓöÇΓöÇΓöÇΓöÇΓöÇΓöÇΓöÇΓöÇΓöÇΓöÇΓöÇΓöÇΓöÇΓöÇΓöÇΓöÇΓöÇΓöÇΓöÇΓöÇΓöÇΓöÇΓöÇΓöÇ
    test-results\regression-Responsive-ΓÇô-37-5a1f9-orizontal-overflow-at-375px-Brave-retry1\test-failed-1.png
    ΓöÇΓöÇΓöÇΓöÇΓöÇΓöÇΓöÇΓöÇΓöÇΓöÇΓöÇΓöÇΓöÇΓöÇΓöÇΓöÇΓöÇΓöÇΓöÇΓöÇΓöÇΓöÇΓöÇΓöÇΓöÇΓöÇΓöÇΓöÇΓöÇΓöÇΓöÇΓöÇΓöÇΓöÇΓöÇΓöÇΓöÇΓöÇΓöÇΓöÇΓöÇΓöÇΓöÇΓöÇΓöÇΓöÇΓöÇΓöÇΓöÇΓöÇΓöÇΓöÇΓöÇΓöÇΓöÇΓöÇΓöÇΓöÇΓöÇΓöÇΓöÇΓöÇΓöÇΓöÇΓöÇΓöÇΓöÇΓöÇΓöÇΓöÇΓöÇΓöÇΓöÇΓöÇΓöÇΓöÇΓöÇΓöÇΓöÇΓöÇΓöÇΓöÇΓöÇΓöÇΓöÇΓöÇΓöÇΓöÇΓöÇΓöÇΓöÇΓöÇΓöÇΓöÇΓöÇΓöÇ

    Error Context: test-results\regression-Responsive-ΓÇô-37-5a1f9-orizontal-overflow-at-375px-Brave-retry1\error-context.md

  90) [Brave] ΓÇ║ tests\e2e\user-journeys.spec.ts:39:7 ΓÇ║ US-1 Signup ΓÇ║ a new email can create an account without error 

    Error: page.goto: net::ERR_NAME_NOT_RESOLVED at https://thecareersetu.in/signup
    Call log:
      - navigating to "https://thecareersetu.in/signup", waiting until "load"


      39 |   test('a new email can create an account without error', async ({ page }) => {
      40 |     const email = uniqueEmail()
    > 41 |     await page.goto('/signup')
         |                ^
      42 |     await page.getByPlaceholder('Priya Sharma').fill('E2E Tester')
      43 |     await page.getByPlaceholder('you@example.com').fill(email)
      44 |     await page.getByPlaceholder('Min. 6 characters').fill('Test1234!')
        at C:\Users\amitc\CareerSetu\tests\e2e\user-journeys.spec.ts:41:16

    attachment #1: screenshot (image/png) ΓöÇΓöÇΓöÇΓöÇΓöÇΓöÇΓöÇΓöÇΓöÇΓöÇΓöÇΓöÇΓöÇΓöÇΓöÇΓöÇΓöÇΓöÇΓöÇΓöÇΓöÇΓöÇΓöÇΓöÇΓöÇΓöÇΓöÇΓöÇΓöÇΓöÇΓöÇΓöÇΓöÇΓöÇΓöÇΓöÇΓöÇΓöÇΓöÇΓöÇΓöÇΓöÇΓöÇΓöÇΓöÇΓöÇΓöÇΓöÇΓöÇΓöÇΓöÇΓöÇΓöÇΓöÇΓöÇΓöÇΓöÇΓöÇ
    test-results\user-journeys-US-1-Signup--3b306-te-an-account-without-error-Brave\test-failed-1.png
    ΓöÇΓöÇΓöÇΓöÇΓöÇΓöÇΓöÇΓöÇΓöÇΓöÇΓöÇΓöÇΓöÇΓöÇΓöÇΓöÇΓöÇΓöÇΓöÇΓöÇΓöÇΓöÇΓöÇΓöÇΓöÇΓöÇΓöÇΓöÇΓöÇΓöÇΓöÇΓöÇΓöÇΓöÇΓöÇΓöÇΓöÇΓöÇΓöÇΓöÇΓöÇΓöÇΓöÇΓöÇΓöÇΓöÇΓöÇΓöÇΓöÇΓöÇΓöÇΓöÇΓöÇΓöÇΓöÇΓöÇΓöÇΓöÇΓöÇΓöÇΓöÇΓöÇΓöÇΓöÇΓöÇΓöÇΓöÇΓöÇΓöÇΓöÇΓöÇΓöÇΓöÇΓöÇΓöÇΓöÇΓöÇΓöÇΓöÇΓöÇΓöÇΓöÇΓöÇΓöÇΓöÇΓöÇΓöÇΓöÇΓöÇΓöÇΓöÇΓöÇΓöÇΓöÇΓöÇΓöÇ

    Error Context: test-results\user-journeys-US-1-Signup--3b306-te-an-account-without-error-Brave\error-context.md

    Retry #1 ΓöÇΓöÇΓöÇΓöÇΓöÇΓöÇΓöÇΓöÇΓöÇΓöÇΓöÇΓöÇΓöÇΓöÇΓöÇΓöÇΓöÇΓöÇΓöÇΓöÇΓöÇΓöÇΓöÇΓöÇΓöÇΓöÇΓöÇΓöÇΓöÇΓöÇΓöÇΓöÇΓöÇΓöÇΓöÇΓöÇΓöÇΓöÇΓöÇΓöÇΓöÇΓöÇΓöÇΓöÇΓöÇΓöÇΓöÇΓöÇΓöÇΓöÇΓöÇΓöÇΓöÇΓöÇΓöÇΓöÇΓöÇΓöÇΓöÇΓöÇΓöÇΓöÇΓöÇΓöÇΓöÇΓöÇΓöÇΓöÇΓöÇΓöÇΓöÇΓöÇΓöÇΓöÇΓöÇΓöÇΓöÇΓöÇΓöÇΓöÇΓöÇΓöÇΓöÇΓöÇΓöÇΓöÇΓöÇ

    Error: page.goto: net::ERR_NAME_NOT_RESOLVED at https://thecareersetu.in/signup
    Call log:
      - navigating to "https://thecareersetu.in/signup", waiting until "load"


      39 |   test('a new email can create an account without error', async ({ page }) => {
      40 |     const email = uniqueEmail()
    > 41 |     await page.goto('/signup')
         |                ^
      42 |     await page.getByPlaceholder('Priya Sharma').fill('E2E Tester')
      43 |     await page.getByPlaceholder('you@example.com').fill(email)
      44 |     await page.getByPlaceholder('Min. 6 characters').fill('Test1234!')
        at C:\Users\amitc\CareerSetu\tests\e2e\user-journeys.spec.ts:41:16

    attachment #1: screenshot (image/png) ΓöÇΓöÇΓöÇΓöÇΓöÇΓöÇΓöÇΓöÇΓöÇΓöÇΓöÇΓöÇΓöÇΓöÇΓöÇΓöÇΓöÇΓöÇΓöÇΓöÇΓöÇΓöÇΓöÇΓöÇΓöÇΓöÇΓöÇΓöÇΓöÇΓöÇΓöÇΓöÇΓöÇΓöÇΓöÇΓöÇΓöÇΓöÇΓöÇΓöÇΓöÇΓöÇΓöÇΓöÇΓöÇΓöÇΓöÇΓöÇΓöÇΓöÇΓöÇΓöÇΓöÇΓöÇΓöÇΓöÇΓöÇΓöÇ
    test-results\user-journeys-US-1-Signup--3b306-te-an-account-without-error-Brave-retry1\test-failed-1.png
    ΓöÇΓöÇΓöÇΓöÇΓöÇΓöÇΓöÇΓöÇΓöÇΓöÇΓöÇΓöÇΓöÇΓöÇΓöÇΓöÇΓöÇΓöÇΓöÇΓöÇΓöÇΓöÇΓöÇΓöÇΓöÇΓöÇΓöÇΓöÇΓöÇΓöÇΓöÇΓöÇΓöÇΓöÇΓöÇΓöÇΓöÇΓöÇΓöÇΓöÇΓöÇΓöÇΓöÇΓöÇΓöÇΓöÇΓöÇΓöÇΓöÇΓöÇΓöÇΓöÇΓöÇΓöÇΓöÇΓöÇΓöÇΓöÇΓöÇΓöÇΓöÇΓöÇΓöÇΓöÇΓöÇΓöÇΓöÇΓöÇΓöÇΓöÇΓöÇΓöÇΓöÇΓöÇΓöÇΓöÇΓöÇΓöÇΓöÇΓöÇΓöÇΓöÇΓöÇΓöÇΓöÇΓöÇΓöÇΓöÇΓöÇΓöÇΓöÇΓöÇΓöÇΓöÇΓöÇΓöÇ

    Error Context: test-results\user-journeys-US-1-Signup--3b306-te-an-account-without-error-Brave-retry1\error-context.md

  91) [Brave] ΓÇ║ tests\e2e\user-journeys.spec.ts:64:7 ΓÇ║ US-2 Login ΓÇ║ valid credentials land in the app (dashboard or onboarding) 

    Error: page.goto: net::ERR_NAME_NOT_RESOLVED at https://thecareersetu.in/login
    Call log:
      - navigating to "https://thecareersetu.in/login", waiting until "load"


      28 |
      29 | async function login(page: Page, email: string, password: string) {
    > 30 |   await page.goto('/login')
         |              ^
      31 |   await page.getByPlaceholder('you@example.com').fill(email)
      32 |   await page.getByPlaceholder('Your password').fill(password)
      33 |   await page.getByRole('button', { name: 'Sign in' }).click()
        at login (C:\Users\amitc\CareerSetu\tests\e2e\user-journeys.spec.ts:30:14)
        at C:\Users\amitc\CareerSetu\tests\e2e\user-journeys.spec.ts:65:11

    attachment #1: screenshot (image/png) ΓöÇΓöÇΓöÇΓöÇΓöÇΓöÇΓöÇΓöÇΓöÇΓöÇΓöÇΓöÇΓöÇΓöÇΓöÇΓöÇΓöÇΓöÇΓöÇΓöÇΓöÇΓöÇΓöÇΓöÇΓöÇΓöÇΓöÇΓöÇΓöÇΓöÇΓöÇΓöÇΓöÇΓöÇΓöÇΓöÇΓöÇΓöÇΓöÇΓöÇΓöÇΓöÇΓöÇΓöÇΓöÇΓöÇΓöÇΓöÇΓöÇΓöÇΓöÇΓöÇΓöÇΓöÇΓöÇΓöÇΓöÇΓöÇ
    test-results\user-journeys-US-2-Login-v-1ef5d-pp-dashboard-or-onboarding--Brave\test-failed-1.png
    ΓöÇΓöÇΓöÇΓöÇΓöÇΓöÇΓöÇΓöÇΓöÇΓöÇΓöÇΓöÇΓöÇΓöÇΓöÇΓöÇΓöÇΓöÇΓöÇΓöÇΓöÇΓöÇΓöÇΓöÇΓöÇΓöÇΓöÇΓöÇΓöÇΓöÇΓöÇΓöÇΓöÇΓöÇΓöÇΓöÇΓöÇΓöÇΓöÇΓöÇΓöÇΓöÇΓöÇΓöÇΓöÇΓöÇΓöÇΓöÇΓöÇΓöÇΓöÇΓöÇΓöÇΓöÇΓöÇΓöÇΓöÇΓöÇΓöÇΓöÇΓöÇΓöÇΓöÇΓöÇΓöÇΓöÇΓöÇΓöÇΓöÇΓöÇΓöÇΓöÇΓöÇΓöÇΓöÇΓöÇΓöÇΓöÇΓöÇΓöÇΓöÇΓöÇΓöÇΓöÇΓöÇΓöÇΓöÇΓöÇΓöÇΓöÇΓöÇΓöÇΓöÇΓöÇΓöÇΓöÇ

    Error Context: test-results\user-journeys-US-2-Login-v-1ef5d-pp-dashboard-or-onboarding--Brave\error-context.md

    Retry #1 ΓöÇΓöÇΓöÇΓöÇΓöÇΓöÇΓöÇΓöÇΓöÇΓöÇΓöÇΓöÇΓöÇΓöÇΓöÇΓöÇΓöÇΓöÇΓöÇΓöÇΓöÇΓöÇΓöÇΓöÇΓöÇΓöÇΓöÇΓöÇΓöÇΓöÇΓöÇΓöÇΓöÇΓöÇΓöÇΓöÇΓöÇΓöÇΓöÇΓöÇΓöÇΓöÇΓöÇΓöÇΓöÇΓöÇΓöÇΓöÇΓöÇΓöÇΓöÇΓöÇΓöÇΓöÇΓöÇΓöÇΓöÇΓöÇΓöÇΓöÇΓöÇΓöÇΓöÇΓöÇΓöÇΓöÇΓöÇΓöÇΓöÇΓöÇΓöÇΓöÇΓöÇΓöÇΓöÇΓöÇΓöÇΓöÇΓöÇΓöÇΓöÇΓöÇΓöÇΓöÇΓöÇΓöÇΓöÇ

    Error: page.goto: net::ERR_NAME_NOT_RESOLVED at https://thecareersetu.in/login
    Call log:
      - navigating to "https://thecareersetu.in/login", waiting until "load"


      28 |
      29 | async function login(page: Page, email: string, password: string) {
    > 30 |   await page.goto('/login')
         |              ^
      31 |   await page.getByPlaceholder('you@example.com').fill(email)
      32 |   await page.getByPlaceholder('Your password').fill(password)
      33 |   await page.getByRole('button', { name: 'Sign in' }).click()
        at login (C:\Users\amitc\CareerSetu\tests\e2e\user-journeys.spec.ts:30:14)
        at C:\Users\amitc\CareerSetu\tests\e2e\user-journeys.spec.ts:65:11

    attachment #1: screenshot (image/png) ΓöÇΓöÇΓöÇΓöÇΓöÇΓöÇΓöÇΓöÇΓöÇΓöÇΓöÇΓöÇΓöÇΓöÇΓöÇΓöÇΓöÇΓöÇΓöÇΓöÇΓöÇΓöÇΓöÇΓöÇΓöÇΓöÇΓöÇΓöÇΓöÇΓöÇΓöÇΓöÇΓöÇΓöÇΓöÇΓöÇΓöÇΓöÇΓöÇΓöÇΓöÇΓöÇΓöÇΓöÇΓöÇΓöÇΓöÇΓöÇΓöÇΓöÇΓöÇΓöÇΓöÇΓöÇΓöÇΓöÇΓöÇΓöÇ
    test-results\user-journeys-US-2-Login-v-1ef5d-pp-dashboard-or-onboarding--Brave-retry1\test-failed-1.png
    ΓöÇΓöÇΓöÇΓöÇΓöÇΓöÇΓöÇΓöÇΓöÇΓöÇΓöÇΓöÇΓöÇΓöÇΓöÇΓöÇΓöÇΓöÇΓöÇΓöÇΓöÇΓöÇΓöÇΓöÇΓöÇΓöÇΓöÇΓöÇΓöÇΓöÇΓöÇΓöÇΓöÇΓöÇΓöÇΓöÇΓöÇΓöÇΓöÇΓöÇΓöÇΓöÇΓöÇΓöÇΓöÇΓöÇΓöÇΓöÇΓöÇΓöÇΓöÇΓöÇΓöÇΓöÇΓöÇΓöÇΓöÇΓöÇΓöÇΓöÇΓöÇΓöÇΓöÇΓöÇΓöÇΓöÇΓöÇΓöÇΓöÇΓöÇΓöÇΓöÇΓöÇΓöÇΓöÇΓöÇΓöÇΓöÇΓöÇΓöÇΓöÇΓöÇΓöÇΓöÇΓöÇΓöÇΓöÇΓöÇΓöÇΓöÇΓöÇΓöÇΓöÇΓöÇΓöÇΓöÇ

    Error Context: test-results\user-journeys-US-2-Login-v-1ef5d-pp-dashboard-or-onboarding--Brave-retry1\error-context.md

  92) [Brave] ΓÇ║ tests\e2e\user-journeys.spec.ts:74:7 ΓÇ║ US-3 Invalid login ΓÇ║ wrong password shows an error and stays on /login 

    Error: page.goto: net::ERR_NAME_NOT_RESOLVED at https://thecareersetu.in/login
    Call log:
      - navigating to "https://thecareersetu.in/login", waiting until "load"


      28 |
      29 | async function login(page: Page, email: string, password: string) {
    > 30 |   await page.goto('/login')
         |              ^
      31 |   await page.getByPlaceholder('you@example.com').fill(email)
      32 |   await page.getByPlaceholder('Your password').fill(password)
      33 |   await page.getByRole('button', { name: 'Sign in' }).click()
        at login (C:\Users\amitc\CareerSetu\tests\e2e\user-journeys.spec.ts:30:14)
        at C:\Users\amitc\CareerSetu\tests\e2e\user-journeys.spec.ts:75:11

    attachment #1: screenshot (image/png) ΓöÇΓöÇΓöÇΓöÇΓöÇΓöÇΓöÇΓöÇΓöÇΓöÇΓöÇΓöÇΓöÇΓöÇΓöÇΓöÇΓöÇΓöÇΓöÇΓöÇΓöÇΓöÇΓöÇΓöÇΓöÇΓöÇΓöÇΓöÇΓöÇΓöÇΓöÇΓöÇΓöÇΓöÇΓöÇΓöÇΓöÇΓöÇΓöÇΓöÇΓöÇΓöÇΓöÇΓöÇΓöÇΓöÇΓöÇΓöÇΓöÇΓöÇΓöÇΓöÇΓöÇΓöÇΓöÇΓöÇΓöÇΓöÇ
    test-results\user-journeys-US-3-Invalid-bd9c1-an-error-and-stays-on-login-Brave\test-failed-1.png
    ΓöÇΓöÇΓöÇΓöÇΓöÇΓöÇΓöÇΓöÇΓöÇΓöÇΓöÇΓöÇΓöÇΓöÇΓöÇΓöÇΓöÇΓöÇΓöÇΓöÇΓöÇΓöÇΓöÇΓöÇΓöÇΓöÇΓöÇΓöÇΓöÇΓöÇΓöÇΓöÇΓöÇΓöÇΓöÇΓöÇΓöÇΓöÇΓöÇΓöÇΓöÇΓöÇΓöÇΓöÇΓöÇΓöÇΓöÇΓöÇΓöÇΓöÇΓöÇΓöÇΓöÇΓöÇΓöÇΓöÇΓöÇΓöÇΓöÇΓöÇΓöÇΓöÇΓöÇΓöÇΓöÇΓöÇΓöÇΓöÇΓöÇΓöÇΓöÇΓöÇΓöÇΓöÇΓöÇΓöÇΓöÇΓöÇΓöÇΓöÇΓöÇΓöÇΓöÇΓöÇΓöÇΓöÇΓöÇΓöÇΓöÇΓöÇΓöÇΓöÇΓöÇΓöÇΓöÇΓöÇ

    Error Context: test-results\user-journeys-US-3-Invalid-bd9c1-an-error-and-stays-on-login-Brave\error-context.md

    Retry #1 ΓöÇΓöÇΓöÇΓöÇΓöÇΓöÇΓöÇΓöÇΓöÇΓöÇΓöÇΓöÇΓöÇΓöÇΓöÇΓöÇΓöÇΓöÇΓöÇΓöÇΓöÇΓöÇΓöÇΓöÇΓöÇΓöÇΓöÇΓöÇΓöÇΓöÇΓöÇΓöÇΓöÇΓöÇΓöÇΓöÇΓöÇΓöÇΓöÇΓöÇΓöÇΓöÇΓöÇΓöÇΓöÇΓöÇΓöÇΓöÇΓöÇΓöÇΓöÇΓöÇΓöÇΓöÇΓöÇΓöÇΓöÇΓöÇΓöÇΓöÇΓöÇΓöÇΓöÇΓöÇΓöÇΓöÇΓöÇΓöÇΓöÇΓöÇΓöÇΓöÇΓöÇΓöÇΓöÇΓöÇΓöÇΓöÇΓöÇΓöÇΓöÇΓöÇΓöÇΓöÇΓöÇΓöÇΓöÇ

    Error: page.goto: net::ERR_NAME_NOT_RESOLVED at https://thecareersetu.in/login
    Call log:
      - navigating to "https://thecareersetu.in/login", waiting until "load"


      28 |
      29 | async function login(page: Page, email: string, password: string) {
    > 30 |   await page.goto('/login')
         |              ^
      31 |   await page.getByPlaceholder('you@example.com').fill(email)
      32 |   await page.getByPlaceholder('Your password').fill(password)
      33 |   await page.getByRole('button', { name: 'Sign in' }).click()
        at login (C:\Users\amitc\CareerSetu\tests\e2e\user-journeys.spec.ts:30:14)
        at C:\Users\amitc\CareerSetu\tests\e2e\user-journeys.spec.ts:75:11

    attachment #1: screenshot (image/png) ΓöÇΓöÇΓöÇΓöÇΓöÇΓöÇΓöÇΓöÇΓöÇΓöÇΓöÇΓöÇΓöÇΓöÇΓöÇΓöÇΓöÇΓöÇΓöÇΓöÇΓöÇΓöÇΓöÇΓöÇΓöÇΓöÇΓöÇΓöÇΓöÇΓöÇΓöÇΓöÇΓöÇΓöÇΓöÇΓöÇΓöÇΓöÇΓöÇΓöÇΓöÇΓöÇΓöÇΓöÇΓöÇΓöÇΓöÇΓöÇΓöÇΓöÇΓöÇΓöÇΓöÇΓöÇΓöÇΓöÇΓöÇΓöÇ
    test-results\user-journeys-US-3-Invalid-bd9c1-an-error-and-stays-on-login-Brave-retry1\test-failed-1.png
    ΓöÇΓöÇΓöÇΓöÇΓöÇΓöÇΓöÇΓöÇΓöÇΓöÇΓöÇΓöÇΓöÇΓöÇΓöÇΓöÇΓöÇΓöÇΓöÇΓöÇΓöÇΓöÇΓöÇΓöÇΓöÇΓöÇΓöÇΓöÇΓöÇΓöÇΓöÇΓöÇΓöÇΓöÇΓöÇΓöÇΓöÇΓöÇΓöÇΓöÇΓöÇΓöÇΓöÇΓöÇΓöÇΓöÇΓöÇΓöÇΓöÇΓöÇΓöÇΓöÇΓöÇΓöÇΓöÇΓöÇΓöÇΓöÇΓöÇΓöÇΓöÇΓöÇΓöÇΓöÇΓöÇΓöÇΓöÇΓöÇΓöÇΓöÇΓöÇΓöÇΓöÇΓöÇΓöÇΓöÇΓöÇΓöÇΓöÇΓöÇΓöÇΓöÇΓöÇΓöÇΓöÇΓöÇΓöÇΓöÇΓöÇΓöÇΓöÇΓöÇΓöÇΓöÇΓöÇΓöÇ

    Error Context: test-results\user-journeys-US-3-Invalid-bd9c1-an-error-and-stays-on-login-Brave-retry1\error-context.md

  93) [Brave] ΓÇ║ tests\e2e\user-journeys.spec.ts:86:7 ΓÇ║ US-4 Session persists across navigation (redirect-loop regression) ΓÇ║ after login, a protected route loads instead of bouncing to /login 

    Error: page.goto: net::ERR_NAME_NOT_RESOLVED at https://thecareersetu.in/login
    Call log:
      - navigating to "https://thecareersetu.in/login", waiting until "load"


      28 |
      29 | async function login(page: Page, email: string, password: string) {
    > 30 |   await page.goto('/login')
         |              ^
      31 |   await page.getByPlaceholder('you@example.com').fill(email)
      32 |   await page.getByPlaceholder('Your password').fill(password)
      33 |   await page.getByRole('button', { name: 'Sign in' }).click()
        at login (C:\Users\amitc\CareerSetu\tests\e2e\user-journeys.spec.ts:30:14)
        at C:\Users\amitc\CareerSetu\tests\e2e\user-journeys.spec.ts:87:11

    attachment #1: screenshot (image/png) ΓöÇΓöÇΓöÇΓöÇΓöÇΓöÇΓöÇΓöÇΓöÇΓöÇΓöÇΓöÇΓöÇΓöÇΓöÇΓöÇΓöÇΓöÇΓöÇΓöÇΓöÇΓöÇΓöÇΓöÇΓöÇΓöÇΓöÇΓöÇΓöÇΓöÇΓöÇΓöÇΓöÇΓöÇΓöÇΓöÇΓöÇΓöÇΓöÇΓöÇΓöÇΓöÇΓöÇΓöÇΓöÇΓöÇΓöÇΓöÇΓöÇΓöÇΓöÇΓöÇΓöÇΓöÇΓöÇΓöÇΓöÇΓöÇ
    test-results\user-journeys-US-4-Session-c503c-nstead-of-bouncing-to-login-Brave\test-failed-1.png
    ΓöÇΓöÇΓöÇΓöÇΓöÇΓöÇΓöÇΓöÇΓöÇΓöÇΓöÇΓöÇΓöÇΓöÇΓöÇΓöÇΓöÇΓöÇΓöÇΓöÇΓöÇΓöÇΓöÇΓöÇΓöÇΓöÇΓöÇΓöÇΓöÇΓöÇΓöÇΓöÇΓöÇΓöÇΓöÇΓöÇΓöÇΓöÇΓöÇΓöÇΓöÇΓöÇΓöÇΓöÇΓöÇΓöÇΓöÇΓöÇΓöÇΓöÇΓöÇΓöÇΓöÇΓöÇΓöÇΓöÇΓöÇΓöÇΓöÇΓöÇΓöÇΓöÇΓöÇΓöÇΓöÇΓöÇΓöÇΓöÇΓöÇΓöÇΓöÇΓöÇΓöÇΓöÇΓöÇΓöÇΓöÇΓöÇΓöÇΓöÇΓöÇΓöÇΓöÇΓöÇΓöÇΓöÇΓöÇΓöÇΓöÇΓöÇΓöÇΓöÇΓöÇΓöÇΓöÇΓöÇ

    Error Context: test-results\user-journeys-US-4-Session-c503c-nstead-of-bouncing-to-login-Brave\error-context.md

    Retry #1 ΓöÇΓöÇΓöÇΓöÇΓöÇΓöÇΓöÇΓöÇΓöÇΓöÇΓöÇΓöÇΓöÇΓöÇΓöÇΓöÇΓöÇΓöÇΓöÇΓöÇΓöÇΓöÇΓöÇΓöÇΓöÇΓöÇΓöÇΓöÇΓöÇΓöÇΓöÇΓöÇΓöÇΓöÇΓöÇΓöÇΓöÇΓöÇΓöÇΓöÇΓöÇΓöÇΓöÇΓöÇΓöÇΓöÇΓöÇΓöÇΓöÇΓöÇΓöÇΓöÇΓöÇΓöÇΓöÇΓöÇΓöÇΓöÇΓöÇΓöÇΓöÇΓöÇΓöÇΓöÇΓöÇΓöÇΓöÇΓöÇΓöÇΓöÇΓöÇΓöÇΓöÇΓöÇΓöÇΓöÇΓöÇΓöÇΓöÇΓöÇΓöÇΓöÇΓöÇΓöÇΓöÇΓöÇΓöÇ

    Error: page.goto: net::ERR_NAME_NOT_RESOLVED at https://thecareersetu.in/login
    Call log:
      - navigating to "https://thecareersetu.in/login", waiting until "load"


      28 |
      29 | async function login(page: Page, email: string, password: string) {
    > 30 |   await page.goto('/login')
         |              ^
      31 |   await page.getByPlaceholder('you@example.com').fill(email)
      32 |   await page.getByPlaceholder('Your password').fill(password)
      33 |   await page.getByRole('button', { name: 'Sign in' }).click()
        at login (C:\Users\amitc\CareerSetu\tests\e2e\user-journeys.spec.ts:30:14)
        at C:\Users\amitc\CareerSetu\tests\e2e\user-journeys.spec.ts:87:11

    attachment #1: screenshot (image/png) ΓöÇΓöÇΓöÇΓöÇΓöÇΓöÇΓöÇΓöÇΓöÇΓöÇΓöÇΓöÇΓöÇΓöÇΓöÇΓöÇΓöÇΓöÇΓöÇΓöÇΓöÇΓöÇΓöÇΓöÇΓöÇΓöÇΓöÇΓöÇΓöÇΓöÇΓöÇΓöÇΓöÇΓöÇΓöÇΓöÇΓöÇΓöÇΓöÇΓöÇΓöÇΓöÇΓöÇΓöÇΓöÇΓöÇΓöÇΓöÇΓöÇΓöÇΓöÇΓöÇΓöÇΓöÇΓöÇΓöÇΓöÇΓöÇ
    test-results\user-journeys-US-4-Session-c503c-nstead-of-bouncing-to-login-Brave-retry1\test-failed-1.png
    ΓöÇΓöÇΓöÇΓöÇΓöÇΓöÇΓöÇΓöÇΓöÇΓöÇΓöÇΓöÇΓöÇΓöÇΓöÇΓöÇΓöÇΓöÇΓöÇΓöÇΓöÇΓöÇΓöÇΓöÇΓöÇΓöÇΓöÇΓöÇΓöÇΓöÇΓöÇΓöÇΓöÇΓöÇΓöÇΓöÇΓöÇΓöÇΓöÇΓöÇΓöÇΓöÇΓöÇΓöÇΓöÇΓöÇΓöÇΓöÇΓöÇΓöÇΓöÇΓöÇΓöÇΓöÇΓöÇΓöÇΓöÇΓöÇΓöÇΓöÇΓöÇΓöÇΓöÇΓöÇΓöÇΓöÇΓöÇΓöÇΓöÇΓöÇΓöÇΓöÇΓöÇΓöÇΓöÇΓöÇΓöÇΓöÇΓöÇΓöÇΓöÇΓöÇΓöÇΓöÇΓöÇΓöÇΓöÇΓöÇΓöÇΓöÇΓöÇΓöÇΓöÇΓöÇΓöÇΓöÇ

    Error Context: test-results\user-journeys-US-4-Session-c503c-nstead-of-bouncing-to-login-Brave-retry1\error-context.md

  94) [Brave] ΓÇ║ tests\e2e\user-journeys.spec.ts:103:7 ΓÇ║ US-5 Profile ΓÇ║ profile page loads and saving succeeds 

    Error: page.goto: net::ERR_NAME_NOT_RESOLVED at https://thecareersetu.in/login
    Call log:
      - navigating to "https://thecareersetu.in/login", waiting until "load"


      28 |
      29 | async function login(page: Page, email: string, password: string) {
    > 30 |   await page.goto('/login')
         |              ^
      31 |   await page.getByPlaceholder('you@example.com').fill(email)
      32 |   await page.getByPlaceholder('Your password').fill(password)
      33 |   await page.getByRole('button', { name: 'Sign in' }).click()
        at login (C:\Users\amitc\CareerSetu\tests\e2e\user-journeys.spec.ts:30:14)
        at C:\Users\amitc\CareerSetu\tests\e2e\user-journeys.spec.ts:104:11

    attachment #1: screenshot (image/png) ΓöÇΓöÇΓöÇΓöÇΓöÇΓöÇΓöÇΓöÇΓöÇΓöÇΓöÇΓöÇΓöÇΓöÇΓöÇΓöÇΓöÇΓöÇΓöÇΓöÇΓöÇΓöÇΓöÇΓöÇΓöÇΓöÇΓöÇΓöÇΓöÇΓöÇΓöÇΓöÇΓöÇΓöÇΓöÇΓöÇΓöÇΓöÇΓöÇΓöÇΓöÇΓöÇΓöÇΓöÇΓöÇΓöÇΓöÇΓöÇΓöÇΓöÇΓöÇΓöÇΓöÇΓöÇΓöÇΓöÇΓöÇΓöÇ
    test-results\user-journeys-US-5-Profile-a529b-e-loads-and-saving-succeeds-Brave\test-failed-1.png
    ΓöÇΓöÇΓöÇΓöÇΓöÇΓöÇΓöÇΓöÇΓöÇΓöÇΓöÇΓöÇΓöÇΓöÇΓöÇΓöÇΓöÇΓöÇΓöÇΓöÇΓöÇΓöÇΓöÇΓöÇΓöÇΓöÇΓöÇΓöÇΓöÇΓöÇΓöÇΓöÇΓöÇΓöÇΓöÇΓöÇΓöÇΓöÇΓöÇΓöÇΓöÇΓöÇΓöÇΓöÇΓöÇΓöÇΓöÇΓöÇΓöÇΓöÇΓöÇΓöÇΓöÇΓöÇΓöÇΓöÇΓöÇΓöÇΓöÇΓöÇΓöÇΓöÇΓöÇΓöÇΓöÇΓöÇΓöÇΓöÇΓöÇΓöÇΓöÇΓöÇΓöÇΓöÇΓöÇΓöÇΓöÇΓöÇΓöÇΓöÇΓöÇΓöÇΓöÇΓöÇΓöÇΓöÇΓöÇΓöÇΓöÇΓöÇΓöÇΓöÇΓöÇΓöÇΓöÇΓöÇ

    Error Context: test-results\user-journeys-US-5-Profile-a529b-e-loads-and-saving-succeeds-Brave\error-context.md

    Retry #1 ΓöÇΓöÇΓöÇΓöÇΓöÇΓöÇΓöÇΓöÇΓöÇΓöÇΓöÇΓöÇΓöÇΓöÇΓöÇΓöÇΓöÇΓöÇΓöÇΓöÇΓöÇΓöÇΓöÇΓöÇΓöÇΓöÇΓöÇΓöÇΓöÇΓöÇΓöÇΓöÇΓöÇΓöÇΓöÇΓöÇΓöÇΓöÇΓöÇΓöÇΓöÇΓöÇΓöÇΓöÇΓöÇΓöÇΓöÇΓöÇΓöÇΓöÇΓöÇΓöÇΓöÇΓöÇΓöÇΓöÇΓöÇΓöÇΓöÇΓöÇΓöÇΓöÇΓöÇΓöÇΓöÇΓöÇΓöÇΓöÇΓöÇΓöÇΓöÇΓöÇΓöÇΓöÇΓöÇΓöÇΓöÇΓöÇΓöÇΓöÇΓöÇΓöÇΓöÇΓöÇΓöÇΓöÇΓöÇ

    Error: page.goto: net::ERR_NAME_NOT_RESOLVED at https://thecareersetu.in/login
    Call log:
      - navigating to "https://thecareersetu.in/login", waiting until "load"


      28 |
      29 | async function login(page: Page, email: string, password: string) {
    > 30 |   await page.goto('/login')
         |              ^
      31 |   await page.getByPlaceholder('you@example.com').fill(email)
      32 |   await page.getByPlaceholder('Your password').fill(password)
      33 |   await page.getByRole('button', { name: 'Sign in' }).click()
        at login (C:\Users\amitc\CareerSetu\tests\e2e\user-journeys.spec.ts:30:14)
        at C:\Users\amitc\CareerSetu\tests\e2e\user-journeys.spec.ts:104:11

    attachment #1: screenshot (image/png) ΓöÇΓöÇΓöÇΓöÇΓöÇΓöÇΓöÇΓöÇΓöÇΓöÇΓöÇΓöÇΓöÇΓöÇΓöÇΓöÇΓöÇΓöÇΓöÇΓöÇΓöÇΓöÇΓöÇΓöÇΓöÇΓöÇΓöÇΓöÇΓöÇΓöÇΓöÇΓöÇΓöÇΓöÇΓöÇΓöÇΓöÇΓöÇΓöÇΓöÇΓöÇΓöÇΓöÇΓöÇΓöÇΓöÇΓöÇΓöÇΓöÇΓöÇΓöÇΓöÇΓöÇΓöÇΓöÇΓöÇΓöÇΓöÇ
    test-results\user-journeys-US-5-Profile-a529b-e-loads-and-saving-succeeds-Brave-retry1\test-failed-1.png
    ΓöÇΓöÇΓöÇΓöÇΓöÇΓöÇΓöÇΓöÇΓöÇΓöÇΓöÇΓöÇΓöÇΓöÇΓöÇΓöÇΓöÇΓöÇΓöÇΓöÇΓöÇΓöÇΓöÇΓöÇΓöÇΓöÇΓöÇΓöÇΓöÇΓöÇΓöÇΓöÇΓöÇΓöÇΓöÇΓöÇΓöÇΓöÇΓöÇΓöÇΓöÇΓöÇΓöÇΓöÇΓöÇΓöÇΓöÇΓöÇΓöÇΓöÇΓöÇΓöÇΓöÇΓöÇΓöÇΓöÇΓöÇΓöÇΓöÇΓöÇΓöÇΓöÇΓöÇΓöÇΓöÇΓöÇΓöÇΓöÇΓöÇΓöÇΓöÇΓöÇΓöÇΓöÇΓöÇΓöÇΓöÇΓöÇΓöÇΓöÇΓöÇΓöÇΓöÇΓöÇΓöÇΓöÇΓöÇΓöÇΓöÇΓöÇΓöÇΓöÇΓöÇΓöÇΓöÇΓöÇ

    Error Context: test-results\user-journeys-US-5-Profile-a529b-e-loads-and-saving-succeeds-Brave-retry1\error-context.md

  95) [Brave] ΓÇ║ tests\e2e\user-journeys.spec.ts:124:7 ΓÇ║ US-6 Mock MCQ test ΓÇ║ configure and start ΓÇö starts, or gracefully reports no questions (no crash / no 401) 

    Error: page.goto: net::ERR_NAME_NOT_RESOLVED at https://thecareersetu.in/login
    Call log:
      - navigating to "https://thecareersetu.in/login", waiting until "load"


      28 |
      29 | async function login(page: Page, email: string, password: string) {
    > 30 |   await page.goto('/login')
         |              ^
      31 |   await page.getByPlaceholder('you@example.com').fill(email)
      32 |   await page.getByPlaceholder('Your password').fill(password)
      33 |   await page.getByRole('button', { name: 'Sign in' }).click()
        at login (C:\Users\amitc\CareerSetu\tests\e2e\user-journeys.spec.ts:30:14)
        at C:\Users\amitc\CareerSetu\tests\e2e\user-journeys.spec.ts:125:11

    attachment #1: screenshot (image/png) ΓöÇΓöÇΓöÇΓöÇΓöÇΓöÇΓöÇΓöÇΓöÇΓöÇΓöÇΓöÇΓöÇΓöÇΓöÇΓöÇΓöÇΓöÇΓöÇΓöÇΓöÇΓöÇΓöÇΓöÇΓöÇΓöÇΓöÇΓöÇΓöÇΓöÇΓöÇΓöÇΓöÇΓöÇΓöÇΓöÇΓöÇΓöÇΓöÇΓöÇΓöÇΓöÇΓöÇΓöÇΓöÇΓöÇΓöÇΓöÇΓöÇΓöÇΓöÇΓöÇΓöÇΓöÇΓöÇΓöÇΓöÇΓöÇ
    test-results\user-journeys-US-6-Mock-MC-dad2a--questions-no-crash-no-401--Brave\test-failed-1.png
    ΓöÇΓöÇΓöÇΓöÇΓöÇΓöÇΓöÇΓöÇΓöÇΓöÇΓöÇΓöÇΓöÇΓöÇΓöÇΓöÇΓöÇΓöÇΓöÇΓöÇΓöÇΓöÇΓöÇΓöÇΓöÇΓöÇΓöÇΓöÇΓöÇΓöÇΓöÇΓöÇΓöÇΓöÇΓöÇΓöÇΓöÇΓöÇΓöÇΓöÇΓöÇΓöÇΓöÇΓöÇΓöÇΓöÇΓöÇΓöÇΓöÇΓöÇΓöÇΓöÇΓöÇΓöÇΓöÇΓöÇΓöÇΓöÇΓöÇΓöÇΓöÇΓöÇΓöÇΓöÇΓöÇΓöÇΓöÇΓöÇΓöÇΓöÇΓöÇΓöÇΓöÇΓöÇΓöÇΓöÇΓöÇΓöÇΓöÇΓöÇΓöÇΓöÇΓöÇΓöÇΓöÇΓöÇΓöÇΓöÇΓöÇΓöÇΓöÇΓöÇΓöÇΓöÇΓöÇΓöÇ

    Error Context: test-results\user-journeys-US-6-Mock-MC-dad2a--questions-no-crash-no-401--Brave\error-context.md

    Retry #1 ΓöÇΓöÇΓöÇΓöÇΓöÇΓöÇΓöÇΓöÇΓöÇΓöÇΓöÇΓöÇΓöÇΓöÇΓöÇΓöÇΓöÇΓöÇΓöÇΓöÇΓöÇΓöÇΓöÇΓöÇΓöÇΓöÇΓöÇΓöÇΓöÇΓöÇΓöÇΓöÇΓöÇΓöÇΓöÇΓöÇΓöÇΓöÇΓöÇΓöÇΓöÇΓöÇΓöÇΓöÇΓöÇΓöÇΓöÇΓöÇΓöÇΓöÇΓöÇΓöÇΓöÇΓöÇΓöÇΓöÇΓöÇΓöÇΓöÇΓöÇΓöÇΓöÇΓöÇΓöÇΓöÇΓöÇΓöÇΓöÇΓöÇΓöÇΓöÇΓöÇΓöÇΓöÇΓöÇΓöÇΓöÇΓöÇΓöÇΓöÇΓöÇΓöÇΓöÇΓöÇΓöÇΓöÇΓöÇ

    Error: page.goto: net::ERR_NAME_NOT_RESOLVED at https://thecareersetu.in/login
    Call log:
      - navigating to "https://thecareersetu.in/login", waiting until "load"


      28 |
      29 | async function login(page: Page, email: string, password: string) {
    > 30 |   await page.goto('/login')
         |              ^
      31 |   await page.getByPlaceholder('you@example.com').fill(email)
      32 |   await page.getByPlaceholder('Your password').fill(password)
      33 |   await page.getByRole('button', { name: 'Sign in' }).click()
        at login (C:\Users\amitc\CareerSetu\tests\e2e\user-journeys.spec.ts:30:14)
        at C:\Users\amitc\CareerSetu\tests\e2e\user-journeys.spec.ts:125:11

    attachment #1: screenshot (image/png) ΓöÇΓöÇΓöÇΓöÇΓöÇΓöÇΓöÇΓöÇΓöÇΓöÇΓöÇΓöÇΓöÇΓöÇΓöÇΓöÇΓöÇΓöÇΓöÇΓöÇΓöÇΓöÇΓöÇΓöÇΓöÇΓöÇΓöÇΓöÇΓöÇΓöÇΓöÇΓöÇΓöÇΓöÇΓöÇΓöÇΓöÇΓöÇΓöÇΓöÇΓöÇΓöÇΓöÇΓöÇΓöÇΓöÇΓöÇΓöÇΓöÇΓöÇΓöÇΓöÇΓöÇΓöÇΓöÇΓöÇΓöÇΓöÇ
    test-results\user-journeys-US-6-Mock-MC-dad2a--questions-no-crash-no-401--Brave-retry1\test-failed-1.png
    ΓöÇΓöÇΓöÇΓöÇΓöÇΓöÇΓöÇΓöÇΓöÇΓöÇΓöÇΓöÇΓöÇΓöÇΓöÇΓöÇΓöÇΓöÇΓöÇΓöÇΓöÇΓöÇΓöÇΓöÇΓöÇΓöÇΓöÇΓöÇΓöÇΓöÇΓöÇΓöÇΓöÇΓöÇΓöÇΓöÇΓöÇΓöÇΓöÇΓöÇΓöÇΓöÇΓöÇΓöÇΓöÇΓöÇΓöÇΓöÇΓöÇΓöÇΓöÇΓöÇΓöÇΓöÇΓöÇΓöÇΓöÇΓöÇΓöÇΓöÇΓöÇΓöÇΓöÇΓöÇΓöÇΓöÇΓöÇΓöÇΓöÇΓöÇΓöÇΓöÇΓöÇΓöÇΓöÇΓöÇΓöÇΓöÇΓöÇΓöÇΓöÇΓöÇΓöÇΓöÇΓöÇΓöÇΓöÇΓöÇΓöÇΓöÇΓöÇΓöÇΓöÇΓöÇΓöÇΓöÇ

    Error Context: test-results\user-journeys-US-6-Mock-MC-dad2a--questions-no-crash-no-401--Brave-retry1\error-context.md

  96) [Brave] ΓÇ║ tests\e2e\user-journeys.spec.ts:149:7 ΓÇ║ US-7 Reports ΓÇ║ reports page loads for an authenticated user 

    Error: page.goto: net::ERR_NAME_NOT_RESOLVED at https://thecareersetu.in/login
    Call log:
      - navigating to "https://thecareersetu.in/login", waiting until "load"


      28 |
      29 | async function login(page: Page, email: string, password: string) {
    > 30 |   await page.goto('/login')
         |              ^
      31 |   await page.getByPlaceholder('you@example.com').fill(email)
      32 |   await page.getByPlaceholder('Your password').fill(password)
      33 |   await page.getByRole('button', { name: 'Sign in' }).click()
        at login (C:\Users\amitc\CareerSetu\tests\e2e\user-journeys.spec.ts:30:14)
        at C:\Users\amitc\CareerSetu\tests\e2e\user-journeys.spec.ts:150:11

    attachment #1: screenshot (image/png) ΓöÇΓöÇΓöÇΓöÇΓöÇΓöÇΓöÇΓöÇΓöÇΓöÇΓöÇΓöÇΓöÇΓöÇΓöÇΓöÇΓöÇΓöÇΓöÇΓöÇΓöÇΓöÇΓöÇΓöÇΓöÇΓöÇΓöÇΓöÇΓöÇΓöÇΓöÇΓöÇΓöÇΓöÇΓöÇΓöÇΓöÇΓöÇΓöÇΓöÇΓöÇΓöÇΓöÇΓöÇΓöÇΓöÇΓöÇΓöÇΓöÇΓöÇΓöÇΓöÇΓöÇΓöÇΓöÇΓöÇΓöÇΓöÇ
    test-results\user-journeys-US-7-Reports-3a3ce-s-for-an-authenticated-user-Brave\test-failed-1.png
    ΓöÇΓöÇΓöÇΓöÇΓöÇΓöÇΓöÇΓöÇΓöÇΓöÇΓöÇΓöÇΓöÇΓöÇΓöÇΓöÇΓöÇΓöÇΓöÇΓöÇΓöÇΓöÇΓöÇΓöÇΓöÇΓöÇΓöÇΓöÇΓöÇΓöÇΓöÇΓöÇΓöÇΓöÇΓöÇΓöÇΓöÇΓöÇΓöÇΓöÇΓöÇΓöÇΓöÇΓöÇΓöÇΓöÇΓöÇΓöÇΓöÇΓöÇΓöÇΓöÇΓöÇΓöÇΓöÇΓöÇΓöÇΓöÇΓöÇΓöÇΓöÇΓöÇΓöÇΓöÇΓöÇΓöÇΓöÇΓöÇΓöÇΓöÇΓöÇΓöÇΓöÇΓöÇΓöÇΓöÇΓöÇΓöÇΓöÇΓöÇΓöÇΓöÇΓöÇΓöÇΓöÇΓöÇΓöÇΓöÇΓöÇΓöÇΓöÇΓöÇΓöÇΓöÇΓöÇΓöÇ

    Error Context: test-results\user-journeys-US-7-Reports-3a3ce-s-for-an-authenticated-user-Brave\error-context.md

    Retry #1 ΓöÇΓöÇΓöÇΓöÇΓöÇΓöÇΓöÇΓöÇΓöÇΓöÇΓöÇΓöÇΓöÇΓöÇΓöÇΓöÇΓöÇΓöÇΓöÇΓöÇΓöÇΓöÇΓöÇΓöÇΓöÇΓöÇΓöÇΓöÇΓöÇΓöÇΓöÇΓöÇΓöÇΓöÇΓöÇΓöÇΓöÇΓöÇΓöÇΓöÇΓöÇΓöÇΓöÇΓöÇΓöÇΓöÇΓöÇΓöÇΓöÇΓöÇΓöÇΓöÇΓöÇΓöÇΓöÇΓöÇΓöÇΓöÇΓöÇΓöÇΓöÇΓöÇΓöÇΓöÇΓöÇΓöÇΓöÇΓöÇΓöÇΓöÇΓöÇΓöÇΓöÇΓöÇΓöÇΓöÇΓöÇΓöÇΓöÇΓöÇΓöÇΓöÇΓöÇΓöÇΓöÇΓöÇΓöÇ

    Error: page.goto: net::ERR_NAME_NOT_RESOLVED at https://thecareersetu.in/login
    Call log:
      - navigating to "https://thecareersetu.in/login", waiting until "load"


      28 |
      29 | async function login(page: Page, email: string, password: string) {
    > 30 |   await page.goto('/login')
         |              ^
      31 |   await page.getByPlaceholder('you@example.com').fill(email)
      32 |   await page.getByPlaceholder('Your password').fill(password)
      33 |   await page.getByRole('button', { name: 'Sign in' }).click()
        at login (C:\Users\amitc\CareerSetu\tests\e2e\user-journeys.spec.ts:30:14)
        at C:\Users\amitc\CareerSetu\tests\e2e\user-journeys.spec.ts:150:11

    attachment #1: screenshot (image/png) ΓöÇΓöÇΓöÇΓöÇΓöÇΓöÇΓöÇΓöÇΓöÇΓöÇΓöÇΓöÇΓöÇΓöÇΓöÇΓöÇΓöÇΓöÇΓöÇΓöÇΓöÇΓöÇΓöÇΓöÇΓöÇΓöÇΓöÇΓöÇΓöÇΓöÇΓöÇΓöÇΓöÇΓöÇΓöÇΓöÇΓöÇΓöÇΓöÇΓöÇΓöÇΓöÇΓöÇΓöÇΓöÇΓöÇΓöÇΓöÇΓöÇΓöÇΓöÇΓöÇΓöÇΓöÇΓöÇΓöÇΓöÇΓöÇ
    test-results\user-journeys-US-7-Reports-3a3ce-s-for-an-authenticated-user-Brave-retry1\test-failed-1.png
    ΓöÇΓöÇΓöÇΓöÇΓöÇΓöÇΓöÇΓöÇΓöÇΓöÇΓöÇΓöÇΓöÇΓöÇΓöÇΓöÇΓöÇΓöÇΓöÇΓöÇΓöÇΓöÇΓöÇΓöÇΓöÇΓöÇΓöÇΓöÇΓöÇΓöÇΓöÇΓöÇΓöÇΓöÇΓöÇΓöÇΓöÇΓöÇΓöÇΓöÇΓöÇΓöÇΓöÇΓöÇΓöÇΓöÇΓöÇΓöÇΓöÇΓöÇΓöÇΓöÇΓöÇΓöÇΓöÇΓöÇΓöÇΓöÇΓöÇΓöÇΓöÇΓöÇΓöÇΓöÇΓöÇΓöÇΓöÇΓöÇΓöÇΓöÇΓöÇΓöÇΓöÇΓöÇΓöÇΓöÇΓöÇΓöÇΓöÇΓöÇΓöÇΓöÇΓöÇΓöÇΓöÇΓöÇΓöÇΓöÇΓöÇΓöÇΓöÇΓöÇΓöÇΓöÇΓöÇΓöÇ

    Error Context: test-results\user-journeys-US-7-Reports-3a3ce-s-for-an-authenticated-user-Brave-retry1\error-context.md

  97) [Opera] ΓÇ║ tests\e2e\regression.spec.ts:15:7 ΓÇ║ Marketing ΓÇô Landing page ΓÇ║ loads, shows hero CTA, no JS errors 

    Error: page.goto: net::ERR_NAME_NOT_RESOLVED at https://thecareersetu.in/
    Call log:
      - navigating to "https://thecareersetu.in/", waiting until "load"


      15 |   test('loads, shows hero CTA, no JS errors', async ({ page }) => {
      16 |     const errs = await noConsoleErrors(page)
    > 17 |     await page.goto('/')
         |                ^
      18 |     await expect(page).toHaveTitle(/CareerSetu/i)
      19 |     // Hero heading visible
      20 |     await expect(page.locator('h1').first()).toBeVisible()
        at C:\Users\amitc\CareerSetu\tests\e2e\regression.spec.ts:17:16

    attachment #1: screenshot (image/png) ΓöÇΓöÇΓöÇΓöÇΓöÇΓöÇΓöÇΓöÇΓöÇΓöÇΓöÇΓöÇΓöÇΓöÇΓöÇΓöÇΓöÇΓöÇΓöÇΓöÇΓöÇΓöÇΓöÇΓöÇΓöÇΓöÇΓöÇΓöÇΓöÇΓöÇΓöÇΓöÇΓöÇΓöÇΓöÇΓöÇΓöÇΓöÇΓöÇΓöÇΓöÇΓöÇΓöÇΓöÇΓöÇΓöÇΓöÇΓöÇΓöÇΓöÇΓöÇΓöÇΓöÇΓöÇΓöÇΓöÇΓöÇΓöÇ
    test-results\regression-Marketing-ΓÇô-Lan-09021-shows-hero-CTA-no-JS-errors-Opera\test-failed-1.png
    ΓöÇΓöÇΓöÇΓöÇΓöÇΓöÇΓöÇΓöÇΓöÇΓöÇΓöÇΓöÇΓöÇΓöÇΓöÇΓöÇΓöÇΓöÇΓöÇΓöÇΓöÇΓöÇΓöÇΓöÇΓöÇΓöÇΓöÇΓöÇΓöÇΓöÇΓöÇΓöÇΓöÇΓöÇΓöÇΓöÇΓöÇΓöÇΓöÇΓöÇΓöÇΓöÇΓöÇΓöÇΓöÇΓöÇΓöÇΓöÇΓöÇΓöÇΓöÇΓöÇΓöÇΓöÇΓöÇΓöÇΓöÇΓöÇΓöÇΓöÇΓöÇΓöÇΓöÇΓöÇΓöÇΓöÇΓöÇΓöÇΓöÇΓöÇΓöÇΓöÇΓöÇΓöÇΓöÇΓöÇΓöÇΓöÇΓöÇΓöÇΓöÇΓöÇΓöÇΓöÇΓöÇΓöÇΓöÇΓöÇΓöÇΓöÇΓöÇΓöÇΓöÇΓöÇΓöÇΓöÇ

    Error Context: test-results\regression-Marketing-ΓÇô-Lan-09021-shows-hero-CTA-no-JS-errors-Opera\error-context.md

    Retry #1 ΓöÇΓöÇΓöÇΓöÇΓöÇΓöÇΓöÇΓöÇΓöÇΓöÇΓöÇΓöÇΓöÇΓöÇΓöÇΓöÇΓöÇΓöÇΓöÇΓöÇΓöÇΓöÇΓöÇΓöÇΓöÇΓöÇΓöÇΓöÇΓöÇΓöÇΓöÇΓöÇΓöÇΓöÇΓöÇΓöÇΓöÇΓöÇΓöÇΓöÇΓöÇΓöÇΓöÇΓöÇΓöÇΓöÇΓöÇΓöÇΓöÇΓöÇΓöÇΓöÇΓöÇΓöÇΓöÇΓöÇΓöÇΓöÇΓöÇΓöÇΓöÇΓöÇΓöÇΓöÇΓöÇΓöÇΓöÇΓöÇΓöÇΓöÇΓöÇΓöÇΓöÇΓöÇΓöÇΓöÇΓöÇΓöÇΓöÇΓöÇΓöÇΓöÇΓöÇΓöÇΓöÇΓöÇΓöÇ

    Error: page.goto: net::ERR_NAME_NOT_RESOLVED at https://thecareersetu.in/
    Call log:
      - navigating to "https://thecareersetu.in/", waiting until "load"


      15 |   test('loads, shows hero CTA, no JS errors', async ({ page }) => {
      16 |     const errs = await noConsoleErrors(page)
    > 17 |     await page.goto('/')
         |                ^
      18 |     await expect(page).toHaveTitle(/CareerSetu/i)
      19 |     // Hero heading visible
      20 |     await expect(page.locator('h1').first()).toBeVisible()
        at C:\Users\amitc\CareerSetu\tests\e2e\regression.spec.ts:17:16

    Error Context: test-results\regression-Marketing-ΓÇô-Lan-09021-shows-hero-CTA-no-JS-errors-Opera-retry1\error-context.md

  98) [Opera] ΓÇ║ tests\e2e\regression.spec.ts:30:7 ΓÇ║ Marketing ΓÇô Landing page ΓÇ║ navbar links render ΓöÇ

    Error: page.goto: net::ERR_NAME_NOT_RESOLVED at https://thecareersetu.in/
    Call log:
      - navigating to "https://thecareersetu.in/", waiting until "load"


      29 |
      30 |   test('navbar links render', async ({ page }) => {
    > 31 |     await page.goto('/')
         |                ^
      32 |     await expect(page.getByRole('link', { name: /pricing/i }).first()).toBeVisible()
      33 |   })
      34 |
        at C:\Users\amitc\CareerSetu\tests\e2e\regression.spec.ts:31:16

    attachment #1: screenshot (image/png) ΓöÇΓöÇΓöÇΓöÇΓöÇΓöÇΓöÇΓöÇΓöÇΓöÇΓöÇΓöÇΓöÇΓöÇΓöÇΓöÇΓöÇΓöÇΓöÇΓöÇΓöÇΓöÇΓöÇΓöÇΓöÇΓöÇΓöÇΓöÇΓöÇΓöÇΓöÇΓöÇΓöÇΓöÇΓöÇΓöÇΓöÇΓöÇΓöÇΓöÇΓöÇΓöÇΓöÇΓöÇΓöÇΓöÇΓöÇΓöÇΓöÇΓöÇΓöÇΓöÇΓöÇΓöÇΓöÇΓöÇΓöÇΓöÇ
    test-results\regression-Marketing-ΓÇô-Landing-page-navbar-links-render-Opera\test-failed-1.png
    ΓöÇΓöÇΓöÇΓöÇΓöÇΓöÇΓöÇΓöÇΓöÇΓöÇΓöÇΓöÇΓöÇΓöÇΓöÇΓöÇΓöÇΓöÇΓöÇΓöÇΓöÇΓöÇΓöÇΓöÇΓöÇΓöÇΓöÇΓöÇΓöÇΓöÇΓöÇΓöÇΓöÇΓöÇΓöÇΓöÇΓöÇΓöÇΓöÇΓöÇΓöÇΓöÇΓöÇΓöÇΓöÇΓöÇΓöÇΓöÇΓöÇΓöÇΓöÇΓöÇΓöÇΓöÇΓöÇΓöÇΓöÇΓöÇΓöÇΓöÇΓöÇΓöÇΓöÇΓöÇΓöÇΓöÇΓöÇΓöÇΓöÇΓöÇΓöÇΓöÇΓöÇΓöÇΓöÇΓöÇΓöÇΓöÇΓöÇΓöÇΓöÇΓöÇΓöÇΓöÇΓöÇΓöÇΓöÇΓöÇΓöÇΓöÇΓöÇΓöÇΓöÇΓöÇΓöÇΓöÇ

    Error Context: test-results\regression-Marketing-ΓÇô-Landing-page-navbar-links-render-Opera\error-context.md

    Retry #1 ΓöÇΓöÇΓöÇΓöÇΓöÇΓöÇΓöÇΓöÇΓöÇΓöÇΓöÇΓöÇΓöÇΓöÇΓöÇΓöÇΓöÇΓöÇΓöÇΓöÇΓöÇΓöÇΓöÇΓöÇΓöÇΓöÇΓöÇΓöÇΓöÇΓöÇΓöÇΓöÇΓöÇΓöÇΓöÇΓöÇΓöÇΓöÇΓöÇΓöÇΓöÇΓöÇΓöÇΓöÇΓöÇΓöÇΓöÇΓöÇΓöÇΓöÇΓöÇΓöÇΓöÇΓöÇΓöÇΓöÇΓöÇΓöÇΓöÇΓöÇΓöÇΓöÇΓöÇΓöÇΓöÇΓöÇΓöÇΓöÇΓöÇΓöÇΓöÇΓöÇΓöÇΓöÇΓöÇΓöÇΓöÇΓöÇΓöÇΓöÇΓöÇΓöÇΓöÇΓöÇΓöÇΓöÇΓöÇ

    Error: page.goto: net::ERR_NAME_NOT_RESOLVED at https://thecareersetu.in/
    Call log:
      - navigating to "https://thecareersetu.in/", waiting until "load"


      29 |
      30 |   test('navbar links render', async ({ page }) => {
    > 31 |     await page.goto('/')
         |                ^
      32 |     await expect(page.getByRole('link', { name: /pricing/i }).first()).toBeVisible()
      33 |   })
      34 |
        at C:\Users\amitc\CareerSetu\tests\e2e\regression.spec.ts:31:16

    attachment #1: screenshot (image/png) ΓöÇΓöÇΓöÇΓöÇΓöÇΓöÇΓöÇΓöÇΓöÇΓöÇΓöÇΓöÇΓöÇΓöÇΓöÇΓöÇΓöÇΓöÇΓöÇΓöÇΓöÇΓöÇΓöÇΓöÇΓöÇΓöÇΓöÇΓöÇΓöÇΓöÇΓöÇΓöÇΓöÇΓöÇΓöÇΓöÇΓöÇΓöÇΓöÇΓöÇΓöÇΓöÇΓöÇΓöÇΓöÇΓöÇΓöÇΓöÇΓöÇΓöÇΓöÇΓöÇΓöÇΓöÇΓöÇΓöÇΓöÇΓöÇ
    test-results\regression-Marketing-ΓÇô-Landing-page-navbar-links-render-Opera-retry1\test-failed-1.png
    ΓöÇΓöÇΓöÇΓöÇΓöÇΓöÇΓöÇΓöÇΓöÇΓöÇΓöÇΓöÇΓöÇΓöÇΓöÇΓöÇΓöÇΓöÇΓöÇΓöÇΓöÇΓöÇΓöÇΓöÇΓöÇΓöÇΓöÇΓöÇΓöÇΓöÇΓöÇΓöÇΓöÇΓöÇΓöÇΓöÇΓöÇΓöÇΓöÇΓöÇΓöÇΓöÇΓöÇΓöÇΓöÇΓöÇΓöÇΓöÇΓöÇΓöÇΓöÇΓöÇΓöÇΓöÇΓöÇΓöÇΓöÇΓöÇΓöÇΓöÇΓöÇΓöÇΓöÇΓöÇΓöÇΓöÇΓöÇΓöÇΓöÇΓöÇΓöÇΓöÇΓöÇΓöÇΓöÇΓöÇΓöÇΓöÇΓöÇΓöÇΓöÇΓöÇΓöÇΓöÇΓöÇΓöÇΓöÇΓöÇΓöÇΓöÇΓöÇΓöÇΓöÇΓöÇΓöÇΓöÇ

    Error Context: test-results\regression-Marketing-ΓÇô-Landing-page-navbar-links-render-Opera-retry1\error-context.md

  99) [Opera] ΓÇ║ tests\e2e\regression.spec.ts:35:7 ΓÇ║ Marketing ΓÇô Landing page ΓÇ║ no broken images on landing 

    Error: page.goto: net::ERR_NAME_NOT_RESOLVED at https://thecareersetu.in/
    Call log:
      - navigating to "https://thecareersetu.in/", waiting until "load"


      34 |
      35 |   test('no broken images on landing', async ({ page }) => {
    > 36 |     await page.goto('/')
         |                ^
      37 |     const imgs = await page.$$eval('img', els =>
      38 |       els.map(i => ({ src: i.src, ok: (i as HTMLImageElement).naturalWidth > 0 }))
      39 |     )
        at C:\Users\amitc\CareerSetu\tests\e2e\regression.spec.ts:36:16

    attachment #1: screenshot (image/png) ΓöÇΓöÇΓöÇΓöÇΓöÇΓöÇΓöÇΓöÇΓöÇΓöÇΓöÇΓöÇΓöÇΓöÇΓöÇΓöÇΓöÇΓöÇΓöÇΓöÇΓöÇΓöÇΓöÇΓöÇΓöÇΓöÇΓöÇΓöÇΓöÇΓöÇΓöÇΓöÇΓöÇΓöÇΓöÇΓöÇΓöÇΓöÇΓöÇΓöÇΓöÇΓöÇΓöÇΓöÇΓöÇΓöÇΓöÇΓöÇΓöÇΓöÇΓöÇΓöÇΓöÇΓöÇΓöÇΓöÇΓöÇΓöÇ
    test-results\regression-Marketing-ΓÇô-Lan-d5040-no-broken-images-on-landing-Opera\test-failed-1.png
    ΓöÇΓöÇΓöÇΓöÇΓöÇΓöÇΓöÇΓöÇΓöÇΓöÇΓöÇΓöÇΓöÇΓöÇΓöÇΓöÇΓöÇΓöÇΓöÇΓöÇΓöÇΓöÇΓöÇΓöÇΓöÇΓöÇΓöÇΓöÇΓöÇΓöÇΓöÇΓöÇΓöÇΓöÇΓöÇΓöÇΓöÇΓöÇΓöÇΓöÇΓöÇΓöÇΓöÇΓöÇΓöÇΓöÇΓöÇΓöÇΓöÇΓöÇΓöÇΓöÇΓöÇΓöÇΓöÇΓöÇΓöÇΓöÇΓöÇΓöÇΓöÇΓöÇΓöÇΓöÇΓöÇΓöÇΓöÇΓöÇΓöÇΓöÇΓöÇΓöÇΓöÇΓöÇΓöÇΓöÇΓöÇΓöÇΓöÇΓöÇΓöÇΓöÇΓöÇΓöÇΓöÇΓöÇΓöÇΓöÇΓöÇΓöÇΓöÇΓöÇΓöÇΓöÇΓöÇΓöÇ

    Error Context: test-results\regression-Marketing-ΓÇô-Lan-d5040-no-broken-images-on-landing-Opera\error-context.md

    Retry #1 ΓöÇΓöÇΓöÇΓöÇΓöÇΓöÇΓöÇΓöÇΓöÇΓöÇΓöÇΓöÇΓöÇΓöÇΓöÇΓöÇΓöÇΓöÇΓöÇΓöÇΓöÇΓöÇΓöÇΓöÇΓöÇΓöÇΓöÇΓöÇΓöÇΓöÇΓöÇΓöÇΓöÇΓöÇΓöÇΓöÇΓöÇΓöÇΓöÇΓöÇΓöÇΓöÇΓöÇΓöÇΓöÇΓöÇΓöÇΓöÇΓöÇΓöÇΓöÇΓöÇΓöÇΓöÇΓöÇΓöÇΓöÇΓöÇΓöÇΓöÇΓöÇΓöÇΓöÇΓöÇΓöÇΓöÇΓöÇΓöÇΓöÇΓöÇΓöÇΓöÇΓöÇΓöÇΓöÇΓöÇΓöÇΓöÇΓöÇΓöÇΓöÇΓöÇΓöÇΓöÇΓöÇΓöÇΓöÇ

    Error: page.goto: net::ERR_NAME_NOT_RESOLVED at https://thecareersetu.in/
    Call log:
      - navigating to "https://thecareersetu.in/", waiting until "load"


      34 |
      35 |   test('no broken images on landing', async ({ page }) => {
    > 36 |     await page.goto('/')
         |                ^
      37 |     const imgs = await page.$$eval('img', els =>
      38 |       els.map(i => ({ src: i.src, ok: (i as HTMLImageElement).naturalWidth > 0 }))
      39 |     )
        at C:\Users\amitc\CareerSetu\tests\e2e\regression.spec.ts:36:16

    attachment #1: screenshot (image/png) ΓöÇΓöÇΓöÇΓöÇΓöÇΓöÇΓöÇΓöÇΓöÇΓöÇΓöÇΓöÇΓöÇΓöÇΓöÇΓöÇΓöÇΓöÇΓöÇΓöÇΓöÇΓöÇΓöÇΓöÇΓöÇΓöÇΓöÇΓöÇΓöÇΓöÇΓöÇΓöÇΓöÇΓöÇΓöÇΓöÇΓöÇΓöÇΓöÇΓöÇΓöÇΓöÇΓöÇΓöÇΓöÇΓöÇΓöÇΓöÇΓöÇΓöÇΓöÇΓöÇΓöÇΓöÇΓöÇΓöÇΓöÇΓöÇ
    test-results\regression-Marketing-ΓÇô-Lan-d5040-no-broken-images-on-landing-Opera-retry1\test-failed-1.png
    ΓöÇΓöÇΓöÇΓöÇΓöÇΓöÇΓöÇΓöÇΓöÇΓöÇΓöÇΓöÇΓöÇΓöÇΓöÇΓöÇΓöÇΓöÇΓöÇΓöÇΓöÇΓöÇΓöÇΓöÇΓöÇΓöÇΓöÇΓöÇΓöÇΓöÇΓöÇΓöÇΓöÇΓöÇΓöÇΓöÇΓöÇΓöÇΓöÇΓöÇΓöÇΓöÇΓöÇΓöÇΓöÇΓöÇΓöÇΓöÇΓöÇΓöÇΓöÇΓöÇΓöÇΓöÇΓöÇΓöÇΓöÇΓöÇΓöÇΓöÇΓöÇΓöÇΓöÇΓöÇΓöÇΓöÇΓöÇΓöÇΓöÇΓöÇΓöÇΓöÇΓöÇΓöÇΓöÇΓöÇΓöÇΓöÇΓöÇΓöÇΓöÇΓöÇΓöÇΓöÇΓöÇΓöÇΓöÇΓöÇΓöÇΓöÇΓöÇΓöÇΓöÇΓöÇΓöÇΓöÇ

    Error Context: test-results\regression-Marketing-ΓÇô-Lan-d5040-no-broken-images-on-landing-Opera-retry1\error-context.md

  100) [Opera] ΓÇ║ tests\e2e\regression.spec.ts:47:7 ΓÇ║ Marketing ΓÇô Pricing ΓÇ║ loads and shows plan cards 

    Error: page.goto: net::ERR_NAME_NOT_RESOLVED at https://thecareersetu.in/pricing
    Call log:
      - navigating to "https://thecareersetu.in/pricing", waiting until "load"


      46 | test.describe('Marketing ΓÇô Pricing', () => {
      47 |   test('loads and shows plan cards', async ({ page }) => {
    > 48 |     await page.goto('/pricing')
         |                ^
      49 |     await expect(page).toHaveTitle(/pricing|plans/i)
      50 |     // Expect at least 2 plan headings (Free + paid)
      51 |     const cards = page.locator('[class*="card"], [class*="plan"], section').filter({ hasText: /free|starter|pro/i })
        at C:\Users\amitc\CareerSetu\tests\e2e\regression.spec.ts:48:16

    attachment #1: screenshot (image/png) ΓöÇΓöÇΓöÇΓöÇΓöÇΓöÇΓöÇΓöÇΓöÇΓöÇΓöÇΓöÇΓöÇΓöÇΓöÇΓöÇΓöÇΓöÇΓöÇΓöÇΓöÇΓöÇΓöÇΓöÇΓöÇΓöÇΓöÇΓöÇΓöÇΓöÇΓöÇΓöÇΓöÇΓöÇΓöÇΓöÇΓöÇΓöÇΓöÇΓöÇΓöÇΓöÇΓöÇΓöÇΓöÇΓöÇΓöÇΓöÇΓöÇΓöÇΓöÇΓöÇΓöÇΓöÇΓöÇΓöÇΓöÇΓöÇ
    test-results\regression-Marketing-ΓÇô-Pricing-loads-and-shows-plan-cards-Opera\test-failed-1.png
    ΓöÇΓöÇΓöÇΓöÇΓöÇΓöÇΓöÇΓöÇΓöÇΓöÇΓöÇΓöÇΓöÇΓöÇΓöÇΓöÇΓöÇΓöÇΓöÇΓöÇΓöÇΓöÇΓöÇΓöÇΓöÇΓöÇΓöÇΓöÇΓöÇΓöÇΓöÇΓöÇΓöÇΓöÇΓöÇΓöÇΓöÇΓöÇΓöÇΓöÇΓöÇΓöÇΓöÇΓöÇΓöÇΓöÇΓöÇΓöÇΓöÇΓöÇΓöÇΓöÇΓöÇΓöÇΓöÇΓöÇΓöÇΓöÇΓöÇΓöÇΓöÇΓöÇΓöÇΓöÇΓöÇΓöÇΓöÇΓöÇΓöÇΓöÇΓöÇΓöÇΓöÇΓöÇΓöÇΓöÇΓöÇΓöÇΓöÇΓöÇΓöÇΓöÇΓöÇΓöÇΓöÇΓöÇΓöÇΓöÇΓöÇΓöÇΓöÇΓöÇΓöÇΓöÇΓöÇΓöÇ

    Error Context: test-results\regression-Marketing-ΓÇô-Pricing-loads-and-shows-plan-cards-Opera\error-context.md

    Retry #1 ΓöÇΓöÇΓöÇΓöÇΓöÇΓöÇΓöÇΓöÇΓöÇΓöÇΓöÇΓöÇΓöÇΓöÇΓöÇΓöÇΓöÇΓöÇΓöÇΓöÇΓöÇΓöÇΓöÇΓöÇΓöÇΓöÇΓöÇΓöÇΓöÇΓöÇΓöÇΓöÇΓöÇΓöÇΓöÇΓöÇΓöÇΓöÇΓöÇΓöÇΓöÇΓöÇΓöÇΓöÇΓöÇΓöÇΓöÇΓöÇΓöÇΓöÇΓöÇΓöÇΓöÇΓöÇΓöÇΓöÇΓöÇΓöÇΓöÇΓöÇΓöÇΓöÇΓöÇΓöÇΓöÇΓöÇΓöÇΓöÇΓöÇΓöÇΓöÇΓöÇΓöÇΓöÇΓöÇΓöÇΓöÇΓöÇΓöÇΓöÇΓöÇΓöÇΓöÇΓöÇΓöÇΓöÇΓöÇ

    Error: page.goto: net::ERR_NAME_NOT_RESOLVED at https://thecareersetu.in/pricing
    Call log:
      - navigating to "https://thecareersetu.in/pricing", waiting until "load"


      46 | test.describe('Marketing ΓÇô Pricing', () => {
      47 |   test('loads and shows plan cards', async ({ page }) => {
    > 48 |     await page.goto('/pricing')
         |                ^
      49 |     await expect(page).toHaveTitle(/pricing|plans/i)
      50 |     // Expect at least 2 plan headings (Free + paid)
      51 |     const cards = page.locator('[class*="card"], [class*="plan"], section').filter({ hasText: /free|starter|pro/i })
        at C:\Users\amitc\CareerSetu\tests\e2e\regression.spec.ts:48:16

    attachment #1: screenshot (image/png) ΓöÇΓöÇΓöÇΓöÇΓöÇΓöÇΓöÇΓöÇΓöÇΓöÇΓöÇΓöÇΓöÇΓöÇΓöÇΓöÇΓöÇΓöÇΓöÇΓöÇΓöÇΓöÇΓöÇΓöÇΓöÇΓöÇΓöÇΓöÇΓöÇΓöÇΓöÇΓöÇΓöÇΓöÇΓöÇΓöÇΓöÇΓöÇΓöÇΓöÇΓöÇΓöÇΓöÇΓöÇΓöÇΓöÇΓöÇΓöÇΓöÇΓöÇΓöÇΓöÇΓöÇΓöÇΓöÇΓöÇΓöÇΓöÇ
    test-results\regression-Marketing-ΓÇô-Pricing-loads-and-shows-plan-cards-Opera-retry1\test-failed-1.png
    ΓöÇΓöÇΓöÇΓöÇΓöÇΓöÇΓöÇΓöÇΓöÇΓöÇΓöÇΓöÇΓöÇΓöÇΓöÇΓöÇΓöÇΓöÇΓöÇΓöÇΓöÇΓöÇΓöÇΓöÇΓöÇΓöÇΓöÇΓöÇΓöÇΓöÇΓöÇΓöÇΓöÇΓöÇΓöÇΓöÇΓöÇΓöÇΓöÇΓöÇΓöÇΓöÇΓöÇΓöÇΓöÇΓöÇΓöÇΓöÇΓöÇΓöÇΓöÇΓöÇΓöÇΓöÇΓöÇΓöÇΓöÇΓöÇΓöÇΓöÇΓöÇΓöÇΓöÇΓöÇΓöÇΓöÇΓöÇΓöÇΓöÇΓöÇΓöÇΓöÇΓöÇΓöÇΓöÇΓöÇΓöÇΓöÇΓöÇΓöÇΓöÇΓöÇΓöÇΓöÇΓöÇΓöÇΓöÇΓöÇΓöÇΓöÇΓöÇΓöÇΓöÇΓöÇΓöÇΓöÇ

    Error Context: test-results\regression-Marketing-ΓÇô-Pricing-loads-and-shows-plan-cards-Opera-retry1\error-context.md

  101) [Opera] ΓÇ║ tests\e2e\regression.spec.ts:57:7 ΓÇ║ Marketing ΓÇô About ΓÇ║ loads without error ΓöÇΓöÇΓöÇΓöÇΓöÇΓöÇΓöÇ

    Error: page.goto: net::ERR_NAME_NOT_RESOLVED at https://thecareersetu.in/about
    Call log:
      - navigating to "https://thecareersetu.in/about", waiting until "load"


      57 |   test('loads without error', async ({ page }) => {
      58 |     const errs = await noConsoleErrors(page)
    > 59 |     await page.goto('/about')
         |                ^
      60 |     await expect(page.locator('h1').first()).toBeVisible()
      61 |     expect(errs().filter(e => !e.includes('hydrat'))).toHaveLength(0)
      62 |   })
        at C:\Users\amitc\CareerSetu\tests\e2e\regression.spec.ts:59:16

    attachment #1: screenshot (image/png) ΓöÇΓöÇΓöÇΓöÇΓöÇΓöÇΓöÇΓöÇΓöÇΓöÇΓöÇΓöÇΓöÇΓöÇΓöÇΓöÇΓöÇΓöÇΓöÇΓöÇΓöÇΓöÇΓöÇΓöÇΓöÇΓöÇΓöÇΓöÇΓöÇΓöÇΓöÇΓöÇΓöÇΓöÇΓöÇΓöÇΓöÇΓöÇΓöÇΓöÇΓöÇΓöÇΓöÇΓöÇΓöÇΓöÇΓöÇΓöÇΓöÇΓöÇΓöÇΓöÇΓöÇΓöÇΓöÇΓöÇΓöÇΓöÇ
    test-results\regression-Marketing-ΓÇô-About-loads-without-error-Opera\test-failed-1.png
    ΓöÇΓöÇΓöÇΓöÇΓöÇΓöÇΓöÇΓöÇΓöÇΓöÇΓöÇΓöÇΓöÇΓöÇΓöÇΓöÇΓöÇΓöÇΓöÇΓöÇΓöÇΓöÇΓöÇΓöÇΓöÇΓöÇΓöÇΓöÇΓöÇΓöÇΓöÇΓöÇΓöÇΓöÇΓöÇΓöÇΓöÇΓöÇΓöÇΓöÇΓöÇΓöÇΓöÇΓöÇΓöÇΓöÇΓöÇΓöÇΓöÇΓöÇΓöÇΓöÇΓöÇΓöÇΓöÇΓöÇΓöÇΓöÇΓöÇΓöÇΓöÇΓöÇΓöÇΓöÇΓöÇΓöÇΓöÇΓöÇΓöÇΓöÇΓöÇΓöÇΓöÇΓöÇΓöÇΓöÇΓöÇΓöÇΓöÇΓöÇΓöÇΓöÇΓöÇΓöÇΓöÇΓöÇΓöÇΓöÇΓöÇΓöÇΓöÇΓöÇΓöÇΓöÇΓöÇΓöÇ

    Error Context: test-results\regression-Marketing-ΓÇô-About-loads-without-error-Opera\error-context.md

    Retry #1 ΓöÇΓöÇΓöÇΓöÇΓöÇΓöÇΓöÇΓöÇΓöÇΓöÇΓöÇΓöÇΓöÇΓöÇΓöÇΓöÇΓöÇΓöÇΓöÇΓöÇΓöÇΓöÇΓöÇΓöÇΓöÇΓöÇΓöÇΓöÇΓöÇΓöÇΓöÇΓöÇΓöÇΓöÇΓöÇΓöÇΓöÇΓöÇΓöÇΓöÇΓöÇΓöÇΓöÇΓöÇΓöÇΓöÇΓöÇΓöÇΓöÇΓöÇΓöÇΓöÇΓöÇΓöÇΓöÇΓöÇΓöÇΓöÇΓöÇΓöÇΓöÇΓöÇΓöÇΓöÇΓöÇΓöÇΓöÇΓöÇΓöÇΓöÇΓöÇΓöÇΓöÇΓöÇΓöÇΓöÇΓöÇΓöÇΓöÇΓöÇΓöÇΓöÇΓöÇΓöÇΓöÇΓöÇΓöÇ

    Error: page.goto: net::ERR_NAME_NOT_RESOLVED at https://thecareersetu.in/about
    Call log:
      - navigating to "https://thecareersetu.in/about", waiting until "load"


      57 |   test('loads without error', async ({ page }) => {
      58 |     const errs = await noConsoleErrors(page)
    > 59 |     await page.goto('/about')
         |                ^
      60 |     await expect(page.locator('h1').first()).toBeVisible()
      61 |     expect(errs().filter(e => !e.includes('hydrat'))).toHaveLength(0)
      62 |   })
        at C:\Users\amitc\CareerSetu\tests\e2e\regression.spec.ts:59:16

    attachment #1: screenshot (image/png) ΓöÇΓöÇΓöÇΓöÇΓöÇΓöÇΓöÇΓöÇΓöÇΓöÇΓöÇΓöÇΓöÇΓöÇΓöÇΓöÇΓöÇΓöÇΓöÇΓöÇΓöÇΓöÇΓöÇΓöÇΓöÇΓöÇΓöÇΓöÇΓöÇΓöÇΓöÇΓöÇΓöÇΓöÇΓöÇΓöÇΓöÇΓöÇΓöÇΓöÇΓöÇΓöÇΓöÇΓöÇΓöÇΓöÇΓöÇΓöÇΓöÇΓöÇΓöÇΓöÇΓöÇΓöÇΓöÇΓöÇΓöÇΓöÇ
    test-results\regression-Marketing-ΓÇô-About-loads-without-error-Opera-retry1\test-failed-1.png
    ΓöÇΓöÇΓöÇΓöÇΓöÇΓöÇΓöÇΓöÇΓöÇΓöÇΓöÇΓöÇΓöÇΓöÇΓöÇΓöÇΓöÇΓöÇΓöÇΓöÇΓöÇΓöÇΓöÇΓöÇΓöÇΓöÇΓöÇΓöÇΓöÇΓöÇΓöÇΓöÇΓöÇΓöÇΓöÇΓöÇΓöÇΓöÇΓöÇΓöÇΓöÇΓöÇΓöÇΓöÇΓöÇΓöÇΓöÇΓöÇΓöÇΓöÇΓöÇΓöÇΓöÇΓöÇΓöÇΓöÇΓöÇΓöÇΓöÇΓöÇΓöÇΓöÇΓöÇΓöÇΓöÇΓöÇΓöÇΓöÇΓöÇΓöÇΓöÇΓöÇΓöÇΓöÇΓöÇΓöÇΓöÇΓöÇΓöÇΓöÇΓöÇΓöÇΓöÇΓöÇΓöÇΓöÇΓöÇΓöÇΓöÇΓöÇΓöÇΓöÇΓöÇΓöÇΓöÇΓöÇ

    Error Context: test-results\regression-Marketing-ΓÇô-About-loads-without-error-Opera-retry1\error-context.md

  102) [Opera] ΓÇ║ tests\e2e\regression.spec.ts:66:7 ΓÇ║ Marketing ΓÇô Privacy & Terms ΓÇ║ privacy page loads 

    Error: page.goto: net::ERR_NAME_NOT_RESOLVED at https://thecareersetu.in/privacy
    Call log:
      - navigating to "https://thecareersetu.in/privacy", waiting until "load"


      65 | test.describe('Marketing ΓÇô Privacy & Terms', () => {
      66 |   test('privacy page loads', async ({ page }) => {
    > 67 |     await page.goto('/privacy')
         |                ^
      68 |     await expect(page.locator('h1').first()).toBeVisible()
      69 |   })
      70 |   test('terms page loads', async ({ page }) => {
        at C:\Users\amitc\CareerSetu\tests\e2e\regression.spec.ts:67:16

    attachment #1: screenshot (image/png) ΓöÇΓöÇΓöÇΓöÇΓöÇΓöÇΓöÇΓöÇΓöÇΓöÇΓöÇΓöÇΓöÇΓöÇΓöÇΓöÇΓöÇΓöÇΓöÇΓöÇΓöÇΓöÇΓöÇΓöÇΓöÇΓöÇΓöÇΓöÇΓöÇΓöÇΓöÇΓöÇΓöÇΓöÇΓöÇΓöÇΓöÇΓöÇΓöÇΓöÇΓöÇΓöÇΓöÇΓöÇΓöÇΓöÇΓöÇΓöÇΓöÇΓöÇΓöÇΓöÇΓöÇΓöÇΓöÇΓöÇΓöÇΓöÇ
    test-results\regression-Marketing-ΓÇô-Privacy-Terms-privacy-page-loads-Opera\test-failed-1.png
    ΓöÇΓöÇΓöÇΓöÇΓöÇΓöÇΓöÇΓöÇΓöÇΓöÇΓöÇΓöÇΓöÇΓöÇΓöÇΓöÇΓöÇΓöÇΓöÇΓöÇΓöÇΓöÇΓöÇΓöÇΓöÇΓöÇΓöÇΓöÇΓöÇΓöÇΓöÇΓöÇΓöÇΓöÇΓöÇΓöÇΓöÇΓöÇΓöÇΓöÇΓöÇΓöÇΓöÇΓöÇΓöÇΓöÇΓöÇΓöÇΓöÇΓöÇΓöÇΓöÇΓöÇΓöÇΓöÇΓöÇΓöÇΓöÇΓöÇΓöÇΓöÇΓöÇΓöÇΓöÇΓöÇΓöÇΓöÇΓöÇΓöÇΓöÇΓöÇΓöÇΓöÇΓöÇΓöÇΓöÇΓöÇΓöÇΓöÇΓöÇΓöÇΓöÇΓöÇΓöÇΓöÇΓöÇΓöÇΓöÇΓöÇΓöÇΓöÇΓöÇΓöÇΓöÇΓöÇΓöÇ

    Error Context: test-results\regression-Marketing-ΓÇô-Privacy-Terms-privacy-page-loads-Opera\error-context.md

    Retry #1 ΓöÇΓöÇΓöÇΓöÇΓöÇΓöÇΓöÇΓöÇΓöÇΓöÇΓöÇΓöÇΓöÇΓöÇΓöÇΓöÇΓöÇΓöÇΓöÇΓöÇΓöÇΓöÇΓöÇΓöÇΓöÇΓöÇΓöÇΓöÇΓöÇΓöÇΓöÇΓöÇΓöÇΓöÇΓöÇΓöÇΓöÇΓöÇΓöÇΓöÇΓöÇΓöÇΓöÇΓöÇΓöÇΓöÇΓöÇΓöÇΓöÇΓöÇΓöÇΓöÇΓöÇΓöÇΓöÇΓöÇΓöÇΓöÇΓöÇΓöÇΓöÇΓöÇΓöÇΓöÇΓöÇΓöÇΓöÇΓöÇΓöÇΓöÇΓöÇΓöÇΓöÇΓöÇΓöÇΓöÇΓöÇΓöÇΓöÇΓöÇΓöÇΓöÇΓöÇΓöÇΓöÇΓöÇΓöÇ

    Error: page.goto: net::ERR_NAME_NOT_RESOLVED at https://thecareersetu.in/privacy
    Call log:
      - navigating to "https://thecareersetu.in/privacy", waiting until "load"


      65 | test.describe('Marketing ΓÇô Privacy & Terms', () => {
      66 |   test('privacy page loads', async ({ page }) => {
    > 67 |     await page.goto('/privacy')
         |                ^
      68 |     await expect(page.locator('h1').first()).toBeVisible()
      69 |   })
      70 |   test('terms page loads', async ({ page }) => {
        at C:\Users\amitc\CareerSetu\tests\e2e\regression.spec.ts:67:16

    attachment #1: screenshot (image/png) ΓöÇΓöÇΓöÇΓöÇΓöÇΓöÇΓöÇΓöÇΓöÇΓöÇΓöÇΓöÇΓöÇΓöÇΓöÇΓöÇΓöÇΓöÇΓöÇΓöÇΓöÇΓöÇΓöÇΓöÇΓöÇΓöÇΓöÇΓöÇΓöÇΓöÇΓöÇΓöÇΓöÇΓöÇΓöÇΓöÇΓöÇΓöÇΓöÇΓöÇΓöÇΓöÇΓöÇΓöÇΓöÇΓöÇΓöÇΓöÇΓöÇΓöÇΓöÇΓöÇΓöÇΓöÇΓöÇΓöÇΓöÇΓöÇ
    test-results\regression-Marketing-ΓÇô-Privacy-Terms-privacy-page-loads-Opera-retry1\test-failed-1.png
    ΓöÇΓöÇΓöÇΓöÇΓöÇΓöÇΓöÇΓöÇΓöÇΓöÇΓöÇΓöÇΓöÇΓöÇΓöÇΓöÇΓöÇΓöÇΓöÇΓöÇΓöÇΓöÇΓöÇΓöÇΓöÇΓöÇΓöÇΓöÇΓöÇΓöÇΓöÇΓöÇΓöÇΓöÇΓöÇΓöÇΓöÇΓöÇΓöÇΓöÇΓöÇΓöÇΓöÇΓöÇΓöÇΓöÇΓöÇΓöÇΓöÇΓöÇΓöÇΓöÇΓöÇΓöÇΓöÇΓöÇΓöÇΓöÇΓöÇΓöÇΓöÇΓöÇΓöÇΓöÇΓöÇΓöÇΓöÇΓöÇΓöÇΓöÇΓöÇΓöÇΓöÇΓöÇΓöÇΓöÇΓöÇΓöÇΓöÇΓöÇΓöÇΓöÇΓöÇΓöÇΓöÇΓöÇΓöÇΓöÇΓöÇΓöÇΓöÇΓöÇΓöÇΓöÇΓöÇΓöÇ

    Error Context: test-results\regression-Marketing-ΓÇô-Privacy-Terms-privacy-page-loads-Opera-retry1\error-context.md

  103) [Opera] ΓÇ║ tests\e2e\regression.spec.ts:70:7 ΓÇ║ Marketing ΓÇô Privacy & Terms ΓÇ║ terms page loads 

    Error: page.goto: net::ERR_NAME_NOT_RESOLVED at https://thecareersetu.in/terms
    Call log:
      - navigating to "https://thecareersetu.in/terms", waiting until "load"


      69 |   })
      70 |   test('terms page loads', async ({ page }) => {
    > 71 |     await page.goto('/terms')
         |                ^
      72 |     await expect(page.locator('h1').first()).toBeVisible()
      73 |   })
      74 | })
        at C:\Users\amitc\CareerSetu\tests\e2e\regression.spec.ts:71:16

    attachment #1: screenshot (image/png) ΓöÇΓöÇΓöÇΓöÇΓöÇΓöÇΓöÇΓöÇΓöÇΓöÇΓöÇΓöÇΓöÇΓöÇΓöÇΓöÇΓöÇΓöÇΓöÇΓöÇΓöÇΓöÇΓöÇΓöÇΓöÇΓöÇΓöÇΓöÇΓöÇΓöÇΓöÇΓöÇΓöÇΓöÇΓöÇΓöÇΓöÇΓöÇΓöÇΓöÇΓöÇΓöÇΓöÇΓöÇΓöÇΓöÇΓöÇΓöÇΓöÇΓöÇΓöÇΓöÇΓöÇΓöÇΓöÇΓöÇΓöÇΓöÇ
    test-results\regression-Marketing-ΓÇô-Privacy-Terms-terms-page-loads-Opera\test-failed-1.png
    ΓöÇΓöÇΓöÇΓöÇΓöÇΓöÇΓöÇΓöÇΓöÇΓöÇΓöÇΓöÇΓöÇΓöÇΓöÇΓöÇΓöÇΓöÇΓöÇΓöÇΓöÇΓöÇΓöÇΓöÇΓöÇΓöÇΓöÇΓöÇΓöÇΓöÇΓöÇΓöÇΓöÇΓöÇΓöÇΓöÇΓöÇΓöÇΓöÇΓöÇΓöÇΓöÇΓöÇΓöÇΓöÇΓöÇΓöÇΓöÇΓöÇΓöÇΓöÇΓöÇΓöÇΓöÇΓöÇΓöÇΓöÇΓöÇΓöÇΓöÇΓöÇΓöÇΓöÇΓöÇΓöÇΓöÇΓöÇΓöÇΓöÇΓöÇΓöÇΓöÇΓöÇΓöÇΓöÇΓöÇΓöÇΓöÇΓöÇΓöÇΓöÇΓöÇΓöÇΓöÇΓöÇΓöÇΓöÇΓöÇΓöÇΓöÇΓöÇΓöÇΓöÇΓöÇΓöÇΓöÇ

    Error Context: test-results\regression-Marketing-ΓÇô-Privacy-Terms-terms-page-loads-Opera\error-context.md

    Retry #1 ΓöÇΓöÇΓöÇΓöÇΓöÇΓöÇΓöÇΓöÇΓöÇΓöÇΓöÇΓöÇΓöÇΓöÇΓöÇΓöÇΓöÇΓöÇΓöÇΓöÇΓöÇΓöÇΓöÇΓöÇΓöÇΓöÇΓöÇΓöÇΓöÇΓöÇΓöÇΓöÇΓöÇΓöÇΓöÇΓöÇΓöÇΓöÇΓöÇΓöÇΓöÇΓöÇΓöÇΓöÇΓöÇΓöÇΓöÇΓöÇΓöÇΓöÇΓöÇΓöÇΓöÇΓöÇΓöÇΓöÇΓöÇΓöÇΓöÇΓöÇΓöÇΓöÇΓöÇΓöÇΓöÇΓöÇΓöÇΓöÇΓöÇΓöÇΓöÇΓöÇΓöÇΓöÇΓöÇΓöÇΓöÇΓöÇΓöÇΓöÇΓöÇΓöÇΓöÇΓöÇΓöÇΓöÇΓöÇ

    Error: page.goto: net::ERR_NAME_NOT_RESOLVED at https://thecareersetu.in/terms
    Call log:
      - navigating to "https://thecareersetu.in/terms", waiting until "load"


      69 |   })
      70 |   test('terms page loads', async ({ page }) => {
    > 71 |     await page.goto('/terms')
         |                ^
      72 |     await expect(page.locator('h1').first()).toBeVisible()
      73 |   })
      74 | })
        at C:\Users\amitc\CareerSetu\tests\e2e\regression.spec.ts:71:16

    attachment #1: screenshot (image/png) ΓöÇΓöÇΓöÇΓöÇΓöÇΓöÇΓöÇΓöÇΓöÇΓöÇΓöÇΓöÇΓöÇΓöÇΓöÇΓöÇΓöÇΓöÇΓöÇΓöÇΓöÇΓöÇΓöÇΓöÇΓöÇΓöÇΓöÇΓöÇΓöÇΓöÇΓöÇΓöÇΓöÇΓöÇΓöÇΓöÇΓöÇΓöÇΓöÇΓöÇΓöÇΓöÇΓöÇΓöÇΓöÇΓöÇΓöÇΓöÇΓöÇΓöÇΓöÇΓöÇΓöÇΓöÇΓöÇΓöÇΓöÇΓöÇ
    test-results\regression-Marketing-ΓÇô-Privacy-Terms-terms-page-loads-Opera-retry1\test-failed-1.png
    ΓöÇΓöÇΓöÇΓöÇΓöÇΓöÇΓöÇΓöÇΓöÇΓöÇΓöÇΓöÇΓöÇΓöÇΓöÇΓöÇΓöÇΓöÇΓöÇΓöÇΓöÇΓöÇΓöÇΓöÇΓöÇΓöÇΓöÇΓöÇΓöÇΓöÇΓöÇΓöÇΓöÇΓöÇΓöÇΓöÇΓöÇΓöÇΓöÇΓöÇΓöÇΓöÇΓöÇΓöÇΓöÇΓöÇΓöÇΓöÇΓöÇΓöÇΓöÇΓöÇΓöÇΓöÇΓöÇΓöÇΓöÇΓöÇΓöÇΓöÇΓöÇΓöÇΓöÇΓöÇΓöÇΓöÇΓöÇΓöÇΓöÇΓöÇΓöÇΓöÇΓöÇΓöÇΓöÇΓöÇΓöÇΓöÇΓöÇΓöÇΓöÇΓöÇΓöÇΓöÇΓöÇΓöÇΓöÇΓöÇΓöÇΓöÇΓöÇΓöÇΓöÇΓöÇΓöÇΓöÇ

    Error Context: test-results\regression-Marketing-ΓÇô-Privacy-Terms-terms-page-loads-Opera-retry1\error-context.md

  104) [Opera] ΓÇ║ tests\e2e\regression.spec.ts:79:7 ΓÇ║ Auth ΓÇô Login / Signup ΓÇ║ login page loads without redirect 

    Error: page.goto: net::ERR_NAME_NOT_RESOLVED at https://thecareersetu.in/login
    Call log:
      - navigating to "https://thecareersetu.in/login", waiting until "networkidle"


      78 | test.describe('Auth ΓÇô Login / Signup', () => {
      79 |   test('login page loads without redirect', async ({ page }) => {
    > 80 |     await page.goto('/login', { waitUntil: 'networkidle' })
         |                ^
      81 |     await expect(page).not.toHaveURL(/\/dashboard/)
      82 |     // Page content rendered (hydrated)
      83 |     await expect(page.locator('body')).not.toBeEmpty()
        at C:\Users\amitc\CareerSetu\tests\e2e\regression.spec.ts:80:16

    attachment #1: screenshot (image/png) ΓöÇΓöÇΓöÇΓöÇΓöÇΓöÇΓöÇΓöÇΓöÇΓöÇΓöÇΓöÇΓöÇΓöÇΓöÇΓöÇΓöÇΓöÇΓöÇΓöÇΓöÇΓöÇΓöÇΓöÇΓöÇΓöÇΓöÇΓöÇΓöÇΓöÇΓöÇΓöÇΓöÇΓöÇΓöÇΓöÇΓöÇΓöÇΓöÇΓöÇΓöÇΓöÇΓöÇΓöÇΓöÇΓöÇΓöÇΓöÇΓöÇΓöÇΓöÇΓöÇΓöÇΓöÇΓöÇΓöÇΓöÇΓöÇ
    test-results\regression-Auth-ΓÇô-Login-Si-e65f4-page-loads-without-redirect-Opera\test-failed-1.png
    ΓöÇΓöÇΓöÇΓöÇΓöÇΓöÇΓöÇΓöÇΓöÇΓöÇΓöÇΓöÇΓöÇΓöÇΓöÇΓöÇΓöÇΓöÇΓöÇΓöÇΓöÇΓöÇΓöÇΓöÇΓöÇΓöÇΓöÇΓöÇΓöÇΓöÇΓöÇΓöÇΓöÇΓöÇΓöÇΓöÇΓöÇΓöÇΓöÇΓöÇΓöÇΓöÇΓöÇΓöÇΓöÇΓöÇΓöÇΓöÇΓöÇΓöÇΓöÇΓöÇΓöÇΓöÇΓöÇΓöÇΓöÇΓöÇΓöÇΓöÇΓöÇΓöÇΓöÇΓöÇΓöÇΓöÇΓöÇΓöÇΓöÇΓöÇΓöÇΓöÇΓöÇΓöÇΓöÇΓöÇΓöÇΓöÇΓöÇΓöÇΓöÇΓöÇΓöÇΓöÇΓöÇΓöÇΓöÇΓöÇΓöÇΓöÇΓöÇΓöÇΓöÇΓöÇΓöÇΓöÇ

    Error Context: test-results\regression-Auth-ΓÇô-Login-Si-e65f4-page-loads-without-redirect-Opera\error-context.md

    Retry #1 ΓöÇΓöÇΓöÇΓöÇΓöÇΓöÇΓöÇΓöÇΓöÇΓöÇΓöÇΓöÇΓöÇΓöÇΓöÇΓöÇΓöÇΓöÇΓöÇΓöÇΓöÇΓöÇΓöÇΓöÇΓöÇΓöÇΓöÇΓöÇΓöÇΓöÇΓöÇΓöÇΓöÇΓöÇΓöÇΓöÇΓöÇΓöÇΓöÇΓöÇΓöÇΓöÇΓöÇΓöÇΓöÇΓöÇΓöÇΓöÇΓöÇΓöÇΓöÇΓöÇΓöÇΓöÇΓöÇΓöÇΓöÇΓöÇΓöÇΓöÇΓöÇΓöÇΓöÇΓöÇΓöÇΓöÇΓöÇΓöÇΓöÇΓöÇΓöÇΓöÇΓöÇΓöÇΓöÇΓöÇΓöÇΓöÇΓöÇΓöÇΓöÇΓöÇΓöÇΓöÇΓöÇΓöÇΓöÇ

    Error: page.goto: net::ERR_NAME_NOT_RESOLVED at https://thecareersetu.in/login
    Call log:
      - navigating to "https://thecareersetu.in/login", waiting until "networkidle"


      78 | test.describe('Auth ΓÇô Login / Signup', () => {
      79 |   test('login page loads without redirect', async ({ page }) => {
    > 80 |     await page.goto('/login', { waitUntil: 'networkidle' })
         |                ^
      81 |     await expect(page).not.toHaveURL(/\/dashboard/)
      82 |     // Page content rendered (hydrated)
      83 |     await expect(page.locator('body')).not.toBeEmpty()
        at C:\Users\amitc\CareerSetu\tests\e2e\regression.spec.ts:80:16

    attachment #1: screenshot (image/png) ΓöÇΓöÇΓöÇΓöÇΓöÇΓöÇΓöÇΓöÇΓöÇΓöÇΓöÇΓöÇΓöÇΓöÇΓöÇΓöÇΓöÇΓöÇΓöÇΓöÇΓöÇΓöÇΓöÇΓöÇΓöÇΓöÇΓöÇΓöÇΓöÇΓöÇΓöÇΓöÇΓöÇΓöÇΓöÇΓöÇΓöÇΓöÇΓöÇΓöÇΓöÇΓöÇΓöÇΓöÇΓöÇΓöÇΓöÇΓöÇΓöÇΓöÇΓöÇΓöÇΓöÇΓöÇΓöÇΓöÇΓöÇΓöÇ
    test-results\regression-Auth-ΓÇô-Login-Si-e65f4-page-loads-without-redirect-Opera-retry1\test-failed-1.png
    ΓöÇΓöÇΓöÇΓöÇΓöÇΓöÇΓöÇΓöÇΓöÇΓöÇΓöÇΓöÇΓöÇΓöÇΓöÇΓöÇΓöÇΓöÇΓöÇΓöÇΓöÇΓöÇΓöÇΓöÇΓöÇΓöÇΓöÇΓöÇΓöÇΓöÇΓöÇΓöÇΓöÇΓöÇΓöÇΓöÇΓöÇΓöÇΓöÇΓöÇΓöÇΓöÇΓöÇΓöÇΓöÇΓöÇΓöÇΓöÇΓöÇΓöÇΓöÇΓöÇΓöÇΓöÇΓöÇΓöÇΓöÇΓöÇΓöÇΓöÇΓöÇΓöÇΓöÇΓöÇΓöÇΓöÇΓöÇΓöÇΓöÇΓöÇΓöÇΓöÇΓöÇΓöÇΓöÇΓöÇΓöÇΓöÇΓöÇΓöÇΓöÇΓöÇΓöÇΓöÇΓöÇΓöÇΓöÇΓöÇΓöÇΓöÇΓöÇΓöÇΓöÇΓöÇΓöÇΓöÇ

    Error Context: test-results\regression-Auth-ΓÇô-Login-Si-e65f4-page-loads-without-redirect-Opera-retry1\error-context.md

  105) [Opera] ΓÇ║ tests\e2e\regression.spec.ts:87:7 ΓÇ║ Auth ΓÇô Login / Signup ΓÇ║ signup page loads without redirect 

    Error: page.goto: net::ERR_NAME_NOT_RESOLVED at https://thecareersetu.in/signup
    Call log:
      - navigating to "https://thecareersetu.in/signup", waiting until "networkidle"


      86 |
      87 |   test('signup page loads without redirect', async ({ page }) => {
    > 88 |     await page.goto('/signup', { waitUntil: 'networkidle' })
         |                ^
      89 |     await expect(page).not.toHaveURL(/\/dashboard/)
      90 |     await expect(page.locator('body')).not.toBeEmpty()
      91 |   })
        at C:\Users\amitc\CareerSetu\tests\e2e\regression.spec.ts:88:16

    attachment #1: screenshot (image/png) ΓöÇΓöÇΓöÇΓöÇΓöÇΓöÇΓöÇΓöÇΓöÇΓöÇΓöÇΓöÇΓöÇΓöÇΓöÇΓöÇΓöÇΓöÇΓöÇΓöÇΓöÇΓöÇΓöÇΓöÇΓöÇΓöÇΓöÇΓöÇΓöÇΓöÇΓöÇΓöÇΓöÇΓöÇΓöÇΓöÇΓöÇΓöÇΓöÇΓöÇΓöÇΓöÇΓöÇΓöÇΓöÇΓöÇΓöÇΓöÇΓöÇΓöÇΓöÇΓöÇΓöÇΓöÇΓöÇΓöÇΓöÇΓöÇ
    test-results\regression-Auth-ΓÇô-Login-Si-efc69-page-loads-without-redirect-Opera\test-failed-1.png
    ΓöÇΓöÇΓöÇΓöÇΓöÇΓöÇΓöÇΓöÇΓöÇΓöÇΓöÇΓöÇΓöÇΓöÇΓöÇΓöÇΓöÇΓöÇΓöÇΓöÇΓöÇΓöÇΓöÇΓöÇΓöÇΓöÇΓöÇΓöÇΓöÇΓöÇΓöÇΓöÇΓöÇΓöÇΓöÇΓöÇΓöÇΓöÇΓöÇΓöÇΓöÇΓöÇΓöÇΓöÇΓöÇΓöÇΓöÇΓöÇΓöÇΓöÇΓöÇΓöÇΓöÇΓöÇΓöÇΓöÇΓöÇΓöÇΓöÇΓöÇΓöÇΓöÇΓöÇΓöÇΓöÇΓöÇΓöÇΓöÇΓöÇΓöÇΓöÇΓöÇΓöÇΓöÇΓöÇΓöÇΓöÇΓöÇΓöÇΓöÇΓöÇΓöÇΓöÇΓöÇΓöÇΓöÇΓöÇΓöÇΓöÇΓöÇΓöÇΓöÇΓöÇΓöÇΓöÇΓöÇ

    Error Context: test-results\regression-Auth-ΓÇô-Login-Si-efc69-page-loads-without-redirect-Opera\error-context.md

    Retry #1 ΓöÇΓöÇΓöÇΓöÇΓöÇΓöÇΓöÇΓöÇΓöÇΓöÇΓöÇΓöÇΓöÇΓöÇΓöÇΓöÇΓöÇΓöÇΓöÇΓöÇΓöÇΓöÇΓöÇΓöÇΓöÇΓöÇΓöÇΓöÇΓöÇΓöÇΓöÇΓöÇΓöÇΓöÇΓöÇΓöÇΓöÇΓöÇΓöÇΓöÇΓöÇΓöÇΓöÇΓöÇΓöÇΓöÇΓöÇΓöÇΓöÇΓöÇΓöÇΓöÇΓöÇΓöÇΓöÇΓöÇΓöÇΓöÇΓöÇΓöÇΓöÇΓöÇΓöÇΓöÇΓöÇΓöÇΓöÇΓöÇΓöÇΓöÇΓöÇΓöÇΓöÇΓöÇΓöÇΓöÇΓöÇΓöÇΓöÇΓöÇΓöÇΓöÇΓöÇΓöÇΓöÇΓöÇΓöÇ

    Error: page.goto: net::ERR_NAME_NOT_RESOLVED at https://thecareersetu.in/signup
    Call log:
      - navigating to "https://thecareersetu.in/signup", waiting until "networkidle"


      86 |
      87 |   test('signup page loads without redirect', async ({ page }) => {
    > 88 |     await page.goto('/signup', { waitUntil: 'networkidle' })
         |                ^
      89 |     await expect(page).not.toHaveURL(/\/dashboard/)
      90 |     await expect(page.locator('body')).not.toBeEmpty()
      91 |   })
        at C:\Users\amitc\CareerSetu\tests\e2e\regression.spec.ts:88:16

    attachment #1: screenshot (image/png) ΓöÇΓöÇΓöÇΓöÇΓöÇΓöÇΓöÇΓöÇΓöÇΓöÇΓöÇΓöÇΓöÇΓöÇΓöÇΓöÇΓöÇΓöÇΓöÇΓöÇΓöÇΓöÇΓöÇΓöÇΓöÇΓöÇΓöÇΓöÇΓöÇΓöÇΓöÇΓöÇΓöÇΓöÇΓöÇΓöÇΓöÇΓöÇΓöÇΓöÇΓöÇΓöÇΓöÇΓöÇΓöÇΓöÇΓöÇΓöÇΓöÇΓöÇΓöÇΓöÇΓöÇΓöÇΓöÇΓöÇΓöÇΓöÇ
    test-results\regression-Auth-ΓÇô-Login-Si-efc69-page-loads-without-redirect-Opera-retry1\test-failed-1.png
    ΓöÇΓöÇΓöÇΓöÇΓöÇΓöÇΓöÇΓöÇΓöÇΓöÇΓöÇΓöÇΓöÇΓöÇΓöÇΓöÇΓöÇΓöÇΓöÇΓöÇΓöÇΓöÇΓöÇΓöÇΓöÇΓöÇΓöÇΓöÇΓöÇΓöÇΓöÇΓöÇΓöÇΓöÇΓöÇΓöÇΓöÇΓöÇΓöÇΓöÇΓöÇΓöÇΓöÇΓöÇΓöÇΓöÇΓöÇΓöÇΓöÇΓöÇΓöÇΓöÇΓöÇΓöÇΓöÇΓöÇΓöÇΓöÇΓöÇΓöÇΓöÇΓöÇΓöÇΓöÇΓöÇΓöÇΓöÇΓöÇΓöÇΓöÇΓöÇΓöÇΓöÇΓöÇΓöÇΓöÇΓöÇΓöÇΓöÇΓöÇΓöÇΓöÇΓöÇΓöÇΓöÇΓöÇΓöÇΓöÇΓöÇΓöÇΓöÇΓöÇΓöÇΓöÇΓöÇΓöÇ

    Error Context: test-results\regression-Auth-ΓÇô-Login-Si-efc69-page-loads-without-redirect-Opera-retry1\error-context.md

  106) [Opera] ΓÇ║ tests\e2e\regression.spec.ts:109:9 ΓÇ║ Auth guard ΓÇô unauthenticated redirects ΓÇ║ /dashboard ΓåÆ redirects to /login 

    Error: page.goto: net::ERR_NAME_NOT_RESOLVED at https://thecareersetu.in/dashboard
    Call log:
      - navigating to "https://thecareersetu.in/dashboard", waiting until "load"


      108 |   for (const route of protectedRoutes) {
      109 |     test(`${route} ΓåÆ redirects to /login`, async ({ page }) => {
    > 110 |       await page.goto(route)
          |                  ^
      111 |       await expect(page).toHaveURL(/\/login/)
      112 |     })
      113 |   }
        at C:\Users\amitc\CareerSetu\tests\e2e\regression.spec.ts:110:18

    Error Context: test-results\regression-Auth-guard-ΓÇô-un-a1aaf-hboard-ΓåÆ-redirects-to-login-Opera\error-context.md

    Retry #1 ΓöÇΓöÇΓöÇΓöÇΓöÇΓöÇΓöÇΓöÇΓöÇΓöÇΓöÇΓöÇΓöÇΓöÇΓöÇΓöÇΓöÇΓöÇΓöÇΓöÇΓöÇΓöÇΓöÇΓöÇΓöÇΓöÇΓöÇΓöÇΓöÇΓöÇΓöÇΓöÇΓöÇΓöÇΓöÇΓöÇΓöÇΓöÇΓöÇΓöÇΓöÇΓöÇΓöÇΓöÇΓöÇΓöÇΓöÇΓöÇΓöÇΓöÇΓöÇΓöÇΓöÇΓöÇΓöÇΓöÇΓöÇΓöÇΓöÇΓöÇΓöÇΓöÇΓöÇΓöÇΓöÇΓöÇΓöÇΓöÇΓöÇΓöÇΓöÇΓöÇΓöÇΓöÇΓöÇΓöÇΓöÇΓöÇΓöÇΓöÇΓöÇΓöÇΓöÇΓöÇΓöÇΓöÇΓöÇ

    Error: page.goto: net::ERR_NAME_NOT_RESOLVED at https://thecareersetu.in/dashboard
    Call log:
      - navigating to "https://thecareersetu.in/dashboard", waiting until "load"


      108 |   for (const route of protectedRoutes) {
      109 |     test(`${route} ΓåÆ redirects to /login`, async ({ page }) => {
    > 110 |       await page.goto(route)
          |                  ^
      111 |       await expect(page).toHaveURL(/\/login/)
      112 |     })
      113 |   }
        at C:\Users\amitc\CareerSetu\tests\e2e\regression.spec.ts:110:18

    attachment #1: screenshot (image/png) ΓöÇΓöÇΓöÇΓöÇΓöÇΓöÇΓöÇΓöÇΓöÇΓöÇΓöÇΓöÇΓöÇΓöÇΓöÇΓöÇΓöÇΓöÇΓöÇΓöÇΓöÇΓöÇΓöÇΓöÇΓöÇΓöÇΓöÇΓöÇΓöÇΓöÇΓöÇΓöÇΓöÇΓöÇΓöÇΓöÇΓöÇΓöÇΓöÇΓöÇΓöÇΓöÇΓöÇΓöÇΓöÇΓöÇΓöÇΓöÇΓöÇΓöÇΓöÇΓöÇΓöÇΓöÇΓöÇΓöÇΓöÇΓöÇ
    test-results\regression-Auth-guard-ΓÇô-un-a1aaf-hboard-ΓåÆ-redirects-to-login-Opera-retry1\test-failed-1.png
    ΓöÇΓöÇΓöÇΓöÇΓöÇΓöÇΓöÇΓöÇΓöÇΓöÇΓöÇΓöÇΓöÇΓöÇΓöÇΓöÇΓöÇΓöÇΓöÇΓöÇΓöÇΓöÇΓöÇΓöÇΓöÇΓöÇΓöÇΓöÇΓöÇΓöÇΓöÇΓöÇΓöÇΓöÇΓöÇΓöÇΓöÇΓöÇΓöÇΓöÇΓöÇΓöÇΓöÇΓöÇΓöÇΓöÇΓöÇΓöÇΓöÇΓöÇΓöÇΓöÇΓöÇΓöÇΓöÇΓöÇΓöÇΓöÇΓöÇΓöÇΓöÇΓöÇΓöÇΓöÇΓöÇΓöÇΓöÇΓöÇΓöÇΓöÇΓöÇΓöÇΓöÇΓöÇΓöÇΓöÇΓöÇΓöÇΓöÇΓöÇΓöÇΓöÇΓöÇΓöÇΓöÇΓöÇΓöÇΓöÇΓöÇΓöÇΓöÇΓöÇΓöÇΓöÇΓöÇΓöÇ

    Error Context: test-results\regression-Auth-guard-ΓÇô-un-a1aaf-hboard-ΓåÆ-redirects-to-login-Opera-retry1\error-context.md

  107) [Opera] ΓÇ║ tests\e2e\regression.spec.ts:109:9 ΓÇ║ Auth guard ΓÇô unauthenticated redirects ΓÇ║ /practice ΓåÆ redirects to /login 

    Error: page.goto: net::ERR_NAME_NOT_RESOLVED at https://thecareersetu.in/practice
    Call log:
      - navigating to "https://thecareersetu.in/practice", waiting until "load"


      108 |   for (const route of protectedRoutes) {
      109 |     test(`${route} ΓåÆ redirects to /login`, async ({ page }) => {
    > 110 |       await page.goto(route)
          |                  ^
      111 |       await expect(page).toHaveURL(/\/login/)
      112 |     })
      113 |   }
        at C:\Users\amitc\CareerSetu\tests\e2e\regression.spec.ts:110:18

    attachment #1: screenshot (image/png) ΓöÇΓöÇΓöÇΓöÇΓöÇΓöÇΓöÇΓöÇΓöÇΓöÇΓöÇΓöÇΓöÇΓöÇΓöÇΓöÇΓöÇΓöÇΓöÇΓöÇΓöÇΓöÇΓöÇΓöÇΓöÇΓöÇΓöÇΓöÇΓöÇΓöÇΓöÇΓöÇΓöÇΓöÇΓöÇΓöÇΓöÇΓöÇΓöÇΓöÇΓöÇΓöÇΓöÇΓöÇΓöÇΓöÇΓöÇΓöÇΓöÇΓöÇΓöÇΓöÇΓöÇΓöÇΓöÇΓöÇΓöÇΓöÇ
    test-results\regression-Auth-guard-ΓÇô-un-5f11e-actice-ΓåÆ-redirects-to-login-Opera\test-failed-1.png
    ΓöÇΓöÇΓöÇΓöÇΓöÇΓöÇΓöÇΓöÇΓöÇΓöÇΓöÇΓöÇΓöÇΓöÇΓöÇΓöÇΓöÇΓöÇΓöÇΓöÇΓöÇΓöÇΓöÇΓöÇΓöÇΓöÇΓöÇΓöÇΓöÇΓöÇΓöÇΓöÇΓöÇΓöÇΓöÇΓöÇΓöÇΓöÇΓöÇΓöÇΓöÇΓöÇΓöÇΓöÇΓöÇΓöÇΓöÇΓöÇΓöÇΓöÇΓöÇΓöÇΓöÇΓöÇΓöÇΓöÇΓöÇΓöÇΓöÇΓöÇΓöÇΓöÇΓöÇΓöÇΓöÇΓöÇΓöÇΓöÇΓöÇΓöÇΓöÇΓöÇΓöÇΓöÇΓöÇΓöÇΓöÇΓöÇΓöÇΓöÇΓöÇΓöÇΓöÇΓöÇΓöÇΓöÇΓöÇΓöÇΓöÇΓöÇΓöÇΓöÇΓöÇΓöÇΓöÇΓöÇ

    Error Context: test-results\regression-Auth-guard-ΓÇô-un-5f11e-actice-ΓåÆ-redirects-to-login-Opera\error-context.md

    Retry #1 ΓöÇΓöÇΓöÇΓöÇΓöÇΓöÇΓöÇΓöÇΓöÇΓöÇΓöÇΓöÇΓöÇΓöÇΓöÇΓöÇΓöÇΓöÇΓöÇΓöÇΓöÇΓöÇΓöÇΓöÇΓöÇΓöÇΓöÇΓöÇΓöÇΓöÇΓöÇΓöÇΓöÇΓöÇΓöÇΓöÇΓöÇΓöÇΓöÇΓöÇΓöÇΓöÇΓöÇΓöÇΓöÇΓöÇΓöÇΓöÇΓöÇΓöÇΓöÇΓöÇΓöÇΓöÇΓöÇΓöÇΓöÇΓöÇΓöÇΓöÇΓöÇΓöÇΓöÇΓöÇΓöÇΓöÇΓöÇΓöÇΓöÇΓöÇΓöÇΓöÇΓöÇΓöÇΓöÇΓöÇΓöÇΓöÇΓöÇΓöÇΓöÇΓöÇΓöÇΓöÇΓöÇΓöÇΓöÇ

    Error: page.goto: net::ERR_NAME_NOT_RESOLVED at https://thecareersetu.in/practice
    Call log:
      - navigating to "https://thecareersetu.in/practice", waiting until "load"


      108 |   for (const route of protectedRoutes) {
      109 |     test(`${route} ΓåÆ redirects to /login`, async ({ page }) => {
    > 110 |       await page.goto(route)
          |                  ^
      111 |       await expect(page).toHaveURL(/\/login/)
      112 |     })
      113 |   }
        at C:\Users\amitc\CareerSetu\tests\e2e\regression.spec.ts:110:18

    attachment #1: screenshot (image/png) ΓöÇΓöÇΓöÇΓöÇΓöÇΓöÇΓöÇΓöÇΓöÇΓöÇΓöÇΓöÇΓöÇΓöÇΓöÇΓöÇΓöÇΓöÇΓöÇΓöÇΓöÇΓöÇΓöÇΓöÇΓöÇΓöÇΓöÇΓöÇΓöÇΓöÇΓöÇΓöÇΓöÇΓöÇΓöÇΓöÇΓöÇΓöÇΓöÇΓöÇΓöÇΓöÇΓöÇΓöÇΓöÇΓöÇΓöÇΓöÇΓöÇΓöÇΓöÇΓöÇΓöÇΓöÇΓöÇΓöÇΓöÇΓöÇ
    test-results\regression-Auth-guard-ΓÇô-un-5f11e-actice-ΓåÆ-redirects-to-login-Opera-retry1\test-failed-1.png
    ΓöÇΓöÇΓöÇΓöÇΓöÇΓöÇΓöÇΓöÇΓöÇΓöÇΓöÇΓöÇΓöÇΓöÇΓöÇΓöÇΓöÇΓöÇΓöÇΓöÇΓöÇΓöÇΓöÇΓöÇΓöÇΓöÇΓöÇΓöÇΓöÇΓöÇΓöÇΓöÇΓöÇΓöÇΓöÇΓöÇΓöÇΓöÇΓöÇΓöÇΓöÇΓöÇΓöÇΓöÇΓöÇΓöÇΓöÇΓöÇΓöÇΓöÇΓöÇΓöÇΓöÇΓöÇΓöÇΓöÇΓöÇΓöÇΓöÇΓöÇΓöÇΓöÇΓöÇΓöÇΓöÇΓöÇΓöÇΓöÇΓöÇΓöÇΓöÇΓöÇΓöÇΓöÇΓöÇΓöÇΓöÇΓöÇΓöÇΓöÇΓöÇΓöÇΓöÇΓöÇΓöÇΓöÇΓöÇΓöÇΓöÇΓöÇΓöÇΓöÇΓöÇΓöÇΓöÇΓöÇ

    Error Context: test-results\regression-Auth-guard-ΓÇô-un-5f11e-actice-ΓåÆ-redirects-to-login-Opera-retry1\error-context.md

  108) [Opera] ΓÇ║ tests\e2e\regression.spec.ts:109:9 ΓÇ║ Auth guard ΓÇô unauthenticated redirects ΓÇ║ /reports ΓåÆ redirects to /login 

    Error: page.goto: net::ERR_NAME_NOT_RESOLVED at https://thecareersetu.in/reports
    Call log:
      - navigating to "https://thecareersetu.in/reports", waiting until "load"


      108 |   for (const route of protectedRoutes) {
      109 |     test(`${route} ΓåÆ redirects to /login`, async ({ page }) => {
    > 110 |       await page.goto(route)
          |                  ^
      111 |       await expect(page).toHaveURL(/\/login/)
      112 |     })
      113 |   }
        at C:\Users\amitc\CareerSetu\tests\e2e\regression.spec.ts:110:18

    attachment #1: screenshot (image/png) ΓöÇΓöÇΓöÇΓöÇΓöÇΓöÇΓöÇΓöÇΓöÇΓöÇΓöÇΓöÇΓöÇΓöÇΓöÇΓöÇΓöÇΓöÇΓöÇΓöÇΓöÇΓöÇΓöÇΓöÇΓöÇΓöÇΓöÇΓöÇΓöÇΓöÇΓöÇΓöÇΓöÇΓöÇΓöÇΓöÇΓöÇΓöÇΓöÇΓöÇΓöÇΓöÇΓöÇΓöÇΓöÇΓöÇΓöÇΓöÇΓöÇΓöÇΓöÇΓöÇΓöÇΓöÇΓöÇΓöÇΓöÇΓöÇ
    test-results\regression-Auth-guard-ΓÇô-un-bed1d-eports-ΓåÆ-redirects-to-login-Opera\test-failed-1.png
    ΓöÇΓöÇΓöÇΓöÇΓöÇΓöÇΓöÇΓöÇΓöÇΓöÇΓöÇΓöÇΓöÇΓöÇΓöÇΓöÇΓöÇΓöÇΓöÇΓöÇΓöÇΓöÇΓöÇΓöÇΓöÇΓöÇΓöÇΓöÇΓöÇΓöÇΓöÇΓöÇΓöÇΓöÇΓöÇΓöÇΓöÇΓöÇΓöÇΓöÇΓöÇΓöÇΓöÇΓöÇΓöÇΓöÇΓöÇΓöÇΓöÇΓöÇΓöÇΓöÇΓöÇΓöÇΓöÇΓöÇΓöÇΓöÇΓöÇΓöÇΓöÇΓöÇΓöÇΓöÇΓöÇΓöÇΓöÇΓöÇΓöÇΓöÇΓöÇΓöÇΓöÇΓöÇΓöÇΓöÇΓöÇΓöÇΓöÇΓöÇΓöÇΓöÇΓöÇΓöÇΓöÇΓöÇΓöÇΓöÇΓöÇΓöÇΓöÇΓöÇΓöÇΓöÇΓöÇΓöÇ

    Error Context: test-results\regression-Auth-guard-ΓÇô-un-bed1d-eports-ΓåÆ-redirects-to-login-Opera\error-context.md

    Retry #1 ΓöÇΓöÇΓöÇΓöÇΓöÇΓöÇΓöÇΓöÇΓöÇΓöÇΓöÇΓöÇΓöÇΓöÇΓöÇΓöÇΓöÇΓöÇΓöÇΓöÇΓöÇΓöÇΓöÇΓöÇΓöÇΓöÇΓöÇΓöÇΓöÇΓöÇΓöÇΓöÇΓöÇΓöÇΓöÇΓöÇΓöÇΓöÇΓöÇΓöÇΓöÇΓöÇΓöÇΓöÇΓöÇΓöÇΓöÇΓöÇΓöÇΓöÇΓöÇΓöÇΓöÇΓöÇΓöÇΓöÇΓöÇΓöÇΓöÇΓöÇΓöÇΓöÇΓöÇΓöÇΓöÇΓöÇΓöÇΓöÇΓöÇΓöÇΓöÇΓöÇΓöÇΓöÇΓöÇΓöÇΓöÇΓöÇΓöÇΓöÇΓöÇΓöÇΓöÇΓöÇΓöÇΓöÇΓöÇ

    Error: page.goto: net::ERR_NAME_NOT_RESOLVED at https://thecareersetu.in/reports
    Call log:
      - navigating to "https://thecareersetu.in/reports", waiting until "load"


      108 |   for (const route of protectedRoutes) {
      109 |     test(`${route} ΓåÆ redirects to /login`, async ({ page }) => {
    > 110 |       await page.goto(route)
          |                  ^
      111 |       await expect(page).toHaveURL(/\/login/)
      112 |     })
      113 |   }
        at C:\Users\amitc\CareerSetu\tests\e2e\regression.spec.ts:110:18

    attachment #1: screenshot (image/png) ΓöÇΓöÇΓöÇΓöÇΓöÇΓöÇΓöÇΓöÇΓöÇΓöÇΓöÇΓöÇΓöÇΓöÇΓöÇΓöÇΓöÇΓöÇΓöÇΓöÇΓöÇΓöÇΓöÇΓöÇΓöÇΓöÇΓöÇΓöÇΓöÇΓöÇΓöÇΓöÇΓöÇΓöÇΓöÇΓöÇΓöÇΓöÇΓöÇΓöÇΓöÇΓöÇΓöÇΓöÇΓöÇΓöÇΓöÇΓöÇΓöÇΓöÇΓöÇΓöÇΓöÇΓöÇΓöÇΓöÇΓöÇΓöÇ
    test-results\regression-Auth-guard-ΓÇô-un-bed1d-eports-ΓåÆ-redirects-to-login-Opera-retry1\test-failed-1.png
    ΓöÇΓöÇΓöÇΓöÇΓöÇΓöÇΓöÇΓöÇΓöÇΓöÇΓöÇΓöÇΓöÇΓöÇΓöÇΓöÇΓöÇΓöÇΓöÇΓöÇΓöÇΓöÇΓöÇΓöÇΓöÇΓöÇΓöÇΓöÇΓöÇΓöÇΓöÇΓöÇΓöÇΓöÇΓöÇΓöÇΓöÇΓöÇΓöÇΓöÇΓöÇΓöÇΓöÇΓöÇΓöÇΓöÇΓöÇΓöÇΓöÇΓöÇΓöÇΓöÇΓöÇΓöÇΓöÇΓöÇΓöÇΓöÇΓöÇΓöÇΓöÇΓöÇΓöÇΓöÇΓöÇΓöÇΓöÇΓöÇΓöÇΓöÇΓöÇΓöÇΓöÇΓöÇΓöÇΓöÇΓöÇΓöÇΓöÇΓöÇΓöÇΓöÇΓöÇΓöÇΓöÇΓöÇΓöÇΓöÇΓöÇΓöÇΓöÇΓöÇΓöÇΓöÇΓöÇΓöÇ

    Error Context: test-results\regression-Auth-guard-ΓÇô-un-bed1d-eports-ΓåÆ-redirects-to-login-Opera-retry1\error-context.md

  109) [Opera] ΓÇ║ tests\e2e\regression.spec.ts:109:9 ΓÇ║ Auth guard ΓÇô unauthenticated redirects ΓÇ║ /resume-builder ΓåÆ redirects to /login 

    Error: page.goto: net::ERR_NAME_NOT_RESOLVED at https://thecareersetu.in/resume-builder
    Call log:
      - navigating to "https://thecareersetu.in/resume-builder", waiting until "load"


      108 |   for (const route of protectedRoutes) {
      109 |     test(`${route} ΓåÆ redirects to /login`, async ({ page }) => {
    > 110 |       await page.goto(route)
          |                  ^
      111 |       await expect(page).toHaveURL(/\/login/)
      112 |     })
      113 |   }
        at C:\Users\amitc\CareerSetu\tests\e2e\regression.spec.ts:110:18

    attachment #1: screenshot (image/png) ΓöÇΓöÇΓöÇΓöÇΓöÇΓöÇΓöÇΓöÇΓöÇΓöÇΓöÇΓöÇΓöÇΓöÇΓöÇΓöÇΓöÇΓöÇΓöÇΓöÇΓöÇΓöÇΓöÇΓöÇΓöÇΓöÇΓöÇΓöÇΓöÇΓöÇΓöÇΓöÇΓöÇΓöÇΓöÇΓöÇΓöÇΓöÇΓöÇΓöÇΓöÇΓöÇΓöÇΓöÇΓöÇΓöÇΓöÇΓöÇΓöÇΓöÇΓöÇΓöÇΓöÇΓöÇΓöÇΓöÇΓöÇΓöÇ
    test-results\regression-Auth-guard-ΓÇô-un-7c213-uilder-ΓåÆ-redirects-to-login-Opera\test-failed-1.png
    ΓöÇΓöÇΓöÇΓöÇΓöÇΓöÇΓöÇΓöÇΓöÇΓöÇΓöÇΓöÇΓöÇΓöÇΓöÇΓöÇΓöÇΓöÇΓöÇΓöÇΓöÇΓöÇΓöÇΓöÇΓöÇΓöÇΓöÇΓöÇΓöÇΓöÇΓöÇΓöÇΓöÇΓöÇΓöÇΓöÇΓöÇΓöÇΓöÇΓöÇΓöÇΓöÇΓöÇΓöÇΓöÇΓöÇΓöÇΓöÇΓöÇΓöÇΓöÇΓöÇΓöÇΓöÇΓöÇΓöÇΓöÇΓöÇΓöÇΓöÇΓöÇΓöÇΓöÇΓöÇΓöÇΓöÇΓöÇΓöÇΓöÇΓöÇΓöÇΓöÇΓöÇΓöÇΓöÇΓöÇΓöÇΓöÇΓöÇΓöÇΓöÇΓöÇΓöÇΓöÇΓöÇΓöÇΓöÇΓöÇΓöÇΓöÇΓöÇΓöÇΓöÇΓöÇΓöÇΓöÇ

    Error Context: test-results\regression-Auth-guard-ΓÇô-un-7c213-uilder-ΓåÆ-redirects-to-login-Opera\error-context.md

    Retry #1 ΓöÇΓöÇΓöÇΓöÇΓöÇΓöÇΓöÇΓöÇΓöÇΓöÇΓöÇΓöÇΓöÇΓöÇΓöÇΓöÇΓöÇΓöÇΓöÇΓöÇΓöÇΓöÇΓöÇΓöÇΓöÇΓöÇΓöÇΓöÇΓöÇΓöÇΓöÇΓöÇΓöÇΓöÇΓöÇΓöÇΓöÇΓöÇΓöÇΓöÇΓöÇΓöÇΓöÇΓöÇΓöÇΓöÇΓöÇΓöÇΓöÇΓöÇΓöÇΓöÇΓöÇΓöÇΓöÇΓöÇΓöÇΓöÇΓöÇΓöÇΓöÇΓöÇΓöÇΓöÇΓöÇΓöÇΓöÇΓöÇΓöÇΓöÇΓöÇΓöÇΓöÇΓöÇΓöÇΓöÇΓöÇΓöÇΓöÇΓöÇΓöÇΓöÇΓöÇΓöÇΓöÇΓöÇΓöÇ

    Error: page.goto: net::ERR_NAME_NOT_RESOLVED at https://thecareersetu.in/resume-builder
    Call log:
      - navigating to "https://thecareersetu.in/resume-builder", waiting until "load"


      108 |   for (const route of protectedRoutes) {
      109 |     test(`${route} ΓåÆ redirects to /login`, async ({ page }) => {
    > 110 |       await page.goto(route)
          |                  ^
      111 |       await expect(page).toHaveURL(/\/login/)
      112 |     })
      113 |   }
        at C:\Users\amitc\CareerSetu\tests\e2e\regression.spec.ts:110:18

    attachment #1: screenshot (image/png) ΓöÇΓöÇΓöÇΓöÇΓöÇΓöÇΓöÇΓöÇΓöÇΓöÇΓöÇΓöÇΓöÇΓöÇΓöÇΓöÇΓöÇΓöÇΓöÇΓöÇΓöÇΓöÇΓöÇΓöÇΓöÇΓöÇΓöÇΓöÇΓöÇΓöÇΓöÇΓöÇΓöÇΓöÇΓöÇΓöÇΓöÇΓöÇΓöÇΓöÇΓöÇΓöÇΓöÇΓöÇΓöÇΓöÇΓöÇΓöÇΓöÇΓöÇΓöÇΓöÇΓöÇΓöÇΓöÇΓöÇΓöÇΓöÇ
    test-results\regression-Auth-guard-ΓÇô-un-7c213-uilder-ΓåÆ-redirects-to-login-Opera-retry1\test-failed-1.png
    ΓöÇΓöÇΓöÇΓöÇΓöÇΓöÇΓöÇΓöÇΓöÇΓöÇΓöÇΓöÇΓöÇΓöÇΓöÇΓöÇΓöÇΓöÇΓöÇΓöÇΓöÇΓöÇΓöÇΓöÇΓöÇΓöÇΓöÇΓöÇΓöÇΓöÇΓöÇΓöÇΓöÇΓöÇΓöÇΓöÇΓöÇΓöÇΓöÇΓöÇΓöÇΓöÇΓöÇΓöÇΓöÇΓöÇΓöÇΓöÇΓöÇΓöÇΓöÇΓöÇΓöÇΓöÇΓöÇΓöÇΓöÇΓöÇΓöÇΓöÇΓöÇΓöÇΓöÇΓöÇΓöÇΓöÇΓöÇΓöÇΓöÇΓöÇΓöÇΓöÇΓöÇΓöÇΓöÇΓöÇΓöÇΓöÇΓöÇΓöÇΓöÇΓöÇΓöÇΓöÇΓöÇΓöÇΓöÇΓöÇΓöÇΓöÇΓöÇΓöÇΓöÇΓöÇΓöÇΓöÇ

    Error Context: test-results\regression-Auth-guard-ΓÇô-un-7c213-uilder-ΓåÆ-redirects-to-login-Opera-retry1\error-context.md

  110) [Opera] ΓÇ║ tests\e2e\regression.spec.ts:109:9 ΓÇ║ Auth guard ΓÇô unauthenticated redirects ΓÇ║ /jobs ΓåÆ redirects to /login 

    Error: page.goto: net::ERR_NAME_NOT_RESOLVED at https://thecareersetu.in/jobs
    Call log:
      - navigating to "https://thecareersetu.in/jobs", waiting until "load"


      108 |   for (const route of protectedRoutes) {
      109 |     test(`${route} ΓåÆ redirects to /login`, async ({ page }) => {
    > 110 |       await page.goto(route)
          |                  ^
      111 |       await expect(page).toHaveURL(/\/login/)
      112 |     })
      113 |   }
        at C:\Users\amitc\CareerSetu\tests\e2e\regression.spec.ts:110:18

    attachment #1: screenshot (image/png) ΓöÇΓöÇΓöÇΓöÇΓöÇΓöÇΓöÇΓöÇΓöÇΓöÇΓöÇΓöÇΓöÇΓöÇΓöÇΓöÇΓöÇΓöÇΓöÇΓöÇΓöÇΓöÇΓöÇΓöÇΓöÇΓöÇΓöÇΓöÇΓöÇΓöÇΓöÇΓöÇΓöÇΓöÇΓöÇΓöÇΓöÇΓöÇΓöÇΓöÇΓöÇΓöÇΓöÇΓöÇΓöÇΓöÇΓöÇΓöÇΓöÇΓöÇΓöÇΓöÇΓöÇΓöÇΓöÇΓöÇΓöÇΓöÇ
    test-results\regression-Auth-guard-ΓÇô-un-651d8-s-jobs-ΓåÆ-redirects-to-login-Opera\test-failed-1.png
    ΓöÇΓöÇΓöÇΓöÇΓöÇΓöÇΓöÇΓöÇΓöÇΓöÇΓöÇΓöÇΓöÇΓöÇΓöÇΓöÇΓöÇΓöÇΓöÇΓöÇΓöÇΓöÇΓöÇΓöÇΓöÇΓöÇΓöÇΓöÇΓöÇΓöÇΓöÇΓöÇΓöÇΓöÇΓöÇΓöÇΓöÇΓöÇΓöÇΓöÇΓöÇΓöÇΓöÇΓöÇΓöÇΓöÇΓöÇΓöÇΓöÇΓöÇΓöÇΓöÇΓöÇΓöÇΓöÇΓöÇΓöÇΓöÇΓöÇΓöÇΓöÇΓöÇΓöÇΓöÇΓöÇΓöÇΓöÇΓöÇΓöÇΓöÇΓöÇΓöÇΓöÇΓöÇΓöÇΓöÇΓöÇΓöÇΓöÇΓöÇΓöÇΓöÇΓöÇΓöÇΓöÇΓöÇΓöÇΓöÇΓöÇΓöÇΓöÇΓöÇΓöÇΓöÇΓöÇΓöÇ

    Error Context: test-results\regression-Auth-guard-ΓÇô-un-651d8-s-jobs-ΓåÆ-redirects-to-login-Opera\error-context.md

    Retry #1 ΓöÇΓöÇΓöÇΓöÇΓöÇΓöÇΓöÇΓöÇΓöÇΓöÇΓöÇΓöÇΓöÇΓöÇΓöÇΓöÇΓöÇΓöÇΓöÇΓöÇΓöÇΓöÇΓöÇΓöÇΓöÇΓöÇΓöÇΓöÇΓöÇΓöÇΓöÇΓöÇΓöÇΓöÇΓöÇΓöÇΓöÇΓöÇΓöÇΓöÇΓöÇΓöÇΓöÇΓöÇΓöÇΓöÇΓöÇΓöÇΓöÇΓöÇΓöÇΓöÇΓöÇΓöÇΓöÇΓöÇΓöÇΓöÇΓöÇΓöÇΓöÇΓöÇΓöÇΓöÇΓöÇΓöÇΓöÇΓöÇΓöÇΓöÇΓöÇΓöÇΓöÇΓöÇΓöÇΓöÇΓöÇΓöÇΓöÇΓöÇΓöÇΓöÇΓöÇΓöÇΓöÇΓöÇΓöÇ

    Error: page.goto: net::ERR_NAME_NOT_RESOLVED at https://thecareersetu.in/jobs
    Call log:
      - navigating to "https://thecareersetu.in/jobs", waiting until "load"


      108 |   for (const route of protectedRoutes) {
      109 |     test(`${route} ΓåÆ redirects to /login`, async ({ page }) => {
    > 110 |       await page.goto(route)
          |                  ^
      111 |       await expect(page).toHaveURL(/\/login/)
      112 |     })
      113 |   }
        at C:\Users\amitc\CareerSetu\tests\e2e\regression.spec.ts:110:18

    attachment #1: screenshot (image/png) ΓöÇΓöÇΓöÇΓöÇΓöÇΓöÇΓöÇΓöÇΓöÇΓöÇΓöÇΓöÇΓöÇΓöÇΓöÇΓöÇΓöÇΓöÇΓöÇΓöÇΓöÇΓöÇΓöÇΓöÇΓöÇΓöÇΓöÇΓöÇΓöÇΓöÇΓöÇΓöÇΓöÇΓöÇΓöÇΓöÇΓöÇΓöÇΓöÇΓöÇΓöÇΓöÇΓöÇΓöÇΓöÇΓöÇΓöÇΓöÇΓöÇΓöÇΓöÇΓöÇΓöÇΓöÇΓöÇΓöÇΓöÇΓöÇ
    test-results\regression-Auth-guard-ΓÇô-un-651d8-s-jobs-ΓåÆ-redirects-to-login-Opera-retry1\test-failed-1.png
    ΓöÇΓöÇΓöÇΓöÇΓöÇΓöÇΓöÇΓöÇΓöÇΓöÇΓöÇΓöÇΓöÇΓöÇΓöÇΓöÇΓöÇΓöÇΓöÇΓöÇΓöÇΓöÇΓöÇΓöÇΓöÇΓöÇΓöÇΓöÇΓöÇΓöÇΓöÇΓöÇΓöÇΓöÇΓöÇΓöÇΓöÇΓöÇΓöÇΓöÇΓöÇΓöÇΓöÇΓöÇΓöÇΓöÇΓöÇΓöÇΓöÇΓöÇΓöÇΓöÇΓöÇΓöÇΓöÇΓöÇΓöÇΓöÇΓöÇΓöÇΓöÇΓöÇΓöÇΓöÇΓöÇΓöÇΓöÇΓöÇΓöÇΓöÇΓöÇΓöÇΓöÇΓöÇΓöÇΓöÇΓöÇΓöÇΓöÇΓöÇΓöÇΓöÇΓöÇΓöÇΓöÇΓöÇΓöÇΓöÇΓöÇΓöÇΓöÇΓöÇΓöÇΓöÇΓöÇΓöÇ

    Error Context: test-results\regression-Auth-guard-ΓÇô-un-651d8-s-jobs-ΓåÆ-redirects-to-login-Opera-retry1\error-context.md

  111) [Opera] ΓÇ║ tests\e2e\regression.spec.ts:109:9 ΓÇ║ Auth guard ΓÇô unauthenticated redirects ΓÇ║ /profile ΓåÆ redirects to /login 

    Error: page.goto: net::ERR_NAME_NOT_RESOLVED at https://thecareersetu.in/profile
    Call log:
      - navigating to "https://thecareersetu.in/profile", waiting until "load"


      108 |   for (const route of protectedRoutes) {
      109 |     test(`${route} ΓåÆ redirects to /login`, async ({ page }) => {
    > 110 |       await page.goto(route)
          |                  ^
      111 |       await expect(page).toHaveURL(/\/login/)
      112 |     })
      113 |   }
        at C:\Users\amitc\CareerSetu\tests\e2e\regression.spec.ts:110:18

    attachment #1: screenshot (image/png) ΓöÇΓöÇΓöÇΓöÇΓöÇΓöÇΓöÇΓöÇΓöÇΓöÇΓöÇΓöÇΓöÇΓöÇΓöÇΓöÇΓöÇΓöÇΓöÇΓöÇΓöÇΓöÇΓöÇΓöÇΓöÇΓöÇΓöÇΓöÇΓöÇΓöÇΓöÇΓöÇΓöÇΓöÇΓöÇΓöÇΓöÇΓöÇΓöÇΓöÇΓöÇΓöÇΓöÇΓöÇΓöÇΓöÇΓöÇΓöÇΓöÇΓöÇΓöÇΓöÇΓöÇΓöÇΓöÇΓöÇΓöÇΓöÇ
    test-results\regression-Auth-guard-ΓÇô-un-4a622-rofile-ΓåÆ-redirects-to-login-Opera\test-failed-1.png
    ΓöÇΓöÇΓöÇΓöÇΓöÇΓöÇΓöÇΓöÇΓöÇΓöÇΓöÇΓöÇΓöÇΓöÇΓöÇΓöÇΓöÇΓöÇΓöÇΓöÇΓöÇΓöÇΓöÇΓöÇΓöÇΓöÇΓöÇΓöÇΓöÇΓöÇΓöÇΓöÇΓöÇΓöÇΓöÇΓöÇΓöÇΓöÇΓöÇΓöÇΓöÇΓöÇΓöÇΓöÇΓöÇΓöÇΓöÇΓöÇΓöÇΓöÇΓöÇΓöÇΓöÇΓöÇΓöÇΓöÇΓöÇΓöÇΓöÇΓöÇΓöÇΓöÇΓöÇΓöÇΓöÇΓöÇΓöÇΓöÇΓöÇΓöÇΓöÇΓöÇΓöÇΓöÇΓöÇΓöÇΓöÇΓöÇΓöÇΓöÇΓöÇΓöÇΓöÇΓöÇΓöÇΓöÇΓöÇΓöÇΓöÇΓöÇΓöÇΓöÇΓöÇΓöÇΓöÇΓöÇ

    Error Context: test-results\regression-Auth-guard-ΓÇô-un-4a622-rofile-ΓåÆ-redirects-to-login-Opera\error-context.md

    Retry #1 ΓöÇΓöÇΓöÇΓöÇΓöÇΓöÇΓöÇΓöÇΓöÇΓöÇΓöÇΓöÇΓöÇΓöÇΓöÇΓöÇΓöÇΓöÇΓöÇΓöÇΓöÇΓöÇΓöÇΓöÇΓöÇΓöÇΓöÇΓöÇΓöÇΓöÇΓöÇΓöÇΓöÇΓöÇΓöÇΓöÇΓöÇΓöÇΓöÇΓöÇΓöÇΓöÇΓöÇΓöÇΓöÇΓöÇΓöÇΓöÇΓöÇΓöÇΓöÇΓöÇΓöÇΓöÇΓöÇΓöÇΓöÇΓöÇΓöÇΓöÇΓöÇΓöÇΓöÇΓöÇΓöÇΓöÇΓöÇΓöÇΓöÇΓöÇΓöÇΓöÇΓöÇΓöÇΓöÇΓöÇΓöÇΓöÇΓöÇΓöÇΓöÇΓöÇΓöÇΓöÇΓöÇΓöÇΓöÇ

    Error: page.goto: net::ERR_NAME_NOT_RESOLVED at https://thecareersetu.in/profile
    Call log:
      - navigating to "https://thecareersetu.in/profile", waiting until "load"


      108 |   for (const route of protectedRoutes) {
      109 |     test(`${route} ΓåÆ redirects to /login`, async ({ page }) => {
    > 110 |       await page.goto(route)
          |                  ^
      111 |       await expect(page).toHaveURL(/\/login/)
      112 |     })
      113 |   }
        at C:\Users\amitc\CareerSetu\tests\e2e\regression.spec.ts:110:18

    attachment #1: screenshot (image/png) ΓöÇΓöÇΓöÇΓöÇΓöÇΓöÇΓöÇΓöÇΓöÇΓöÇΓöÇΓöÇΓöÇΓöÇΓöÇΓöÇΓöÇΓöÇΓöÇΓöÇΓöÇΓöÇΓöÇΓöÇΓöÇΓöÇΓöÇΓöÇΓöÇΓöÇΓöÇΓöÇΓöÇΓöÇΓöÇΓöÇΓöÇΓöÇΓöÇΓöÇΓöÇΓöÇΓöÇΓöÇΓöÇΓöÇΓöÇΓöÇΓöÇΓöÇΓöÇΓöÇΓöÇΓöÇΓöÇΓöÇΓöÇΓöÇ
    test-results\regression-Auth-guard-ΓÇô-un-4a622-rofile-ΓåÆ-redirects-to-login-Opera-retry1\test-failed-1.png
    ΓöÇΓöÇΓöÇΓöÇΓöÇΓöÇΓöÇΓöÇΓöÇΓöÇΓöÇΓöÇΓöÇΓöÇΓöÇΓöÇΓöÇΓöÇΓöÇΓöÇΓöÇΓöÇΓöÇΓöÇΓöÇΓöÇΓöÇΓöÇΓöÇΓöÇΓöÇΓöÇΓöÇΓöÇΓöÇΓöÇΓöÇΓöÇΓöÇΓöÇΓöÇΓöÇΓöÇΓöÇΓöÇΓöÇΓöÇΓöÇΓöÇΓöÇΓöÇΓöÇΓöÇΓöÇΓöÇΓöÇΓöÇΓöÇΓöÇΓöÇΓöÇΓöÇΓöÇΓöÇΓöÇΓöÇΓöÇΓöÇΓöÇΓöÇΓöÇΓöÇΓöÇΓöÇΓöÇΓöÇΓöÇΓöÇΓöÇΓöÇΓöÇΓöÇΓöÇΓöÇΓöÇΓöÇΓöÇΓöÇΓöÇΓöÇΓöÇΓöÇΓöÇΓöÇΓöÇΓöÇ

    Error Context: test-results\regression-Auth-guard-ΓÇô-un-4a622-rofile-ΓåÆ-redirects-to-login-Opera-retry1\error-context.md

  112) [Opera] ΓÇ║ tests\e2e\regression.spec.ts:109:9 ΓÇ║ Auth guard ΓÇô unauthenticated redirects ΓÇ║ /subscription ΓåÆ redirects to /login 

    Error: page.goto: net::ERR_NAME_NOT_RESOLVED at https://thecareersetu.in/subscription
    Call log:
      - navigating to "https://thecareersetu.in/subscription", waiting until "load"


      108 |   for (const route of protectedRoutes) {
      109 |     test(`${route} ΓåÆ redirects to /login`, async ({ page }) => {
    > 110 |       await page.goto(route)
          |                  ^
      111 |       await expect(page).toHaveURL(/\/login/)
      112 |     })
      113 |   }
        at C:\Users\amitc\CareerSetu\tests\e2e\regression.spec.ts:110:18

    attachment #1: screenshot (image/png) ΓöÇΓöÇΓöÇΓöÇΓöÇΓöÇΓöÇΓöÇΓöÇΓöÇΓöÇΓöÇΓöÇΓöÇΓöÇΓöÇΓöÇΓöÇΓöÇΓöÇΓöÇΓöÇΓöÇΓöÇΓöÇΓöÇΓöÇΓöÇΓöÇΓöÇΓöÇΓöÇΓöÇΓöÇΓöÇΓöÇΓöÇΓöÇΓöÇΓöÇΓöÇΓöÇΓöÇΓöÇΓöÇΓöÇΓöÇΓöÇΓöÇΓöÇΓöÇΓöÇΓöÇΓöÇΓöÇΓöÇΓöÇΓöÇ
    test-results\regression-Auth-guard-ΓÇô-un-4cc60-iption-ΓåÆ-redirects-to-login-Opera\test-failed-1.png
    ΓöÇΓöÇΓöÇΓöÇΓöÇΓöÇΓöÇΓöÇΓöÇΓöÇΓöÇΓöÇΓöÇΓöÇΓöÇΓöÇΓöÇΓöÇΓöÇΓöÇΓöÇΓöÇΓöÇΓöÇΓöÇΓöÇΓöÇΓöÇΓöÇΓöÇΓöÇΓöÇΓöÇΓöÇΓöÇΓöÇΓöÇΓöÇΓöÇΓöÇΓöÇΓöÇΓöÇΓöÇΓöÇΓöÇΓöÇΓöÇΓöÇΓöÇΓöÇΓöÇΓöÇΓöÇΓöÇΓöÇΓöÇΓöÇΓöÇΓöÇΓöÇΓöÇΓöÇΓöÇΓöÇΓöÇΓöÇΓöÇΓöÇΓöÇΓöÇΓöÇΓöÇΓöÇΓöÇΓöÇΓöÇΓöÇΓöÇΓöÇΓöÇΓöÇΓöÇΓöÇΓöÇΓöÇΓöÇΓöÇΓöÇΓöÇΓöÇΓöÇΓöÇΓöÇΓöÇΓöÇ

    Error Context: test-results\regression-Auth-guard-ΓÇô-un-4cc60-iption-ΓåÆ-redirects-to-login-Opera\error-context.md

    Retry #1 ΓöÇΓöÇΓöÇΓöÇΓöÇΓöÇΓöÇΓöÇΓöÇΓöÇΓöÇΓöÇΓöÇΓöÇΓöÇΓöÇΓöÇΓöÇΓöÇΓöÇΓöÇΓöÇΓöÇΓöÇΓöÇΓöÇΓöÇΓöÇΓöÇΓöÇΓöÇΓöÇΓöÇΓöÇΓöÇΓöÇΓöÇΓöÇΓöÇΓöÇΓöÇΓöÇΓöÇΓöÇΓöÇΓöÇΓöÇΓöÇΓöÇΓöÇΓöÇΓöÇΓöÇΓöÇΓöÇΓöÇΓöÇΓöÇΓöÇΓöÇΓöÇΓöÇΓöÇΓöÇΓöÇΓöÇΓöÇΓöÇΓöÇΓöÇΓöÇΓöÇΓöÇΓöÇΓöÇΓöÇΓöÇΓöÇΓöÇΓöÇΓöÇΓöÇΓöÇΓöÇΓöÇΓöÇΓöÇ

    Error: page.goto: net::ERR_NAME_NOT_RESOLVED at https://thecareersetu.in/subscription
    Call log:
      - navigating to "https://thecareersetu.in/subscription", waiting until "load"


      108 |   for (const route of protectedRoutes) {
      109 |     test(`${route} ΓåÆ redirects to /login`, async ({ page }) => {
    > 110 |       await page.goto(route)
          |                  ^
      111 |       await expect(page).toHaveURL(/\/login/)
      112 |     })
      113 |   }
        at C:\Users\amitc\CareerSetu\tests\e2e\regression.spec.ts:110:18

    attachment #1: screenshot (image/png) ΓöÇΓöÇΓöÇΓöÇΓöÇΓöÇΓöÇΓöÇΓöÇΓöÇΓöÇΓöÇΓöÇΓöÇΓöÇΓöÇΓöÇΓöÇΓöÇΓöÇΓöÇΓöÇΓöÇΓöÇΓöÇΓöÇΓöÇΓöÇΓöÇΓöÇΓöÇΓöÇΓöÇΓöÇΓöÇΓöÇΓöÇΓöÇΓöÇΓöÇΓöÇΓöÇΓöÇΓöÇΓöÇΓöÇΓöÇΓöÇΓöÇΓöÇΓöÇΓöÇΓöÇΓöÇΓöÇΓöÇΓöÇΓöÇ
    test-results\regression-Auth-guard-ΓÇô-un-4cc60-iption-ΓåÆ-redirects-to-login-Opera-retry1\test-failed-1.png
    ΓöÇΓöÇΓöÇΓöÇΓöÇΓöÇΓöÇΓöÇΓöÇΓöÇΓöÇΓöÇΓöÇΓöÇΓöÇΓöÇΓöÇΓöÇΓöÇΓöÇΓöÇΓöÇΓöÇΓöÇΓöÇΓöÇΓöÇΓöÇΓöÇΓöÇΓöÇΓöÇΓöÇΓöÇΓöÇΓöÇΓöÇΓöÇΓöÇΓöÇΓöÇΓöÇΓöÇΓöÇΓöÇΓöÇΓöÇΓöÇΓöÇΓöÇΓöÇΓöÇΓöÇΓöÇΓöÇΓöÇΓöÇΓöÇΓöÇΓöÇΓöÇΓöÇΓöÇΓöÇΓöÇΓöÇΓöÇΓöÇΓöÇΓöÇΓöÇΓöÇΓöÇΓöÇΓöÇΓöÇΓöÇΓöÇΓöÇΓöÇΓöÇΓöÇΓöÇΓöÇΓöÇΓöÇΓöÇΓöÇΓöÇΓöÇΓöÇΓöÇΓöÇΓöÇΓöÇΓöÇ

    Error Context: test-results\regression-Auth-guard-ΓÇô-un-4cc60-iption-ΓåÆ-redirects-to-login-Opera-retry1\error-context.md

  113) [Opera] ΓÇ║ tests\e2e\regression.spec.ts:109:9 ΓÇ║ Auth guard ΓÇô unauthenticated redirects ΓÇ║ /question-bank ΓåÆ redirects to /login 

    Error: page.goto: net::ERR_NAME_NOT_RESOLVED at https://thecareersetu.in/question-bank
    Call log:
      - navigating to "https://thecareersetu.in/question-bank", waiting until "load"


      108 |   for (const route of protectedRoutes) {
      109 |     test(`${route} ΓåÆ redirects to /login`, async ({ page }) => {
    > 110 |       await page.goto(route)
          |                  ^
      111 |       await expect(page).toHaveURL(/\/login/)
      112 |     })
      113 |   }
        at C:\Users\amitc\CareerSetu\tests\e2e\regression.spec.ts:110:18

    Error Context: test-results\regression-Auth-guard-ΓÇô-un-91c30-n-bank-ΓåÆ-redirects-to-login-Opera\error-context.md

    Retry #1 ΓöÇΓöÇΓöÇΓöÇΓöÇΓöÇΓöÇΓöÇΓöÇΓöÇΓöÇΓöÇΓöÇΓöÇΓöÇΓöÇΓöÇΓöÇΓöÇΓöÇΓöÇΓöÇΓöÇΓöÇΓöÇΓöÇΓöÇΓöÇΓöÇΓöÇΓöÇΓöÇΓöÇΓöÇΓöÇΓöÇΓöÇΓöÇΓöÇΓöÇΓöÇΓöÇΓöÇΓöÇΓöÇΓöÇΓöÇΓöÇΓöÇΓöÇΓöÇΓöÇΓöÇΓöÇΓöÇΓöÇΓöÇΓöÇΓöÇΓöÇΓöÇΓöÇΓöÇΓöÇΓöÇΓöÇΓöÇΓöÇΓöÇΓöÇΓöÇΓöÇΓöÇΓöÇΓöÇΓöÇΓöÇΓöÇΓöÇΓöÇΓöÇΓöÇΓöÇΓöÇΓöÇΓöÇΓöÇ

    Error: page.goto: net::ERR_NAME_NOT_RESOLVED at https://thecareersetu.in/question-bank
    Call log:
      - navigating to "https://thecareersetu.in/question-bank", waiting until "load"


      108 |   for (const route of protectedRoutes) {
      109 |     test(`${route} ΓåÆ redirects to /login`, async ({ page }) => {
    > 110 |       await page.goto(route)
          |                  ^
      111 |       await expect(page).toHaveURL(/\/login/)
      112 |     })
      113 |   }
        at C:\Users\amitc\CareerSetu\tests\e2e\regression.spec.ts:110:18

    Error Context: test-results\regression-Auth-guard-ΓÇô-un-91c30-n-bank-ΓåÆ-redirects-to-login-Opera-retry1\error-context.md

  114) [Opera] ΓÇ║ tests\e2e\regression.spec.ts:119:7 ΓÇ║ Theme toggle ΓÇ║ dark mode class toggled on html element 

    Error: page.goto: net::ERR_NAME_NOT_RESOLVED at https://thecareersetu.in/
    Call log:
      - navigating to "https://thecareersetu.in/", waiting until "load"


      118 | test.describe('Theme toggle', () => {
      119 |   test('dark mode class toggled on html element', async ({ page }) => {
    > 120 |     await page.goto('/')
          |                ^
      121 |     // Find toggle button (aria-label contains "dark" or "light")
      122 |     const toggle = page.getByRole('button', { name: /switch to dark|switch to light|toggle theme/i }).first()
      123 |     // If not found by aria-label, fall back to Sun/Moon icon button
        at C:\Users\amitc\CareerSetu\tests\e2e\regression.spec.ts:120:16

    attachment #1: screenshot (image/png) ΓöÇΓöÇΓöÇΓöÇΓöÇΓöÇΓöÇΓöÇΓöÇΓöÇΓöÇΓöÇΓöÇΓöÇΓöÇΓöÇΓöÇΓöÇΓöÇΓöÇΓöÇΓöÇΓöÇΓöÇΓöÇΓöÇΓöÇΓöÇΓöÇΓöÇΓöÇΓöÇΓöÇΓöÇΓöÇΓöÇΓöÇΓöÇΓöÇΓöÇΓöÇΓöÇΓöÇΓöÇΓöÇΓöÇΓöÇΓöÇΓöÇΓöÇΓöÇΓöÇΓöÇΓöÇΓöÇΓöÇΓöÇΓöÇ
    test-results\regression-Theme-toggle-da-2d58a-ass-toggled-on-html-element-Opera\test-failed-1.png
    ΓöÇΓöÇΓöÇΓöÇΓöÇΓöÇΓöÇΓöÇΓöÇΓöÇΓöÇΓöÇΓöÇΓöÇΓöÇΓöÇΓöÇΓöÇΓöÇΓöÇΓöÇΓöÇΓöÇΓöÇΓöÇΓöÇΓöÇΓöÇΓöÇΓöÇΓöÇΓöÇΓöÇΓöÇΓöÇΓöÇΓöÇΓöÇΓöÇΓöÇΓöÇΓöÇΓöÇΓöÇΓöÇΓöÇΓöÇΓöÇΓöÇΓöÇΓöÇΓöÇΓöÇΓöÇΓöÇΓöÇΓöÇΓöÇΓöÇΓöÇΓöÇΓöÇΓöÇΓöÇΓöÇΓöÇΓöÇΓöÇΓöÇΓöÇΓöÇΓöÇΓöÇΓöÇΓöÇΓöÇΓöÇΓöÇΓöÇΓöÇΓöÇΓöÇΓöÇΓöÇΓöÇΓöÇΓöÇΓöÇΓöÇΓöÇΓöÇΓöÇΓöÇΓöÇΓöÇΓöÇ

    Error Context: test-results\regression-Theme-toggle-da-2d58a-ass-toggled-on-html-element-Opera\error-context.md

    Retry #1 ΓöÇΓöÇΓöÇΓöÇΓöÇΓöÇΓöÇΓöÇΓöÇΓöÇΓöÇΓöÇΓöÇΓöÇΓöÇΓöÇΓöÇΓöÇΓöÇΓöÇΓöÇΓöÇΓöÇΓöÇΓöÇΓöÇΓöÇΓöÇΓöÇΓöÇΓöÇΓöÇΓöÇΓöÇΓöÇΓöÇΓöÇΓöÇΓöÇΓöÇΓöÇΓöÇΓöÇΓöÇΓöÇΓöÇΓöÇΓöÇΓöÇΓöÇΓöÇΓöÇΓöÇΓöÇΓöÇΓöÇΓöÇΓöÇΓöÇΓöÇΓöÇΓöÇΓöÇΓöÇΓöÇΓöÇΓöÇΓöÇΓöÇΓöÇΓöÇΓöÇΓöÇΓöÇΓöÇΓöÇΓöÇΓöÇΓöÇΓöÇΓöÇΓöÇΓöÇΓöÇΓöÇΓöÇΓöÇ

    Error: page.goto: net::ERR_NAME_NOT_RESOLVED at https://thecareersetu.in/
    Call log:
      - navigating to "https://thecareersetu.in/", waiting until "load"


      118 | test.describe('Theme toggle', () => {
      119 |   test('dark mode class toggled on html element', async ({ page }) => {
    > 120 |     await page.goto('/')
          |                ^
      121 |     // Find toggle button (aria-label contains "dark" or "light")
      122 |     const toggle = page.getByRole('button', { name: /switch to dark|switch to light|toggle theme/i }).first()
      123 |     // If not found by aria-label, fall back to Sun/Moon icon button
        at C:\Users\amitc\CareerSetu\tests\e2e\regression.spec.ts:120:16

    attachment #1: screenshot (image/png) ΓöÇΓöÇΓöÇΓöÇΓöÇΓöÇΓöÇΓöÇΓöÇΓöÇΓöÇΓöÇΓöÇΓöÇΓöÇΓöÇΓöÇΓöÇΓöÇΓöÇΓöÇΓöÇΓöÇΓöÇΓöÇΓöÇΓöÇΓöÇΓöÇΓöÇΓöÇΓöÇΓöÇΓöÇΓöÇΓöÇΓöÇΓöÇΓöÇΓöÇΓöÇΓöÇΓöÇΓöÇΓöÇΓöÇΓöÇΓöÇΓöÇΓöÇΓöÇΓöÇΓöÇΓöÇΓöÇΓöÇΓöÇΓöÇ
    test-results\regression-Theme-toggle-da-2d58a-ass-toggled-on-html-element-Opera-retry1\test-failed-1.png
    ΓöÇΓöÇΓöÇΓöÇΓöÇΓöÇΓöÇΓöÇΓöÇΓöÇΓöÇΓöÇΓöÇΓöÇΓöÇΓöÇΓöÇΓöÇΓöÇΓöÇΓöÇΓöÇΓöÇΓöÇΓöÇΓöÇΓöÇΓöÇΓöÇΓöÇΓöÇΓöÇΓöÇΓöÇΓöÇΓöÇΓöÇΓöÇΓöÇΓöÇΓöÇΓöÇΓöÇΓöÇΓöÇΓöÇΓöÇΓöÇΓöÇΓöÇΓöÇΓöÇΓöÇΓöÇΓöÇΓöÇΓöÇΓöÇΓöÇΓöÇΓöÇΓöÇΓöÇΓöÇΓöÇΓöÇΓöÇΓöÇΓöÇΓöÇΓöÇΓöÇΓöÇΓöÇΓöÇΓöÇΓöÇΓöÇΓöÇΓöÇΓöÇΓöÇΓöÇΓöÇΓöÇΓöÇΓöÇΓöÇΓöÇΓöÇΓöÇΓöÇΓöÇΓöÇΓöÇΓöÇ

    Error Context: test-results\regression-Theme-toggle-da-2d58a-ass-toggled-on-html-element-Opera-retry1\error-context.md

  115) [Opera] ΓÇ║ tests\e2e\regression.spec.ts:147:7 ΓÇ║ Navbar ΓÇ║ mobile menu opens and closes ΓöÇΓöÇΓöÇΓöÇΓöÇΓöÇΓöÇΓöÇ

    Error: page.goto: net::ERR_NAME_NOT_RESOLVED at https://thecareersetu.in/
    Call log:
      - navigating to "https://thecareersetu.in/", waiting until "load"


      147 |   test('mobile menu opens and closes', async ({ page }) => {
      148 |     await page.setViewportSize({ width: 375, height: 812 })
    > 149 |     await page.goto('/')
          |                ^
      150 |     const menuBtn = page.getByRole('button', { name: /toggle menu|menu/i })
      151 |     await menuBtn.click()
      152 |     // Sheet/menu content should appear
        at C:\Users\amitc\CareerSetu\tests\e2e\regression.spec.ts:149:16

    attachment #1: screenshot (image/png) ΓöÇΓöÇΓöÇΓöÇΓöÇΓöÇΓöÇΓöÇΓöÇΓöÇΓöÇΓöÇΓöÇΓöÇΓöÇΓöÇΓöÇΓöÇΓöÇΓöÇΓöÇΓöÇΓöÇΓöÇΓöÇΓöÇΓöÇΓöÇΓöÇΓöÇΓöÇΓöÇΓöÇΓöÇΓöÇΓöÇΓöÇΓöÇΓöÇΓöÇΓöÇΓöÇΓöÇΓöÇΓöÇΓöÇΓöÇΓöÇΓöÇΓöÇΓöÇΓöÇΓöÇΓöÇΓöÇΓöÇΓöÇΓöÇ
    test-results\regression-Navbar-mobile-menu-opens-and-closes-Opera\test-failed-1.png
    ΓöÇΓöÇΓöÇΓöÇΓöÇΓöÇΓöÇΓöÇΓöÇΓöÇΓöÇΓöÇΓöÇΓöÇΓöÇΓöÇΓöÇΓöÇΓöÇΓöÇΓöÇΓöÇΓöÇΓöÇΓöÇΓöÇΓöÇΓöÇΓöÇΓöÇΓöÇΓöÇΓöÇΓöÇΓöÇΓöÇΓöÇΓöÇΓöÇΓöÇΓöÇΓöÇΓöÇΓöÇΓöÇΓöÇΓöÇΓöÇΓöÇΓöÇΓöÇΓöÇΓöÇΓöÇΓöÇΓöÇΓöÇΓöÇΓöÇΓöÇΓöÇΓöÇΓöÇΓöÇΓöÇΓöÇΓöÇΓöÇΓöÇΓöÇΓöÇΓöÇΓöÇΓöÇΓöÇΓöÇΓöÇΓöÇΓöÇΓöÇΓöÇΓöÇΓöÇΓöÇΓöÇΓöÇΓöÇΓöÇΓöÇΓöÇΓöÇΓöÇΓöÇΓöÇΓöÇΓöÇ

    Error Context: test-results\regression-Navbar-mobile-menu-opens-and-closes-Opera\error-context.md

    Retry #1 ΓöÇΓöÇΓöÇΓöÇΓöÇΓöÇΓöÇΓöÇΓöÇΓöÇΓöÇΓöÇΓöÇΓöÇΓöÇΓöÇΓöÇΓöÇΓöÇΓöÇΓöÇΓöÇΓöÇΓöÇΓöÇΓöÇΓöÇΓöÇΓöÇΓöÇΓöÇΓöÇΓöÇΓöÇΓöÇΓöÇΓöÇΓöÇΓöÇΓöÇΓöÇΓöÇΓöÇΓöÇΓöÇΓöÇΓöÇΓöÇΓöÇΓöÇΓöÇΓöÇΓöÇΓöÇΓöÇΓöÇΓöÇΓöÇΓöÇΓöÇΓöÇΓöÇΓöÇΓöÇΓöÇΓöÇΓöÇΓöÇΓöÇΓöÇΓöÇΓöÇΓöÇΓöÇΓöÇΓöÇΓöÇΓöÇΓöÇΓöÇΓöÇΓöÇΓöÇΓöÇΓöÇΓöÇΓöÇ

    Error: page.goto: net::ERR_NAME_NOT_RESOLVED at https://thecareersetu.in/
    Call log:
      - navigating to "https://thecareersetu.in/", waiting until "load"


      147 |   test('mobile menu opens and closes', async ({ page }) => {
      148 |     await page.setViewportSize({ width: 375, height: 812 })
    > 149 |     await page.goto('/')
          |                ^
      150 |     const menuBtn = page.getByRole('button', { name: /toggle menu|menu/i })
      151 |     await menuBtn.click()
      152 |     // Sheet/menu content should appear
        at C:\Users\amitc\CareerSetu\tests\e2e\regression.spec.ts:149:16

    attachment #1: screenshot (image/png) ΓöÇΓöÇΓöÇΓöÇΓöÇΓöÇΓöÇΓöÇΓöÇΓöÇΓöÇΓöÇΓöÇΓöÇΓöÇΓöÇΓöÇΓöÇΓöÇΓöÇΓöÇΓöÇΓöÇΓöÇΓöÇΓöÇΓöÇΓöÇΓöÇΓöÇΓöÇΓöÇΓöÇΓöÇΓöÇΓöÇΓöÇΓöÇΓöÇΓöÇΓöÇΓöÇΓöÇΓöÇΓöÇΓöÇΓöÇΓöÇΓöÇΓöÇΓöÇΓöÇΓöÇΓöÇΓöÇΓöÇΓöÇΓöÇ
    test-results\regression-Navbar-mobile-menu-opens-and-closes-Opera-retry1\test-failed-1.png
    ΓöÇΓöÇΓöÇΓöÇΓöÇΓöÇΓöÇΓöÇΓöÇΓöÇΓöÇΓöÇΓöÇΓöÇΓöÇΓöÇΓöÇΓöÇΓöÇΓöÇΓöÇΓöÇΓöÇΓöÇΓöÇΓöÇΓöÇΓöÇΓöÇΓöÇΓöÇΓöÇΓöÇΓöÇΓöÇΓöÇΓöÇΓöÇΓöÇΓöÇΓöÇΓöÇΓöÇΓöÇΓöÇΓöÇΓöÇΓöÇΓöÇΓöÇΓöÇΓöÇΓöÇΓöÇΓöÇΓöÇΓöÇΓöÇΓöÇΓöÇΓöÇΓöÇΓöÇΓöÇΓöÇΓöÇΓöÇΓöÇΓöÇΓöÇΓöÇΓöÇΓöÇΓöÇΓöÇΓöÇΓöÇΓöÇΓöÇΓöÇΓöÇΓöÇΓöÇΓöÇΓöÇΓöÇΓöÇΓöÇΓöÇΓöÇΓöÇΓöÇΓöÇΓöÇΓöÇΓöÇ

    Error Context: test-results\regression-Navbar-mobile-menu-opens-and-closes-Opera-retry1\error-context.md

  116) [Opera] ΓÇ║ tests\e2e\regression.spec.ts:156:7 ΓÇ║ Navbar ΓÇ║ footer renders on landing ΓöÇΓöÇΓöÇΓöÇΓöÇΓöÇΓöÇΓöÇΓöÇΓöÇΓöÇ

    Error: page.goto: net::ERR_NAME_NOT_RESOLVED at https://thecareersetu.in/
    Call log:
      - navigating to "https://thecareersetu.in/", waiting until "load"


      155 |
      156 |   test('footer renders on landing', async ({ page }) => {
    > 157 |     await page.goto('/')
          |                ^
      158 |     const footer = page.locator('footer')
      159 |     await expect(footer).toBeVisible()
      160 |   })
        at C:\Users\amitc\CareerSetu\tests\e2e\regression.spec.ts:157:16

    Error Context: test-results\regression-Navbar-footer-renders-on-landing-Opera\error-context.md

    Retry #1 ΓöÇΓöÇΓöÇΓöÇΓöÇΓöÇΓöÇΓöÇΓöÇΓöÇΓöÇΓöÇΓöÇΓöÇΓöÇΓöÇΓöÇΓöÇΓöÇΓöÇΓöÇΓöÇΓöÇΓöÇΓöÇΓöÇΓöÇΓöÇΓöÇΓöÇΓöÇΓöÇΓöÇΓöÇΓöÇΓöÇΓöÇΓöÇΓöÇΓöÇΓöÇΓöÇΓöÇΓöÇΓöÇΓöÇΓöÇΓöÇΓöÇΓöÇΓöÇΓöÇΓöÇΓöÇΓöÇΓöÇΓöÇΓöÇΓöÇΓöÇΓöÇΓöÇΓöÇΓöÇΓöÇΓöÇΓöÇΓöÇΓöÇΓöÇΓöÇΓöÇΓöÇΓöÇΓöÇΓöÇΓöÇΓöÇΓöÇΓöÇΓöÇΓöÇΓöÇΓöÇΓöÇΓöÇΓöÇ

    Error: page.goto: net::ERR_NAME_NOT_RESOLVED at https://thecareersetu.in/
    Call log:
      - navigating to "https://thecareersetu.in/", waiting until "load"


      155 |
      156 |   test('footer renders on landing', async ({ page }) => {
    > 157 |     await page.goto('/')
          |                ^
      158 |     const footer = page.locator('footer')
      159 |     await expect(footer).toBeVisible()
      160 |   })
        at C:\Users\amitc\CareerSetu\tests\e2e\regression.spec.ts:157:16

    Error Context: test-results\regression-Navbar-footer-renders-on-landing-Opera-retry1\error-context.md

  117) [Opera] ΓÇ║ tests\e2e\regression.spec.ts:166:7 ΓÇ║ Try page (no-signup demo) ΓÇ║ loads without redirect 

    Error: page.goto: net::ERR_NAME_NOT_RESOLVED at https://thecareersetu.in/try
    Call log:
      - navigating to "https://thecareersetu.in/try", waiting until "load"


      165 | test.describe('Try page (no-signup demo)', () => {
      166 |   test('loads without redirect', async ({ page }) => {
    > 167 |     await page.goto('/try')
          |                ^
      168 |     // Should NOT redirect to login
      169 |     await expect(page).not.toHaveURL(/\/login/)
      170 |     await expect(page.locator('body')).toBeVisible()
        at C:\Users\amitc\CareerSetu\tests\e2e\regression.spec.ts:167:16

    attachment #1: screenshot (image/png) ΓöÇΓöÇΓöÇΓöÇΓöÇΓöÇΓöÇΓöÇΓöÇΓöÇΓöÇΓöÇΓöÇΓöÇΓöÇΓöÇΓöÇΓöÇΓöÇΓöÇΓöÇΓöÇΓöÇΓöÇΓöÇΓöÇΓöÇΓöÇΓöÇΓöÇΓöÇΓöÇΓöÇΓöÇΓöÇΓöÇΓöÇΓöÇΓöÇΓöÇΓöÇΓöÇΓöÇΓöÇΓöÇΓöÇΓöÇΓöÇΓöÇΓöÇΓöÇΓöÇΓöÇΓöÇΓöÇΓöÇΓöÇΓöÇ
    test-results\regression-Try-page-no-signup-demo-loads-without-redirect-Opera\test-failed-1.png
    ΓöÇΓöÇΓöÇΓöÇΓöÇΓöÇΓöÇΓöÇΓöÇΓöÇΓöÇΓöÇΓöÇΓöÇΓöÇΓöÇΓöÇΓöÇΓöÇΓöÇΓöÇΓöÇΓöÇΓöÇΓöÇΓöÇΓöÇΓöÇΓöÇΓöÇΓöÇΓöÇΓöÇΓöÇΓöÇΓöÇΓöÇΓöÇΓöÇΓöÇΓöÇΓöÇΓöÇΓöÇΓöÇΓöÇΓöÇΓöÇΓöÇΓöÇΓöÇΓöÇΓöÇΓöÇΓöÇΓöÇΓöÇΓöÇΓöÇΓöÇΓöÇΓöÇΓöÇΓöÇΓöÇΓöÇΓöÇΓöÇΓöÇΓöÇΓöÇΓöÇΓöÇΓöÇΓöÇΓöÇΓöÇΓöÇΓöÇΓöÇΓöÇΓöÇΓöÇΓöÇΓöÇΓöÇΓöÇΓöÇΓöÇΓöÇΓöÇΓöÇΓöÇΓöÇΓöÇΓöÇ

    Error Context: test-results\regression-Try-page-no-signup-demo-loads-without-redirect-Opera\error-context.md

    Retry #1 ΓöÇΓöÇΓöÇΓöÇΓöÇΓöÇΓöÇΓöÇΓöÇΓöÇΓöÇΓöÇΓöÇΓöÇΓöÇΓöÇΓöÇΓöÇΓöÇΓöÇΓöÇΓöÇΓöÇΓöÇΓöÇΓöÇΓöÇΓöÇΓöÇΓöÇΓöÇΓöÇΓöÇΓöÇΓöÇΓöÇΓöÇΓöÇΓöÇΓöÇΓöÇΓöÇΓöÇΓöÇΓöÇΓöÇΓöÇΓöÇΓöÇΓöÇΓöÇΓöÇΓöÇΓöÇΓöÇΓöÇΓöÇΓöÇΓöÇΓöÇΓöÇΓöÇΓöÇΓöÇΓöÇΓöÇΓöÇΓöÇΓöÇΓöÇΓöÇΓöÇΓöÇΓöÇΓöÇΓöÇΓöÇΓöÇΓöÇΓöÇΓöÇΓöÇΓöÇΓöÇΓöÇΓöÇΓöÇ

    Error: page.goto: net::ERR_NAME_NOT_RESOLVED at https://thecareersetu.in/try
    Call log:
      - navigating to "https://thecareersetu.in/try", waiting until "load"


      165 | test.describe('Try page (no-signup demo)', () => {
      166 |   test('loads without redirect', async ({ page }) => {
    > 167 |     await page.goto('/try')
          |                ^
      168 |     // Should NOT redirect to login
      169 |     await expect(page).not.toHaveURL(/\/login/)
      170 |     await expect(page.locator('body')).toBeVisible()
        at C:\Users\amitc\CareerSetu\tests\e2e\regression.spec.ts:167:16

    attachment #1: screenshot (image/png) ΓöÇΓöÇΓöÇΓöÇΓöÇΓöÇΓöÇΓöÇΓöÇΓöÇΓöÇΓöÇΓöÇΓöÇΓöÇΓöÇΓöÇΓöÇΓöÇΓöÇΓöÇΓöÇΓöÇΓöÇΓöÇΓöÇΓöÇΓöÇΓöÇΓöÇΓöÇΓöÇΓöÇΓöÇΓöÇΓöÇΓöÇΓöÇΓöÇΓöÇΓöÇΓöÇΓöÇΓöÇΓöÇΓöÇΓöÇΓöÇΓöÇΓöÇΓöÇΓöÇΓöÇΓöÇΓöÇΓöÇΓöÇΓöÇ
    test-results\regression-Try-page-no-signup-demo-loads-without-redirect-Opera-retry1\test-failed-1.png
    ΓöÇΓöÇΓöÇΓöÇΓöÇΓöÇΓöÇΓöÇΓöÇΓöÇΓöÇΓöÇΓöÇΓöÇΓöÇΓöÇΓöÇΓöÇΓöÇΓöÇΓöÇΓöÇΓöÇΓöÇΓöÇΓöÇΓöÇΓöÇΓöÇΓöÇΓöÇΓöÇΓöÇΓöÇΓöÇΓöÇΓöÇΓöÇΓöÇΓöÇΓöÇΓöÇΓöÇΓöÇΓöÇΓöÇΓöÇΓöÇΓöÇΓöÇΓöÇΓöÇΓöÇΓöÇΓöÇΓöÇΓöÇΓöÇΓöÇΓöÇΓöÇΓöÇΓöÇΓöÇΓöÇΓöÇΓöÇΓöÇΓöÇΓöÇΓöÇΓöÇΓöÇΓöÇΓöÇΓöÇΓöÇΓöÇΓöÇΓöÇΓöÇΓöÇΓöÇΓöÇΓöÇΓöÇΓöÇΓöÇΓöÇΓöÇΓöÇΓöÇΓöÇΓöÇΓöÇΓöÇ

    Error Context: test-results\regression-Try-page-no-signup-demo-loads-without-redirect-Opera-retry1\error-context.md

  118) [Opera] ΓÇ║ tests\e2e\regression.spec.ts:179:9 ΓÇ║ Responsive ΓÇô 375px ΓÇ║ / no horizontal overflow at 375px 

    Error: page.goto: net::ERR_NAME_NOT_RESOLVED at https://thecareersetu.in/
    Call log:
      - navigating to "https://thecareersetu.in/", waiting until "load"


      179 |     test(`${p} no horizontal overflow at 375px`, async ({ page }) => {
      180 |       await page.setViewportSize({ width: 375, height: 812 })
    > 181 |       await page.goto(p)
          |                  ^
      182 |       const bodyWidth = await page.evaluate(() => document.body.scrollWidth)
      183 |       expect(bodyWidth).toBeLessThanOrEqual(390) // allow a tiny margin
      184 |     })
        at C:\Users\amitc\CareerSetu\tests\e2e\regression.spec.ts:181:18

    Error Context: test-results\regression-Responsive-ΓÇô-37-95fae-orizontal-overflow-at-375px-Opera\error-context.md

    Retry #1 ΓöÇΓöÇΓöÇΓöÇΓöÇΓöÇΓöÇΓöÇΓöÇΓöÇΓöÇΓöÇΓöÇΓöÇΓöÇΓöÇΓöÇΓöÇΓöÇΓöÇΓöÇΓöÇΓöÇΓöÇΓöÇΓöÇΓöÇΓöÇΓöÇΓöÇΓöÇΓöÇΓöÇΓöÇΓöÇΓöÇΓöÇΓöÇΓöÇΓöÇΓöÇΓöÇΓöÇΓöÇΓöÇΓöÇΓöÇΓöÇΓöÇΓöÇΓöÇΓöÇΓöÇΓöÇΓöÇΓöÇΓöÇΓöÇΓöÇΓöÇΓöÇΓöÇΓöÇΓöÇΓöÇΓöÇΓöÇΓöÇΓöÇΓöÇΓöÇΓöÇΓöÇΓöÇΓöÇΓöÇΓöÇΓöÇΓöÇΓöÇΓöÇΓöÇΓöÇΓöÇΓöÇΓöÇΓöÇ

    Error: page.goto: net::ERR_NAME_NOT_RESOLVED at https://thecareersetu.in/
    Call log:
      - navigating to "https://thecareersetu.in/", waiting until "load"


      179 |     test(`${p} no horizontal overflow at 375px`, async ({ page }) => {
      180 |       await page.setViewportSize({ width: 375, height: 812 })
    > 181 |       await page.goto(p)
          |                  ^
      182 |       const bodyWidth = await page.evaluate(() => document.body.scrollWidth)
      183 |       expect(bodyWidth).toBeLessThanOrEqual(390) // allow a tiny margin
      184 |     })
        at C:\Users\amitc\CareerSetu\tests\e2e\regression.spec.ts:181:18

    attachment #1: screenshot (image/png) ΓöÇΓöÇΓöÇΓöÇΓöÇΓöÇΓöÇΓöÇΓöÇΓöÇΓöÇΓöÇΓöÇΓöÇΓöÇΓöÇΓöÇΓöÇΓöÇΓöÇΓöÇΓöÇΓöÇΓöÇΓöÇΓöÇΓöÇΓöÇΓöÇΓöÇΓöÇΓöÇΓöÇΓöÇΓöÇΓöÇΓöÇΓöÇΓöÇΓöÇΓöÇΓöÇΓöÇΓöÇΓöÇΓöÇΓöÇΓöÇΓöÇΓöÇΓöÇΓöÇΓöÇΓöÇΓöÇΓöÇΓöÇΓöÇ
    test-results\regression-Responsive-ΓÇô-37-95fae-orizontal-overflow-at-375px-Opera-retry1\test-failed-1.png
    ΓöÇΓöÇΓöÇΓöÇΓöÇΓöÇΓöÇΓöÇΓöÇΓöÇΓöÇΓöÇΓöÇΓöÇΓöÇΓöÇΓöÇΓöÇΓöÇΓöÇΓöÇΓöÇΓöÇΓöÇΓöÇΓöÇΓöÇΓöÇΓöÇΓöÇΓöÇΓöÇΓöÇΓöÇΓöÇΓöÇΓöÇΓöÇΓöÇΓöÇΓöÇΓöÇΓöÇΓöÇΓöÇΓöÇΓöÇΓöÇΓöÇΓöÇΓöÇΓöÇΓöÇΓöÇΓöÇΓöÇΓöÇΓöÇΓöÇΓöÇΓöÇΓöÇΓöÇΓöÇΓöÇΓöÇΓöÇΓöÇΓöÇΓöÇΓöÇΓöÇΓöÇΓöÇΓöÇΓöÇΓöÇΓöÇΓöÇΓöÇΓöÇΓöÇΓöÇΓöÇΓöÇΓöÇΓöÇΓöÇΓöÇΓöÇΓöÇΓöÇΓöÇΓöÇΓöÇΓöÇ

    Error Context: test-results\regression-Responsive-ΓÇô-37-95fae-orizontal-overflow-at-375px-Opera-retry1\error-context.md

  119) [Opera] ΓÇ║ tests\e2e\regression.spec.ts:179:9 ΓÇ║ Responsive ΓÇô 375px ΓÇ║ /pricing no horizontal overflow at 375px 

    Error: page.goto: net::ERR_NAME_NOT_RESOLVED at https://thecareersetu.in/pricing
    Call log:
      - navigating to "https://thecareersetu.in/pricing", waiting until "load"


      179 |     test(`${p} no horizontal overflow at 375px`, async ({ page }) => {
      180 |       await page.setViewportSize({ width: 375, height: 812 })
    > 181 |       await page.goto(p)
          |                  ^
      182 |       const bodyWidth = await page.evaluate(() => document.body.scrollWidth)
      183 |       expect(bodyWidth).toBeLessThanOrEqual(390) // allow a tiny margin
      184 |     })
        at C:\Users\amitc\CareerSetu\tests\e2e\regression.spec.ts:181:18

    Error Context: test-results\regression-Responsive-ΓÇô-37-42b8c-orizontal-overflow-at-375px-Opera\error-context.md

    Retry #1 ΓöÇΓöÇΓöÇΓöÇΓöÇΓöÇΓöÇΓöÇΓöÇΓöÇΓöÇΓöÇΓöÇΓöÇΓöÇΓöÇΓöÇΓöÇΓöÇΓöÇΓöÇΓöÇΓöÇΓöÇΓöÇΓöÇΓöÇΓöÇΓöÇΓöÇΓöÇΓöÇΓöÇΓöÇΓöÇΓöÇΓöÇΓöÇΓöÇΓöÇΓöÇΓöÇΓöÇΓöÇΓöÇΓöÇΓöÇΓöÇΓöÇΓöÇΓöÇΓöÇΓöÇΓöÇΓöÇΓöÇΓöÇΓöÇΓöÇΓöÇΓöÇΓöÇΓöÇΓöÇΓöÇΓöÇΓöÇΓöÇΓöÇΓöÇΓöÇΓöÇΓöÇΓöÇΓöÇΓöÇΓöÇΓöÇΓöÇΓöÇΓöÇΓöÇΓöÇΓöÇΓöÇΓöÇΓöÇ

    Error: page.goto: net::ERR_NAME_NOT_RESOLVED at https://thecareersetu.in/pricing
    Call log:
      - navigating to "https://thecareersetu.in/pricing", waiting until "load"


      179 |     test(`${p} no horizontal overflow at 375px`, async ({ page }) => {
      180 |       await page.setViewportSize({ width: 375, height: 812 })
    > 181 |       await page.goto(p)
          |                  ^
      182 |       const bodyWidth = await page.evaluate(() => document.body.scrollWidth)
      183 |       expect(bodyWidth).toBeLessThanOrEqual(390) // allow a tiny margin
      184 |     })
        at C:\Users\amitc\CareerSetu\tests\e2e\regression.spec.ts:181:18

    attachment #1: screenshot (image/png) ΓöÇΓöÇΓöÇΓöÇΓöÇΓöÇΓöÇΓöÇΓöÇΓöÇΓöÇΓöÇΓöÇΓöÇΓöÇΓöÇΓöÇΓöÇΓöÇΓöÇΓöÇΓöÇΓöÇΓöÇΓöÇΓöÇΓöÇΓöÇΓöÇΓöÇΓöÇΓöÇΓöÇΓöÇΓöÇΓöÇΓöÇΓöÇΓöÇΓöÇΓöÇΓöÇΓöÇΓöÇΓöÇΓöÇΓöÇΓöÇΓöÇΓöÇΓöÇΓöÇΓöÇΓöÇΓöÇΓöÇΓöÇΓöÇ
    test-results\regression-Responsive-ΓÇô-37-42b8c-orizontal-overflow-at-375px-Opera-retry1\test-failed-1.png
    ΓöÇΓöÇΓöÇΓöÇΓöÇΓöÇΓöÇΓöÇΓöÇΓöÇΓöÇΓöÇΓöÇΓöÇΓöÇΓöÇΓöÇΓöÇΓöÇΓöÇΓöÇΓöÇΓöÇΓöÇΓöÇΓöÇΓöÇΓöÇΓöÇΓöÇΓöÇΓöÇΓöÇΓöÇΓöÇΓöÇΓöÇΓöÇΓöÇΓöÇΓöÇΓöÇΓöÇΓöÇΓöÇΓöÇΓöÇΓöÇΓöÇΓöÇΓöÇΓöÇΓöÇΓöÇΓöÇΓöÇΓöÇΓöÇΓöÇΓöÇΓöÇΓöÇΓöÇΓöÇΓöÇΓöÇΓöÇΓöÇΓöÇΓöÇΓöÇΓöÇΓöÇΓöÇΓöÇΓöÇΓöÇΓöÇΓöÇΓöÇΓöÇΓöÇΓöÇΓöÇΓöÇΓöÇΓöÇΓöÇΓöÇΓöÇΓöÇΓöÇΓöÇΓöÇΓöÇΓöÇ

    Error Context: test-results\regression-Responsive-ΓÇô-37-42b8c-orizontal-overflow-at-375px-Opera-retry1\error-context.md

  120) [Opera] ΓÇ║ tests\e2e\regression.spec.ts:179:9 ΓÇ║ Responsive ΓÇô 375px ΓÇ║ /about no horizontal overflow at 375px 

    Error: page.goto: net::ERR_NAME_NOT_RESOLVED at https://thecareersetu.in/about
    Call log:
      - navigating to "https://thecareersetu.in/about", waiting until "load"


      179 |     test(`${p} no horizontal overflow at 375px`, async ({ page }) => {
      180 |       await page.setViewportSize({ width: 375, height: 812 })
    > 181 |       await page.goto(p)
          |                  ^
      182 |       const bodyWidth = await page.evaluate(() => document.body.scrollWidth)
      183 |       expect(bodyWidth).toBeLessThanOrEqual(390) // allow a tiny margin
      184 |     })
        at C:\Users\amitc\CareerSetu\tests\e2e\regression.spec.ts:181:18

    attachment #1: screenshot (image/png) ΓöÇΓöÇΓöÇΓöÇΓöÇΓöÇΓöÇΓöÇΓöÇΓöÇΓöÇΓöÇΓöÇΓöÇΓöÇΓöÇΓöÇΓöÇΓöÇΓöÇΓöÇΓöÇΓöÇΓöÇΓöÇΓöÇΓöÇΓöÇΓöÇΓöÇΓöÇΓöÇΓöÇΓöÇΓöÇΓöÇΓöÇΓöÇΓöÇΓöÇΓöÇΓöÇΓöÇΓöÇΓöÇΓöÇΓöÇΓöÇΓöÇΓöÇΓöÇΓöÇΓöÇΓöÇΓöÇΓöÇΓöÇΓöÇ
    test-results\regression-Responsive-ΓÇô-37-f7b56-orizontal-overflow-at-375px-Opera\test-failed-1.png
    ΓöÇΓöÇΓöÇΓöÇΓöÇΓöÇΓöÇΓöÇΓöÇΓöÇΓöÇΓöÇΓöÇΓöÇΓöÇΓöÇΓöÇΓöÇΓöÇΓöÇΓöÇΓöÇΓöÇΓöÇΓöÇΓöÇΓöÇΓöÇΓöÇΓöÇΓöÇΓöÇΓöÇΓöÇΓöÇΓöÇΓöÇΓöÇΓöÇΓöÇΓöÇΓöÇΓöÇΓöÇΓöÇΓöÇΓöÇΓöÇΓöÇΓöÇΓöÇΓöÇΓöÇΓöÇΓöÇΓöÇΓöÇΓöÇΓöÇΓöÇΓöÇΓöÇΓöÇΓöÇΓöÇΓöÇΓöÇΓöÇΓöÇΓöÇΓöÇΓöÇΓöÇΓöÇΓöÇΓöÇΓöÇΓöÇΓöÇΓöÇΓöÇΓöÇΓöÇΓöÇΓöÇΓöÇΓöÇΓöÇΓöÇΓöÇΓöÇΓöÇΓöÇΓöÇΓöÇΓöÇ

    Error Context: test-results\regression-Responsive-ΓÇô-37-f7b56-orizontal-overflow-at-375px-Opera\error-context.md

    Retry #1 ΓöÇΓöÇΓöÇΓöÇΓöÇΓöÇΓöÇΓöÇΓöÇΓöÇΓöÇΓöÇΓöÇΓöÇΓöÇΓöÇΓöÇΓöÇΓöÇΓöÇΓöÇΓöÇΓöÇΓöÇΓöÇΓöÇΓöÇΓöÇΓöÇΓöÇΓöÇΓöÇΓöÇΓöÇΓöÇΓöÇΓöÇΓöÇΓöÇΓöÇΓöÇΓöÇΓöÇΓöÇΓöÇΓöÇΓöÇΓöÇΓöÇΓöÇΓöÇΓöÇΓöÇΓöÇΓöÇΓöÇΓöÇΓöÇΓöÇΓöÇΓöÇΓöÇΓöÇΓöÇΓöÇΓöÇΓöÇΓöÇΓöÇΓöÇΓöÇΓöÇΓöÇΓöÇΓöÇΓöÇΓöÇΓöÇΓöÇΓöÇΓöÇΓöÇΓöÇΓöÇΓöÇΓöÇΓöÇ

    Error: page.goto: net::ERR_NAME_NOT_RESOLVED at https://thecareersetu.in/about
    Call log:
      - navigating to "https://thecareersetu.in/about", waiting until "load"


      179 |     test(`${p} no horizontal overflow at 375px`, async ({ page }) => {
      180 |       await page.setViewportSize({ width: 375, height: 812 })
    > 181 |       await page.goto(p)
          |                  ^
      182 |       const bodyWidth = await page.evaluate(() => document.body.scrollWidth)
      183 |       expect(bodyWidth).toBeLessThanOrEqual(390) // allow a tiny margin
      184 |     })
        at C:\Users\amitc\CareerSetu\tests\e2e\regression.spec.ts:181:18

    attachment #1: screenshot (image/png) ΓöÇΓöÇΓöÇΓöÇΓöÇΓöÇΓöÇΓöÇΓöÇΓöÇΓöÇΓöÇΓöÇΓöÇΓöÇΓöÇΓöÇΓöÇΓöÇΓöÇΓöÇΓöÇΓöÇΓöÇΓöÇΓöÇΓöÇΓöÇΓöÇΓöÇΓöÇΓöÇΓöÇΓöÇΓöÇΓöÇΓöÇΓöÇΓöÇΓöÇΓöÇΓöÇΓöÇΓöÇΓöÇΓöÇΓöÇΓöÇΓöÇΓöÇΓöÇΓöÇΓöÇΓöÇΓöÇΓöÇΓöÇΓöÇ
    test-results\regression-Responsive-ΓÇô-37-f7b56-orizontal-overflow-at-375px-Opera-retry1\test-failed-1.png
    ΓöÇΓöÇΓöÇΓöÇΓöÇΓöÇΓöÇΓöÇΓöÇΓöÇΓöÇΓöÇΓöÇΓöÇΓöÇΓöÇΓöÇΓöÇΓöÇΓöÇΓöÇΓöÇΓöÇΓöÇΓöÇΓöÇΓöÇΓöÇΓöÇΓöÇΓöÇΓöÇΓöÇΓöÇΓöÇΓöÇΓöÇΓöÇΓöÇΓöÇΓöÇΓöÇΓöÇΓöÇΓöÇΓöÇΓöÇΓöÇΓöÇΓöÇΓöÇΓöÇΓöÇΓöÇΓöÇΓöÇΓöÇΓöÇΓöÇΓöÇΓöÇΓöÇΓöÇΓöÇΓöÇΓöÇΓöÇΓöÇΓöÇΓöÇΓöÇΓöÇΓöÇΓöÇΓöÇΓöÇΓöÇΓöÇΓöÇΓöÇΓöÇΓöÇΓöÇΓöÇΓöÇΓöÇΓöÇΓöÇΓöÇΓöÇΓöÇΓöÇΓöÇΓöÇΓöÇΓöÇ

    Error Context: test-results\regression-Responsive-ΓÇô-37-f7b56-orizontal-overflow-at-375px-Opera-retry1\error-context.md

  121) [Opera] ΓÇ║ tests\e2e\regression.spec.ts:179:9 ΓÇ║ Responsive ΓÇô 375px ΓÇ║ /login no horizontal overflow at 375px 

    Error: page.goto: net::ERR_NAME_NOT_RESOLVED at https://thecareersetu.in/login
    Call log:
      - navigating to "https://thecareersetu.in/login", waiting until "load"


      179 |     test(`${p} no horizontal overflow at 375px`, async ({ page }) => {
      180 |       await page.setViewportSize({ width: 375, height: 812 })
    > 181 |       await page.goto(p)
          |                  ^
      182 |       const bodyWidth = await page.evaluate(() => document.body.scrollWidth)
      183 |       expect(bodyWidth).toBeLessThanOrEqual(390) // allow a tiny margin
      184 |     })
        at C:\Users\amitc\CareerSetu\tests\e2e\regression.spec.ts:181:18

    attachment #1: screenshot (image/png) ΓöÇΓöÇΓöÇΓöÇΓöÇΓöÇΓöÇΓöÇΓöÇΓöÇΓöÇΓöÇΓöÇΓöÇΓöÇΓöÇΓöÇΓöÇΓöÇΓöÇΓöÇΓöÇΓöÇΓöÇΓöÇΓöÇΓöÇΓöÇΓöÇΓöÇΓöÇΓöÇΓöÇΓöÇΓöÇΓöÇΓöÇΓöÇΓöÇΓöÇΓöÇΓöÇΓöÇΓöÇΓöÇΓöÇΓöÇΓöÇΓöÇΓöÇΓöÇΓöÇΓöÇΓöÇΓöÇΓöÇΓöÇΓöÇ
    test-results\regression-Responsive-ΓÇô-37-5a1f9-orizontal-overflow-at-375px-Opera\test-failed-1.png
    ΓöÇΓöÇΓöÇΓöÇΓöÇΓöÇΓöÇΓöÇΓöÇΓöÇΓöÇΓöÇΓöÇΓöÇΓöÇΓöÇΓöÇΓöÇΓöÇΓöÇΓöÇΓöÇΓöÇΓöÇΓöÇΓöÇΓöÇΓöÇΓöÇΓöÇΓöÇΓöÇΓöÇΓöÇΓöÇΓöÇΓöÇΓöÇΓöÇΓöÇΓöÇΓöÇΓöÇΓöÇΓöÇΓöÇΓöÇΓöÇΓöÇΓöÇΓöÇΓöÇΓöÇΓöÇΓöÇΓöÇΓöÇΓöÇΓöÇΓöÇΓöÇΓöÇΓöÇΓöÇΓöÇΓöÇΓöÇΓöÇΓöÇΓöÇΓöÇΓöÇΓöÇΓöÇΓöÇΓöÇΓöÇΓöÇΓöÇΓöÇΓöÇΓöÇΓöÇΓöÇΓöÇΓöÇΓöÇΓöÇΓöÇΓöÇΓöÇΓöÇΓöÇΓöÇΓöÇΓöÇ

    Error Context: test-results\regression-Responsive-ΓÇô-37-5a1f9-orizontal-overflow-at-375px-Opera\error-context.md

    Retry #1 ΓöÇΓöÇΓöÇΓöÇΓöÇΓöÇΓöÇΓöÇΓöÇΓöÇΓöÇΓöÇΓöÇΓöÇΓöÇΓöÇΓöÇΓöÇΓöÇΓöÇΓöÇΓöÇΓöÇΓöÇΓöÇΓöÇΓöÇΓöÇΓöÇΓöÇΓöÇΓöÇΓöÇΓöÇΓöÇΓöÇΓöÇΓöÇΓöÇΓöÇΓöÇΓöÇΓöÇΓöÇΓöÇΓöÇΓöÇΓöÇΓöÇΓöÇΓöÇΓöÇΓöÇΓöÇΓöÇΓöÇΓöÇΓöÇΓöÇΓöÇΓöÇΓöÇΓöÇΓöÇΓöÇΓöÇΓöÇΓöÇΓöÇΓöÇΓöÇΓöÇΓöÇΓöÇΓöÇΓöÇΓöÇΓöÇΓöÇΓöÇΓöÇΓöÇΓöÇΓöÇΓöÇΓöÇΓöÇ

    Error: page.goto: net::ERR_NAME_NOT_RESOLVED at https://thecareersetu.in/login
    Call log:
      - navigating to "https://thecareersetu.in/login", waiting until "load"


      179 |     test(`${p} no horizontal overflow at 375px`, async ({ page }) => {
      180 |       await page.setViewportSize({ width: 375, height: 812 })
    > 181 |       await page.goto(p)
          |                  ^
      182 |       const bodyWidth = await page.evaluate(() => document.body.scrollWidth)
      183 |       expect(bodyWidth).toBeLessThanOrEqual(390) // allow a tiny margin
      184 |     })
        at C:\Users\amitc\CareerSetu\tests\e2e\regression.spec.ts:181:18

    Error Context: test-results\regression-Responsive-ΓÇô-37-5a1f9-orizontal-overflow-at-375px-Opera-retry1\error-context.md

  122) [Opera] ΓÇ║ tests\e2e\user-journeys.spec.ts:39:7 ΓÇ║ US-1 Signup ΓÇ║ a new email can create an account without error 

    Error: page.goto: net::ERR_NAME_NOT_RESOLVED at https://thecareersetu.in/signup
    Call log:
      - navigating to "https://thecareersetu.in/signup", waiting until "load"


      39 |   test('a new email can create an account without error', async ({ page }) => {
      40 |     const email = uniqueEmail()
    > 41 |     await page.goto('/signup')
         |                ^
      42 |     await page.getByPlaceholder('Priya Sharma').fill('E2E Tester')
      43 |     await page.getByPlaceholder('you@example.com').fill(email)
      44 |     await page.getByPlaceholder('Min. 6 characters').fill('Test1234!')
        at C:\Users\amitc\CareerSetu\tests\e2e\user-journeys.spec.ts:41:16

    attachment #1: screenshot (image/png) ΓöÇΓöÇΓöÇΓöÇΓöÇΓöÇΓöÇΓöÇΓöÇΓöÇΓöÇΓöÇΓöÇΓöÇΓöÇΓöÇΓöÇΓöÇΓöÇΓöÇΓöÇΓöÇΓöÇΓöÇΓöÇΓöÇΓöÇΓöÇΓöÇΓöÇΓöÇΓöÇΓöÇΓöÇΓöÇΓöÇΓöÇΓöÇΓöÇΓöÇΓöÇΓöÇΓöÇΓöÇΓöÇΓöÇΓöÇΓöÇΓöÇΓöÇΓöÇΓöÇΓöÇΓöÇΓöÇΓöÇΓöÇΓöÇ
    test-results\user-journeys-US-1-Signup--3b306-te-an-account-without-error-Opera\test-failed-1.png
    ΓöÇΓöÇΓöÇΓöÇΓöÇΓöÇΓöÇΓöÇΓöÇΓöÇΓöÇΓöÇΓöÇΓöÇΓöÇΓöÇΓöÇΓöÇΓöÇΓöÇΓöÇΓöÇΓöÇΓöÇΓöÇΓöÇΓöÇΓöÇΓöÇΓöÇΓöÇΓöÇΓöÇΓöÇΓöÇΓöÇΓöÇΓöÇΓöÇΓöÇΓöÇΓöÇΓöÇΓöÇΓöÇΓöÇΓöÇΓöÇΓöÇΓöÇΓöÇΓöÇΓöÇΓöÇΓöÇΓöÇΓöÇΓöÇΓöÇΓöÇΓöÇΓöÇΓöÇΓöÇΓöÇΓöÇΓöÇΓöÇΓöÇΓöÇΓöÇΓöÇΓöÇΓöÇΓöÇΓöÇΓöÇΓöÇΓöÇΓöÇΓöÇΓöÇΓöÇΓöÇΓöÇΓöÇΓöÇΓöÇΓöÇΓöÇΓöÇΓöÇΓöÇΓöÇΓöÇΓöÇ

    Error Context: test-results\user-journeys-US-1-Signup--3b306-te-an-account-without-error-Opera\error-context.md

    Retry #1 ΓöÇΓöÇΓöÇΓöÇΓöÇΓöÇΓöÇΓöÇΓöÇΓöÇΓöÇΓöÇΓöÇΓöÇΓöÇΓöÇΓöÇΓöÇΓöÇΓöÇΓöÇΓöÇΓöÇΓöÇΓöÇΓöÇΓöÇΓöÇΓöÇΓöÇΓöÇΓöÇΓöÇΓöÇΓöÇΓöÇΓöÇΓöÇΓöÇΓöÇΓöÇΓöÇΓöÇΓöÇΓöÇΓöÇΓöÇΓöÇΓöÇΓöÇΓöÇΓöÇΓöÇΓöÇΓöÇΓöÇΓöÇΓöÇΓöÇΓöÇΓöÇΓöÇΓöÇΓöÇΓöÇΓöÇΓöÇΓöÇΓöÇΓöÇΓöÇΓöÇΓöÇΓöÇΓöÇΓöÇΓöÇΓöÇΓöÇΓöÇΓöÇΓöÇΓöÇΓöÇΓöÇΓöÇΓöÇ

    Error: page.goto: net::ERR_NAME_NOT_RESOLVED at https://thecareersetu.in/signup
    Call log:
      - navigating to "https://thecareersetu.in/signup", waiting until "load"


      39 |   test('a new email can create an account without error', async ({ page }) => {
      40 |     const email = uniqueEmail()
    > 41 |     await page.goto('/signup')
         |                ^
      42 |     await page.getByPlaceholder('Priya Sharma').fill('E2E Tester')
      43 |     await page.getByPlaceholder('you@example.com').fill(email)
      44 |     await page.getByPlaceholder('Min. 6 characters').fill('Test1234!')
        at C:\Users\amitc\CareerSetu\tests\e2e\user-journeys.spec.ts:41:16

    attachment #1: screenshot (image/png) ΓöÇΓöÇΓöÇΓöÇΓöÇΓöÇΓöÇΓöÇΓöÇΓöÇΓöÇΓöÇΓöÇΓöÇΓöÇΓöÇΓöÇΓöÇΓöÇΓöÇΓöÇΓöÇΓöÇΓöÇΓöÇΓöÇΓöÇΓöÇΓöÇΓöÇΓöÇΓöÇΓöÇΓöÇΓöÇΓöÇΓöÇΓöÇΓöÇΓöÇΓöÇΓöÇΓöÇΓöÇΓöÇΓöÇΓöÇΓöÇΓöÇΓöÇΓöÇΓöÇΓöÇΓöÇΓöÇΓöÇΓöÇΓöÇ
    test-results\user-journeys-US-1-Signup--3b306-te-an-account-without-error-Opera-retry1\test-failed-1.png
    ΓöÇΓöÇΓöÇΓöÇΓöÇΓöÇΓöÇΓöÇΓöÇΓöÇΓöÇΓöÇΓöÇΓöÇΓöÇΓöÇΓöÇΓöÇΓöÇΓöÇΓöÇΓöÇΓöÇΓöÇΓöÇΓöÇΓöÇΓöÇΓöÇΓöÇΓöÇΓöÇΓöÇΓöÇΓöÇΓöÇΓöÇΓöÇΓöÇΓöÇΓöÇΓöÇΓöÇΓöÇΓöÇΓöÇΓöÇΓöÇΓöÇΓöÇΓöÇΓöÇΓöÇΓöÇΓöÇΓöÇΓöÇΓöÇΓöÇΓöÇΓöÇΓöÇΓöÇΓöÇΓöÇΓöÇΓöÇΓöÇΓöÇΓöÇΓöÇΓöÇΓöÇΓöÇΓöÇΓöÇΓöÇΓöÇΓöÇΓöÇΓöÇΓöÇΓöÇΓöÇΓöÇΓöÇΓöÇΓöÇΓöÇΓöÇΓöÇΓöÇΓöÇΓöÇΓöÇΓöÇ

    Error Context: test-results\user-journeys-US-1-Signup--3b306-te-an-account-without-error-Opera-retry1\error-context.md

  123) [Opera] ΓÇ║ tests\e2e\user-journeys.spec.ts:64:7 ΓÇ║ US-2 Login ΓÇ║ valid credentials land in the app (dashboard or onboarding) 

    Error: page.goto: net::ERR_NAME_NOT_RESOLVED at https://thecareersetu.in/login
    Call log:
      - navigating to "https://thecareersetu.in/login", waiting until "load"


      28 |
      29 | async function login(page: Page, email: string, password: string) {
    > 30 |   await page.goto('/login')
         |              ^
      31 |   await page.getByPlaceholder('you@example.com').fill(email)
      32 |   await page.getByPlaceholder('Your password').fill(password)
      33 |   await page.getByRole('button', { name: 'Sign in' }).click()
        at login (C:\Users\amitc\CareerSetu\tests\e2e\user-journeys.spec.ts:30:14)
        at C:\Users\amitc\CareerSetu\tests\e2e\user-journeys.spec.ts:65:11

    Error Context: test-results\user-journeys-US-2-Login-v-1ef5d-pp-dashboard-or-onboarding--Opera\error-context.md

    Retry #1 ΓöÇΓöÇΓöÇΓöÇΓöÇΓöÇΓöÇΓöÇΓöÇΓöÇΓöÇΓöÇΓöÇΓöÇΓöÇΓöÇΓöÇΓöÇΓöÇΓöÇΓöÇΓöÇΓöÇΓöÇΓöÇΓöÇΓöÇΓöÇΓöÇΓöÇΓöÇΓöÇΓöÇΓöÇΓöÇΓöÇΓöÇΓöÇΓöÇΓöÇΓöÇΓöÇΓöÇΓöÇΓöÇΓöÇΓöÇΓöÇΓöÇΓöÇΓöÇΓöÇΓöÇΓöÇΓöÇΓöÇΓöÇΓöÇΓöÇΓöÇΓöÇΓöÇΓöÇΓöÇΓöÇΓöÇΓöÇΓöÇΓöÇΓöÇΓöÇΓöÇΓöÇΓöÇΓöÇΓöÇΓöÇΓöÇΓöÇΓöÇΓöÇΓöÇΓöÇΓöÇΓöÇΓöÇΓöÇ

    Error: page.goto: net::ERR_NAME_NOT_RESOLVED at https://thecareersetu.in/login
    Call log:
      - navigating to "https://thecareersetu.in/login", waiting until "load"


      28 |
      29 | async function login(page: Page, email: string, password: string) {
    > 30 |   await page.goto('/login')
         |              ^
      31 |   await page.getByPlaceholder('you@example.com').fill(email)
      32 |   await page.getByPlaceholder('Your password').fill(password)
      33 |   await page.getByRole('button', { name: 'Sign in' }).click()
        at login (C:\Users\amitc\CareerSetu\tests\e2e\user-journeys.spec.ts:30:14)
        at C:\Users\amitc\CareerSetu\tests\e2e\user-journeys.spec.ts:65:11

    Error Context: test-results\user-journeys-US-2-Login-v-1ef5d-pp-dashboard-or-onboarding--Opera-retry1\error-context.md

  124) [Opera] ΓÇ║ tests\e2e\user-journeys.spec.ts:74:7 ΓÇ║ US-3 Invalid login ΓÇ║ wrong password shows an error and stays on /login 

    Error: page.goto: net::ERR_NAME_NOT_RESOLVED at https://thecareersetu.in/login
    Call log:
      - navigating to "https://thecareersetu.in/login", waiting until "load"


      28 |
      29 | async function login(page: Page, email: string, password: string) {
    > 30 |   await page.goto('/login')
         |              ^
      31 |   await page.getByPlaceholder('you@example.com').fill(email)
      32 |   await page.getByPlaceholder('Your password').fill(password)
      33 |   await page.getByRole('button', { name: 'Sign in' }).click()
        at login (C:\Users\amitc\CareerSetu\tests\e2e\user-journeys.spec.ts:30:14)
        at C:\Users\amitc\CareerSetu\tests\e2e\user-journeys.spec.ts:75:11

    attachment #1: screenshot (image/png) ΓöÇΓöÇΓöÇΓöÇΓöÇΓöÇΓöÇΓöÇΓöÇΓöÇΓöÇΓöÇΓöÇΓöÇΓöÇΓöÇΓöÇΓöÇΓöÇΓöÇΓöÇΓöÇΓöÇΓöÇΓöÇΓöÇΓöÇΓöÇΓöÇΓöÇΓöÇΓöÇΓöÇΓöÇΓöÇΓöÇΓöÇΓöÇΓöÇΓöÇΓöÇΓöÇΓöÇΓöÇΓöÇΓöÇΓöÇΓöÇΓöÇΓöÇΓöÇΓöÇΓöÇΓöÇΓöÇΓöÇΓöÇΓöÇ
    test-results\user-journeys-US-3-Invalid-bd9c1-an-error-and-stays-on-login-Opera\test-failed-1.png
    ΓöÇΓöÇΓöÇΓöÇΓöÇΓöÇΓöÇΓöÇΓöÇΓöÇΓöÇΓöÇΓöÇΓöÇΓöÇΓöÇΓöÇΓöÇΓöÇΓöÇΓöÇΓöÇΓöÇΓöÇΓöÇΓöÇΓöÇΓöÇΓöÇΓöÇΓöÇΓöÇΓöÇΓöÇΓöÇΓöÇΓöÇΓöÇΓöÇΓöÇΓöÇΓöÇΓöÇΓöÇΓöÇΓöÇΓöÇΓöÇΓöÇΓöÇΓöÇΓöÇΓöÇΓöÇΓöÇΓöÇΓöÇΓöÇΓöÇΓöÇΓöÇΓöÇΓöÇΓöÇΓöÇΓöÇΓöÇΓöÇΓöÇΓöÇΓöÇΓöÇΓöÇΓöÇΓöÇΓöÇΓöÇΓöÇΓöÇΓöÇΓöÇΓöÇΓöÇΓöÇΓöÇΓöÇΓöÇΓöÇΓöÇΓöÇΓöÇΓöÇΓöÇΓöÇΓöÇΓöÇ

    Error Context: test-results\user-journeys-US-3-Invalid-bd9c1-an-error-and-stays-on-login-Opera\error-context.md

    Retry #1 ΓöÇΓöÇΓöÇΓöÇΓöÇΓöÇΓöÇΓöÇΓöÇΓöÇΓöÇΓöÇΓöÇΓöÇΓöÇΓöÇΓöÇΓöÇΓöÇΓöÇΓöÇΓöÇΓöÇΓöÇΓöÇΓöÇΓöÇΓöÇΓöÇΓöÇΓöÇΓöÇΓöÇΓöÇΓöÇΓöÇΓöÇΓöÇΓöÇΓöÇΓöÇΓöÇΓöÇΓöÇΓöÇΓöÇΓöÇΓöÇΓöÇΓöÇΓöÇΓöÇΓöÇΓöÇΓöÇΓöÇΓöÇΓöÇΓöÇΓöÇΓöÇΓöÇΓöÇΓöÇΓöÇΓöÇΓöÇΓöÇΓöÇΓöÇΓöÇΓöÇΓöÇΓöÇΓöÇΓöÇΓöÇΓöÇΓöÇΓöÇΓöÇΓöÇΓöÇΓöÇΓöÇΓöÇΓöÇ

    Error: page.goto: net::ERR_NAME_NOT_RESOLVED at https://thecareersetu.in/login
    Call log:
      - navigating to "https://thecareersetu.in/login", waiting until "load"


      28 |
      29 | async function login(page: Page, email: string, password: string) {
    > 30 |   await page.goto('/login')
         |              ^
      31 |   await page.getByPlaceholder('you@example.com').fill(email)
      32 |   await page.getByPlaceholder('Your password').fill(password)
      33 |   await page.getByRole('button', { name: 'Sign in' }).click()
        at login (C:\Users\amitc\CareerSetu\tests\e2e\user-journeys.spec.ts:30:14)
        at C:\Users\amitc\CareerSetu\tests\e2e\user-journeys.spec.ts:75:11

    attachment #1: screenshot (image/png) ΓöÇΓöÇΓöÇΓöÇΓöÇΓöÇΓöÇΓöÇΓöÇΓöÇΓöÇΓöÇΓöÇΓöÇΓöÇΓöÇΓöÇΓöÇΓöÇΓöÇΓöÇΓöÇΓöÇΓöÇΓöÇΓöÇΓöÇΓöÇΓöÇΓöÇΓöÇΓöÇΓöÇΓöÇΓöÇΓöÇΓöÇΓöÇΓöÇΓöÇΓöÇΓöÇΓöÇΓöÇΓöÇΓöÇΓöÇΓöÇΓöÇΓöÇΓöÇΓöÇΓöÇΓöÇΓöÇΓöÇΓöÇΓöÇ
    test-results\user-journeys-US-3-Invalid-bd9c1-an-error-and-stays-on-login-Opera-retry1\test-failed-1.png
    ΓöÇΓöÇΓöÇΓöÇΓöÇΓöÇΓöÇΓöÇΓöÇΓöÇΓöÇΓöÇΓöÇΓöÇΓöÇΓöÇΓöÇΓöÇΓöÇΓöÇΓöÇΓöÇΓöÇΓöÇΓöÇΓöÇΓöÇΓöÇΓöÇΓöÇΓöÇΓöÇΓöÇΓöÇΓöÇΓöÇΓöÇΓöÇΓöÇΓöÇΓöÇΓöÇΓöÇΓöÇΓöÇΓöÇΓöÇΓöÇΓöÇΓöÇΓöÇΓöÇΓöÇΓöÇΓöÇΓöÇΓöÇΓöÇΓöÇΓöÇΓöÇΓöÇΓöÇΓöÇΓöÇΓöÇΓöÇΓöÇΓöÇΓöÇΓöÇΓöÇΓöÇΓöÇΓöÇΓöÇΓöÇΓöÇΓöÇΓöÇΓöÇΓöÇΓöÇΓöÇΓöÇΓöÇΓöÇΓöÇΓöÇΓöÇΓöÇΓöÇΓöÇΓöÇΓöÇΓöÇ

    Error Context: test-results\user-journeys-US-3-Invalid-bd9c1-an-error-and-stays-on-login-Opera-retry1\error-context.md

  125) [Opera] ΓÇ║ tests\e2e\user-journeys.spec.ts:86:7 ΓÇ║ US-4 Session persists across navigation (redirect-loop regression) ΓÇ║ after login, a protected route loads instead of bouncing to /login 

    Error: page.goto: net::ERR_NAME_NOT_RESOLVED at https://thecareersetu.in/login
    Call log:
      - navigating to "https://thecareersetu.in/login", waiting until "load"


      28 |
      29 | async function login(page: Page, email: string, password: string) {
    > 30 |   await page.goto('/login')
         |              ^
      31 |   await page.getByPlaceholder('you@example.com').fill(email)
      32 |   await page.getByPlaceholder('Your password').fill(password)
      33 |   await page.getByRole('button', { name: 'Sign in' }).click()
        at login (C:\Users\amitc\CareerSetu\tests\e2e\user-journeys.spec.ts:30:14)
        at C:\Users\amitc\CareerSetu\tests\e2e\user-journeys.spec.ts:87:11

    attachment #1: screenshot (image/png) ΓöÇΓöÇΓöÇΓöÇΓöÇΓöÇΓöÇΓöÇΓöÇΓöÇΓöÇΓöÇΓöÇΓöÇΓöÇΓöÇΓöÇΓöÇΓöÇΓöÇΓöÇΓöÇΓöÇΓöÇΓöÇΓöÇΓöÇΓöÇΓöÇΓöÇΓöÇΓöÇΓöÇΓöÇΓöÇΓöÇΓöÇΓöÇΓöÇΓöÇΓöÇΓöÇΓöÇΓöÇΓöÇΓöÇΓöÇΓöÇΓöÇΓöÇΓöÇΓöÇΓöÇΓöÇΓöÇΓöÇΓöÇΓöÇ
    test-results\user-journeys-US-4-Session-c503c-nstead-of-bouncing-to-login-Opera\test-failed-1.png
    ΓöÇΓöÇΓöÇΓöÇΓöÇΓöÇΓöÇΓöÇΓöÇΓöÇΓöÇΓöÇΓöÇΓöÇΓöÇΓöÇΓöÇΓöÇΓöÇΓöÇΓöÇΓöÇΓöÇΓöÇΓöÇΓöÇΓöÇΓöÇΓöÇΓöÇΓöÇΓöÇΓöÇΓöÇΓöÇΓöÇΓöÇΓöÇΓöÇΓöÇΓöÇΓöÇΓöÇΓöÇΓöÇΓöÇΓöÇΓöÇΓöÇΓöÇΓöÇΓöÇΓöÇΓöÇΓöÇΓöÇΓöÇΓöÇΓöÇΓöÇΓöÇΓöÇΓöÇΓöÇΓöÇΓöÇΓöÇΓöÇΓöÇΓöÇΓöÇΓöÇΓöÇΓöÇΓöÇΓöÇΓöÇΓöÇΓöÇΓöÇΓöÇΓöÇΓöÇΓöÇΓöÇΓöÇΓöÇΓöÇΓöÇΓöÇΓöÇΓöÇΓöÇΓöÇΓöÇΓöÇ

    Error Context: test-results\user-journeys-US-4-Session-c503c-nstead-of-bouncing-to-login-Opera\error-context.md

    Retry #1 ΓöÇΓöÇΓöÇΓöÇΓöÇΓöÇΓöÇΓöÇΓöÇΓöÇΓöÇΓöÇΓöÇΓöÇΓöÇΓöÇΓöÇΓöÇΓöÇΓöÇΓöÇΓöÇΓöÇΓöÇΓöÇΓöÇΓöÇΓöÇΓöÇΓöÇΓöÇΓöÇΓöÇΓöÇΓöÇΓöÇΓöÇΓöÇΓöÇΓöÇΓöÇΓöÇΓöÇΓöÇΓöÇΓöÇΓöÇΓöÇΓöÇΓöÇΓöÇΓöÇΓöÇΓöÇΓöÇΓöÇΓöÇΓöÇΓöÇΓöÇΓöÇΓöÇΓöÇΓöÇΓöÇΓöÇΓöÇΓöÇΓöÇΓöÇΓöÇΓöÇΓöÇΓöÇΓöÇΓöÇΓöÇΓöÇΓöÇΓöÇΓöÇΓöÇΓöÇΓöÇΓöÇΓöÇΓöÇ

    Error: page.goto: net::ERR_NAME_NOT_RESOLVED at https://thecareersetu.in/login
    Call log:
      - navigating to "https://thecareersetu.in/login", waiting until "load"


      28 |
      29 | async function login(page: Page, email: string, password: string) {
    > 30 |   await page.goto('/login')
         |              ^
      31 |   await page.getByPlaceholder('you@example.com').fill(email)
      32 |   await page.getByPlaceholder('Your password').fill(password)
      33 |   await page.getByRole('button', { name: 'Sign in' }).click()
        at login (C:\Users\amitc\CareerSetu\tests\e2e\user-journeys.spec.ts:30:14)
        at C:\Users\amitc\CareerSetu\tests\e2e\user-journeys.spec.ts:87:11

    attachment #1: screenshot (image/png) ΓöÇΓöÇΓöÇΓöÇΓöÇΓöÇΓöÇΓöÇΓöÇΓöÇΓöÇΓöÇΓöÇΓöÇΓöÇΓöÇΓöÇΓöÇΓöÇΓöÇΓöÇΓöÇΓöÇΓöÇΓöÇΓöÇΓöÇΓöÇΓöÇΓöÇΓöÇΓöÇΓöÇΓöÇΓöÇΓöÇΓöÇΓöÇΓöÇΓöÇΓöÇΓöÇΓöÇΓöÇΓöÇΓöÇΓöÇΓöÇΓöÇΓöÇΓöÇΓöÇΓöÇΓöÇΓöÇΓöÇΓöÇΓöÇ
    test-results\user-journeys-US-4-Session-c503c-nstead-of-bouncing-to-login-Opera-retry1\test-failed-1.png
    ΓöÇΓöÇΓöÇΓöÇΓöÇΓöÇΓöÇΓöÇΓöÇΓöÇΓöÇΓöÇΓöÇΓöÇΓöÇΓöÇΓöÇΓöÇΓöÇΓöÇΓöÇΓöÇΓöÇΓöÇΓöÇΓöÇΓöÇΓöÇΓöÇΓöÇΓöÇΓöÇΓöÇΓöÇΓöÇΓöÇΓöÇΓöÇΓöÇΓöÇΓöÇΓöÇΓöÇΓöÇΓöÇΓöÇΓöÇΓöÇΓöÇΓöÇΓöÇΓöÇΓöÇΓöÇΓöÇΓöÇΓöÇΓöÇΓöÇΓöÇΓöÇΓöÇΓöÇΓöÇΓöÇΓöÇΓöÇΓöÇΓöÇΓöÇΓöÇΓöÇΓöÇΓöÇΓöÇΓöÇΓöÇΓöÇΓöÇΓöÇΓöÇΓöÇΓöÇΓöÇΓöÇΓöÇΓöÇΓöÇΓöÇΓöÇΓöÇΓöÇΓöÇΓöÇΓöÇΓöÇ

    Error Context: test-results\user-journeys-US-4-Session-c503c-nstead-of-bouncing-to-login-Opera-retry1\error-context.md

  126) [Opera] ΓÇ║ tests\e2e\user-journeys.spec.ts:103:7 ΓÇ║ US-5 Profile ΓÇ║ profile page loads and saving succeeds 

    Error: page.goto: net::ERR_NAME_NOT_RESOLVED at https://thecareersetu.in/login
    Call log:
      - navigating to "https://thecareersetu.in/login", waiting until "load"


      28 |
      29 | async function login(page: Page, email: string, password: string) {
    > 30 |   await page.goto('/login')
         |              ^
      31 |   await page.getByPlaceholder('you@example.com').fill(email)
      32 |   await page.getByPlaceholder('Your password').fill(password)
      33 |   await page.getByRole('button', { name: 'Sign in' }).click()
        at login (C:\Users\amitc\CareerSetu\tests\e2e\user-journeys.spec.ts:30:14)
        at C:\Users\amitc\CareerSetu\tests\e2e\user-journeys.spec.ts:104:11

    attachment #1: screenshot (image/png) ΓöÇΓöÇΓöÇΓöÇΓöÇΓöÇΓöÇΓöÇΓöÇΓöÇΓöÇΓöÇΓöÇΓöÇΓöÇΓöÇΓöÇΓöÇΓöÇΓöÇΓöÇΓöÇΓöÇΓöÇΓöÇΓöÇΓöÇΓöÇΓöÇΓöÇΓöÇΓöÇΓöÇΓöÇΓöÇΓöÇΓöÇΓöÇΓöÇΓöÇΓöÇΓöÇΓöÇΓöÇΓöÇΓöÇΓöÇΓöÇΓöÇΓöÇΓöÇΓöÇΓöÇΓöÇΓöÇΓöÇΓöÇΓöÇ
    test-results\user-journeys-US-5-Profile-a529b-e-loads-and-saving-succeeds-Opera\test-failed-1.png
    ΓöÇΓöÇΓöÇΓöÇΓöÇΓöÇΓöÇΓöÇΓöÇΓöÇΓöÇΓöÇΓöÇΓöÇΓöÇΓöÇΓöÇΓöÇΓöÇΓöÇΓöÇΓöÇΓöÇΓöÇΓöÇΓöÇΓöÇΓöÇΓöÇΓöÇΓöÇΓöÇΓöÇΓöÇΓöÇΓöÇΓöÇΓöÇΓöÇΓöÇΓöÇΓöÇΓöÇΓöÇΓöÇΓöÇΓöÇΓöÇΓöÇΓöÇΓöÇΓöÇΓöÇΓöÇΓöÇΓöÇΓöÇΓöÇΓöÇΓöÇΓöÇΓöÇΓöÇΓöÇΓöÇΓöÇΓöÇΓöÇΓöÇΓöÇΓöÇΓöÇΓöÇΓöÇΓöÇΓöÇΓöÇΓöÇΓöÇΓöÇΓöÇΓöÇΓöÇΓöÇΓöÇΓöÇΓöÇΓöÇΓöÇΓöÇΓöÇΓöÇΓöÇΓöÇΓöÇΓöÇ

    Error Context: test-results\user-journeys-US-5-Profile-a529b-e-loads-and-saving-succeeds-Opera\error-context.md

    Retry #1 ΓöÇΓöÇΓöÇΓöÇΓöÇΓöÇΓöÇΓöÇΓöÇΓöÇΓöÇΓöÇΓöÇΓöÇΓöÇΓöÇΓöÇΓöÇΓöÇΓöÇΓöÇΓöÇΓöÇΓöÇΓöÇΓöÇΓöÇΓöÇΓöÇΓöÇΓöÇΓöÇΓöÇΓöÇΓöÇΓöÇΓöÇΓöÇΓöÇΓöÇΓöÇΓöÇΓöÇΓöÇΓöÇΓöÇΓöÇΓöÇΓöÇΓöÇΓöÇΓöÇΓöÇΓöÇΓöÇΓöÇΓöÇΓöÇΓöÇΓöÇΓöÇΓöÇΓöÇΓöÇΓöÇΓöÇΓöÇΓöÇΓöÇΓöÇΓöÇΓöÇΓöÇΓöÇΓöÇΓöÇΓöÇΓöÇΓöÇΓöÇΓöÇΓöÇΓöÇΓöÇΓöÇΓöÇΓöÇ

    Error: page.goto: net::ERR_NAME_NOT_RESOLVED at https://thecareersetu.in/login
    Call log:
      - navigating to "https://thecareersetu.in/login", waiting until "load"


      28 |
      29 | async function login(page: Page, email: string, password: string) {
    > 30 |   await page.goto('/login')
         |              ^
      31 |   await page.getByPlaceholder('you@example.com').fill(email)
      32 |   await page.getByPlaceholder('Your password').fill(password)
      33 |   await page.getByRole('button', { name: 'Sign in' }).click()
        at login (C:\Users\amitc\CareerSetu\tests\e2e\user-journeys.spec.ts:30:14)
        at C:\Users\amitc\CareerSetu\tests\e2e\user-journeys.spec.ts:104:11

    attachment #1: screenshot (image/png) ΓöÇΓöÇΓöÇΓöÇΓöÇΓöÇΓöÇΓöÇΓöÇΓöÇΓöÇΓöÇΓöÇΓöÇΓöÇΓöÇΓöÇΓöÇΓöÇΓöÇΓöÇΓöÇΓöÇΓöÇΓöÇΓöÇΓöÇΓöÇΓöÇΓöÇΓöÇΓöÇΓöÇΓöÇΓöÇΓöÇΓöÇΓöÇΓöÇΓöÇΓöÇΓöÇΓöÇΓöÇΓöÇΓöÇΓöÇΓöÇΓöÇΓöÇΓöÇΓöÇΓöÇΓöÇΓöÇΓöÇΓöÇΓöÇ
    test-results\user-journeys-US-5-Profile-a529b-e-loads-and-saving-succeeds-Opera-retry1\test-failed-1.png
    ΓöÇΓöÇΓöÇΓöÇΓöÇΓöÇΓöÇΓöÇΓöÇΓöÇΓöÇΓöÇΓöÇΓöÇΓöÇΓöÇΓöÇΓöÇΓöÇΓöÇΓöÇΓöÇΓöÇΓöÇΓöÇΓöÇΓöÇΓöÇΓöÇΓöÇΓöÇΓöÇΓöÇΓöÇΓöÇΓöÇΓöÇΓöÇΓöÇΓöÇΓöÇΓöÇΓöÇΓöÇΓöÇΓöÇΓöÇΓöÇΓöÇΓöÇΓöÇΓöÇΓöÇΓöÇΓöÇΓöÇΓöÇΓöÇΓöÇΓöÇΓöÇΓöÇΓöÇΓöÇΓöÇΓöÇΓöÇΓöÇΓöÇΓöÇΓöÇΓöÇΓöÇΓöÇΓöÇΓöÇΓöÇΓöÇΓöÇΓöÇΓöÇΓöÇΓöÇΓöÇΓöÇΓöÇΓöÇΓöÇΓöÇΓöÇΓöÇΓöÇΓöÇΓöÇΓöÇΓöÇ

    Error Context: test-results\user-journeys-US-5-Profile-a529b-e-loads-and-saving-succeeds-Opera-retry1\error-context.md

  127) [Opera] ΓÇ║ tests\e2e\user-journeys.spec.ts:124:7 ΓÇ║ US-6 Mock MCQ test ΓÇ║ configure and start ΓÇö starts, or gracefully reports no questions (no crash / no 401) 

    Error: page.goto: net::ERR_NAME_NOT_RESOLVED at https://thecareersetu.in/login
    Call log:
      - navigating to "https://thecareersetu.in/login", waiting until "load"


      28 |
      29 | async function login(page: Page, email: string, password: string) {
    > 30 |   await page.goto('/login')
         |              ^
      31 |   await page.getByPlaceholder('you@example.com').fill(email)
      32 |   await page.getByPlaceholder('Your password').fill(password)
      33 |   await page.getByRole('button', { name: 'Sign in' }).click()
        at login (C:\Users\amitc\CareerSetu\tests\e2e\user-journeys.spec.ts:30:14)
        at C:\Users\amitc\CareerSetu\tests\e2e\user-journeys.spec.ts:125:11

    attachment #1: screenshot (image/png) ΓöÇΓöÇΓöÇΓöÇΓöÇΓöÇΓöÇΓöÇΓöÇΓöÇΓöÇΓöÇΓöÇΓöÇΓöÇΓöÇΓöÇΓöÇΓöÇΓöÇΓöÇΓöÇΓöÇΓöÇΓöÇΓöÇΓöÇΓöÇΓöÇΓöÇΓöÇΓöÇΓöÇΓöÇΓöÇΓöÇΓöÇΓöÇΓöÇΓöÇΓöÇΓöÇΓöÇΓöÇΓöÇΓöÇΓöÇΓöÇΓöÇΓöÇΓöÇΓöÇΓöÇΓöÇΓöÇΓöÇΓöÇΓöÇ
    test-results\user-journeys-US-6-Mock-MC-dad2a--questions-no-crash-no-401--Opera\test-failed-1.png
    ΓöÇΓöÇΓöÇΓöÇΓöÇΓöÇΓöÇΓöÇΓöÇΓöÇΓöÇΓöÇΓöÇΓöÇΓöÇΓöÇΓöÇΓöÇΓöÇΓöÇΓöÇΓöÇΓöÇΓöÇΓöÇΓöÇΓöÇΓöÇΓöÇΓöÇΓöÇΓöÇΓöÇΓöÇΓöÇΓöÇΓöÇΓöÇΓöÇΓöÇΓöÇΓöÇΓöÇΓöÇΓöÇΓöÇΓöÇΓöÇΓöÇΓöÇΓöÇΓöÇΓöÇΓöÇΓöÇΓöÇΓöÇΓöÇΓöÇΓöÇΓöÇΓöÇΓöÇΓöÇΓöÇΓöÇΓöÇΓöÇΓöÇΓöÇΓöÇΓöÇΓöÇΓöÇΓöÇΓöÇΓöÇΓöÇΓöÇΓöÇΓöÇΓöÇΓöÇΓöÇΓöÇΓöÇΓöÇΓöÇΓöÇΓöÇΓöÇΓöÇΓöÇΓöÇΓöÇΓöÇ

    Error Context: test-results\user-journeys-US-6-Mock-MC-dad2a--questions-no-crash-no-401--Opera\error-context.md

    Retry #1 ΓöÇΓöÇΓöÇΓöÇΓöÇΓöÇΓöÇΓöÇΓöÇΓöÇΓöÇΓöÇΓöÇΓöÇΓöÇΓöÇΓöÇΓöÇΓöÇΓöÇΓöÇΓöÇΓöÇΓöÇΓöÇΓöÇΓöÇΓöÇΓöÇΓöÇΓöÇΓöÇΓöÇΓöÇΓöÇΓöÇΓöÇΓöÇΓöÇΓöÇΓöÇΓöÇΓöÇΓöÇΓöÇΓöÇΓöÇΓöÇΓöÇΓöÇΓöÇΓöÇΓöÇΓöÇΓöÇΓöÇΓöÇΓöÇΓöÇΓöÇΓöÇΓöÇΓöÇΓöÇΓöÇΓöÇΓöÇΓöÇΓöÇΓöÇΓöÇΓöÇΓöÇΓöÇΓöÇΓöÇΓöÇΓöÇΓöÇΓöÇΓöÇΓöÇΓöÇΓöÇΓöÇΓöÇΓöÇ

    Error: page.goto: net::ERR_NAME_NOT_RESOLVED at https://thecareersetu.in/login
    Call log:
      - navigating to "https://thecareersetu.in/login", waiting until "load"


      28 |
      29 | async function login(page: Page, email: string, password: string) {
    > 30 |   await page.goto('/login')
         |              ^
      31 |   await page.getByPlaceholder('you@example.com').fill(email)
      32 |   await page.getByPlaceholder('Your password').fill(password)
      33 |   await page.getByRole('button', { name: 'Sign in' }).click()
        at login (C:\Users\amitc\CareerSetu\tests\e2e\user-journeys.spec.ts:30:14)
        at C:\Users\amitc\CareerSetu\tests\e2e\user-journeys.spec.ts:125:11

    attachment #1: screenshot (image/png) ΓöÇΓöÇΓöÇΓöÇΓöÇΓöÇΓöÇΓöÇΓöÇΓöÇΓöÇΓöÇΓöÇΓöÇΓöÇΓöÇΓöÇΓöÇΓöÇΓöÇΓöÇΓöÇΓöÇΓöÇΓöÇΓöÇΓöÇΓöÇΓöÇΓöÇΓöÇΓöÇΓöÇΓöÇΓöÇΓöÇΓöÇΓöÇΓöÇΓöÇΓöÇΓöÇΓöÇΓöÇΓöÇΓöÇΓöÇΓöÇΓöÇΓöÇΓöÇΓöÇΓöÇΓöÇΓöÇΓöÇΓöÇΓöÇ
    test-results\user-journeys-US-6-Mock-MC-dad2a--questions-no-crash-no-401--Opera-retry1\test-failed-1.png
    ΓöÇΓöÇΓöÇΓöÇΓöÇΓöÇΓöÇΓöÇΓöÇΓöÇΓöÇΓöÇΓöÇΓöÇΓöÇΓöÇΓöÇΓöÇΓöÇΓöÇΓöÇΓöÇΓöÇΓöÇΓöÇΓöÇΓöÇΓöÇΓöÇΓöÇΓöÇΓöÇΓöÇΓöÇΓöÇΓöÇΓöÇΓöÇΓöÇΓöÇΓöÇΓöÇΓöÇΓöÇΓöÇΓöÇΓöÇΓöÇΓöÇΓöÇΓöÇΓöÇΓöÇΓöÇΓöÇΓöÇΓöÇΓöÇΓöÇΓöÇΓöÇΓöÇΓöÇΓöÇΓöÇΓöÇΓöÇΓöÇΓöÇΓöÇΓöÇΓöÇΓöÇΓöÇΓöÇΓöÇΓöÇΓöÇΓöÇΓöÇΓöÇΓöÇΓöÇΓöÇΓöÇΓöÇΓöÇΓöÇΓöÇΓöÇΓöÇΓöÇΓöÇΓöÇΓöÇΓöÇ

    Error Context: test-results\user-journeys-US-6-Mock-MC-dad2a--questions-no-crash-no-401--Opera-retry1\error-context.md

  128) [Opera] ΓÇ║ tests\e2e\user-journeys.spec.ts:149:7 ΓÇ║ US-7 Reports ΓÇ║ reports page loads for an authenticated user 

    Error: page.goto: net::ERR_NAME_NOT_RESOLVED at https://thecareersetu.in/login
    Call log:
      - navigating to "https://thecareersetu.in/login", waiting until "load"


      28 |
      29 | async function login(page: Page, email: string, password: string) {
    > 30 |   await page.goto('/login')
         |              ^
      31 |   await page.getByPlaceholder('you@example.com').fill(email)
      32 |   await page.getByPlaceholder('Your password').fill(password)
      33 |   await page.getByRole('button', { name: 'Sign in' }).click()
        at login (C:\Users\amitc\CareerSetu\tests\e2e\user-journeys.spec.ts:30:14)
        at C:\Users\amitc\CareerSetu\tests\e2e\user-journeys.spec.ts:150:11

    attachment #1: screenshot (image/png) ΓöÇΓöÇΓöÇΓöÇΓöÇΓöÇΓöÇΓöÇΓöÇΓöÇΓöÇΓöÇΓöÇΓöÇΓöÇΓöÇΓöÇΓöÇΓöÇΓöÇΓöÇΓöÇΓöÇΓöÇΓöÇΓöÇΓöÇΓöÇΓöÇΓöÇΓöÇΓöÇΓöÇΓöÇΓöÇΓöÇΓöÇΓöÇΓöÇΓöÇΓöÇΓöÇΓöÇΓöÇΓöÇΓöÇΓöÇΓöÇΓöÇΓöÇΓöÇΓöÇΓöÇΓöÇΓöÇΓöÇΓöÇΓöÇ
    test-results\user-journeys-US-7-Reports-3a3ce-s-for-an-authenticated-user-Opera\test-failed-1.png
    ΓöÇΓöÇΓöÇΓöÇΓöÇΓöÇΓöÇΓöÇΓöÇΓöÇΓöÇΓöÇΓöÇΓöÇΓöÇΓöÇΓöÇΓöÇΓöÇΓöÇΓöÇΓöÇΓöÇΓöÇΓöÇΓöÇΓöÇΓöÇΓöÇΓöÇΓöÇΓöÇΓöÇΓöÇΓöÇΓöÇΓöÇΓöÇΓöÇΓöÇΓöÇΓöÇΓöÇΓöÇΓöÇΓöÇΓöÇΓöÇΓöÇΓöÇΓöÇΓöÇΓöÇΓöÇΓöÇΓöÇΓöÇΓöÇΓöÇΓöÇΓöÇΓöÇΓöÇΓöÇΓöÇΓöÇΓöÇΓöÇΓöÇΓöÇΓöÇΓöÇΓöÇΓöÇΓöÇΓöÇΓöÇΓöÇΓöÇΓöÇΓöÇΓöÇΓöÇΓöÇΓöÇΓöÇΓöÇΓöÇΓöÇΓöÇΓöÇΓöÇΓöÇΓöÇΓöÇΓöÇ

    Error Context: test-results\user-journeys-US-7-Reports-3a3ce-s-for-an-authenticated-user-Opera\error-context.md

    Retry #1 ΓöÇΓöÇΓöÇΓöÇΓöÇΓöÇΓöÇΓöÇΓöÇΓöÇΓöÇΓöÇΓöÇΓöÇΓöÇΓöÇΓöÇΓöÇΓöÇΓöÇΓöÇΓöÇΓöÇΓöÇΓöÇΓöÇΓöÇΓöÇΓöÇΓöÇΓöÇΓöÇΓöÇΓöÇΓöÇΓöÇΓöÇΓöÇΓöÇΓöÇΓöÇΓöÇΓöÇΓöÇΓöÇΓöÇΓöÇΓöÇΓöÇΓöÇΓöÇΓöÇΓöÇΓöÇΓöÇΓöÇΓöÇΓöÇΓöÇΓöÇΓöÇΓöÇΓöÇΓöÇΓöÇΓöÇΓöÇΓöÇΓöÇΓöÇΓöÇΓöÇΓöÇΓöÇΓöÇΓöÇΓöÇΓöÇΓöÇΓöÇΓöÇΓöÇΓöÇΓöÇΓöÇΓöÇΓöÇ

    Error: page.goto: net::ERR_NAME_NOT_RESOLVED at https://thecareersetu.in/login
    Call log:
      - navigating to "https://thecareersetu.in/login", waiting until "load"


      28 |
      29 | async function login(page: Page, email: string, password: string) {
    > 30 |   await page.goto('/login')
         |              ^
      31 |   await page.getByPlaceholder('you@example.com').fill(email)
      32 |   await page.getByPlaceholder('Your password').fill(password)
      33 |   await page.getByRole('button', { name: 'Sign in' }).click()
        at login (C:\Users\amitc\CareerSetu\tests\e2e\user-journeys.spec.ts:30:14)
        at C:\Users\amitc\CareerSetu\tests\e2e\user-journeys.spec.ts:150:11

    Error Context: test-results\user-journeys-US-7-Reports-3a3ce-s-for-an-authenticated-user-Opera-retry1\error-context.md

  129) [Mobile Chrome (375px)] ΓÇ║ tests\e2e\regression.spec.ts:15:7 ΓÇ║ Marketing ΓÇô Landing page ΓÇ║ loads, shows hero CTA, no JS errors 

    Error: page.goto: net::ERR_NAME_NOT_RESOLVED at https://thecareersetu.in/
    Call log:
      - navigating to "https://thecareersetu.in/", waiting until "load"


      15 |   test('loads, shows hero CTA, no JS errors', async ({ page }) => {
      16 |     const errs = await noConsoleErrors(page)
    > 17 |     await page.goto('/')
         |                ^
      18 |     await expect(page).toHaveTitle(/CareerSetu/i)
      19 |     // Hero heading visible
      20 |     await expect(page.locator('h1').first()).toBeVisible()
        at C:\Users\amitc\CareerSetu\tests\e2e\regression.spec.ts:17:16

    attachment #1: screenshot (image/png) ΓöÇΓöÇΓöÇΓöÇΓöÇΓöÇΓöÇΓöÇΓöÇΓöÇΓöÇΓöÇΓöÇΓöÇΓöÇΓöÇΓöÇΓöÇΓöÇΓöÇΓöÇΓöÇΓöÇΓöÇΓöÇΓöÇΓöÇΓöÇΓöÇΓöÇΓöÇΓöÇΓöÇΓöÇΓöÇΓöÇΓöÇΓöÇΓöÇΓöÇΓöÇΓöÇΓöÇΓöÇΓöÇΓöÇΓöÇΓöÇΓöÇΓöÇΓöÇΓöÇΓöÇΓöÇΓöÇΓöÇΓöÇΓöÇ
    test-results\regression-Marketing-ΓÇô-Lan-09021-shows-hero-CTA-no-JS-errors-Mobile-Chrome-375px-\test-failed-1.png
    ΓöÇΓöÇΓöÇΓöÇΓöÇΓöÇΓöÇΓöÇΓöÇΓöÇΓöÇΓöÇΓöÇΓöÇΓöÇΓöÇΓöÇΓöÇΓöÇΓöÇΓöÇΓöÇΓöÇΓöÇΓöÇΓöÇΓöÇΓöÇΓöÇΓöÇΓöÇΓöÇΓöÇΓöÇΓöÇΓöÇΓöÇΓöÇΓöÇΓöÇΓöÇΓöÇΓöÇΓöÇΓöÇΓöÇΓöÇΓöÇΓöÇΓöÇΓöÇΓöÇΓöÇΓöÇΓöÇΓöÇΓöÇΓöÇΓöÇΓöÇΓöÇΓöÇΓöÇΓöÇΓöÇΓöÇΓöÇΓöÇΓöÇΓöÇΓöÇΓöÇΓöÇΓöÇΓöÇΓöÇΓöÇΓöÇΓöÇΓöÇΓöÇΓöÇΓöÇΓöÇΓöÇΓöÇΓöÇΓöÇΓöÇΓöÇΓöÇΓöÇΓöÇΓöÇΓöÇΓöÇ

    Error Context: test-results\regression-Marketing-ΓÇô-Lan-09021-shows-hero-CTA-no-JS-errors-Mobile-Chrome-375px-\error-context.md

    Retry #1 ΓöÇΓöÇΓöÇΓöÇΓöÇΓöÇΓöÇΓöÇΓöÇΓöÇΓöÇΓöÇΓöÇΓöÇΓöÇΓöÇΓöÇΓöÇΓöÇΓöÇΓöÇΓöÇΓöÇΓöÇΓöÇΓöÇΓöÇΓöÇΓöÇΓöÇΓöÇΓöÇΓöÇΓöÇΓöÇΓöÇΓöÇΓöÇΓöÇΓöÇΓöÇΓöÇΓöÇΓöÇΓöÇΓöÇΓöÇΓöÇΓöÇΓöÇΓöÇΓöÇΓöÇΓöÇΓöÇΓöÇΓöÇΓöÇΓöÇΓöÇΓöÇΓöÇΓöÇΓöÇΓöÇΓöÇΓöÇΓöÇΓöÇΓöÇΓöÇΓöÇΓöÇΓöÇΓöÇΓöÇΓöÇΓöÇΓöÇΓöÇΓöÇΓöÇΓöÇΓöÇΓöÇΓöÇΓöÇ

    Error: page.goto: net::ERR_NAME_NOT_RESOLVED at https://thecareersetu.in/
    Call log:
      - navigating to "https://thecareersetu.in/", waiting until "load"


      15 |   test('loads, shows hero CTA, no JS errors', async ({ page }) => {
      16 |     const errs = await noConsoleErrors(page)
    > 17 |     await page.goto('/')
         |                ^
      18 |     await expect(page).toHaveTitle(/CareerSetu/i)
      19 |     // Hero heading visible
      20 |     await expect(page.locator('h1').first()).toBeVisible()
        at C:\Users\amitc\CareerSetu\tests\e2e\regression.spec.ts:17:16

    attachment #1: screenshot (image/png) ΓöÇΓöÇΓöÇΓöÇΓöÇΓöÇΓöÇΓöÇΓöÇΓöÇΓöÇΓöÇΓöÇΓöÇΓöÇΓöÇΓöÇΓöÇΓöÇΓöÇΓöÇΓöÇΓöÇΓöÇΓöÇΓöÇΓöÇΓöÇΓöÇΓöÇΓöÇΓöÇΓöÇΓöÇΓöÇΓöÇΓöÇΓöÇΓöÇΓöÇΓöÇΓöÇΓöÇΓöÇΓöÇΓöÇΓöÇΓöÇΓöÇΓöÇΓöÇΓöÇΓöÇΓöÇΓöÇΓöÇΓöÇΓöÇ
    test-results\regression-Marketing-ΓÇô-Lan-09021-shows-hero-CTA-no-JS-errors-Mobile-Chrome-375px--retry1\test-failed-1.png
    ΓöÇΓöÇΓöÇΓöÇΓöÇΓöÇΓöÇΓöÇΓöÇΓöÇΓöÇΓöÇΓöÇΓöÇΓöÇΓöÇΓöÇΓöÇΓöÇΓöÇΓöÇΓöÇΓöÇΓöÇΓöÇΓöÇΓöÇΓöÇΓöÇΓöÇΓöÇΓöÇΓöÇΓöÇΓöÇΓöÇΓöÇΓöÇΓöÇΓöÇΓöÇΓöÇΓöÇΓöÇΓöÇΓöÇΓöÇΓöÇΓöÇΓöÇΓöÇΓöÇΓöÇΓöÇΓöÇΓöÇΓöÇΓöÇΓöÇΓöÇΓöÇΓöÇΓöÇΓöÇΓöÇΓöÇΓöÇΓöÇΓöÇΓöÇΓöÇΓöÇΓöÇΓöÇΓöÇΓöÇΓöÇΓöÇΓöÇΓöÇΓöÇΓöÇΓöÇΓöÇΓöÇΓöÇΓöÇΓöÇΓöÇΓöÇΓöÇΓöÇΓöÇΓöÇΓöÇΓöÇ

    Error Context: test-results\regression-Marketing-ΓÇô-Lan-09021-shows-hero-CTA-no-JS-errors-Mobile-Chrome-375px--retry1\error-context.md

  130) [Mobile Chrome (375px)] ΓÇ║ tests\e2e\regression.spec.ts:30:7 ΓÇ║ Marketing ΓÇô Landing page ΓÇ║ navbar links render 

    Error: page.goto: net::ERR_NAME_NOT_RESOLVED at https://thecareersetu.in/
    Call log:
      - navigating to "https://thecareersetu.in/", waiting until "load"


      29 |
      30 |   test('navbar links render', async ({ page }) => {
    > 31 |     await page.goto('/')
         |                ^
      32 |     await expect(page.getByRole('link', { name: /pricing/i }).first()).toBeVisible()
      33 |   })
      34 |
        at C:\Users\amitc\CareerSetu\tests\e2e\regression.spec.ts:31:16

    attachment #1: screenshot (image/png) ΓöÇΓöÇΓöÇΓöÇΓöÇΓöÇΓöÇΓöÇΓöÇΓöÇΓöÇΓöÇΓöÇΓöÇΓöÇΓöÇΓöÇΓöÇΓöÇΓöÇΓöÇΓöÇΓöÇΓöÇΓöÇΓöÇΓöÇΓöÇΓöÇΓöÇΓöÇΓöÇΓöÇΓöÇΓöÇΓöÇΓöÇΓöÇΓöÇΓöÇΓöÇΓöÇΓöÇΓöÇΓöÇΓöÇΓöÇΓöÇΓöÇΓöÇΓöÇΓöÇΓöÇΓöÇΓöÇΓöÇΓöÇΓöÇ
    test-results\regression-Marketing-ΓÇô-Landing-page-navbar-links-render-Mobile-Chrome-375px-\test-failed-1.png
    ΓöÇΓöÇΓöÇΓöÇΓöÇΓöÇΓöÇΓöÇΓöÇΓöÇΓöÇΓöÇΓöÇΓöÇΓöÇΓöÇΓöÇΓöÇΓöÇΓöÇΓöÇΓöÇΓöÇΓöÇΓöÇΓöÇΓöÇΓöÇΓöÇΓöÇΓöÇΓöÇΓöÇΓöÇΓöÇΓöÇΓöÇΓöÇΓöÇΓöÇΓöÇΓöÇΓöÇΓöÇΓöÇΓöÇΓöÇΓöÇΓöÇΓöÇΓöÇΓöÇΓöÇΓöÇΓöÇΓöÇΓöÇΓöÇΓöÇΓöÇΓöÇΓöÇΓöÇΓöÇΓöÇΓöÇΓöÇΓöÇΓöÇΓöÇΓöÇΓöÇΓöÇΓöÇΓöÇΓöÇΓöÇΓöÇΓöÇΓöÇΓöÇΓöÇΓöÇΓöÇΓöÇΓöÇΓöÇΓöÇΓöÇΓöÇΓöÇΓöÇΓöÇΓöÇΓöÇΓöÇ

    Error Context: test-results\regression-Marketing-ΓÇô-Landing-page-navbar-links-render-Mobile-Chrome-375px-\error-context.md

    Retry #1 ΓöÇΓöÇΓöÇΓöÇΓöÇΓöÇΓöÇΓöÇΓöÇΓöÇΓöÇΓöÇΓöÇΓöÇΓöÇΓöÇΓöÇΓöÇΓöÇΓöÇΓöÇΓöÇΓöÇΓöÇΓöÇΓöÇΓöÇΓöÇΓöÇΓöÇΓöÇΓöÇΓöÇΓöÇΓöÇΓöÇΓöÇΓöÇΓöÇΓöÇΓöÇΓöÇΓöÇΓöÇΓöÇΓöÇΓöÇΓöÇΓöÇΓöÇΓöÇΓöÇΓöÇΓöÇΓöÇΓöÇΓöÇΓöÇΓöÇΓöÇΓöÇΓöÇΓöÇΓöÇΓöÇΓöÇΓöÇΓöÇΓöÇΓöÇΓöÇΓöÇΓöÇΓöÇΓöÇΓöÇΓöÇΓöÇΓöÇΓöÇΓöÇΓöÇΓöÇΓöÇΓöÇΓöÇΓöÇ

    Error: page.goto: net::ERR_NAME_NOT_RESOLVED at https://thecareersetu.in/
    Call log:
      - navigating to "https://thecareersetu.in/", waiting until "load"


      29 |
      30 |   test('navbar links render', async ({ page }) => {
    > 31 |     await page.goto('/')
         |                ^
      32 |     await expect(page.getByRole('link', { name: /pricing/i }).first()).toBeVisible()
      33 |   })
      34 |
        at C:\Users\amitc\CareerSetu\tests\e2e\regression.spec.ts:31:16

    attachment #1: screenshot (image/png) ΓöÇΓöÇΓöÇΓöÇΓöÇΓöÇΓöÇΓöÇΓöÇΓöÇΓöÇΓöÇΓöÇΓöÇΓöÇΓöÇΓöÇΓöÇΓöÇΓöÇΓöÇΓöÇΓöÇΓöÇΓöÇΓöÇΓöÇΓöÇΓöÇΓöÇΓöÇΓöÇΓöÇΓöÇΓöÇΓöÇΓöÇΓöÇΓöÇΓöÇΓöÇΓöÇΓöÇΓöÇΓöÇΓöÇΓöÇΓöÇΓöÇΓöÇΓöÇΓöÇΓöÇΓöÇΓöÇΓöÇΓöÇΓöÇ
    test-results\regression-Marketing-ΓÇô-Landing-page-navbar-links-render-Mobile-Chrome-375px--retry1\test-failed-1.png
    ΓöÇΓöÇΓöÇΓöÇΓöÇΓöÇΓöÇΓöÇΓöÇΓöÇΓöÇΓöÇΓöÇΓöÇΓöÇΓöÇΓöÇΓöÇΓöÇΓöÇΓöÇΓöÇΓöÇΓöÇΓöÇΓöÇΓöÇΓöÇΓöÇΓöÇΓöÇΓöÇΓöÇΓöÇΓöÇΓöÇΓöÇΓöÇΓöÇΓöÇΓöÇΓöÇΓöÇΓöÇΓöÇΓöÇΓöÇΓöÇΓöÇΓöÇΓöÇΓöÇΓöÇΓöÇΓöÇΓöÇΓöÇΓöÇΓöÇΓöÇΓöÇΓöÇΓöÇΓöÇΓöÇΓöÇΓöÇΓöÇΓöÇΓöÇΓöÇΓöÇΓöÇΓöÇΓöÇΓöÇΓöÇΓöÇΓöÇΓöÇΓöÇΓöÇΓöÇΓöÇΓöÇΓöÇΓöÇΓöÇΓöÇΓöÇΓöÇΓöÇΓöÇΓöÇΓöÇΓöÇ

    Error Context: test-results\regression-Marketing-ΓÇô-Landing-page-navbar-links-render-Mobile-Chrome-375px--retry1\error-context.md

  131) [Mobile Chrome (375px)] ΓÇ║ tests\e2e\regression.spec.ts:35:7 ΓÇ║ Marketing ΓÇô Landing page ΓÇ║ no broken images on landing 

    Error: page.goto: net::ERR_NAME_NOT_RESOLVED at https://thecareersetu.in/
    Call log:
      - navigating to "https://thecareersetu.in/", waiting until "load"


      34 |
      35 |   test('no broken images on landing', async ({ page }) => {
    > 36 |     await page.goto('/')
         |                ^
      37 |     const imgs = await page.$$eval('img', els =>
      38 |       els.map(i => ({ src: i.src, ok: (i as HTMLImageElement).naturalWidth > 0 }))
      39 |     )
        at C:\Users\amitc\CareerSetu\tests\e2e\regression.spec.ts:36:16

    attachment #1: screenshot (image/png) ΓöÇΓöÇΓöÇΓöÇΓöÇΓöÇΓöÇΓöÇΓöÇΓöÇΓöÇΓöÇΓöÇΓöÇΓöÇΓöÇΓöÇΓöÇΓöÇΓöÇΓöÇΓöÇΓöÇΓöÇΓöÇΓöÇΓöÇΓöÇΓöÇΓöÇΓöÇΓöÇΓöÇΓöÇΓöÇΓöÇΓöÇΓöÇΓöÇΓöÇΓöÇΓöÇΓöÇΓöÇΓöÇΓöÇΓöÇΓöÇΓöÇΓöÇΓöÇΓöÇΓöÇΓöÇΓöÇΓöÇΓöÇΓöÇ
    test-results\regression-Marketing-ΓÇô-Lan-d5040-no-broken-images-on-landing-Mobile-Chrome-375px-\test-failed-1.png
    ΓöÇΓöÇΓöÇΓöÇΓöÇΓöÇΓöÇΓöÇΓöÇΓöÇΓöÇΓöÇΓöÇΓöÇΓöÇΓöÇΓöÇΓöÇΓöÇΓöÇΓöÇΓöÇΓöÇΓöÇΓöÇΓöÇΓöÇΓöÇΓöÇΓöÇΓöÇΓöÇΓöÇΓöÇΓöÇΓöÇΓöÇΓöÇΓöÇΓöÇΓöÇΓöÇΓöÇΓöÇΓöÇΓöÇΓöÇΓöÇΓöÇΓöÇΓöÇΓöÇΓöÇΓöÇΓöÇΓöÇΓöÇΓöÇΓöÇΓöÇΓöÇΓöÇΓöÇΓöÇΓöÇΓöÇΓöÇΓöÇΓöÇΓöÇΓöÇΓöÇΓöÇΓöÇΓöÇΓöÇΓöÇΓöÇΓöÇΓöÇΓöÇΓöÇΓöÇΓöÇΓöÇΓöÇΓöÇΓöÇΓöÇΓöÇΓöÇΓöÇΓöÇΓöÇΓöÇΓöÇ

    Error Context: test-results\regression-Marketing-ΓÇô-Lan-d5040-no-broken-images-on-landing-Mobile-Chrome-375px-\error-context.md

    Retry #1 ΓöÇΓöÇΓöÇΓöÇΓöÇΓöÇΓöÇΓöÇΓöÇΓöÇΓöÇΓöÇΓöÇΓöÇΓöÇΓöÇΓöÇΓöÇΓöÇΓöÇΓöÇΓöÇΓöÇΓöÇΓöÇΓöÇΓöÇΓöÇΓöÇΓöÇΓöÇΓöÇΓöÇΓöÇΓöÇΓöÇΓöÇΓöÇΓöÇΓöÇΓöÇΓöÇΓöÇΓöÇΓöÇΓöÇΓöÇΓöÇΓöÇΓöÇΓöÇΓöÇΓöÇΓöÇΓöÇΓöÇΓöÇΓöÇΓöÇΓöÇΓöÇΓöÇΓöÇΓöÇΓöÇΓöÇΓöÇΓöÇΓöÇΓöÇΓöÇΓöÇΓöÇΓöÇΓöÇΓöÇΓöÇΓöÇΓöÇΓöÇΓöÇΓöÇΓöÇΓöÇΓöÇΓöÇΓöÇ

    Error: page.goto: net::ERR_NAME_NOT_RESOLVED at https://thecareersetu.in/
    Call log:
      - navigating to "https://thecareersetu.in/", waiting until "load"


      34 |
      35 |   test('no broken images on landing', async ({ page }) => {
    > 36 |     await page.goto('/')
         |                ^
      37 |     const imgs = await page.$$eval('img', els =>
      38 |       els.map(i => ({ src: i.src, ok: (i as HTMLImageElement).naturalWidth > 0 }))
      39 |     )
        at C:\Users\amitc\CareerSetu\tests\e2e\regression.spec.ts:36:16

    attachment #1: screenshot (image/png) ΓöÇΓöÇΓöÇΓöÇΓöÇΓöÇΓöÇΓöÇΓöÇΓöÇΓöÇΓöÇΓöÇΓöÇΓöÇΓöÇΓöÇΓöÇΓöÇΓöÇΓöÇΓöÇΓöÇΓöÇΓöÇΓöÇΓöÇΓöÇΓöÇΓöÇΓöÇΓöÇΓöÇΓöÇΓöÇΓöÇΓöÇΓöÇΓöÇΓöÇΓöÇΓöÇΓöÇΓöÇΓöÇΓöÇΓöÇΓöÇΓöÇΓöÇΓöÇΓöÇΓöÇΓöÇΓöÇΓöÇΓöÇΓöÇ
    test-results\regression-Marketing-ΓÇô-Lan-d5040-no-broken-images-on-landing-Mobile-Chrome-375px--retry1\test-failed-1.png
    ΓöÇΓöÇΓöÇΓöÇΓöÇΓöÇΓöÇΓöÇΓöÇΓöÇΓöÇΓöÇΓöÇΓöÇΓöÇΓöÇΓöÇΓöÇΓöÇΓöÇΓöÇΓöÇΓöÇΓöÇΓöÇΓöÇΓöÇΓöÇΓöÇΓöÇΓöÇΓöÇΓöÇΓöÇΓöÇΓöÇΓöÇΓöÇΓöÇΓöÇΓöÇΓöÇΓöÇΓöÇΓöÇΓöÇΓöÇΓöÇΓöÇΓöÇΓöÇΓöÇΓöÇΓöÇΓöÇΓöÇΓöÇΓöÇΓöÇΓöÇΓöÇΓöÇΓöÇΓöÇΓöÇΓöÇΓöÇΓöÇΓöÇΓöÇΓöÇΓöÇΓöÇΓöÇΓöÇΓöÇΓöÇΓöÇΓöÇΓöÇΓöÇΓöÇΓöÇΓöÇΓöÇΓöÇΓöÇΓöÇΓöÇΓöÇΓöÇΓöÇΓöÇΓöÇΓöÇΓöÇ

    Error Context: test-results\regression-Marketing-ΓÇô-Lan-d5040-no-broken-images-on-landing-Mobile-Chrome-375px--retry1\error-context.md

  132) [Mobile Chrome (375px)] ΓÇ║ tests\e2e\regression.spec.ts:47:7 ΓÇ║ Marketing ΓÇô Pricing ΓÇ║ loads and shows plan cards 

    Error: page.goto: net::ERR_NAME_NOT_RESOLVED at https://thecareersetu.in/pricing
    Call log:
      - navigating to "https://thecareersetu.in/pricing", waiting until "load"


      46 | test.describe('Marketing ΓÇô Pricing', () => {
      47 |   test('loads and shows plan cards', async ({ page }) => {
    > 48 |     await page.goto('/pricing')
         |                ^
      49 |     await expect(page).toHaveTitle(/pricing|plans/i)
      50 |     // Expect at least 2 plan headings (Free + paid)
      51 |     const cards = page.locator('[class*="card"], [class*="plan"], section').filter({ hasText: /free|starter|pro/i })
        at C:\Users\amitc\CareerSetu\tests\e2e\regression.spec.ts:48:16

    attachment #1: screenshot (image/png) ΓöÇΓöÇΓöÇΓöÇΓöÇΓöÇΓöÇΓöÇΓöÇΓöÇΓöÇΓöÇΓöÇΓöÇΓöÇΓöÇΓöÇΓöÇΓöÇΓöÇΓöÇΓöÇΓöÇΓöÇΓöÇΓöÇΓöÇΓöÇΓöÇΓöÇΓöÇΓöÇΓöÇΓöÇΓöÇΓöÇΓöÇΓöÇΓöÇΓöÇΓöÇΓöÇΓöÇΓöÇΓöÇΓöÇΓöÇΓöÇΓöÇΓöÇΓöÇΓöÇΓöÇΓöÇΓöÇΓöÇΓöÇΓöÇ
    test-results\regression-Marketing-ΓÇô-Pricing-loads-and-shows-plan-cards-Mobile-Chrome-375px-\test-failed-1.png
    ΓöÇΓöÇΓöÇΓöÇΓöÇΓöÇΓöÇΓöÇΓöÇΓöÇΓöÇΓöÇΓöÇΓöÇΓöÇΓöÇΓöÇΓöÇΓöÇΓöÇΓöÇΓöÇΓöÇΓöÇΓöÇΓöÇΓöÇΓöÇΓöÇΓöÇΓöÇΓöÇΓöÇΓöÇΓöÇΓöÇΓöÇΓöÇΓöÇΓöÇΓöÇΓöÇΓöÇΓöÇΓöÇΓöÇΓöÇΓöÇΓöÇΓöÇΓöÇΓöÇΓöÇΓöÇΓöÇΓöÇΓöÇΓöÇΓöÇΓöÇΓöÇΓöÇΓöÇΓöÇΓöÇΓöÇΓöÇΓöÇΓöÇΓöÇΓöÇΓöÇΓöÇΓöÇΓöÇΓöÇΓöÇΓöÇΓöÇΓöÇΓöÇΓöÇΓöÇΓöÇΓöÇΓöÇΓöÇΓöÇΓöÇΓöÇΓöÇΓöÇΓöÇΓöÇΓöÇΓöÇ

    Error Context: test-results\regression-Marketing-ΓÇô-Pricing-loads-and-shows-plan-cards-Mobile-Chrome-375px-\error-context.md

    Retry #1 ΓöÇΓöÇΓöÇΓöÇΓöÇΓöÇΓöÇΓöÇΓöÇΓöÇΓöÇΓöÇΓöÇΓöÇΓöÇΓöÇΓöÇΓöÇΓöÇΓöÇΓöÇΓöÇΓöÇΓöÇΓöÇΓöÇΓöÇΓöÇΓöÇΓöÇΓöÇΓöÇΓöÇΓöÇΓöÇΓöÇΓöÇΓöÇΓöÇΓöÇΓöÇΓöÇΓöÇΓöÇΓöÇΓöÇΓöÇΓöÇΓöÇΓöÇΓöÇΓöÇΓöÇΓöÇΓöÇΓöÇΓöÇΓöÇΓöÇΓöÇΓöÇΓöÇΓöÇΓöÇΓöÇΓöÇΓöÇΓöÇΓöÇΓöÇΓöÇΓöÇΓöÇΓöÇΓöÇΓöÇΓöÇΓöÇΓöÇΓöÇΓöÇΓöÇΓöÇΓöÇΓöÇΓöÇΓöÇ

    Error: page.goto: net::ERR_NAME_NOT_RESOLVED at https://thecareersetu.in/pricing
    Call log:
      - navigating to "https://thecareersetu.in/pricing", waiting until "load"


      46 | test.describe('Marketing ΓÇô Pricing', () => {
      47 |   test('loads and shows plan cards', async ({ page }) => {
    > 48 |     await page.goto('/pricing')
         |                ^
      49 |     await expect(page).toHaveTitle(/pricing|plans/i)
      50 |     // Expect at least 2 plan headings (Free + paid)
      51 |     const cards = page.locator('[class*="card"], [class*="plan"], section').filter({ hasText: /free|starter|pro/i })
        at C:\Users\amitc\CareerSetu\tests\e2e\regression.spec.ts:48:16

    attachment #1: screenshot (image/png) ΓöÇΓöÇΓöÇΓöÇΓöÇΓöÇΓöÇΓöÇΓöÇΓöÇΓöÇΓöÇΓöÇΓöÇΓöÇΓöÇΓöÇΓöÇΓöÇΓöÇΓöÇΓöÇΓöÇΓöÇΓöÇΓöÇΓöÇΓöÇΓöÇΓöÇΓöÇΓöÇΓöÇΓöÇΓöÇΓöÇΓöÇΓöÇΓöÇΓöÇΓöÇΓöÇΓöÇΓöÇΓöÇΓöÇΓöÇΓöÇΓöÇΓöÇΓöÇΓöÇΓöÇΓöÇΓöÇΓöÇΓöÇΓöÇ
    test-results\regression-Marketing-ΓÇô-Pricing-loads-and-shows-plan-cards-Mobile-Chrome-375px--retry1\test-failed-1.png
    ΓöÇΓöÇΓöÇΓöÇΓöÇΓöÇΓöÇΓöÇΓöÇΓöÇΓöÇΓöÇΓöÇΓöÇΓöÇΓöÇΓöÇΓöÇΓöÇΓöÇΓöÇΓöÇΓöÇΓöÇΓöÇΓöÇΓöÇΓöÇΓöÇΓöÇΓöÇΓöÇΓöÇΓöÇΓöÇΓöÇΓöÇΓöÇΓöÇΓöÇΓöÇΓöÇΓöÇΓöÇΓöÇΓöÇΓöÇΓöÇΓöÇΓöÇΓöÇΓöÇΓöÇΓöÇΓöÇΓöÇΓöÇΓöÇΓöÇΓöÇΓöÇΓöÇΓöÇΓöÇΓöÇΓöÇΓöÇΓöÇΓöÇΓöÇΓöÇΓöÇΓöÇΓöÇΓöÇΓöÇΓöÇΓöÇΓöÇΓöÇΓöÇΓöÇΓöÇΓöÇΓöÇΓöÇΓöÇΓöÇΓöÇΓöÇΓöÇΓöÇΓöÇΓöÇΓöÇΓöÇ

    Error Context: test-results\regression-Marketing-ΓÇô-Pricing-loads-and-shows-plan-cards-Mobile-Chrome-375px--retry1\error-context.md

  133) [Mobile Chrome (375px)] ΓÇ║ tests\e2e\regression.spec.ts:57:7 ΓÇ║ Marketing ΓÇô About ΓÇ║ loads without error 

    Error: page.goto: net::ERR_NAME_NOT_RESOLVED at https://thecareersetu.in/about
    Call log:
      - navigating to "https://thecareersetu.in/about", waiting until "load"


      57 |   test('loads without error', async ({ page }) => {
      58 |     const errs = await noConsoleErrors(page)
    > 59 |     await page.goto('/about')
         |                ^
      60 |     await expect(page.locator('h1').first()).toBeVisible()
      61 |     expect(errs().filter(e => !e.includes('hydrat'))).toHaveLength(0)
      62 |   })
        at C:\Users\amitc\CareerSetu\tests\e2e\regression.spec.ts:59:16

    attachment #1: screenshot (image/png) ΓöÇΓöÇΓöÇΓöÇΓöÇΓöÇΓöÇΓöÇΓöÇΓöÇΓöÇΓöÇΓöÇΓöÇΓöÇΓöÇΓöÇΓöÇΓöÇΓöÇΓöÇΓöÇΓöÇΓöÇΓöÇΓöÇΓöÇΓöÇΓöÇΓöÇΓöÇΓöÇΓöÇΓöÇΓöÇΓöÇΓöÇΓöÇΓöÇΓöÇΓöÇΓöÇΓöÇΓöÇΓöÇΓöÇΓöÇΓöÇΓöÇΓöÇΓöÇΓöÇΓöÇΓöÇΓöÇΓöÇΓöÇΓöÇ
    test-results\regression-Marketing-ΓÇô-About-loads-without-error-Mobile-Chrome-375px-\test-failed-1.png
    ΓöÇΓöÇΓöÇΓöÇΓöÇΓöÇΓöÇΓöÇΓöÇΓöÇΓöÇΓöÇΓöÇΓöÇΓöÇΓöÇΓöÇΓöÇΓöÇΓöÇΓöÇΓöÇΓöÇΓöÇΓöÇΓöÇΓöÇΓöÇΓöÇΓöÇΓöÇΓöÇΓöÇΓöÇΓöÇΓöÇΓöÇΓöÇΓöÇΓöÇΓöÇΓöÇΓöÇΓöÇΓöÇΓöÇΓöÇΓöÇΓöÇΓöÇΓöÇΓöÇΓöÇΓöÇΓöÇΓöÇΓöÇΓöÇΓöÇΓöÇΓöÇΓöÇΓöÇΓöÇΓöÇΓöÇΓöÇΓöÇΓöÇΓöÇΓöÇΓöÇΓöÇΓöÇΓöÇΓöÇΓöÇΓöÇΓöÇΓöÇΓöÇΓöÇΓöÇΓöÇΓöÇΓöÇΓöÇΓöÇΓöÇΓöÇΓöÇΓöÇΓöÇΓöÇΓöÇΓöÇ

    Error Context: test-results\regression-Marketing-ΓÇô-About-loads-without-error-Mobile-Chrome-375px-\error-context.md

    Retry #1 ΓöÇΓöÇΓöÇΓöÇΓöÇΓöÇΓöÇΓöÇΓöÇΓöÇΓöÇΓöÇΓöÇΓöÇΓöÇΓöÇΓöÇΓöÇΓöÇΓöÇΓöÇΓöÇΓöÇΓöÇΓöÇΓöÇΓöÇΓöÇΓöÇΓöÇΓöÇΓöÇΓöÇΓöÇΓöÇΓöÇΓöÇΓöÇΓöÇΓöÇΓöÇΓöÇΓöÇΓöÇΓöÇΓöÇΓöÇΓöÇΓöÇΓöÇΓöÇΓöÇΓöÇΓöÇΓöÇΓöÇΓöÇΓöÇΓöÇΓöÇΓöÇΓöÇΓöÇΓöÇΓöÇΓöÇΓöÇΓöÇΓöÇΓöÇΓöÇΓöÇΓöÇΓöÇΓöÇΓöÇΓöÇΓöÇΓöÇΓöÇΓöÇΓöÇΓöÇΓöÇΓöÇΓöÇΓöÇ

    Error: page.goto: net::ERR_NAME_NOT_RESOLVED at https://thecareersetu.in/about
    Call log:
      - navigating to "https://thecareersetu.in/about", waiting until "load"


      57 |   test('loads without error', async ({ page }) => {
      58 |     const errs = await noConsoleErrors(page)
    > 59 |     await page.goto('/about')
         |                ^
      60 |     await expect(page.locator('h1').first()).toBeVisible()
      61 |     expect(errs().filter(e => !e.includes('hydrat'))).toHaveLength(0)
      62 |   })
        at C:\Users\amitc\CareerSetu\tests\e2e\regression.spec.ts:59:16

    attachment #1: screenshot (image/png) ΓöÇΓöÇΓöÇΓöÇΓöÇΓöÇΓöÇΓöÇΓöÇΓöÇΓöÇΓöÇΓöÇΓöÇΓöÇΓöÇΓöÇΓöÇΓöÇΓöÇΓöÇΓöÇΓöÇΓöÇΓöÇΓöÇΓöÇΓöÇΓöÇΓöÇΓöÇΓöÇΓöÇΓöÇΓöÇΓöÇΓöÇΓöÇΓöÇΓöÇΓöÇΓöÇΓöÇΓöÇΓöÇΓöÇΓöÇΓöÇΓöÇΓöÇΓöÇΓöÇΓöÇΓöÇΓöÇΓöÇΓöÇΓöÇ
    test-results\regression-Marketing-ΓÇô-About-loads-without-error-Mobile-Chrome-375px--retry1\test-failed-1.png
    ΓöÇΓöÇΓöÇΓöÇΓöÇΓöÇΓöÇΓöÇΓöÇΓöÇΓöÇΓöÇΓöÇΓöÇΓöÇΓöÇΓöÇΓöÇΓöÇΓöÇΓöÇΓöÇΓöÇΓöÇΓöÇΓöÇΓöÇΓöÇΓöÇΓöÇΓöÇΓöÇΓöÇΓöÇΓöÇΓöÇΓöÇΓöÇΓöÇΓöÇΓöÇΓöÇΓöÇΓöÇΓöÇΓöÇΓöÇΓöÇΓöÇΓöÇΓöÇΓöÇΓöÇΓöÇΓöÇΓöÇΓöÇΓöÇΓöÇΓöÇΓöÇΓöÇΓöÇΓöÇΓöÇΓöÇΓöÇΓöÇΓöÇΓöÇΓöÇΓöÇΓöÇΓöÇΓöÇΓöÇΓöÇΓöÇΓöÇΓöÇΓöÇΓöÇΓöÇΓöÇΓöÇΓöÇΓöÇΓöÇΓöÇΓöÇΓöÇΓöÇΓöÇΓöÇΓöÇΓöÇ

    Error Context: test-results\regression-Marketing-ΓÇô-About-loads-without-error-Mobile-Chrome-375px--retry1\error-context.md

  134) [Mobile Chrome (375px)] ΓÇ║ tests\e2e\regression.spec.ts:66:7 ΓÇ║ Marketing ΓÇô Privacy & Terms ΓÇ║ privacy page loads 

    Error: page.goto: net::ERR_NAME_NOT_RESOLVED at https://thecareersetu.in/privacy
    Call log:
      - navigating to "https://thecareersetu.in/privacy", waiting until "load"


      65 | test.describe('Marketing ΓÇô Privacy & Terms', () => {
      66 |   test('privacy page loads', async ({ page }) => {
    > 67 |     await page.goto('/privacy')
         |                ^
      68 |     await expect(page.locator('h1').first()).toBeVisible()
      69 |   })
      70 |   test('terms page loads', async ({ page }) => {
        at C:\Users\amitc\CareerSetu\tests\e2e\regression.spec.ts:67:16

    attachment #1: screenshot (image/png) ΓöÇΓöÇΓöÇΓöÇΓöÇΓöÇΓöÇΓöÇΓöÇΓöÇΓöÇΓöÇΓöÇΓöÇΓöÇΓöÇΓöÇΓöÇΓöÇΓöÇΓöÇΓöÇΓöÇΓöÇΓöÇΓöÇΓöÇΓöÇΓöÇΓöÇΓöÇΓöÇΓöÇΓöÇΓöÇΓöÇΓöÇΓöÇΓöÇΓöÇΓöÇΓöÇΓöÇΓöÇΓöÇΓöÇΓöÇΓöÇΓöÇΓöÇΓöÇΓöÇΓöÇΓöÇΓöÇΓöÇΓöÇΓöÇ
    test-results\regression-Marketing-ΓÇô-Privacy-Terms-privacy-page-loads-Mobile-Chrome-375px-\test-failed-1.png
    ΓöÇΓöÇΓöÇΓöÇΓöÇΓöÇΓöÇΓöÇΓöÇΓöÇΓöÇΓöÇΓöÇΓöÇΓöÇΓöÇΓöÇΓöÇΓöÇΓöÇΓöÇΓöÇΓöÇΓöÇΓöÇΓöÇΓöÇΓöÇΓöÇΓöÇΓöÇΓöÇΓöÇΓöÇΓöÇΓöÇΓöÇΓöÇΓöÇΓöÇΓöÇΓöÇΓöÇΓöÇΓöÇΓöÇΓöÇΓöÇΓöÇΓöÇΓöÇΓöÇΓöÇΓöÇΓöÇΓöÇΓöÇΓöÇΓöÇΓöÇΓöÇΓöÇΓöÇΓöÇΓöÇΓöÇΓöÇΓöÇΓöÇΓöÇΓöÇΓöÇΓöÇΓöÇΓöÇΓöÇΓöÇΓöÇΓöÇΓöÇΓöÇΓöÇΓöÇΓöÇΓöÇΓöÇΓöÇΓöÇΓöÇΓöÇΓöÇΓöÇΓöÇΓöÇΓöÇΓöÇ

    Error Context: test-results\regression-Marketing-ΓÇô-Privacy-Terms-privacy-page-loads-Mobile-Chrome-375px-\error-context.md

    Retry #1 ΓöÇΓöÇΓöÇΓöÇΓöÇΓöÇΓöÇΓöÇΓöÇΓöÇΓöÇΓöÇΓöÇΓöÇΓöÇΓöÇΓöÇΓöÇΓöÇΓöÇΓöÇΓöÇΓöÇΓöÇΓöÇΓöÇΓöÇΓöÇΓöÇΓöÇΓöÇΓöÇΓöÇΓöÇΓöÇΓöÇΓöÇΓöÇΓöÇΓöÇΓöÇΓöÇΓöÇΓöÇΓöÇΓöÇΓöÇΓöÇΓöÇΓöÇΓöÇΓöÇΓöÇΓöÇΓöÇΓöÇΓöÇΓöÇΓöÇΓöÇΓöÇΓöÇΓöÇΓöÇΓöÇΓöÇΓöÇΓöÇΓöÇΓöÇΓöÇΓöÇΓöÇΓöÇΓöÇΓöÇΓöÇΓöÇΓöÇΓöÇΓöÇΓöÇΓöÇΓöÇΓöÇΓöÇΓöÇ

    Error: page.goto: net::ERR_NAME_NOT_RESOLVED at https://thecareersetu.in/privacy
    Call log:
      - navigating to "https://thecareersetu.in/privacy", waiting until "load"


      65 | test.describe('Marketing ΓÇô Privacy & Terms', () => {
      66 |   test('privacy page loads', async ({ page }) => {
    > 67 |     await page.goto('/privacy')
         |                ^
      68 |     await expect(page.locator('h1').first()).toBeVisible()
      69 |   })
      70 |   test('terms page loads', async ({ page }) => {
        at C:\Users\amitc\CareerSetu\tests\e2e\regression.spec.ts:67:16

    attachment #1: screenshot (image/png) ΓöÇΓöÇΓöÇΓöÇΓöÇΓöÇΓöÇΓöÇΓöÇΓöÇΓöÇΓöÇΓöÇΓöÇΓöÇΓöÇΓöÇΓöÇΓöÇΓöÇΓöÇΓöÇΓöÇΓöÇΓöÇΓöÇΓöÇΓöÇΓöÇΓöÇΓöÇΓöÇΓöÇΓöÇΓöÇΓöÇΓöÇΓöÇΓöÇΓöÇΓöÇΓöÇΓöÇΓöÇΓöÇΓöÇΓöÇΓöÇΓöÇΓöÇΓöÇΓöÇΓöÇΓöÇΓöÇΓöÇΓöÇΓöÇ
    test-results\regression-Marketing-ΓÇô-Privacy-Terms-privacy-page-loads-Mobile-Chrome-375px--retry1\test-failed-1.png
    ΓöÇΓöÇΓöÇΓöÇΓöÇΓöÇΓöÇΓöÇΓöÇΓöÇΓöÇΓöÇΓöÇΓöÇΓöÇΓöÇΓöÇΓöÇΓöÇΓöÇΓöÇΓöÇΓöÇΓöÇΓöÇΓöÇΓöÇΓöÇΓöÇΓöÇΓöÇΓöÇΓöÇΓöÇΓöÇΓöÇΓöÇΓöÇΓöÇΓöÇΓöÇΓöÇΓöÇΓöÇΓöÇΓöÇΓöÇΓöÇΓöÇΓöÇΓöÇΓöÇΓöÇΓöÇΓöÇΓöÇΓöÇΓöÇΓöÇΓöÇΓöÇΓöÇΓöÇΓöÇΓöÇΓöÇΓöÇΓöÇΓöÇΓöÇΓöÇΓöÇΓöÇΓöÇΓöÇΓöÇΓöÇΓöÇΓöÇΓöÇΓöÇΓöÇΓöÇΓöÇΓöÇΓöÇΓöÇΓöÇΓöÇΓöÇΓöÇΓöÇΓöÇΓöÇΓöÇΓöÇ

    Error Context: test-results\regression-Marketing-ΓÇô-Privacy-Terms-privacy-page-loads-Mobile-Chrome-375px--retry1\error-context.md

  135) [Mobile Chrome (375px)] ΓÇ║ tests\e2e\regression.spec.ts:70:7 ΓÇ║ Marketing ΓÇô Privacy & Terms ΓÇ║ terms page loads 

    Error: page.goto: net::ERR_NAME_NOT_RESOLVED at https://thecareersetu.in/terms
    Call log:
      - navigating to "https://thecareersetu.in/terms", waiting until "load"


      69 |   })
      70 |   test('terms page loads', async ({ page }) => {
    > 71 |     await page.goto('/terms')
         |                ^
      72 |     await expect(page.locator('h1').first()).toBeVisible()
      73 |   })
      74 | })
        at C:\Users\amitc\CareerSetu\tests\e2e\regression.spec.ts:71:16

    attachment #1: screenshot (image/png) ΓöÇΓöÇΓöÇΓöÇΓöÇΓöÇΓöÇΓöÇΓöÇΓöÇΓöÇΓöÇΓöÇΓöÇΓöÇΓöÇΓöÇΓöÇΓöÇΓöÇΓöÇΓöÇΓöÇΓöÇΓöÇΓöÇΓöÇΓöÇΓöÇΓöÇΓöÇΓöÇΓöÇΓöÇΓöÇΓöÇΓöÇΓöÇΓöÇΓöÇΓöÇΓöÇΓöÇΓöÇΓöÇΓöÇΓöÇΓöÇΓöÇΓöÇΓöÇΓöÇΓöÇΓöÇΓöÇΓöÇΓöÇΓöÇ
    test-results\regression-Marketing-ΓÇô-Privacy-Terms-terms-page-loads-Mobile-Chrome-375px-\test-failed-1.png
    ΓöÇΓöÇΓöÇΓöÇΓöÇΓöÇΓöÇΓöÇΓöÇΓöÇΓöÇΓöÇΓöÇΓöÇΓöÇΓöÇΓöÇΓöÇΓöÇΓöÇΓöÇΓöÇΓöÇΓöÇΓöÇΓöÇΓöÇΓöÇΓöÇΓöÇΓöÇΓöÇΓöÇΓöÇΓöÇΓöÇΓöÇΓöÇΓöÇΓöÇΓöÇΓöÇΓöÇΓöÇΓöÇΓöÇΓöÇΓöÇΓöÇΓöÇΓöÇΓöÇΓöÇΓöÇΓöÇΓöÇΓöÇΓöÇΓöÇΓöÇΓöÇΓöÇΓöÇΓöÇΓöÇΓöÇΓöÇΓöÇΓöÇΓöÇΓöÇΓöÇΓöÇΓöÇΓöÇΓöÇΓöÇΓöÇΓöÇΓöÇΓöÇΓöÇΓöÇΓöÇΓöÇΓöÇΓöÇΓöÇΓöÇΓöÇΓöÇΓöÇΓöÇΓöÇΓöÇΓöÇ

    Error Context: test-results\regression-Marketing-ΓÇô-Privacy-Terms-terms-page-loads-Mobile-Chrome-375px-\error-context.md

    Retry #1 ΓöÇΓöÇΓöÇΓöÇΓöÇΓöÇΓöÇΓöÇΓöÇΓöÇΓöÇΓöÇΓöÇΓöÇΓöÇΓöÇΓöÇΓöÇΓöÇΓöÇΓöÇΓöÇΓöÇΓöÇΓöÇΓöÇΓöÇΓöÇΓöÇΓöÇΓöÇΓöÇΓöÇΓöÇΓöÇΓöÇΓöÇΓöÇΓöÇΓöÇΓöÇΓöÇΓöÇΓöÇΓöÇΓöÇΓöÇΓöÇΓöÇΓöÇΓöÇΓöÇΓöÇΓöÇΓöÇΓöÇΓöÇΓöÇΓöÇΓöÇΓöÇΓöÇΓöÇΓöÇΓöÇΓöÇΓöÇΓöÇΓöÇΓöÇΓöÇΓöÇΓöÇΓöÇΓöÇΓöÇΓöÇΓöÇΓöÇΓöÇΓöÇΓöÇΓöÇΓöÇΓöÇΓöÇΓöÇ

    Error: page.goto: net::ERR_NAME_NOT_RESOLVED at https://thecareersetu.in/terms
    Call log:
      - navigating to "https://thecareersetu.in/terms", waiting until "load"


      69 |   })
      70 |   test('terms page loads', async ({ page }) => {
    > 71 |     await page.goto('/terms')
         |                ^
      72 |     await expect(page.locator('h1').first()).toBeVisible()
      73 |   })
      74 | })
        at C:\Users\amitc\CareerSetu\tests\e2e\regression.spec.ts:71:16

    attachment #1: screenshot (image/png) ΓöÇΓöÇΓöÇΓöÇΓöÇΓöÇΓöÇΓöÇΓöÇΓöÇΓöÇΓöÇΓöÇΓöÇΓöÇΓöÇΓöÇΓöÇΓöÇΓöÇΓöÇΓöÇΓöÇΓöÇΓöÇΓöÇΓöÇΓöÇΓöÇΓöÇΓöÇΓöÇΓöÇΓöÇΓöÇΓöÇΓöÇΓöÇΓöÇΓöÇΓöÇΓöÇΓöÇΓöÇΓöÇΓöÇΓöÇΓöÇΓöÇΓöÇΓöÇΓöÇΓöÇΓöÇΓöÇΓöÇΓöÇΓöÇ
    test-results\regression-Marketing-ΓÇô-Privacy-Terms-terms-page-loads-Mobile-Chrome-375px--retry1\test-failed-1.png
    ΓöÇΓöÇΓöÇΓöÇΓöÇΓöÇΓöÇΓöÇΓöÇΓöÇΓöÇΓöÇΓöÇΓöÇΓöÇΓöÇΓöÇΓöÇΓöÇΓöÇΓöÇΓöÇΓöÇΓöÇΓöÇΓöÇΓöÇΓöÇΓöÇΓöÇΓöÇΓöÇΓöÇΓöÇΓöÇΓöÇΓöÇΓöÇΓöÇΓöÇΓöÇΓöÇΓöÇΓöÇΓöÇΓöÇΓöÇΓöÇΓöÇΓöÇΓöÇΓöÇΓöÇΓöÇΓöÇΓöÇΓöÇΓöÇΓöÇΓöÇΓöÇΓöÇΓöÇΓöÇΓöÇΓöÇΓöÇΓöÇΓöÇΓöÇΓöÇΓöÇΓöÇΓöÇΓöÇΓöÇΓöÇΓöÇΓöÇΓöÇΓöÇΓöÇΓöÇΓöÇΓöÇΓöÇΓöÇΓöÇΓöÇΓöÇΓöÇΓöÇΓöÇΓöÇΓöÇΓöÇ

    Error Context: test-results\regression-Marketing-ΓÇô-Privacy-Terms-terms-page-loads-Mobile-Chrome-375px--retry1\error-context.md

  136) [Mobile Chrome (375px)] ΓÇ║ tests\e2e\regression.spec.ts:79:7 ΓÇ║ Auth ΓÇô Login / Signup ΓÇ║ login page loads without redirect 

    Error: page.goto: net::ERR_NAME_NOT_RESOLVED at https://thecareersetu.in/login
    Call log:
      - navigating to "https://thecareersetu.in/login", waiting until "networkidle"


      78 | test.describe('Auth ΓÇô Login / Signup', () => {
      79 |   test('login page loads without redirect', async ({ page }) => {
    > 80 |     await page.goto('/login', { waitUntil: 'networkidle' })
         |                ^
      81 |     await expect(page).not.toHaveURL(/\/dashboard/)
      82 |     // Page content rendered (hydrated)
      83 |     await expect(page.locator('body')).not.toBeEmpty()
        at C:\Users\amitc\CareerSetu\tests\e2e\regression.spec.ts:80:16

    attachment #1: screenshot (image/png) ΓöÇΓöÇΓöÇΓöÇΓöÇΓöÇΓöÇΓöÇΓöÇΓöÇΓöÇΓöÇΓöÇΓöÇΓöÇΓöÇΓöÇΓöÇΓöÇΓöÇΓöÇΓöÇΓöÇΓöÇΓöÇΓöÇΓöÇΓöÇΓöÇΓöÇΓöÇΓöÇΓöÇΓöÇΓöÇΓöÇΓöÇΓöÇΓöÇΓöÇΓöÇΓöÇΓöÇΓöÇΓöÇΓöÇΓöÇΓöÇΓöÇΓöÇΓöÇΓöÇΓöÇΓöÇΓöÇΓöÇΓöÇΓöÇ
    test-results\regression-Auth-ΓÇô-Login-Si-e65f4-page-loads-without-redirect-Mobile-Chrome-375px-\test-failed-1.png
    ΓöÇΓöÇΓöÇΓöÇΓöÇΓöÇΓöÇΓöÇΓöÇΓöÇΓöÇΓöÇΓöÇΓöÇΓöÇΓöÇΓöÇΓöÇΓöÇΓöÇΓöÇΓöÇΓöÇΓöÇΓöÇΓöÇΓöÇΓöÇΓöÇΓöÇΓöÇΓöÇΓöÇΓöÇΓöÇΓöÇΓöÇΓöÇΓöÇΓöÇΓöÇΓöÇΓöÇΓöÇΓöÇΓöÇΓöÇΓöÇΓöÇΓöÇΓöÇΓöÇΓöÇΓöÇΓöÇΓöÇΓöÇΓöÇΓöÇΓöÇΓöÇΓöÇΓöÇΓöÇΓöÇΓöÇΓöÇΓöÇΓöÇΓöÇΓöÇΓöÇΓöÇΓöÇΓöÇΓöÇΓöÇΓöÇΓöÇΓöÇΓöÇΓöÇΓöÇΓöÇΓöÇΓöÇΓöÇΓöÇΓöÇΓöÇΓöÇΓöÇΓöÇΓöÇΓöÇΓöÇ

    Error Context: test-results\regression-Auth-ΓÇô-Login-Si-e65f4-page-loads-without-redirect-Mobile-Chrome-375px-\error-context.md

    Retry #1 ΓöÇΓöÇΓöÇΓöÇΓöÇΓöÇΓöÇΓöÇΓöÇΓöÇΓöÇΓöÇΓöÇΓöÇΓöÇΓöÇΓöÇΓöÇΓöÇΓöÇΓöÇΓöÇΓöÇΓöÇΓöÇΓöÇΓöÇΓöÇΓöÇΓöÇΓöÇΓöÇΓöÇΓöÇΓöÇΓöÇΓöÇΓöÇΓöÇΓöÇΓöÇΓöÇΓöÇΓöÇΓöÇΓöÇΓöÇΓöÇΓöÇΓöÇΓöÇΓöÇΓöÇΓöÇΓöÇΓöÇΓöÇΓöÇΓöÇΓöÇΓöÇΓöÇΓöÇΓöÇΓöÇΓöÇΓöÇΓöÇΓöÇΓöÇΓöÇΓöÇΓöÇΓöÇΓöÇΓöÇΓöÇΓöÇΓöÇΓöÇΓöÇΓöÇΓöÇΓöÇΓöÇΓöÇΓöÇ

    Error: page.goto: net::ERR_NAME_NOT_RESOLVED at https://thecareersetu.in/login
    Call log:
      - navigating to "https://thecareersetu.in/login", waiting until "networkidle"


      78 | test.describe('Auth ΓÇô Login / Signup', () => {
      79 |   test('login page loads without redirect', async ({ page }) => {
    > 80 |     await page.goto('/login', { waitUntil: 'networkidle' })
         |                ^
      81 |     await expect(page).not.toHaveURL(/\/dashboard/)
      82 |     // Page content rendered (hydrated)
      83 |     await expect(page.locator('body')).not.toBeEmpty()
        at C:\Users\amitc\CareerSetu\tests\e2e\regression.spec.ts:80:16

    attachment #1: screenshot (image/png) ΓöÇΓöÇΓöÇΓöÇΓöÇΓöÇΓöÇΓöÇΓöÇΓöÇΓöÇΓöÇΓöÇΓöÇΓöÇΓöÇΓöÇΓöÇΓöÇΓöÇΓöÇΓöÇΓöÇΓöÇΓöÇΓöÇΓöÇΓöÇΓöÇΓöÇΓöÇΓöÇΓöÇΓöÇΓöÇΓöÇΓöÇΓöÇΓöÇΓöÇΓöÇΓöÇΓöÇΓöÇΓöÇΓöÇΓöÇΓöÇΓöÇΓöÇΓöÇΓöÇΓöÇΓöÇΓöÇΓöÇΓöÇΓöÇ
    test-results\regression-Auth-ΓÇô-Login-Si-e65f4-page-loads-without-redirect-Mobile-Chrome-375px--retry1\test-failed-1.png
    ΓöÇΓöÇΓöÇΓöÇΓöÇΓöÇΓöÇΓöÇΓöÇΓöÇΓöÇΓöÇΓöÇΓöÇΓöÇΓöÇΓöÇΓöÇΓöÇΓöÇΓöÇΓöÇΓöÇΓöÇΓöÇΓöÇΓöÇΓöÇΓöÇΓöÇΓöÇΓöÇΓöÇΓöÇΓöÇΓöÇΓöÇΓöÇΓöÇΓöÇΓöÇΓöÇΓöÇΓöÇΓöÇΓöÇΓöÇΓöÇΓöÇΓöÇΓöÇΓöÇΓöÇΓöÇΓöÇΓöÇΓöÇΓöÇΓöÇΓöÇΓöÇΓöÇΓöÇΓöÇΓöÇΓöÇΓöÇΓöÇΓöÇΓöÇΓöÇΓöÇΓöÇΓöÇΓöÇΓöÇΓöÇΓöÇΓöÇΓöÇΓöÇΓöÇΓöÇΓöÇΓöÇΓöÇΓöÇΓöÇΓöÇΓöÇΓöÇΓöÇΓöÇΓöÇΓöÇΓöÇ

    Error Context: test-results\regression-Auth-ΓÇô-Login-Si-e65f4-page-loads-without-redirect-Mobile-Chrome-375px--retry1\error-context.md

  137) [Mobile Chrome (375px)] ΓÇ║ tests\e2e\regression.spec.ts:87:7 ΓÇ║ Auth ΓÇô Login / Signup ΓÇ║ signup page loads without redirect 

    Error: page.goto: net::ERR_NAME_NOT_RESOLVED at https://thecareersetu.in/signup
    Call log:
      - navigating to "https://thecareersetu.in/signup", waiting until "networkidle"


      86 |
      87 |   test('signup page loads without redirect', async ({ page }) => {
    > 88 |     await page.goto('/signup', { waitUntil: 'networkidle' })
         |                ^
      89 |     await expect(page).not.toHaveURL(/\/dashboard/)
      90 |     await expect(page.locator('body')).not.toBeEmpty()
      91 |   })
        at C:\Users\amitc\CareerSetu\tests\e2e\regression.spec.ts:88:16

    attachment #1: screenshot (image/png) ΓöÇΓöÇΓöÇΓöÇΓöÇΓöÇΓöÇΓöÇΓöÇΓöÇΓöÇΓöÇΓöÇΓöÇΓöÇΓöÇΓöÇΓöÇΓöÇΓöÇΓöÇΓöÇΓöÇΓöÇΓöÇΓöÇΓöÇΓöÇΓöÇΓöÇΓöÇΓöÇΓöÇΓöÇΓöÇΓöÇΓöÇΓöÇΓöÇΓöÇΓöÇΓöÇΓöÇΓöÇΓöÇΓöÇΓöÇΓöÇΓöÇΓöÇΓöÇΓöÇΓöÇΓöÇΓöÇΓöÇΓöÇΓöÇ
    test-results\regression-Auth-ΓÇô-Login-Si-efc69-page-loads-without-redirect-Mobile-Chrome-375px-\test-failed-1.png
    ΓöÇΓöÇΓöÇΓöÇΓöÇΓöÇΓöÇΓöÇΓöÇΓöÇΓöÇΓöÇΓöÇΓöÇΓöÇΓöÇΓöÇΓöÇΓöÇΓöÇΓöÇΓöÇΓöÇΓöÇΓöÇΓöÇΓöÇΓöÇΓöÇΓöÇΓöÇΓöÇΓöÇΓöÇΓöÇΓöÇΓöÇΓöÇΓöÇΓöÇΓöÇΓöÇΓöÇΓöÇΓöÇΓöÇΓöÇΓöÇΓöÇΓöÇΓöÇΓöÇΓöÇΓöÇΓöÇΓöÇΓöÇΓöÇΓöÇΓöÇΓöÇΓöÇΓöÇΓöÇΓöÇΓöÇΓöÇΓöÇΓöÇΓöÇΓöÇΓöÇΓöÇΓöÇΓöÇΓöÇΓöÇΓöÇΓöÇΓöÇΓöÇΓöÇΓöÇΓöÇΓöÇΓöÇΓöÇΓöÇΓöÇΓöÇΓöÇΓöÇΓöÇΓöÇΓöÇΓöÇ

    Error Context: test-results\regression-Auth-ΓÇô-Login-Si-efc69-page-loads-without-redirect-Mobile-Chrome-375px-\error-context.md

    Retry #1 ΓöÇΓöÇΓöÇΓöÇΓöÇΓöÇΓöÇΓöÇΓöÇΓöÇΓöÇΓöÇΓöÇΓöÇΓöÇΓöÇΓöÇΓöÇΓöÇΓöÇΓöÇΓöÇΓöÇΓöÇΓöÇΓöÇΓöÇΓöÇΓöÇΓöÇΓöÇΓöÇΓöÇΓöÇΓöÇΓöÇΓöÇΓöÇΓöÇΓöÇΓöÇΓöÇΓöÇΓöÇΓöÇΓöÇΓöÇΓöÇΓöÇΓöÇΓöÇΓöÇΓöÇΓöÇΓöÇΓöÇΓöÇΓöÇΓöÇΓöÇΓöÇΓöÇΓöÇΓöÇΓöÇΓöÇΓöÇΓöÇΓöÇΓöÇΓöÇΓöÇΓöÇΓöÇΓöÇΓöÇΓöÇΓöÇΓöÇΓöÇΓöÇΓöÇΓöÇΓöÇΓöÇΓöÇΓöÇ

    Error: page.goto: net::ERR_NAME_NOT_RESOLVED at https://thecareersetu.in/signup
    Call log:
      - navigating to "https://thecareersetu.in/signup", waiting until "networkidle"


      86 |
      87 |   test('signup page loads without redirect', async ({ page }) => {
    > 88 |     await page.goto('/signup', { waitUntil: 'networkidle' })
         |                ^
      89 |     await expect(page).not.toHaveURL(/\/dashboard/)
      90 |     await expect(page.locator('body')).not.toBeEmpty()
      91 |   })
        at C:\Users\amitc\CareerSetu\tests\e2e\regression.spec.ts:88:16

    attachment #1: screenshot (image/png) ΓöÇΓöÇΓöÇΓöÇΓöÇΓöÇΓöÇΓöÇΓöÇΓöÇΓöÇΓöÇΓöÇΓöÇΓöÇΓöÇΓöÇΓöÇΓöÇΓöÇΓöÇΓöÇΓöÇΓöÇΓöÇΓöÇΓöÇΓöÇΓöÇΓöÇΓöÇΓöÇΓöÇΓöÇΓöÇΓöÇΓöÇΓöÇΓöÇΓöÇΓöÇΓöÇΓöÇΓöÇΓöÇΓöÇΓöÇΓöÇΓöÇΓöÇΓöÇΓöÇΓöÇΓöÇΓöÇΓöÇΓöÇΓöÇ
    test-results\regression-Auth-ΓÇô-Login-Si-efc69-page-loads-without-redirect-Mobile-Chrome-375px--retry1\test-failed-1.png
    ΓöÇΓöÇΓöÇΓöÇΓöÇΓöÇΓöÇΓöÇΓöÇΓöÇΓöÇΓöÇΓöÇΓöÇΓöÇΓöÇΓöÇΓöÇΓöÇΓöÇΓöÇΓöÇΓöÇΓöÇΓöÇΓöÇΓöÇΓöÇΓöÇΓöÇΓöÇΓöÇΓöÇΓöÇΓöÇΓöÇΓöÇΓöÇΓöÇΓöÇΓöÇΓöÇΓöÇΓöÇΓöÇΓöÇΓöÇΓöÇΓöÇΓöÇΓöÇΓöÇΓöÇΓöÇΓöÇΓöÇΓöÇΓöÇΓöÇΓöÇΓöÇΓöÇΓöÇΓöÇΓöÇΓöÇΓöÇΓöÇΓöÇΓöÇΓöÇΓöÇΓöÇΓöÇΓöÇΓöÇΓöÇΓöÇΓöÇΓöÇΓöÇΓöÇΓöÇΓöÇΓöÇΓöÇΓöÇΓöÇΓöÇΓöÇΓöÇΓöÇΓöÇΓöÇΓöÇΓöÇ

    Error Context: test-results\regression-Auth-ΓÇô-Login-Si-efc69-page-loads-without-redirect-Mobile-Chrome-375px--retry1\error-context.md

  138) [Mobile Chrome (375px)] ΓÇ║ tests\e2e\regression.spec.ts:109:9 ΓÇ║ Auth guard ΓÇô unauthenticated redirects ΓÇ║ /dashboard ΓåÆ redirects to /login 

    Error: page.goto: net::ERR_NAME_NOT_RESOLVED at https://thecareersetu.in/dashboard
    Call log:
      - navigating to "https://thecareersetu.in/dashboard", waiting until "load"


      108 |   for (const route of protectedRoutes) {
      109 |     test(`${route} ΓåÆ redirects to /login`, async ({ page }) => {
    > 110 |       await page.goto(route)
          |                  ^
      111 |       await expect(page).toHaveURL(/\/login/)
      112 |     })
      113 |   }
        at C:\Users\amitc\CareerSetu\tests\e2e\regression.spec.ts:110:18

    attachment #1: screenshot (image/png) ΓöÇΓöÇΓöÇΓöÇΓöÇΓöÇΓöÇΓöÇΓöÇΓöÇΓöÇΓöÇΓöÇΓöÇΓöÇΓöÇΓöÇΓöÇΓöÇΓöÇΓöÇΓöÇΓöÇΓöÇΓöÇΓöÇΓöÇΓöÇΓöÇΓöÇΓöÇΓöÇΓöÇΓöÇΓöÇΓöÇΓöÇΓöÇΓöÇΓöÇΓöÇΓöÇΓöÇΓöÇΓöÇΓöÇΓöÇΓöÇΓöÇΓöÇΓöÇΓöÇΓöÇΓöÇΓöÇΓöÇΓöÇΓöÇ
    test-results\regression-Auth-guard-ΓÇô-un-a1aaf-hboard-ΓåÆ-redirects-to-login-Mobile-Chrome-375px-\test-failed-1.png
    ΓöÇΓöÇΓöÇΓöÇΓöÇΓöÇΓöÇΓöÇΓöÇΓöÇΓöÇΓöÇΓöÇΓöÇΓöÇΓöÇΓöÇΓöÇΓöÇΓöÇΓöÇΓöÇΓöÇΓöÇΓöÇΓöÇΓöÇΓöÇΓöÇΓöÇΓöÇΓöÇΓöÇΓöÇΓöÇΓöÇΓöÇΓöÇΓöÇΓöÇΓöÇΓöÇΓöÇΓöÇΓöÇΓöÇΓöÇΓöÇΓöÇΓöÇΓöÇΓöÇΓöÇΓöÇΓöÇΓöÇΓöÇΓöÇΓöÇΓöÇΓöÇΓöÇΓöÇΓöÇΓöÇΓöÇΓöÇΓöÇΓöÇΓöÇΓöÇΓöÇΓöÇΓöÇΓöÇΓöÇΓöÇΓöÇΓöÇΓöÇΓöÇΓöÇΓöÇΓöÇΓöÇΓöÇΓöÇΓöÇΓöÇΓöÇΓöÇΓöÇΓöÇΓöÇΓöÇΓöÇ

    Error Context: test-results\regression-Auth-guard-ΓÇô-un-a1aaf-hboard-ΓåÆ-redirects-to-login-Mobile-Chrome-375px-\error-context.md

    Retry #1 ΓöÇΓöÇΓöÇΓöÇΓöÇΓöÇΓöÇΓöÇΓöÇΓöÇΓöÇΓöÇΓöÇΓöÇΓöÇΓöÇΓöÇΓöÇΓöÇΓöÇΓöÇΓöÇΓöÇΓöÇΓöÇΓöÇΓöÇΓöÇΓöÇΓöÇΓöÇΓöÇΓöÇΓöÇΓöÇΓöÇΓöÇΓöÇΓöÇΓöÇΓöÇΓöÇΓöÇΓöÇΓöÇΓöÇΓöÇΓöÇΓöÇΓöÇΓöÇΓöÇΓöÇΓöÇΓöÇΓöÇΓöÇΓöÇΓöÇΓöÇΓöÇΓöÇΓöÇΓöÇΓöÇΓöÇΓöÇΓöÇΓöÇΓöÇΓöÇΓöÇΓöÇΓöÇΓöÇΓöÇΓöÇΓöÇΓöÇΓöÇΓöÇΓöÇΓöÇΓöÇΓöÇΓöÇΓöÇ

    Error: page.goto: net::ERR_NAME_NOT_RESOLVED at https://thecareersetu.in/dashboard
    Call log:
      - navigating to "https://thecareersetu.in/dashboard", waiting until "load"


      108 |   for (const route of protectedRoutes) {
      109 |     test(`${route} ΓåÆ redirects to /login`, async ({ page }) => {
    > 110 |       await page.goto(route)
          |                  ^
      111 |       await expect(page).toHaveURL(/\/login/)
      112 |     })
      113 |   }
        at C:\Users\amitc\CareerSetu\tests\e2e\regression.spec.ts:110:18

    attachment #1: screenshot (image/png) ΓöÇΓöÇΓöÇΓöÇΓöÇΓöÇΓöÇΓöÇΓöÇΓöÇΓöÇΓöÇΓöÇΓöÇΓöÇΓöÇΓöÇΓöÇΓöÇΓöÇΓöÇΓöÇΓöÇΓöÇΓöÇΓöÇΓöÇΓöÇΓöÇΓöÇΓöÇΓöÇΓöÇΓöÇΓöÇΓöÇΓöÇΓöÇΓöÇΓöÇΓöÇΓöÇΓöÇΓöÇΓöÇΓöÇΓöÇΓöÇΓöÇΓöÇΓöÇΓöÇΓöÇΓöÇΓöÇΓöÇΓöÇΓöÇ
    test-results\regression-Auth-guard-ΓÇô-un-a1aaf-hboard-ΓåÆ-redirects-to-login-Mobile-Chrome-375px--retry1\test-failed-1.png
    ΓöÇΓöÇΓöÇΓöÇΓöÇΓöÇΓöÇΓöÇΓöÇΓöÇΓöÇΓöÇΓöÇΓöÇΓöÇΓöÇΓöÇΓöÇΓöÇΓöÇΓöÇΓöÇΓöÇΓöÇΓöÇΓöÇΓöÇΓöÇΓöÇΓöÇΓöÇΓöÇΓöÇΓöÇΓöÇΓöÇΓöÇΓöÇΓöÇΓöÇΓöÇΓöÇΓöÇΓöÇΓöÇΓöÇΓöÇΓöÇΓöÇΓöÇΓöÇΓöÇΓöÇΓöÇΓöÇΓöÇΓöÇΓöÇΓöÇΓöÇΓöÇΓöÇΓöÇΓöÇΓöÇΓöÇΓöÇΓöÇΓöÇΓöÇΓöÇΓöÇΓöÇΓöÇΓöÇΓöÇΓöÇΓöÇΓöÇΓöÇΓöÇΓöÇΓöÇΓöÇΓöÇΓöÇΓöÇΓöÇΓöÇΓöÇΓöÇΓöÇΓöÇΓöÇΓöÇΓöÇ

    Error Context: test-results\regression-Auth-guard-ΓÇô-un-a1aaf-hboard-ΓåÆ-redirects-to-login-Mobile-Chrome-375px--retry1\error-context.md

  139) [Mobile Chrome (375px)] ΓÇ║ tests\e2e\regression.spec.ts:109:9 ΓÇ║ Auth guard ΓÇô unauthenticated redirects ΓÇ║ /practice ΓåÆ redirects to /login 

    Error: page.goto: net::ERR_NAME_NOT_RESOLVED at https://thecareersetu.in/practice
    Call log:
      - navigating to "https://thecareersetu.in/practice", waiting until "load"


      108 |   for (const route of protectedRoutes) {
      109 |     test(`${route} ΓåÆ redirects to /login`, async ({ page }) => {
    > 110 |       await page.goto(route)
          |                  ^
      111 |       await expect(page).toHaveURL(/\/login/)
      112 |     })
      113 |   }
        at C:\Users\amitc\CareerSetu\tests\e2e\regression.spec.ts:110:18

    attachment #1: screenshot (image/png) ΓöÇΓöÇΓöÇΓöÇΓöÇΓöÇΓöÇΓöÇΓöÇΓöÇΓöÇΓöÇΓöÇΓöÇΓöÇΓöÇΓöÇΓöÇΓöÇΓöÇΓöÇΓöÇΓöÇΓöÇΓöÇΓöÇΓöÇΓöÇΓöÇΓöÇΓöÇΓöÇΓöÇΓöÇΓöÇΓöÇΓöÇΓöÇΓöÇΓöÇΓöÇΓöÇΓöÇΓöÇΓöÇΓöÇΓöÇΓöÇΓöÇΓöÇΓöÇΓöÇΓöÇΓöÇΓöÇΓöÇΓöÇΓöÇ
    test-results\regression-Auth-guard-ΓÇô-un-5f11e-actice-ΓåÆ-redirects-to-login-Mobile-Chrome-375px-\test-failed-1.png
    ΓöÇΓöÇΓöÇΓöÇΓöÇΓöÇΓöÇΓöÇΓöÇΓöÇΓöÇΓöÇΓöÇΓöÇΓöÇΓöÇΓöÇΓöÇΓöÇΓöÇΓöÇΓöÇΓöÇΓöÇΓöÇΓöÇΓöÇΓöÇΓöÇΓöÇΓöÇΓöÇΓöÇΓöÇΓöÇΓöÇΓöÇΓöÇΓöÇΓöÇΓöÇΓöÇΓöÇΓöÇΓöÇΓöÇΓöÇΓöÇΓöÇΓöÇΓöÇΓöÇΓöÇΓöÇΓöÇΓöÇΓöÇΓöÇΓöÇΓöÇΓöÇΓöÇΓöÇΓöÇΓöÇΓöÇΓöÇΓöÇΓöÇΓöÇΓöÇΓöÇΓöÇΓöÇΓöÇΓöÇΓöÇΓöÇΓöÇΓöÇΓöÇΓöÇΓöÇΓöÇΓöÇΓöÇΓöÇΓöÇΓöÇΓöÇΓöÇΓöÇΓöÇΓöÇΓöÇΓöÇ

    Error Context: test-results\regression-Auth-guard-ΓÇô-un-5f11e-actice-ΓåÆ-redirects-to-login-Mobile-Chrome-375px-\error-context.md

    Retry #1 ΓöÇΓöÇΓöÇΓöÇΓöÇΓöÇΓöÇΓöÇΓöÇΓöÇΓöÇΓöÇΓöÇΓöÇΓöÇΓöÇΓöÇΓöÇΓöÇΓöÇΓöÇΓöÇΓöÇΓöÇΓöÇΓöÇΓöÇΓöÇΓöÇΓöÇΓöÇΓöÇΓöÇΓöÇΓöÇΓöÇΓöÇΓöÇΓöÇΓöÇΓöÇΓöÇΓöÇΓöÇΓöÇΓöÇΓöÇΓöÇΓöÇΓöÇΓöÇΓöÇΓöÇΓöÇΓöÇΓöÇΓöÇΓöÇΓöÇΓöÇΓöÇΓöÇΓöÇΓöÇΓöÇΓöÇΓöÇΓöÇΓöÇΓöÇΓöÇΓöÇΓöÇΓöÇΓöÇΓöÇΓöÇΓöÇΓöÇΓöÇΓöÇΓöÇΓöÇΓöÇΓöÇΓöÇΓöÇ

    Error: page.goto: net::ERR_NAME_NOT_RESOLVED at https://thecareersetu.in/practice
    Call log:
      - navigating to "https://thecareersetu.in/practice", waiting until "load"


      108 |   for (const route of protectedRoutes) {
      109 |     test(`${route} ΓåÆ redirects to /login`, async ({ page }) => {
    > 110 |       await page.goto(route)
          |                  ^
      111 |       await expect(page).toHaveURL(/\/login/)
      112 |     })
      113 |   }
        at C:\Users\amitc\CareerSetu\tests\e2e\regression.spec.ts:110:18

    attachment #1: screenshot (image/png) ΓöÇΓöÇΓöÇΓöÇΓöÇΓöÇΓöÇΓöÇΓöÇΓöÇΓöÇΓöÇΓöÇΓöÇΓöÇΓöÇΓöÇΓöÇΓöÇΓöÇΓöÇΓöÇΓöÇΓöÇΓöÇΓöÇΓöÇΓöÇΓöÇΓöÇΓöÇΓöÇΓöÇΓöÇΓöÇΓöÇΓöÇΓöÇΓöÇΓöÇΓöÇΓöÇΓöÇΓöÇΓöÇΓöÇΓöÇΓöÇΓöÇΓöÇΓöÇΓöÇΓöÇΓöÇΓöÇΓöÇΓöÇΓöÇ
    test-results\regression-Auth-guard-ΓÇô-un-5f11e-actice-ΓåÆ-redirects-to-login-Mobile-Chrome-375px--retry1\test-failed-1.png
    ΓöÇΓöÇΓöÇΓöÇΓöÇΓöÇΓöÇΓöÇΓöÇΓöÇΓöÇΓöÇΓöÇΓöÇΓöÇΓöÇΓöÇΓöÇΓöÇΓöÇΓöÇΓöÇΓöÇΓöÇΓöÇΓöÇΓöÇΓöÇΓöÇΓöÇΓöÇΓöÇΓöÇΓöÇΓöÇΓöÇΓöÇΓöÇΓöÇΓöÇΓöÇΓöÇΓöÇΓöÇΓöÇΓöÇΓöÇΓöÇΓöÇΓöÇΓöÇΓöÇΓöÇΓöÇΓöÇΓöÇΓöÇΓöÇΓöÇΓöÇΓöÇΓöÇΓöÇΓöÇΓöÇΓöÇΓöÇΓöÇΓöÇΓöÇΓöÇΓöÇΓöÇΓöÇΓöÇΓöÇΓöÇΓöÇΓöÇΓöÇΓöÇΓöÇΓöÇΓöÇΓöÇΓöÇΓöÇΓöÇΓöÇΓöÇΓöÇΓöÇΓöÇΓöÇΓöÇΓöÇ

    Error Context: test-results\regression-Auth-guard-ΓÇô-un-5f11e-actice-ΓåÆ-redirects-to-login-Mobile-Chrome-375px--retry1\error-context.md

  140) [Mobile Chrome (375px)] ΓÇ║ tests\e2e\regression.spec.ts:109:9 ΓÇ║ Auth guard ΓÇô unauthenticated redirects ΓÇ║ /reports ΓåÆ redirects to /login 

    Error: page.goto: net::ERR_NAME_NOT_RESOLVED at https://thecareersetu.in/reports
    Call log:
      - navigating to "https://thecareersetu.in/reports", waiting until "load"


      108 |   for (const route of protectedRoutes) {
      109 |     test(`${route} ΓåÆ redirects to /login`, async ({ page }) => {
    > 110 |       await page.goto(route)
          |                  ^
      111 |       await expect(page).toHaveURL(/\/login/)
      112 |     })
      113 |   }
        at C:\Users\amitc\CareerSetu\tests\e2e\regression.spec.ts:110:18

    attachment #1: screenshot (image/png) ΓöÇΓöÇΓöÇΓöÇΓöÇΓöÇΓöÇΓöÇΓöÇΓöÇΓöÇΓöÇΓöÇΓöÇΓöÇΓöÇΓöÇΓöÇΓöÇΓöÇΓöÇΓöÇΓöÇΓöÇΓöÇΓöÇΓöÇΓöÇΓöÇΓöÇΓöÇΓöÇΓöÇΓöÇΓöÇΓöÇΓöÇΓöÇΓöÇΓöÇΓöÇΓöÇΓöÇΓöÇΓöÇΓöÇΓöÇΓöÇΓöÇΓöÇΓöÇΓöÇΓöÇΓöÇΓöÇΓöÇΓöÇΓöÇ
    test-results\regression-Auth-guard-ΓÇô-un-bed1d-eports-ΓåÆ-redirects-to-login-Mobile-Chrome-375px-\test-failed-1.png
    ΓöÇΓöÇΓöÇΓöÇΓöÇΓöÇΓöÇΓöÇΓöÇΓöÇΓöÇΓöÇΓöÇΓöÇΓöÇΓöÇΓöÇΓöÇΓöÇΓöÇΓöÇΓöÇΓöÇΓöÇΓöÇΓöÇΓöÇΓöÇΓöÇΓöÇΓöÇΓöÇΓöÇΓöÇΓöÇΓöÇΓöÇΓöÇΓöÇΓöÇΓöÇΓöÇΓöÇΓöÇΓöÇΓöÇΓöÇΓöÇΓöÇΓöÇΓöÇΓöÇΓöÇΓöÇΓöÇΓöÇΓöÇΓöÇΓöÇΓöÇΓöÇΓöÇΓöÇΓöÇΓöÇΓöÇΓöÇΓöÇΓöÇΓöÇΓöÇΓöÇΓöÇΓöÇΓöÇΓöÇΓöÇΓöÇΓöÇΓöÇΓöÇΓöÇΓöÇΓöÇΓöÇΓöÇΓöÇΓöÇΓöÇΓöÇΓöÇΓöÇΓöÇΓöÇΓöÇΓöÇ

    Error Context: test-results\regression-Auth-guard-ΓÇô-un-bed1d-eports-ΓåÆ-redirects-to-login-Mobile-Chrome-375px-\error-context.md

    Retry #1 ΓöÇΓöÇΓöÇΓöÇΓöÇΓöÇΓöÇΓöÇΓöÇΓöÇΓöÇΓöÇΓöÇΓöÇΓöÇΓöÇΓöÇΓöÇΓöÇΓöÇΓöÇΓöÇΓöÇΓöÇΓöÇΓöÇΓöÇΓöÇΓöÇΓöÇΓöÇΓöÇΓöÇΓöÇΓöÇΓöÇΓöÇΓöÇΓöÇΓöÇΓöÇΓöÇΓöÇΓöÇΓöÇΓöÇΓöÇΓöÇΓöÇΓöÇΓöÇΓöÇΓöÇΓöÇΓöÇΓöÇΓöÇΓöÇΓöÇΓöÇΓöÇΓöÇΓöÇΓöÇΓöÇΓöÇΓöÇΓöÇΓöÇΓöÇΓöÇΓöÇΓöÇΓöÇΓöÇΓöÇΓöÇΓöÇΓöÇΓöÇΓöÇΓöÇΓöÇΓöÇΓöÇΓöÇΓöÇ

    Error: page.goto: net::ERR_NAME_NOT_RESOLVED at https://thecareersetu.in/reports
    Call log:
      - navigating to "https://thecareersetu.in/reports", waiting until "load"


      108 |   for (const route of protectedRoutes) {
      109 |     test(`${route} ΓåÆ redirects to /login`, async ({ page }) => {
    > 110 |       await page.goto(route)
          |                  ^
      111 |       await expect(page).toHaveURL(/\/login/)
      112 |     })
      113 |   }
        at C:\Users\amitc\CareerSetu\tests\e2e\regression.spec.ts:110:18

    attachment #1: screenshot (image/png) ΓöÇΓöÇΓöÇΓöÇΓöÇΓöÇΓöÇΓöÇΓöÇΓöÇΓöÇΓöÇΓöÇΓöÇΓöÇΓöÇΓöÇΓöÇΓöÇΓöÇΓöÇΓöÇΓöÇΓöÇΓöÇΓöÇΓöÇΓöÇΓöÇΓöÇΓöÇΓöÇΓöÇΓöÇΓöÇΓöÇΓöÇΓöÇΓöÇΓöÇΓöÇΓöÇΓöÇΓöÇΓöÇΓöÇΓöÇΓöÇΓöÇΓöÇΓöÇΓöÇΓöÇΓöÇΓöÇΓöÇΓöÇΓöÇ
    test-results\regression-Auth-guard-ΓÇô-un-bed1d-eports-ΓåÆ-redirects-to-login-Mobile-Chrome-375px--retry1\test-failed-1.png
    ΓöÇΓöÇΓöÇΓöÇΓöÇΓöÇΓöÇΓöÇΓöÇΓöÇΓöÇΓöÇΓöÇΓöÇΓöÇΓöÇΓöÇΓöÇΓöÇΓöÇΓöÇΓöÇΓöÇΓöÇΓöÇΓöÇΓöÇΓöÇΓöÇΓöÇΓöÇΓöÇΓöÇΓöÇΓöÇΓöÇΓöÇΓöÇΓöÇΓöÇΓöÇΓöÇΓöÇΓöÇΓöÇΓöÇΓöÇΓöÇΓöÇΓöÇΓöÇΓöÇΓöÇΓöÇΓöÇΓöÇΓöÇΓöÇΓöÇΓöÇΓöÇΓöÇΓöÇΓöÇΓöÇΓöÇΓöÇΓöÇΓöÇΓöÇΓöÇΓöÇΓöÇΓöÇΓöÇΓöÇΓöÇΓöÇΓöÇΓöÇΓöÇΓöÇΓöÇΓöÇΓöÇΓöÇΓöÇΓöÇΓöÇΓöÇΓöÇΓöÇΓöÇΓöÇΓöÇΓöÇ

    Error Context: test-results\regression-Auth-guard-ΓÇô-un-bed1d-eports-ΓåÆ-redirects-to-login-Mobile-Chrome-375px--retry1\error-context.md

  141) [Mobile Chrome (375px)] ΓÇ║ tests\e2e\regression.spec.ts:109:9 ΓÇ║ Auth guard ΓÇô unauthenticated redirects ΓÇ║ /resume-builder ΓåÆ redirects to /login 

    Error: page.goto: net::ERR_NAME_NOT_RESOLVED at https://thecareersetu.in/resume-builder
    Call log:
      - navigating to "https://thecareersetu.in/resume-builder", waiting until "load"


      108 |   for (const route of protectedRoutes) {
      109 |     test(`${route} ΓåÆ redirects to /login`, async ({ page }) => {
    > 110 |       await page.goto(route)
          |                  ^
      111 |       await expect(page).toHaveURL(/\/login/)
      112 |     })
      113 |   }
        at C:\Users\amitc\CareerSetu\tests\e2e\regression.spec.ts:110:18

    attachment #1: screenshot (image/png) ΓöÇΓöÇΓöÇΓöÇΓöÇΓöÇΓöÇΓöÇΓöÇΓöÇΓöÇΓöÇΓöÇΓöÇΓöÇΓöÇΓöÇΓöÇΓöÇΓöÇΓöÇΓöÇΓöÇΓöÇΓöÇΓöÇΓöÇΓöÇΓöÇΓöÇΓöÇΓöÇΓöÇΓöÇΓöÇΓöÇΓöÇΓöÇΓöÇΓöÇΓöÇΓöÇΓöÇΓöÇΓöÇΓöÇΓöÇΓöÇΓöÇΓöÇΓöÇΓöÇΓöÇΓöÇΓöÇΓöÇΓöÇΓöÇ
    test-results\regression-Auth-guard-ΓÇô-un-7c213-uilder-ΓåÆ-redirects-to-login-Mobile-Chrome-375px-\test-failed-1.png
    ΓöÇΓöÇΓöÇΓöÇΓöÇΓöÇΓöÇΓöÇΓöÇΓöÇΓöÇΓöÇΓöÇΓöÇΓöÇΓöÇΓöÇΓöÇΓöÇΓöÇΓöÇΓöÇΓöÇΓöÇΓöÇΓöÇΓöÇΓöÇΓöÇΓöÇΓöÇΓöÇΓöÇΓöÇΓöÇΓöÇΓöÇΓöÇΓöÇΓöÇΓöÇΓöÇΓöÇΓöÇΓöÇΓöÇΓöÇΓöÇΓöÇΓöÇΓöÇΓöÇΓöÇΓöÇΓöÇΓöÇΓöÇΓöÇΓöÇΓöÇΓöÇΓöÇΓöÇΓöÇΓöÇΓöÇΓöÇΓöÇΓöÇΓöÇΓöÇΓöÇΓöÇΓöÇΓöÇΓöÇΓöÇΓöÇΓöÇΓöÇΓöÇΓöÇΓöÇΓöÇΓöÇΓöÇΓöÇΓöÇΓöÇΓöÇΓöÇΓöÇΓöÇΓöÇΓöÇΓöÇ

    Error Context: test-results\regression-Auth-guard-ΓÇô-un-7c213-uilder-ΓåÆ-redirects-to-login-Mobile-Chrome-375px-\error-context.md

    Retry #1 ΓöÇΓöÇΓöÇΓöÇΓöÇΓöÇΓöÇΓöÇΓöÇΓöÇΓöÇΓöÇΓöÇΓöÇΓöÇΓöÇΓöÇΓöÇΓöÇΓöÇΓöÇΓöÇΓöÇΓöÇΓöÇΓöÇΓöÇΓöÇΓöÇΓöÇΓöÇΓöÇΓöÇΓöÇΓöÇΓöÇΓöÇΓöÇΓöÇΓöÇΓöÇΓöÇΓöÇΓöÇΓöÇΓöÇΓöÇΓöÇΓöÇΓöÇΓöÇΓöÇΓöÇΓöÇΓöÇΓöÇΓöÇΓöÇΓöÇΓöÇΓöÇΓöÇΓöÇΓöÇΓöÇΓöÇΓöÇΓöÇΓöÇΓöÇΓöÇΓöÇΓöÇΓöÇΓöÇΓöÇΓöÇΓöÇΓöÇΓöÇΓöÇΓöÇΓöÇΓöÇΓöÇΓöÇΓöÇ

    Error: page.goto: net::ERR_NAME_NOT_RESOLVED at https://thecareersetu.in/resume-builder
    Call log:
      - navigating to "https://thecareersetu.in/resume-builder", waiting until "load"


      108 |   for (const route of protectedRoutes) {
      109 |     test(`${route} ΓåÆ redirects to /login`, async ({ page }) => {
    > 110 |       await page.goto(route)
          |                  ^
      111 |       await expect(page).toHaveURL(/\/login/)
      112 |     })
      113 |   }
        at C:\Users\amitc\CareerSetu\tests\e2e\regression.spec.ts:110:18

    attachment #1: screenshot (image/png) ΓöÇΓöÇΓöÇΓöÇΓöÇΓöÇΓöÇΓöÇΓöÇΓöÇΓöÇΓöÇΓöÇΓöÇΓöÇΓöÇΓöÇΓöÇΓöÇΓöÇΓöÇΓöÇΓöÇΓöÇΓöÇΓöÇΓöÇΓöÇΓöÇΓöÇΓöÇΓöÇΓöÇΓöÇΓöÇΓöÇΓöÇΓöÇΓöÇΓöÇΓöÇΓöÇΓöÇΓöÇΓöÇΓöÇΓöÇΓöÇΓöÇΓöÇΓöÇΓöÇΓöÇΓöÇΓöÇΓöÇΓöÇΓöÇ
    test-results\regression-Auth-guard-ΓÇô-un-7c213-uilder-ΓåÆ-redirects-to-login-Mobile-Chrome-375px--retry1\test-failed-1.png
    ΓöÇΓöÇΓöÇΓöÇΓöÇΓöÇΓöÇΓöÇΓöÇΓöÇΓöÇΓöÇΓöÇΓöÇΓöÇΓöÇΓöÇΓöÇΓöÇΓöÇΓöÇΓöÇΓöÇΓöÇΓöÇΓöÇΓöÇΓöÇΓöÇΓöÇΓöÇΓöÇΓöÇΓöÇΓöÇΓöÇΓöÇΓöÇΓöÇΓöÇΓöÇΓöÇΓöÇΓöÇΓöÇΓöÇΓöÇΓöÇΓöÇΓöÇΓöÇΓöÇΓöÇΓöÇΓöÇΓöÇΓöÇΓöÇΓöÇΓöÇΓöÇΓöÇΓöÇΓöÇΓöÇΓöÇΓöÇΓöÇΓöÇΓöÇΓöÇΓöÇΓöÇΓöÇΓöÇΓöÇΓöÇΓöÇΓöÇΓöÇΓöÇΓöÇΓöÇΓöÇΓöÇΓöÇΓöÇΓöÇΓöÇΓöÇΓöÇΓöÇΓöÇΓöÇΓöÇΓöÇ

    Error Context: test-results\regression-Auth-guard-ΓÇô-un-7c213-uilder-ΓåÆ-redirects-to-login-Mobile-Chrome-375px--retry1\error-context.md

  142) [Mobile Chrome (375px)] ΓÇ║ tests\e2e\regression.spec.ts:109:9 ΓÇ║ Auth guard ΓÇô unauthenticated redirects ΓÇ║ /jobs ΓåÆ redirects to /login 

    Error: page.goto: net::ERR_NAME_NOT_RESOLVED at https://thecareersetu.in/jobs
    Call log:
      - navigating to "https://thecareersetu.in/jobs", waiting until "load"


      108 |   for (const route of protectedRoutes) {
      109 |     test(`${route} ΓåÆ redirects to /login`, async ({ page }) => {
    > 110 |       await page.goto(route)
          |                  ^
      111 |       await expect(page).toHaveURL(/\/login/)
      112 |     })
      113 |   }
        at C:\Users\amitc\CareerSetu\tests\e2e\regression.spec.ts:110:18

    attachment #1: screenshot (image/png) ΓöÇΓöÇΓöÇΓöÇΓöÇΓöÇΓöÇΓöÇΓöÇΓöÇΓöÇΓöÇΓöÇΓöÇΓöÇΓöÇΓöÇΓöÇΓöÇΓöÇΓöÇΓöÇΓöÇΓöÇΓöÇΓöÇΓöÇΓöÇΓöÇΓöÇΓöÇΓöÇΓöÇΓöÇΓöÇΓöÇΓöÇΓöÇΓöÇΓöÇΓöÇΓöÇΓöÇΓöÇΓöÇΓöÇΓöÇΓöÇΓöÇΓöÇΓöÇΓöÇΓöÇΓöÇΓöÇΓöÇΓöÇΓöÇ
    test-results\regression-Auth-guard-ΓÇô-un-651d8-s-jobs-ΓåÆ-redirects-to-login-Mobile-Chrome-375px-\test-failed-1.png
    ΓöÇΓöÇΓöÇΓöÇΓöÇΓöÇΓöÇΓöÇΓöÇΓöÇΓöÇΓöÇΓöÇΓöÇΓöÇΓöÇΓöÇΓöÇΓöÇΓöÇΓöÇΓöÇΓöÇΓöÇΓöÇΓöÇΓöÇΓöÇΓöÇΓöÇΓöÇΓöÇΓöÇΓöÇΓöÇΓöÇΓöÇΓöÇΓöÇΓöÇΓöÇΓöÇΓöÇΓöÇΓöÇΓöÇΓöÇΓöÇΓöÇΓöÇΓöÇΓöÇΓöÇΓöÇΓöÇΓöÇΓöÇΓöÇΓöÇΓöÇΓöÇΓöÇΓöÇΓöÇΓöÇΓöÇΓöÇΓöÇΓöÇΓöÇΓöÇΓöÇΓöÇΓöÇΓöÇΓöÇΓöÇΓöÇΓöÇΓöÇΓöÇΓöÇΓöÇΓöÇΓöÇΓöÇΓöÇΓöÇΓöÇΓöÇΓöÇΓöÇΓöÇΓöÇΓöÇΓöÇ

    Error Context: test-results\regression-Auth-guard-ΓÇô-un-651d8-s-jobs-ΓåÆ-redirects-to-login-Mobile-Chrome-375px-\error-context.md

    Retry #1 ΓöÇΓöÇΓöÇΓöÇΓöÇΓöÇΓöÇΓöÇΓöÇΓöÇΓöÇΓöÇΓöÇΓöÇΓöÇΓöÇΓöÇΓöÇΓöÇΓöÇΓöÇΓöÇΓöÇΓöÇΓöÇΓöÇΓöÇΓöÇΓöÇΓöÇΓöÇΓöÇΓöÇΓöÇΓöÇΓöÇΓöÇΓöÇΓöÇΓöÇΓöÇΓöÇΓöÇΓöÇΓöÇΓöÇΓöÇΓöÇΓöÇΓöÇΓöÇΓöÇΓöÇΓöÇΓöÇΓöÇΓöÇΓöÇΓöÇΓöÇΓöÇΓöÇΓöÇΓöÇΓöÇΓöÇΓöÇΓöÇΓöÇΓöÇΓöÇΓöÇΓöÇΓöÇΓöÇΓöÇΓöÇΓöÇΓöÇΓöÇΓöÇΓöÇΓöÇΓöÇΓöÇΓöÇΓöÇ

    Error: page.goto: net::ERR_NAME_NOT_RESOLVED at https://thecareersetu.in/jobs
    Call log:
      - navigating to "https://thecareersetu.in/jobs", waiting until "load"


      108 |   for (const route of protectedRoutes) {
      109 |     test(`${route} ΓåÆ redirects to /login`, async ({ page }) => {
    > 110 |       await page.goto(route)
          |                  ^
      111 |       await expect(page).toHaveURL(/\/login/)
      112 |     })
      113 |   }
        at C:\Users\amitc\CareerSetu\tests\e2e\regression.spec.ts:110:18

    attachment #1: screenshot (image/png) ΓöÇΓöÇΓöÇΓöÇΓöÇΓöÇΓöÇΓöÇΓöÇΓöÇΓöÇΓöÇΓöÇΓöÇΓöÇΓöÇΓöÇΓöÇΓöÇΓöÇΓöÇΓöÇΓöÇΓöÇΓöÇΓöÇΓöÇΓöÇΓöÇΓöÇΓöÇΓöÇΓöÇΓöÇΓöÇΓöÇΓöÇΓöÇΓöÇΓöÇΓöÇΓöÇΓöÇΓöÇΓöÇΓöÇΓöÇΓöÇΓöÇΓöÇΓöÇΓöÇΓöÇΓöÇΓöÇΓöÇΓöÇΓöÇ
    test-results\regression-Auth-guard-ΓÇô-un-651d8-s-jobs-ΓåÆ-redirects-to-login-Mobile-Chrome-375px--retry1\test-failed-1.png
    ΓöÇΓöÇΓöÇΓöÇΓöÇΓöÇΓöÇΓöÇΓöÇΓöÇΓöÇΓöÇΓöÇΓöÇΓöÇΓöÇΓöÇΓöÇΓöÇΓöÇΓöÇΓöÇΓöÇΓöÇΓöÇΓöÇΓöÇΓöÇΓöÇΓöÇΓöÇΓöÇΓöÇΓöÇΓöÇΓöÇΓöÇΓöÇΓöÇΓöÇΓöÇΓöÇΓöÇΓöÇΓöÇΓöÇΓöÇΓöÇΓöÇΓöÇΓöÇΓöÇΓöÇΓöÇΓöÇΓöÇΓöÇΓöÇΓöÇΓöÇΓöÇΓöÇΓöÇΓöÇΓöÇΓöÇΓöÇΓöÇΓöÇΓöÇΓöÇΓöÇΓöÇΓöÇΓöÇΓöÇΓöÇΓöÇΓöÇΓöÇΓöÇΓöÇΓöÇΓöÇΓöÇΓöÇΓöÇΓöÇΓöÇΓöÇΓöÇΓöÇΓöÇΓöÇΓöÇΓöÇ

    Error Context: test-results\regression-Auth-guard-ΓÇô-un-651d8-s-jobs-ΓåÆ-redirects-to-login-Mobile-Chrome-375px--retry1\error-context.md

  143) [Mobile Chrome (375px)] ΓÇ║ tests\e2e\regression.spec.ts:109:9 ΓÇ║ Auth guard ΓÇô unauthenticated redirects ΓÇ║ /profile ΓåÆ redirects to /login 

    Error: page.goto: net::ERR_NAME_NOT_RESOLVED at https://thecareersetu.in/profile
    Call log:
      - navigating to "https://thecareersetu.in/profile", waiting until "load"


      108 |   for (const route of protectedRoutes) {
      109 |     test(`${route} ΓåÆ redirects to /login`, async ({ page }) => {
    > 110 |       await page.goto(route)
          |                  ^
      111 |       await expect(page).toHaveURL(/\/login/)
      112 |     })
      113 |   }
        at C:\Users\amitc\CareerSetu\tests\e2e\regression.spec.ts:110:18

    attachment #1: screenshot (image/png) ΓöÇΓöÇΓöÇΓöÇΓöÇΓöÇΓöÇΓöÇΓöÇΓöÇΓöÇΓöÇΓöÇΓöÇΓöÇΓöÇΓöÇΓöÇΓöÇΓöÇΓöÇΓöÇΓöÇΓöÇΓöÇΓöÇΓöÇΓöÇΓöÇΓöÇΓöÇΓöÇΓöÇΓöÇΓöÇΓöÇΓöÇΓöÇΓöÇΓöÇΓöÇΓöÇΓöÇΓöÇΓöÇΓöÇΓöÇΓöÇΓöÇΓöÇΓöÇΓöÇΓöÇΓöÇΓöÇΓöÇΓöÇΓöÇ
    test-results\regression-Auth-guard-ΓÇô-un-4a622-rofile-ΓåÆ-redirects-to-login-Mobile-Chrome-375px-\test-failed-1.png
    ΓöÇΓöÇΓöÇΓöÇΓöÇΓöÇΓöÇΓöÇΓöÇΓöÇΓöÇΓöÇΓöÇΓöÇΓöÇΓöÇΓöÇΓöÇΓöÇΓöÇΓöÇΓöÇΓöÇΓöÇΓöÇΓöÇΓöÇΓöÇΓöÇΓöÇΓöÇΓöÇΓöÇΓöÇΓöÇΓöÇΓöÇΓöÇΓöÇΓöÇΓöÇΓöÇΓöÇΓöÇΓöÇΓöÇΓöÇΓöÇΓöÇΓöÇΓöÇΓöÇΓöÇΓöÇΓöÇΓöÇΓöÇΓöÇΓöÇΓöÇΓöÇΓöÇΓöÇΓöÇΓöÇΓöÇΓöÇΓöÇΓöÇΓöÇΓöÇΓöÇΓöÇΓöÇΓöÇΓöÇΓöÇΓöÇΓöÇΓöÇΓöÇΓöÇΓöÇΓöÇΓöÇΓöÇΓöÇΓöÇΓöÇΓöÇΓöÇΓöÇΓöÇΓöÇΓöÇΓöÇ

    Error Context: test-results\regression-Auth-guard-ΓÇô-un-4a622-rofile-ΓåÆ-redirects-to-login-Mobile-Chrome-375px-\error-context.md

    Retry #1 ΓöÇΓöÇΓöÇΓöÇΓöÇΓöÇΓöÇΓöÇΓöÇΓöÇΓöÇΓöÇΓöÇΓöÇΓöÇΓöÇΓöÇΓöÇΓöÇΓöÇΓöÇΓöÇΓöÇΓöÇΓöÇΓöÇΓöÇΓöÇΓöÇΓöÇΓöÇΓöÇΓöÇΓöÇΓöÇΓöÇΓöÇΓöÇΓöÇΓöÇΓöÇΓöÇΓöÇΓöÇΓöÇΓöÇΓöÇΓöÇΓöÇΓöÇΓöÇΓöÇΓöÇΓöÇΓöÇΓöÇΓöÇΓöÇΓöÇΓöÇΓöÇΓöÇΓöÇΓöÇΓöÇΓöÇΓöÇΓöÇΓöÇΓöÇΓöÇΓöÇΓöÇΓöÇΓöÇΓöÇΓöÇΓöÇΓöÇΓöÇΓöÇΓöÇΓöÇΓöÇΓöÇΓöÇΓöÇ

    Error: page.goto: net::ERR_NAME_NOT_RESOLVED at https://thecareersetu.in/profile
    Call log:
      - navigating to "https://thecareersetu.in/profile", waiting until "load"


      108 |   for (const route of protectedRoutes) {
      109 |     test(`${route} ΓåÆ redirects to /login`, async ({ page }) => {
    > 110 |       await page.goto(route)
          |                  ^
      111 |       await expect(page).toHaveURL(/\/login/)
      112 |     })
      113 |   }
        at C:\Users\amitc\CareerSetu\tests\e2e\regression.spec.ts:110:18

    attachment #1: screenshot (image/png) ΓöÇΓöÇΓöÇΓöÇΓöÇΓöÇΓöÇΓöÇΓöÇΓöÇΓöÇΓöÇΓöÇΓöÇΓöÇΓöÇΓöÇΓöÇΓöÇΓöÇΓöÇΓöÇΓöÇΓöÇΓöÇΓöÇΓöÇΓöÇΓöÇΓöÇΓöÇΓöÇΓöÇΓöÇΓöÇΓöÇΓöÇΓöÇΓöÇΓöÇΓöÇΓöÇΓöÇΓöÇΓöÇΓöÇΓöÇΓöÇΓöÇΓöÇΓöÇΓöÇΓöÇΓöÇΓöÇΓöÇΓöÇΓöÇ
    test-results\regression-Auth-guard-ΓÇô-un-4a622-rofile-ΓåÆ-redirects-to-login-Mobile-Chrome-375px--retry1\test-failed-1.png
    ΓöÇΓöÇΓöÇΓöÇΓöÇΓöÇΓöÇΓöÇΓöÇΓöÇΓöÇΓöÇΓöÇΓöÇΓöÇΓöÇΓöÇΓöÇΓöÇΓöÇΓöÇΓöÇΓöÇΓöÇΓöÇΓöÇΓöÇΓöÇΓöÇΓöÇΓöÇΓöÇΓöÇΓöÇΓöÇΓöÇΓöÇΓöÇΓöÇΓöÇΓöÇΓöÇΓöÇΓöÇΓöÇΓöÇΓöÇΓöÇΓöÇΓöÇΓöÇΓöÇΓöÇΓöÇΓöÇΓöÇΓöÇΓöÇΓöÇΓöÇΓöÇΓöÇΓöÇΓöÇΓöÇΓöÇΓöÇΓöÇΓöÇΓöÇΓöÇΓöÇΓöÇΓöÇΓöÇΓöÇΓöÇΓöÇΓöÇΓöÇΓöÇΓöÇΓöÇΓöÇΓöÇΓöÇΓöÇΓöÇΓöÇΓöÇΓöÇΓöÇΓöÇΓöÇΓöÇΓöÇ

    Error Context: test-results\regression-Auth-guard-ΓÇô-un-4a622-rofile-ΓåÆ-redirects-to-login-Mobile-Chrome-375px--retry1\error-context.md

  144) [Mobile Chrome (375px)] ΓÇ║ tests\e2e\regression.spec.ts:109:9 ΓÇ║ Auth guard ΓÇô unauthenticated redirects ΓÇ║ /subscription ΓåÆ redirects to /login 

    Error: page.goto: net::ERR_NAME_NOT_RESOLVED at https://thecareersetu.in/subscription
    Call log:
      - navigating to "https://thecareersetu.in/subscription", waiting until "load"


      108 |   for (const route of protectedRoutes) {
      109 |     test(`${route} ΓåÆ redirects to /login`, async ({ page }) => {
    > 110 |       await page.goto(route)
          |                  ^
      111 |       await expect(page).toHaveURL(/\/login/)
      112 |     })
      113 |   }
        at C:\Users\amitc\CareerSetu\tests\e2e\regression.spec.ts:110:18

    attachment #1: screenshot (image/png) ΓöÇΓöÇΓöÇΓöÇΓöÇΓöÇΓöÇΓöÇΓöÇΓöÇΓöÇΓöÇΓöÇΓöÇΓöÇΓöÇΓöÇΓöÇΓöÇΓöÇΓöÇΓöÇΓöÇΓöÇΓöÇΓöÇΓöÇΓöÇΓöÇΓöÇΓöÇΓöÇΓöÇΓöÇΓöÇΓöÇΓöÇΓöÇΓöÇΓöÇΓöÇΓöÇΓöÇΓöÇΓöÇΓöÇΓöÇΓöÇΓöÇΓöÇΓöÇΓöÇΓöÇΓöÇΓöÇΓöÇΓöÇΓöÇ
    test-results\regression-Auth-guard-ΓÇô-un-4cc60-iption-ΓåÆ-redirects-to-login-Mobile-Chrome-375px-\test-failed-1.png
    ΓöÇΓöÇΓöÇΓöÇΓöÇΓöÇΓöÇΓöÇΓöÇΓöÇΓöÇΓöÇΓöÇΓöÇΓöÇΓöÇΓöÇΓöÇΓöÇΓöÇΓöÇΓöÇΓöÇΓöÇΓöÇΓöÇΓöÇΓöÇΓöÇΓöÇΓöÇΓöÇΓöÇΓöÇΓöÇΓöÇΓöÇΓöÇΓöÇΓöÇΓöÇΓöÇΓöÇΓöÇΓöÇΓöÇΓöÇΓöÇΓöÇΓöÇΓöÇΓöÇΓöÇΓöÇΓöÇΓöÇΓöÇΓöÇΓöÇΓöÇΓöÇΓöÇΓöÇΓöÇΓöÇΓöÇΓöÇΓöÇΓöÇΓöÇΓöÇΓöÇΓöÇΓöÇΓöÇΓöÇΓöÇΓöÇΓöÇΓöÇΓöÇΓöÇΓöÇΓöÇΓöÇΓöÇΓöÇΓöÇΓöÇΓöÇΓöÇΓöÇΓöÇΓöÇΓöÇΓöÇ

    Error Context: test-results\regression-Auth-guard-ΓÇô-un-4cc60-iption-ΓåÆ-redirects-to-login-Mobile-Chrome-375px-\error-context.md

    Retry #1 ΓöÇΓöÇΓöÇΓöÇΓöÇΓöÇΓöÇΓöÇΓöÇΓöÇΓöÇΓöÇΓöÇΓöÇΓöÇΓöÇΓöÇΓöÇΓöÇΓöÇΓöÇΓöÇΓöÇΓöÇΓöÇΓöÇΓöÇΓöÇΓöÇΓöÇΓöÇΓöÇΓöÇΓöÇΓöÇΓöÇΓöÇΓöÇΓöÇΓöÇΓöÇΓöÇΓöÇΓöÇΓöÇΓöÇΓöÇΓöÇΓöÇΓöÇΓöÇΓöÇΓöÇΓöÇΓöÇΓöÇΓöÇΓöÇΓöÇΓöÇΓöÇΓöÇΓöÇΓöÇΓöÇΓöÇΓöÇΓöÇΓöÇΓöÇΓöÇΓöÇΓöÇΓöÇΓöÇΓöÇΓöÇΓöÇΓöÇΓöÇΓöÇΓöÇΓöÇΓöÇΓöÇΓöÇΓöÇ

    Error: page.goto: net::ERR_NAME_NOT_RESOLVED at https://thecareersetu.in/subscription
    Call log:
      - navigating to "https://thecareersetu.in/subscription", waiting until "load"


      108 |   for (const route of protectedRoutes) {
      109 |     test(`${route} ΓåÆ redirects to /login`, async ({ page }) => {
    > 110 |       await page.goto(route)
          |                  ^
      111 |       await expect(page).toHaveURL(/\/login/)
      112 |     })
      113 |   }
        at C:\Users\amitc\CareerSetu\tests\e2e\regression.spec.ts:110:18

    attachment #1: screenshot (image/png) ΓöÇΓöÇΓöÇΓöÇΓöÇΓöÇΓöÇΓöÇΓöÇΓöÇΓöÇΓöÇΓöÇΓöÇΓöÇΓöÇΓöÇΓöÇΓöÇΓöÇΓöÇΓöÇΓöÇΓöÇΓöÇΓöÇΓöÇΓöÇΓöÇΓöÇΓöÇΓöÇΓöÇΓöÇΓöÇΓöÇΓöÇΓöÇΓöÇΓöÇΓöÇΓöÇΓöÇΓöÇΓöÇΓöÇΓöÇΓöÇΓöÇΓöÇΓöÇΓöÇΓöÇΓöÇΓöÇΓöÇΓöÇΓöÇ
    test-results\regression-Auth-guard-ΓÇô-un-4cc60-iption-ΓåÆ-redirects-to-login-Mobile-Chrome-375px--retry1\test-failed-1.png
    ΓöÇΓöÇΓöÇΓöÇΓöÇΓöÇΓöÇΓöÇΓöÇΓöÇΓöÇΓöÇΓöÇΓöÇΓöÇΓöÇΓöÇΓöÇΓöÇΓöÇΓöÇΓöÇΓöÇΓöÇΓöÇΓöÇΓöÇΓöÇΓöÇΓöÇΓöÇΓöÇΓöÇΓöÇΓöÇΓöÇΓöÇΓöÇΓöÇΓöÇΓöÇΓöÇΓöÇΓöÇΓöÇΓöÇΓöÇΓöÇΓöÇΓöÇΓöÇΓöÇΓöÇΓöÇΓöÇΓöÇΓöÇΓöÇΓöÇΓöÇΓöÇΓöÇΓöÇΓöÇΓöÇΓöÇΓöÇΓöÇΓöÇΓöÇΓöÇΓöÇΓöÇΓöÇΓöÇΓöÇΓöÇΓöÇΓöÇΓöÇΓöÇΓöÇΓöÇΓöÇΓöÇΓöÇΓöÇΓöÇΓöÇΓöÇΓöÇΓöÇΓöÇΓöÇΓöÇΓöÇ

    Error Context: test-results\regression-Auth-guard-ΓÇô-un-4cc60-iption-ΓåÆ-redirects-to-login-Mobile-Chrome-375px--retry1\error-context.md

  145) [Mobile Chrome (375px)] ΓÇ║ tests\e2e\regression.spec.ts:109:9 ΓÇ║ Auth guard ΓÇô unauthenticated redirects ΓÇ║ /question-bank ΓåÆ redirects to /login 

    Error: page.goto: net::ERR_NAME_NOT_RESOLVED at https://thecareersetu.in/question-bank
    Call log:
      - navigating to "https://thecareersetu.in/question-bank", waiting until "load"


      108 |   for (const route of protectedRoutes) {
      109 |     test(`${route} ΓåÆ redirects to /login`, async ({ page }) => {
    > 110 |       await page.goto(route)
          |                  ^
      111 |       await expect(page).toHaveURL(/\/login/)
      112 |     })
      113 |   }
        at C:\Users\amitc\CareerSetu\tests\e2e\regression.spec.ts:110:18

    attachment #1: screenshot (image/png) ΓöÇΓöÇΓöÇΓöÇΓöÇΓöÇΓöÇΓöÇΓöÇΓöÇΓöÇΓöÇΓöÇΓöÇΓöÇΓöÇΓöÇΓöÇΓöÇΓöÇΓöÇΓöÇΓöÇΓöÇΓöÇΓöÇΓöÇΓöÇΓöÇΓöÇΓöÇΓöÇΓöÇΓöÇΓöÇΓöÇΓöÇΓöÇΓöÇΓöÇΓöÇΓöÇΓöÇΓöÇΓöÇΓöÇΓöÇΓöÇΓöÇΓöÇΓöÇΓöÇΓöÇΓöÇΓöÇΓöÇΓöÇΓöÇ
    test-results\regression-Auth-guard-ΓÇô-un-91c30-n-bank-ΓåÆ-redirects-to-login-Mobile-Chrome-375px-\test-failed-1.png
    ΓöÇΓöÇΓöÇΓöÇΓöÇΓöÇΓöÇΓöÇΓöÇΓöÇΓöÇΓöÇΓöÇΓöÇΓöÇΓöÇΓöÇΓöÇΓöÇΓöÇΓöÇΓöÇΓöÇΓöÇΓöÇΓöÇΓöÇΓöÇΓöÇΓöÇΓöÇΓöÇΓöÇΓöÇΓöÇΓöÇΓöÇΓöÇΓöÇΓöÇΓöÇΓöÇΓöÇΓöÇΓöÇΓöÇΓöÇΓöÇΓöÇΓöÇΓöÇΓöÇΓöÇΓöÇΓöÇΓöÇΓöÇΓöÇΓöÇΓöÇΓöÇΓöÇΓöÇΓöÇΓöÇΓöÇΓöÇΓöÇΓöÇΓöÇΓöÇΓöÇΓöÇΓöÇΓöÇΓöÇΓöÇΓöÇΓöÇΓöÇΓöÇΓöÇΓöÇΓöÇΓöÇΓöÇΓöÇΓöÇΓöÇΓöÇΓöÇΓöÇΓöÇΓöÇΓöÇΓöÇ

    Error Context: test-results\regression-Auth-guard-ΓÇô-un-91c30-n-bank-ΓåÆ-redirects-to-login-Mobile-Chrome-375px-\error-context.md

    Retry #1 ΓöÇΓöÇΓöÇΓöÇΓöÇΓöÇΓöÇΓöÇΓöÇΓöÇΓöÇΓöÇΓöÇΓöÇΓöÇΓöÇΓöÇΓöÇΓöÇΓöÇΓöÇΓöÇΓöÇΓöÇΓöÇΓöÇΓöÇΓöÇΓöÇΓöÇΓöÇΓöÇΓöÇΓöÇΓöÇΓöÇΓöÇΓöÇΓöÇΓöÇΓöÇΓöÇΓöÇΓöÇΓöÇΓöÇΓöÇΓöÇΓöÇΓöÇΓöÇΓöÇΓöÇΓöÇΓöÇΓöÇΓöÇΓöÇΓöÇΓöÇΓöÇΓöÇΓöÇΓöÇΓöÇΓöÇΓöÇΓöÇΓöÇΓöÇΓöÇΓöÇΓöÇΓöÇΓöÇΓöÇΓöÇΓöÇΓöÇΓöÇΓöÇΓöÇΓöÇΓöÇΓöÇΓöÇΓöÇ

    Error: page.goto: net::ERR_NAME_NOT_RESOLVED at https://thecareersetu.in/question-bank
    Call log:
      - navigating to "https://thecareersetu.in/question-bank", waiting until "load"


      108 |   for (const route of protectedRoutes) {
      109 |     test(`${route} ΓåÆ redirects to /login`, async ({ page }) => {
    > 110 |       await page.goto(route)
          |                  ^
      111 |       await expect(page).toHaveURL(/\/login/)
      112 |     })
      113 |   }
        at C:\Users\amitc\CareerSetu\tests\e2e\regression.spec.ts:110:18

    attachment #1: screenshot (image/png) ΓöÇΓöÇΓöÇΓöÇΓöÇΓöÇΓöÇΓöÇΓöÇΓöÇΓöÇΓöÇΓöÇΓöÇΓöÇΓöÇΓöÇΓöÇΓöÇΓöÇΓöÇΓöÇΓöÇΓöÇΓöÇΓöÇΓöÇΓöÇΓöÇΓöÇΓöÇΓöÇΓöÇΓöÇΓöÇΓöÇΓöÇΓöÇΓöÇΓöÇΓöÇΓöÇΓöÇΓöÇΓöÇΓöÇΓöÇΓöÇΓöÇΓöÇΓöÇΓöÇΓöÇΓöÇΓöÇΓöÇΓöÇΓöÇ
    test-results\regression-Auth-guard-ΓÇô-un-91c30-n-bank-ΓåÆ-redirects-to-login-Mobile-Chrome-375px--retry1\test-failed-1.png
    ΓöÇΓöÇΓöÇΓöÇΓöÇΓöÇΓöÇΓöÇΓöÇΓöÇΓöÇΓöÇΓöÇΓöÇΓöÇΓöÇΓöÇΓöÇΓöÇΓöÇΓöÇΓöÇΓöÇΓöÇΓöÇΓöÇΓöÇΓöÇΓöÇΓöÇΓöÇΓöÇΓöÇΓöÇΓöÇΓöÇΓöÇΓöÇΓöÇΓöÇΓöÇΓöÇΓöÇΓöÇΓöÇΓöÇΓöÇΓöÇΓöÇΓöÇΓöÇΓöÇΓöÇΓöÇΓöÇΓöÇΓöÇΓöÇΓöÇΓöÇΓöÇΓöÇΓöÇΓöÇΓöÇΓöÇΓöÇΓöÇΓöÇΓöÇΓöÇΓöÇΓöÇΓöÇΓöÇΓöÇΓöÇΓöÇΓöÇΓöÇΓöÇΓöÇΓöÇΓöÇΓöÇΓöÇΓöÇΓöÇΓöÇΓöÇΓöÇΓöÇΓöÇΓöÇΓöÇΓöÇ

    Error Context: test-results\regression-Auth-guard-ΓÇô-un-91c30-n-bank-ΓåÆ-redirects-to-login-Mobile-Chrome-375px--retry1\error-context.md

  146) [Mobile Chrome (375px)] ΓÇ║ tests\e2e\regression.spec.ts:119:7 ΓÇ║ Theme toggle ΓÇ║ dark mode class toggled on html element 

    Error: page.goto: net::ERR_NAME_NOT_RESOLVED at https://thecareersetu.in/
    Call log:
      - navigating to "https://thecareersetu.in/", waiting until "load"


      118 | test.describe('Theme toggle', () => {
      119 |   test('dark mode class toggled on html element', async ({ page }) => {
    > 120 |     await page.goto('/')
          |                ^
      121 |     // Find toggle button (aria-label contains "dark" or "light")
      122 |     const toggle = page.getByRole('button', { name: /switch to dark|switch to light|toggle theme/i }).first()
      123 |     // If not found by aria-label, fall back to Sun/Moon icon button
        at C:\Users\amitc\CareerSetu\tests\e2e\regression.spec.ts:120:16

    attachment #1: screenshot (image/png) ΓöÇΓöÇΓöÇΓöÇΓöÇΓöÇΓöÇΓöÇΓöÇΓöÇΓöÇΓöÇΓöÇΓöÇΓöÇΓöÇΓöÇΓöÇΓöÇΓöÇΓöÇΓöÇΓöÇΓöÇΓöÇΓöÇΓöÇΓöÇΓöÇΓöÇΓöÇΓöÇΓöÇΓöÇΓöÇΓöÇΓöÇΓöÇΓöÇΓöÇΓöÇΓöÇΓöÇΓöÇΓöÇΓöÇΓöÇΓöÇΓöÇΓöÇΓöÇΓöÇΓöÇΓöÇΓöÇΓöÇΓöÇΓöÇ
    test-results\regression-Theme-toggle-da-2d58a-ass-toggled-on-html-element-Mobile-Chrome-375px-\test-failed-1.png
    ΓöÇΓöÇΓöÇΓöÇΓöÇΓöÇΓöÇΓöÇΓöÇΓöÇΓöÇΓöÇΓöÇΓöÇΓöÇΓöÇΓöÇΓöÇΓöÇΓöÇΓöÇΓöÇΓöÇΓöÇΓöÇΓöÇΓöÇΓöÇΓöÇΓöÇΓöÇΓöÇΓöÇΓöÇΓöÇΓöÇΓöÇΓöÇΓöÇΓöÇΓöÇΓöÇΓöÇΓöÇΓöÇΓöÇΓöÇΓöÇΓöÇΓöÇΓöÇΓöÇΓöÇΓöÇΓöÇΓöÇΓöÇΓöÇΓöÇΓöÇΓöÇΓöÇΓöÇΓöÇΓöÇΓöÇΓöÇΓöÇΓöÇΓöÇΓöÇΓöÇΓöÇΓöÇΓöÇΓöÇΓöÇΓöÇΓöÇΓöÇΓöÇΓöÇΓöÇΓöÇΓöÇΓöÇΓöÇΓöÇΓöÇΓöÇΓöÇΓöÇΓöÇΓöÇΓöÇΓöÇ

    Error Context: test-results\regression-Theme-toggle-da-2d58a-ass-toggled-on-html-element-Mobile-Chrome-375px-\error-context.md

    Retry #1 ΓöÇΓöÇΓöÇΓöÇΓöÇΓöÇΓöÇΓöÇΓöÇΓöÇΓöÇΓöÇΓöÇΓöÇΓöÇΓöÇΓöÇΓöÇΓöÇΓöÇΓöÇΓöÇΓöÇΓöÇΓöÇΓöÇΓöÇΓöÇΓöÇΓöÇΓöÇΓöÇΓöÇΓöÇΓöÇΓöÇΓöÇΓöÇΓöÇΓöÇΓöÇΓöÇΓöÇΓöÇΓöÇΓöÇΓöÇΓöÇΓöÇΓöÇΓöÇΓöÇΓöÇΓöÇΓöÇΓöÇΓöÇΓöÇΓöÇΓöÇΓöÇΓöÇΓöÇΓöÇΓöÇΓöÇΓöÇΓöÇΓöÇΓöÇΓöÇΓöÇΓöÇΓöÇΓöÇΓöÇΓöÇΓöÇΓöÇΓöÇΓöÇΓöÇΓöÇΓöÇΓöÇΓöÇΓöÇ

    Error: page.goto: net::ERR_NAME_NOT_RESOLVED at https://thecareersetu.in/
    Call log:
      - navigating to "https://thecareersetu.in/", waiting until "load"


      118 | test.describe('Theme toggle', () => {
      119 |   test('dark mode class toggled on html element', async ({ page }) => {
    > 120 |     await page.goto('/')
          |                ^
      121 |     // Find toggle button (aria-label contains "dark" or "light")
      122 |     const toggle = page.getByRole('button', { name: /switch to dark|switch to light|toggle theme/i }).first()
      123 |     // If not found by aria-label, fall back to Sun/Moon icon button
        at C:\Users\amitc\CareerSetu\tests\e2e\regression.spec.ts:120:16

    attachment #1: screenshot (image/png) ΓöÇΓöÇΓöÇΓöÇΓöÇΓöÇΓöÇΓöÇΓöÇΓöÇΓöÇΓöÇΓöÇΓöÇΓöÇΓöÇΓöÇΓöÇΓöÇΓöÇΓöÇΓöÇΓöÇΓöÇΓöÇΓöÇΓöÇΓöÇΓöÇΓöÇΓöÇΓöÇΓöÇΓöÇΓöÇΓöÇΓöÇΓöÇΓöÇΓöÇΓöÇΓöÇΓöÇΓöÇΓöÇΓöÇΓöÇΓöÇΓöÇΓöÇΓöÇΓöÇΓöÇΓöÇΓöÇΓöÇΓöÇΓöÇ
    test-results\regression-Theme-toggle-da-2d58a-ass-toggled-on-html-element-Mobile-Chrome-375px--retry1\test-failed-1.png
    ΓöÇΓöÇΓöÇΓöÇΓöÇΓöÇΓöÇΓöÇΓöÇΓöÇΓöÇΓöÇΓöÇΓöÇΓöÇΓöÇΓöÇΓöÇΓöÇΓöÇΓöÇΓöÇΓöÇΓöÇΓöÇΓöÇΓöÇΓöÇΓöÇΓöÇΓöÇΓöÇΓöÇΓöÇΓöÇΓöÇΓöÇΓöÇΓöÇΓöÇΓöÇΓöÇΓöÇΓöÇΓöÇΓöÇΓöÇΓöÇΓöÇΓöÇΓöÇΓöÇΓöÇΓöÇΓöÇΓöÇΓöÇΓöÇΓöÇΓöÇΓöÇΓöÇΓöÇΓöÇΓöÇΓöÇΓöÇΓöÇΓöÇΓöÇΓöÇΓöÇΓöÇΓöÇΓöÇΓöÇΓöÇΓöÇΓöÇΓöÇΓöÇΓöÇΓöÇΓöÇΓöÇΓöÇΓöÇΓöÇΓöÇΓöÇΓöÇΓöÇΓöÇΓöÇΓöÇΓöÇ

    Error Context: test-results\regression-Theme-toggle-da-2d58a-ass-toggled-on-html-element-Mobile-Chrome-375px--retry1\error-context.md

  147) [Mobile Chrome (375px)] ΓÇ║ tests\e2e\regression.spec.ts:147:7 ΓÇ║ Navbar ΓÇ║ mobile menu opens and closes 

    Error: page.goto: net::ERR_NAME_NOT_RESOLVED at https://thecareersetu.in/
    Call log:
      - navigating to "https://thecareersetu.in/", waiting until "load"


      147 |   test('mobile menu opens and closes', async ({ page }) => {
      148 |     await page.setViewportSize({ width: 375, height: 812 })
    > 149 |     await page.goto('/')
          |                ^
      150 |     const menuBtn = page.getByRole('button', { name: /toggle menu|menu/i })
      151 |     await menuBtn.click()
      152 |     // Sheet/menu content should appear
        at C:\Users\amitc\CareerSetu\tests\e2e\regression.spec.ts:149:16

    attachment #1: screenshot (image/png) ΓöÇΓöÇΓöÇΓöÇΓöÇΓöÇΓöÇΓöÇΓöÇΓöÇΓöÇΓöÇΓöÇΓöÇΓöÇΓöÇΓöÇΓöÇΓöÇΓöÇΓöÇΓöÇΓöÇΓöÇΓöÇΓöÇΓöÇΓöÇΓöÇΓöÇΓöÇΓöÇΓöÇΓöÇΓöÇΓöÇΓöÇΓöÇΓöÇΓöÇΓöÇΓöÇΓöÇΓöÇΓöÇΓöÇΓöÇΓöÇΓöÇΓöÇΓöÇΓöÇΓöÇΓöÇΓöÇΓöÇΓöÇΓöÇ
    test-results\regression-Navbar-mobile-menu-opens-and-closes-Mobile-Chrome-375px-\test-failed-1.png
    ΓöÇΓöÇΓöÇΓöÇΓöÇΓöÇΓöÇΓöÇΓöÇΓöÇΓöÇΓöÇΓöÇΓöÇΓöÇΓöÇΓöÇΓöÇΓöÇΓöÇΓöÇΓöÇΓöÇΓöÇΓöÇΓöÇΓöÇΓöÇΓöÇΓöÇΓöÇΓöÇΓöÇΓöÇΓöÇΓöÇΓöÇΓöÇΓöÇΓöÇΓöÇΓöÇΓöÇΓöÇΓöÇΓöÇΓöÇΓöÇΓöÇΓöÇΓöÇΓöÇΓöÇΓöÇΓöÇΓöÇΓöÇΓöÇΓöÇΓöÇΓöÇΓöÇΓöÇΓöÇΓöÇΓöÇΓöÇΓöÇΓöÇΓöÇΓöÇΓöÇΓöÇΓöÇΓöÇΓöÇΓöÇΓöÇΓöÇΓöÇΓöÇΓöÇΓöÇΓöÇΓöÇΓöÇΓöÇΓöÇΓöÇΓöÇΓöÇΓöÇΓöÇΓöÇΓöÇΓöÇ

    Error Context: test-results\regression-Navbar-mobile-menu-opens-and-closes-Mobile-Chrome-375px-\error-context.md

    Retry #1 ΓöÇΓöÇΓöÇΓöÇΓöÇΓöÇΓöÇΓöÇΓöÇΓöÇΓöÇΓöÇΓöÇΓöÇΓöÇΓöÇΓöÇΓöÇΓöÇΓöÇΓöÇΓöÇΓöÇΓöÇΓöÇΓöÇΓöÇΓöÇΓöÇΓöÇΓöÇΓöÇΓöÇΓöÇΓöÇΓöÇΓöÇΓöÇΓöÇΓöÇΓöÇΓöÇΓöÇΓöÇΓöÇΓöÇΓöÇΓöÇΓöÇΓöÇΓöÇΓöÇΓöÇΓöÇΓöÇΓöÇΓöÇΓöÇΓöÇΓöÇΓöÇΓöÇΓöÇΓöÇΓöÇΓöÇΓöÇΓöÇΓöÇΓöÇΓöÇΓöÇΓöÇΓöÇΓöÇΓöÇΓöÇΓöÇΓöÇΓöÇΓöÇΓöÇΓöÇΓöÇΓöÇΓöÇΓöÇ

    Error: page.goto: net::ERR_NAME_NOT_RESOLVED at https://thecareersetu.in/
    Call log:
      - navigating to "https://thecareersetu.in/", waiting until "load"


      147 |   test('mobile menu opens and closes', async ({ page }) => {
      148 |     await page.setViewportSize({ width: 375, height: 812 })
    > 149 |     await page.goto('/')
          |                ^
      150 |     const menuBtn = page.getByRole('button', { name: /toggle menu|menu/i })
      151 |     await menuBtn.click()
      152 |     // Sheet/menu content should appear
        at C:\Users\amitc\CareerSetu\tests\e2e\regression.spec.ts:149:16

    attachment #1: screenshot (image/png) ΓöÇΓöÇΓöÇΓöÇΓöÇΓöÇΓöÇΓöÇΓöÇΓöÇΓöÇΓöÇΓöÇΓöÇΓöÇΓöÇΓöÇΓöÇΓöÇΓöÇΓöÇΓöÇΓöÇΓöÇΓöÇΓöÇΓöÇΓöÇΓöÇΓöÇΓöÇΓöÇΓöÇΓöÇΓöÇΓöÇΓöÇΓöÇΓöÇΓöÇΓöÇΓöÇΓöÇΓöÇΓöÇΓöÇΓöÇΓöÇΓöÇΓöÇΓöÇΓöÇΓöÇΓöÇΓöÇΓöÇΓöÇΓöÇ
    test-results\regression-Navbar-mobile-menu-opens-and-closes-Mobile-Chrome-375px--retry1\test-failed-1.png
    ΓöÇΓöÇΓöÇΓöÇΓöÇΓöÇΓöÇΓöÇΓöÇΓöÇΓöÇΓöÇΓöÇΓöÇΓöÇΓöÇΓöÇΓöÇΓöÇΓöÇΓöÇΓöÇΓöÇΓöÇΓöÇΓöÇΓöÇΓöÇΓöÇΓöÇΓöÇΓöÇΓöÇΓöÇΓöÇΓöÇΓöÇΓöÇΓöÇΓöÇΓöÇΓöÇΓöÇΓöÇΓöÇΓöÇΓöÇΓöÇΓöÇΓöÇΓöÇΓöÇΓöÇΓöÇΓöÇΓöÇΓöÇΓöÇΓöÇΓöÇΓöÇΓöÇΓöÇΓöÇΓöÇΓöÇΓöÇΓöÇΓöÇΓöÇΓöÇΓöÇΓöÇΓöÇΓöÇΓöÇΓöÇΓöÇΓöÇΓöÇΓöÇΓöÇΓöÇΓöÇΓöÇΓöÇΓöÇΓöÇΓöÇΓöÇΓöÇΓöÇΓöÇΓöÇΓöÇΓöÇ

    Error Context: test-results\regression-Navbar-mobile-menu-opens-and-closes-Mobile-Chrome-375px--retry1\error-context.md

  148) [Mobile Chrome (375px)] ΓÇ║ tests\e2e\regression.spec.ts:156:7 ΓÇ║ Navbar ΓÇ║ footer renders on landing 

    Error: page.goto: net::ERR_NAME_NOT_RESOLVED at https://thecareersetu.in/
    Call log:
      - navigating to "https://thecareersetu.in/", waiting until "load"


      155 |
      156 |   test('footer renders on landing', async ({ page }) => {
    > 157 |     await page.goto('/')
          |                ^
      158 |     const footer = page.locator('footer')
      159 |     await expect(footer).toBeVisible()
      160 |   })
        at C:\Users\amitc\CareerSetu\tests\e2e\regression.spec.ts:157:16

    attachment #1: screenshot (image/png) ΓöÇΓöÇΓöÇΓöÇΓöÇΓöÇΓöÇΓöÇΓöÇΓöÇΓöÇΓöÇΓöÇΓöÇΓöÇΓöÇΓöÇΓöÇΓöÇΓöÇΓöÇΓöÇΓöÇΓöÇΓöÇΓöÇΓöÇΓöÇΓöÇΓöÇΓöÇΓöÇΓöÇΓöÇΓöÇΓöÇΓöÇΓöÇΓöÇΓöÇΓöÇΓöÇΓöÇΓöÇΓöÇΓöÇΓöÇΓöÇΓöÇΓöÇΓöÇΓöÇΓöÇΓöÇΓöÇΓöÇΓöÇΓöÇ
    test-results\regression-Navbar-footer-renders-on-landing-Mobile-Chrome-375px-\test-failed-1.png
    ΓöÇΓöÇΓöÇΓöÇΓöÇΓöÇΓöÇΓöÇΓöÇΓöÇΓöÇΓöÇΓöÇΓöÇΓöÇΓöÇΓöÇΓöÇΓöÇΓöÇΓöÇΓöÇΓöÇΓöÇΓöÇΓöÇΓöÇΓöÇΓöÇΓöÇΓöÇΓöÇΓöÇΓöÇΓöÇΓöÇΓöÇΓöÇΓöÇΓöÇΓöÇΓöÇΓöÇΓöÇΓöÇΓöÇΓöÇΓöÇΓöÇΓöÇΓöÇΓöÇΓöÇΓöÇΓöÇΓöÇΓöÇΓöÇΓöÇΓöÇΓöÇΓöÇΓöÇΓöÇΓöÇΓöÇΓöÇΓöÇΓöÇΓöÇΓöÇΓöÇΓöÇΓöÇΓöÇΓöÇΓöÇΓöÇΓöÇΓöÇΓöÇΓöÇΓöÇΓöÇΓöÇΓöÇΓöÇΓöÇΓöÇΓöÇΓöÇΓöÇΓöÇΓöÇΓöÇΓöÇ

    Error Context: test-results\regression-Navbar-footer-renders-on-landing-Mobile-Chrome-375px-\error-context.md

    Retry #1 ΓöÇΓöÇΓöÇΓöÇΓöÇΓöÇΓöÇΓöÇΓöÇΓöÇΓöÇΓöÇΓöÇΓöÇΓöÇΓöÇΓöÇΓöÇΓöÇΓöÇΓöÇΓöÇΓöÇΓöÇΓöÇΓöÇΓöÇΓöÇΓöÇΓöÇΓöÇΓöÇΓöÇΓöÇΓöÇΓöÇΓöÇΓöÇΓöÇΓöÇΓöÇΓöÇΓöÇΓöÇΓöÇΓöÇΓöÇΓöÇΓöÇΓöÇΓöÇΓöÇΓöÇΓöÇΓöÇΓöÇΓöÇΓöÇΓöÇΓöÇΓöÇΓöÇΓöÇΓöÇΓöÇΓöÇΓöÇΓöÇΓöÇΓöÇΓöÇΓöÇΓöÇΓöÇΓöÇΓöÇΓöÇΓöÇΓöÇΓöÇΓöÇΓöÇΓöÇΓöÇΓöÇΓöÇΓöÇ

    Error: page.goto: net::ERR_NAME_NOT_RESOLVED at https://thecareersetu.in/
    Call log:
      - navigating to "https://thecareersetu.in/", waiting until "load"


      155 |
      156 |   test('footer renders on landing', async ({ page }) => {
    > 157 |     await page.goto('/')
          |                ^
      158 |     const footer = page.locator('footer')
      159 |     await expect(footer).toBeVisible()
      160 |   })
        at C:\Users\amitc\CareerSetu\tests\e2e\regression.spec.ts:157:16

    attachment #1: screenshot (image/png) ΓöÇΓöÇΓöÇΓöÇΓöÇΓöÇΓöÇΓöÇΓöÇΓöÇΓöÇΓöÇΓöÇΓöÇΓöÇΓöÇΓöÇΓöÇΓöÇΓöÇΓöÇΓöÇΓöÇΓöÇΓöÇΓöÇΓöÇΓöÇΓöÇΓöÇΓöÇΓöÇΓöÇΓöÇΓöÇΓöÇΓöÇΓöÇΓöÇΓöÇΓöÇΓöÇΓöÇΓöÇΓöÇΓöÇΓöÇΓöÇΓöÇΓöÇΓöÇΓöÇΓöÇΓöÇΓöÇΓöÇΓöÇΓöÇ
    test-results\regression-Navbar-footer-renders-on-landing-Mobile-Chrome-375px--retry1\test-failed-1.png
    ΓöÇΓöÇΓöÇΓöÇΓöÇΓöÇΓöÇΓöÇΓöÇΓöÇΓöÇΓöÇΓöÇΓöÇΓöÇΓöÇΓöÇΓöÇΓöÇΓöÇΓöÇΓöÇΓöÇΓöÇΓöÇΓöÇΓöÇΓöÇΓöÇΓöÇΓöÇΓöÇΓöÇΓöÇΓöÇΓöÇΓöÇΓöÇΓöÇΓöÇΓöÇΓöÇΓöÇΓöÇΓöÇΓöÇΓöÇΓöÇΓöÇΓöÇΓöÇΓöÇΓöÇΓöÇΓöÇΓöÇΓöÇΓöÇΓöÇΓöÇΓöÇΓöÇΓöÇΓöÇΓöÇΓöÇΓöÇΓöÇΓöÇΓöÇΓöÇΓöÇΓöÇΓöÇΓöÇΓöÇΓöÇΓöÇΓöÇΓöÇΓöÇΓöÇΓöÇΓöÇΓöÇΓöÇΓöÇΓöÇΓöÇΓöÇΓöÇΓöÇΓöÇΓöÇΓöÇΓöÇ

    Error Context: test-results\regression-Navbar-footer-renders-on-landing-Mobile-Chrome-375px--retry1\error-context.md

  149) [Mobile Chrome (375px)] ΓÇ║ tests\e2e\regression.spec.ts:166:7 ΓÇ║ Try page (no-signup demo) ΓÇ║ loads without redirect 

    Error: page.goto: net::ERR_NAME_NOT_RESOLVED at https://thecareersetu.in/try
    Call log:
      - navigating to "https://thecareersetu.in/try", waiting until "load"


      165 | test.describe('Try page (no-signup demo)', () => {
      166 |   test('loads without redirect', async ({ page }) => {
    > 167 |     await page.goto('/try')
          |                ^
      168 |     // Should NOT redirect to login
      169 |     await expect(page).not.toHaveURL(/\/login/)
      170 |     await expect(page.locator('body')).toBeVisible()
        at C:\Users\amitc\CareerSetu\tests\e2e\regression.spec.ts:167:16

    attachment #1: screenshot (image/png) ΓöÇΓöÇΓöÇΓöÇΓöÇΓöÇΓöÇΓöÇΓöÇΓöÇΓöÇΓöÇΓöÇΓöÇΓöÇΓöÇΓöÇΓöÇΓöÇΓöÇΓöÇΓöÇΓöÇΓöÇΓöÇΓöÇΓöÇΓöÇΓöÇΓöÇΓöÇΓöÇΓöÇΓöÇΓöÇΓöÇΓöÇΓöÇΓöÇΓöÇΓöÇΓöÇΓöÇΓöÇΓöÇΓöÇΓöÇΓöÇΓöÇΓöÇΓöÇΓöÇΓöÇΓöÇΓöÇΓöÇΓöÇΓöÇ
    test-results\regression-Try-page-no-signup-demo-loads-without-redirect-Mobile-Chrome-375px-\test-failed-1.png
    ΓöÇΓöÇΓöÇΓöÇΓöÇΓöÇΓöÇΓöÇΓöÇΓöÇΓöÇΓöÇΓöÇΓöÇΓöÇΓöÇΓöÇΓöÇΓöÇΓöÇΓöÇΓöÇΓöÇΓöÇΓöÇΓöÇΓöÇΓöÇΓöÇΓöÇΓöÇΓöÇΓöÇΓöÇΓöÇΓöÇΓöÇΓöÇΓöÇΓöÇΓöÇΓöÇΓöÇΓöÇΓöÇΓöÇΓöÇΓöÇΓöÇΓöÇΓöÇΓöÇΓöÇΓöÇΓöÇΓöÇΓöÇΓöÇΓöÇΓöÇΓöÇΓöÇΓöÇΓöÇΓöÇΓöÇΓöÇΓöÇΓöÇΓöÇΓöÇΓöÇΓöÇΓöÇΓöÇΓöÇΓöÇΓöÇΓöÇΓöÇΓöÇΓöÇΓöÇΓöÇΓöÇΓöÇΓöÇΓöÇΓöÇΓöÇΓöÇΓöÇΓöÇΓöÇΓöÇΓöÇ

    Error Context: test-results\regression-Try-page-no-signup-demo-loads-without-redirect-Mobile-Chrome-375px-\error-context.md

    Retry #1 ΓöÇΓöÇΓöÇΓöÇΓöÇΓöÇΓöÇΓöÇΓöÇΓöÇΓöÇΓöÇΓöÇΓöÇΓöÇΓöÇΓöÇΓöÇΓöÇΓöÇΓöÇΓöÇΓöÇΓöÇΓöÇΓöÇΓöÇΓöÇΓöÇΓöÇΓöÇΓöÇΓöÇΓöÇΓöÇΓöÇΓöÇΓöÇΓöÇΓöÇΓöÇΓöÇΓöÇΓöÇΓöÇΓöÇΓöÇΓöÇΓöÇΓöÇΓöÇΓöÇΓöÇΓöÇΓöÇΓöÇΓöÇΓöÇΓöÇΓöÇΓöÇΓöÇΓöÇΓöÇΓöÇΓöÇΓöÇΓöÇΓöÇΓöÇΓöÇΓöÇΓöÇΓöÇΓöÇΓöÇΓöÇΓöÇΓöÇΓöÇΓöÇΓöÇΓöÇΓöÇΓöÇΓöÇΓöÇ

    Error: page.goto: net::ERR_NAME_NOT_RESOLVED at https://thecareersetu.in/try
    Call log:
      - navigating to "https://thecareersetu.in/try", waiting until "load"


      165 | test.describe('Try page (no-signup demo)', () => {
      166 |   test('loads without redirect', async ({ page }) => {
    > 167 |     await page.goto('/try')
          |                ^
      168 |     // Should NOT redirect to login
      169 |     await expect(page).not.toHaveURL(/\/login/)
      170 |     await expect(page.locator('body')).toBeVisible()
        at C:\Users\amitc\CareerSetu\tests\e2e\regression.spec.ts:167:16

    attachment #1: screenshot (image/png) ΓöÇΓöÇΓöÇΓöÇΓöÇΓöÇΓöÇΓöÇΓöÇΓöÇΓöÇΓöÇΓöÇΓöÇΓöÇΓöÇΓöÇΓöÇΓöÇΓöÇΓöÇΓöÇΓöÇΓöÇΓöÇΓöÇΓöÇΓöÇΓöÇΓöÇΓöÇΓöÇΓöÇΓöÇΓöÇΓöÇΓöÇΓöÇΓöÇΓöÇΓöÇΓöÇΓöÇΓöÇΓöÇΓöÇΓöÇΓöÇΓöÇΓöÇΓöÇΓöÇΓöÇΓöÇΓöÇΓöÇΓöÇΓöÇ
    test-results\regression-Try-page-no-signup-demo-loads-without-redirect-Mobile-Chrome-375px--retry1\test-failed-1.png
    ΓöÇΓöÇΓöÇΓöÇΓöÇΓöÇΓöÇΓöÇΓöÇΓöÇΓöÇΓöÇΓöÇΓöÇΓöÇΓöÇΓöÇΓöÇΓöÇΓöÇΓöÇΓöÇΓöÇΓöÇΓöÇΓöÇΓöÇΓöÇΓöÇΓöÇΓöÇΓöÇΓöÇΓöÇΓöÇΓöÇΓöÇΓöÇΓöÇΓöÇΓöÇΓöÇΓöÇΓöÇΓöÇΓöÇΓöÇΓöÇΓöÇΓöÇΓöÇΓöÇΓöÇΓöÇΓöÇΓöÇΓöÇΓöÇΓöÇΓöÇΓöÇΓöÇΓöÇΓöÇΓöÇΓöÇΓöÇΓöÇΓöÇΓöÇΓöÇΓöÇΓöÇΓöÇΓöÇΓöÇΓöÇΓöÇΓöÇΓöÇΓöÇΓöÇΓöÇΓöÇΓöÇΓöÇΓöÇΓöÇΓöÇΓöÇΓöÇΓöÇΓöÇΓöÇΓöÇΓöÇ

    Error Context: test-results\regression-Try-page-no-signup-demo-loads-without-redirect-Mobile-Chrome-375px--retry1\error-context.md

  150) [Mobile Chrome (375px)] ΓÇ║ tests\e2e\regression.spec.ts:179:9 ΓÇ║ Responsive ΓÇô 375px ΓÇ║ / no horizontal overflow at 375px 

    Error: page.goto: net::ERR_NAME_NOT_RESOLVED at https://thecareersetu.in/
    Call log:
      - navigating to "https://thecareersetu.in/", waiting until "load"


      179 |     test(`${p} no horizontal overflow at 375px`, async ({ page }) => {
      180 |       await page.setViewportSize({ width: 375, height: 812 })
    > 181 |       await page.goto(p)
          |                  ^
      182 |       const bodyWidth = await page.evaluate(() => document.body.scrollWidth)
      183 |       expect(bodyWidth).toBeLessThanOrEqual(390) // allow a tiny margin
      184 |     })
        at C:\Users\amitc\CareerSetu\tests\e2e\regression.spec.ts:181:18

    attachment #1: screenshot (image/png) ΓöÇΓöÇΓöÇΓöÇΓöÇΓöÇΓöÇΓöÇΓöÇΓöÇΓöÇΓöÇΓöÇΓöÇΓöÇΓöÇΓöÇΓöÇΓöÇΓöÇΓöÇΓöÇΓöÇΓöÇΓöÇΓöÇΓöÇΓöÇΓöÇΓöÇΓöÇΓöÇΓöÇΓöÇΓöÇΓöÇΓöÇΓöÇΓöÇΓöÇΓöÇΓöÇΓöÇΓöÇΓöÇΓöÇΓöÇΓöÇΓöÇΓöÇΓöÇΓöÇΓöÇΓöÇΓöÇΓöÇΓöÇΓöÇ
    test-results\regression-Responsive-ΓÇô-37-95fae-orizontal-overflow-at-375px-Mobile-Chrome-375px-\test-failed-1.png
    ΓöÇΓöÇΓöÇΓöÇΓöÇΓöÇΓöÇΓöÇΓöÇΓöÇΓöÇΓöÇΓöÇΓöÇΓöÇΓöÇΓöÇΓöÇΓöÇΓöÇΓöÇΓöÇΓöÇΓöÇΓöÇΓöÇΓöÇΓöÇΓöÇΓöÇΓöÇΓöÇΓöÇΓöÇΓöÇΓöÇΓöÇΓöÇΓöÇΓöÇΓöÇΓöÇΓöÇΓöÇΓöÇΓöÇΓöÇΓöÇΓöÇΓöÇΓöÇΓöÇΓöÇΓöÇΓöÇΓöÇΓöÇΓöÇΓöÇΓöÇΓöÇΓöÇΓöÇΓöÇΓöÇΓöÇΓöÇΓöÇΓöÇΓöÇΓöÇΓöÇΓöÇΓöÇΓöÇΓöÇΓöÇΓöÇΓöÇΓöÇΓöÇΓöÇΓöÇΓöÇΓöÇΓöÇΓöÇΓöÇΓöÇΓöÇΓöÇΓöÇΓöÇΓöÇΓöÇΓöÇ

    Error Context: test-results\regression-Responsive-ΓÇô-37-95fae-orizontal-overflow-at-375px-Mobile-Chrome-375px-\error-context.md

    Retry #1 ΓöÇΓöÇΓöÇΓöÇΓöÇΓöÇΓöÇΓöÇΓöÇΓöÇΓöÇΓöÇΓöÇΓöÇΓöÇΓöÇΓöÇΓöÇΓöÇΓöÇΓöÇΓöÇΓöÇΓöÇΓöÇΓöÇΓöÇΓöÇΓöÇΓöÇΓöÇΓöÇΓöÇΓöÇΓöÇΓöÇΓöÇΓöÇΓöÇΓöÇΓöÇΓöÇΓöÇΓöÇΓöÇΓöÇΓöÇΓöÇΓöÇΓöÇΓöÇΓöÇΓöÇΓöÇΓöÇΓöÇΓöÇΓöÇΓöÇΓöÇΓöÇΓöÇΓöÇΓöÇΓöÇΓöÇΓöÇΓöÇΓöÇΓöÇΓöÇΓöÇΓöÇΓöÇΓöÇΓöÇΓöÇΓöÇΓöÇΓöÇΓöÇΓöÇΓöÇΓöÇΓöÇΓöÇΓöÇ

    Error: page.goto: net::ERR_NAME_NOT_RESOLVED at https://thecareersetu.in/
    Call log:
      - navigating to "https://thecareersetu.in/", waiting until "load"


      179 |     test(`${p} no horizontal overflow at 375px`, async ({ page }) => {
      180 |       await page.setViewportSize({ width: 375, height: 812 })
    > 181 |       await page.goto(p)
          |                  ^
      182 |       const bodyWidth = await page.evaluate(() => document.body.scrollWidth)
      183 |       expect(bodyWidth).toBeLessThanOrEqual(390) // allow a tiny margin
      184 |     })
        at C:\Users\amitc\CareerSetu\tests\e2e\regression.spec.ts:181:18

    attachment #1: screenshot (image/png) ΓöÇΓöÇΓöÇΓöÇΓöÇΓöÇΓöÇΓöÇΓöÇΓöÇΓöÇΓöÇΓöÇΓöÇΓöÇΓöÇΓöÇΓöÇΓöÇΓöÇΓöÇΓöÇΓöÇΓöÇΓöÇΓöÇΓöÇΓöÇΓöÇΓöÇΓöÇΓöÇΓöÇΓöÇΓöÇΓöÇΓöÇΓöÇΓöÇΓöÇΓöÇΓöÇΓöÇΓöÇΓöÇΓöÇΓöÇΓöÇΓöÇΓöÇΓöÇΓöÇΓöÇΓöÇΓöÇΓöÇΓöÇΓöÇ
    test-results\regression-Responsive-ΓÇô-37-95fae-orizontal-overflow-at-375px-Mobile-Chrome-375px--retry1\test-failed-1.png
    ΓöÇΓöÇΓöÇΓöÇΓöÇΓöÇΓöÇΓöÇΓöÇΓöÇΓöÇΓöÇΓöÇΓöÇΓöÇΓöÇΓöÇΓöÇΓöÇΓöÇΓöÇΓöÇΓöÇΓöÇΓöÇΓöÇΓöÇΓöÇΓöÇΓöÇΓöÇΓöÇΓöÇΓöÇΓöÇΓöÇΓöÇΓöÇΓöÇΓöÇΓöÇΓöÇΓöÇΓöÇΓöÇΓöÇΓöÇΓöÇΓöÇΓöÇΓöÇΓöÇΓöÇΓöÇΓöÇΓöÇΓöÇΓöÇΓöÇΓöÇΓöÇΓöÇΓöÇΓöÇΓöÇΓöÇΓöÇΓöÇΓöÇΓöÇΓöÇΓöÇΓöÇΓöÇΓöÇΓöÇΓöÇΓöÇΓöÇΓöÇΓöÇΓöÇΓöÇΓöÇΓöÇΓöÇΓöÇΓöÇΓöÇΓöÇΓöÇΓöÇΓöÇΓöÇΓöÇΓöÇ

    Error Context: test-results\regression-Responsive-ΓÇô-37-95fae-orizontal-overflow-at-375px-Mobile-Chrome-375px--retry1\error-context.md

  151) [Mobile Chrome (375px)] ΓÇ║ tests\e2e\regression.spec.ts:179:9 ΓÇ║ Responsive ΓÇô 375px ΓÇ║ /pricing no horizontal overflow at 375px 

    Error: page.goto: net::ERR_NAME_NOT_RESOLVED at https://thecareersetu.in/pricing
    Call log:
      - navigating to "https://thecareersetu.in/pricing", waiting until "load"


      179 |     test(`${p} no horizontal overflow at 375px`, async ({ page }) => {
      180 |       await page.setViewportSize({ width: 375, height: 812 })
    > 181 |       await page.goto(p)
          |                  ^
      182 |       const bodyWidth = await page.evaluate(() => document.body.scrollWidth)
      183 |       expect(bodyWidth).toBeLessThanOrEqual(390) // allow a tiny margin
      184 |     })
        at C:\Users\amitc\CareerSetu\tests\e2e\regression.spec.ts:181:18

    attachment #1: screenshot (image/png) ΓöÇΓöÇΓöÇΓöÇΓöÇΓöÇΓöÇΓöÇΓöÇΓöÇΓöÇΓöÇΓöÇΓöÇΓöÇΓöÇΓöÇΓöÇΓöÇΓöÇΓöÇΓöÇΓöÇΓöÇΓöÇΓöÇΓöÇΓöÇΓöÇΓöÇΓöÇΓöÇΓöÇΓöÇΓöÇΓöÇΓöÇΓöÇΓöÇΓöÇΓöÇΓöÇΓöÇΓöÇΓöÇΓöÇΓöÇΓöÇΓöÇΓöÇΓöÇΓöÇΓöÇΓöÇΓöÇΓöÇΓöÇΓöÇ
    test-results\regression-Responsive-ΓÇô-37-42b8c-orizontal-overflow-at-375px-Mobile-Chrome-375px-\test-failed-1.png
    ΓöÇΓöÇΓöÇΓöÇΓöÇΓöÇΓöÇΓöÇΓöÇΓöÇΓöÇΓöÇΓöÇΓöÇΓöÇΓöÇΓöÇΓöÇΓöÇΓöÇΓöÇΓöÇΓöÇΓöÇΓöÇΓöÇΓöÇΓöÇΓöÇΓöÇΓöÇΓöÇΓöÇΓöÇΓöÇΓöÇΓöÇΓöÇΓöÇΓöÇΓöÇΓöÇΓöÇΓöÇΓöÇΓöÇΓöÇΓöÇΓöÇΓöÇΓöÇΓöÇΓöÇΓöÇΓöÇΓöÇΓöÇΓöÇΓöÇΓöÇΓöÇΓöÇΓöÇΓöÇΓöÇΓöÇΓöÇΓöÇΓöÇΓöÇΓöÇΓöÇΓöÇΓöÇΓöÇΓöÇΓöÇΓöÇΓöÇΓöÇΓöÇΓöÇΓöÇΓöÇΓöÇΓöÇΓöÇΓöÇΓöÇΓöÇΓöÇΓöÇΓöÇΓöÇΓöÇΓöÇ

    Error Context: test-results\regression-Responsive-ΓÇô-37-42b8c-orizontal-overflow-at-375px-Mobile-Chrome-375px-\error-context.md

    Retry #1 ΓöÇΓöÇΓöÇΓöÇΓöÇΓöÇΓöÇΓöÇΓöÇΓöÇΓöÇΓöÇΓöÇΓöÇΓöÇΓöÇΓöÇΓöÇΓöÇΓöÇΓöÇΓöÇΓöÇΓöÇΓöÇΓöÇΓöÇΓöÇΓöÇΓöÇΓöÇΓöÇΓöÇΓöÇΓöÇΓöÇΓöÇΓöÇΓöÇΓöÇΓöÇΓöÇΓöÇΓöÇΓöÇΓöÇΓöÇΓöÇΓöÇΓöÇΓöÇΓöÇΓöÇΓöÇΓöÇΓöÇΓöÇΓöÇΓöÇΓöÇΓöÇΓöÇΓöÇΓöÇΓöÇΓöÇΓöÇΓöÇΓöÇΓöÇΓöÇΓöÇΓöÇΓöÇΓöÇΓöÇΓöÇΓöÇΓöÇΓöÇΓöÇΓöÇΓöÇΓöÇΓöÇΓöÇΓöÇ

    Error: page.goto: net::ERR_NAME_NOT_RESOLVED at https://thecareersetu.in/pricing
    Call log:
      - navigating to "https://thecareersetu.in/pricing", waiting until "load"


      179 |     test(`${p} no horizontal overflow at 375px`, async ({ page }) => {
      180 |       await page.setViewportSize({ width: 375, height: 812 })
    > 181 |       await page.goto(p)
          |                  ^
      182 |       const bodyWidth = await page.evaluate(() => document.body.scrollWidth)
      183 |       expect(bodyWidth).toBeLessThanOrEqual(390) // allow a tiny margin
      184 |     })
        at C:\Users\amitc\CareerSetu\tests\e2e\regression.spec.ts:181:18

    attachment #1: screenshot (image/png) ΓöÇΓöÇΓöÇΓöÇΓöÇΓöÇΓöÇΓöÇΓöÇΓöÇΓöÇΓöÇΓöÇΓöÇΓöÇΓöÇΓöÇΓöÇΓöÇΓöÇΓöÇΓöÇΓöÇΓöÇΓöÇΓöÇΓöÇΓöÇΓöÇΓöÇΓöÇΓöÇΓöÇΓöÇΓöÇΓöÇΓöÇΓöÇΓöÇΓöÇΓöÇΓöÇΓöÇΓöÇΓöÇΓöÇΓöÇΓöÇΓöÇΓöÇΓöÇΓöÇΓöÇΓöÇΓöÇΓöÇΓöÇΓöÇ
    test-results\regression-Responsive-ΓÇô-37-42b8c-orizontal-overflow-at-375px-Mobile-Chrome-375px--retry1\test-failed-1.png
    ΓöÇΓöÇΓöÇΓöÇΓöÇΓöÇΓöÇΓöÇΓöÇΓöÇΓöÇΓöÇΓöÇΓöÇΓöÇΓöÇΓöÇΓöÇΓöÇΓöÇΓöÇΓöÇΓöÇΓöÇΓöÇΓöÇΓöÇΓöÇΓöÇΓöÇΓöÇΓöÇΓöÇΓöÇΓöÇΓöÇΓöÇΓöÇΓöÇΓöÇΓöÇΓöÇΓöÇΓöÇΓöÇΓöÇΓöÇΓöÇΓöÇΓöÇΓöÇΓöÇΓöÇΓöÇΓöÇΓöÇΓöÇΓöÇΓöÇΓöÇΓöÇΓöÇΓöÇΓöÇΓöÇΓöÇΓöÇΓöÇΓöÇΓöÇΓöÇΓöÇΓöÇΓöÇΓöÇΓöÇΓöÇΓöÇΓöÇΓöÇΓöÇΓöÇΓöÇΓöÇΓöÇΓöÇΓöÇΓöÇΓöÇΓöÇΓöÇΓöÇΓöÇΓöÇΓöÇΓöÇ

    Error Context: test-results\regression-Responsive-ΓÇô-37-42b8c-orizontal-overflow-at-375px-Mobile-Chrome-375px--retry1\error-context.md

  152) [Mobile Chrome (375px)] ΓÇ║ tests\e2e\regression.spec.ts:179:9 ΓÇ║ Responsive ΓÇô 375px ΓÇ║ /about no horizontal overflow at 375px 

    Error: page.goto: net::ERR_NAME_NOT_RESOLVED at https://thecareersetu.in/about
    Call log:
      - navigating to "https://thecareersetu.in/about", waiting until "load"


      179 |     test(`${p} no horizontal overflow at 375px`, async ({ page }) => {
      180 |       await page.setViewportSize({ width: 375, height: 812 })
    > 181 |       await page.goto(p)
          |                  ^
      182 |       const bodyWidth = await page.evaluate(() => document.body.scrollWidth)
      183 |       expect(bodyWidth).toBeLessThanOrEqual(390) // allow a tiny margin
      184 |     })
        at C:\Users\amitc\CareerSetu\tests\e2e\regression.spec.ts:181:18

    attachment #1: screenshot (image/png) ΓöÇΓöÇΓöÇΓöÇΓöÇΓöÇΓöÇΓöÇΓöÇΓöÇΓöÇΓöÇΓöÇΓöÇΓöÇΓöÇΓöÇΓöÇΓöÇΓöÇΓöÇΓöÇΓöÇΓöÇΓöÇΓöÇΓöÇΓöÇΓöÇΓöÇΓöÇΓöÇΓöÇΓöÇΓöÇΓöÇΓöÇΓöÇΓöÇΓöÇΓöÇΓöÇΓöÇΓöÇΓöÇΓöÇΓöÇΓöÇΓöÇΓöÇΓöÇΓöÇΓöÇΓöÇΓöÇΓöÇΓöÇΓöÇ
    test-results\regression-Responsive-ΓÇô-37-f7b56-orizontal-overflow-at-375px-Mobile-Chrome-375px-\test-failed-1.png
    ΓöÇΓöÇΓöÇΓöÇΓöÇΓöÇΓöÇΓöÇΓöÇΓöÇΓöÇΓöÇΓöÇΓöÇΓöÇΓöÇΓöÇΓöÇΓöÇΓöÇΓöÇΓöÇΓöÇΓöÇΓöÇΓöÇΓöÇΓöÇΓöÇΓöÇΓöÇΓöÇΓöÇΓöÇΓöÇΓöÇΓöÇΓöÇΓöÇΓöÇΓöÇΓöÇΓöÇΓöÇΓöÇΓöÇΓöÇΓöÇΓöÇΓöÇΓöÇΓöÇΓöÇΓöÇΓöÇΓöÇΓöÇΓöÇΓöÇΓöÇΓöÇΓöÇΓöÇΓöÇΓöÇΓöÇΓöÇΓöÇΓöÇΓöÇΓöÇΓöÇΓöÇΓöÇΓöÇΓöÇΓöÇΓöÇΓöÇΓöÇΓöÇΓöÇΓöÇΓöÇΓöÇΓöÇΓöÇΓöÇΓöÇΓöÇΓöÇΓöÇΓöÇΓöÇΓöÇΓöÇ

    Error Context: test-results\regression-Responsive-ΓÇô-37-f7b56-orizontal-overflow-at-375px-Mobile-Chrome-375px-\error-context.md

    Retry #1 ΓöÇΓöÇΓöÇΓöÇΓöÇΓöÇΓöÇΓöÇΓöÇΓöÇΓöÇΓöÇΓöÇΓöÇΓöÇΓöÇΓöÇΓöÇΓöÇΓöÇΓöÇΓöÇΓöÇΓöÇΓöÇΓöÇΓöÇΓöÇΓöÇΓöÇΓöÇΓöÇΓöÇΓöÇΓöÇΓöÇΓöÇΓöÇΓöÇΓöÇΓöÇΓöÇΓöÇΓöÇΓöÇΓöÇΓöÇΓöÇΓöÇΓöÇΓöÇΓöÇΓöÇΓöÇΓöÇΓöÇΓöÇΓöÇΓöÇΓöÇΓöÇΓöÇΓöÇΓöÇΓöÇΓöÇΓöÇΓöÇΓöÇΓöÇΓöÇΓöÇΓöÇΓöÇΓöÇΓöÇΓöÇΓöÇΓöÇΓöÇΓöÇΓöÇΓöÇΓöÇΓöÇΓöÇΓöÇ

    Error: page.goto: net::ERR_NAME_NOT_RESOLVED at https://thecareersetu.in/about
    Call log:
      - navigating to "https://thecareersetu.in/about", waiting until "load"


      179 |     test(`${p} no horizontal overflow at 375px`, async ({ page }) => {
      180 |       await page.setViewportSize({ width: 375, height: 812 })
    > 181 |       await page.goto(p)
          |                  ^
      182 |       const bodyWidth = await page.evaluate(() => document.body.scrollWidth)
      183 |       expect(bodyWidth).toBeLessThanOrEqual(390) // allow a tiny margin
      184 |     })
        at C:\Users\amitc\CareerSetu\tests\e2e\regression.spec.ts:181:18

    attachment #1: screenshot (image/png) ΓöÇΓöÇΓöÇΓöÇΓöÇΓöÇΓöÇΓöÇΓöÇΓöÇΓöÇΓöÇΓöÇΓöÇΓöÇΓöÇΓöÇΓöÇΓöÇΓöÇΓöÇΓöÇΓöÇΓöÇΓöÇΓöÇΓöÇΓöÇΓöÇΓöÇΓöÇΓöÇΓöÇΓöÇΓöÇΓöÇΓöÇΓöÇΓöÇΓöÇΓöÇΓöÇΓöÇΓöÇΓöÇΓöÇΓöÇΓöÇΓöÇΓöÇΓöÇΓöÇΓöÇΓöÇΓöÇΓöÇΓöÇΓöÇ
    test-results\regression-Responsive-ΓÇô-37-f7b56-orizontal-overflow-at-375px-Mobile-Chrome-375px--retry1\test-failed-1.png
    ΓöÇΓöÇΓöÇΓöÇΓöÇΓöÇΓöÇΓöÇΓöÇΓöÇΓöÇΓöÇΓöÇΓöÇΓöÇΓöÇΓöÇΓöÇΓöÇΓöÇΓöÇΓöÇΓöÇΓöÇΓöÇΓöÇΓöÇΓöÇΓöÇΓöÇΓöÇΓöÇΓöÇΓöÇΓöÇΓöÇΓöÇΓöÇΓöÇΓöÇΓöÇΓöÇΓöÇΓöÇΓöÇΓöÇΓöÇΓöÇΓöÇΓöÇΓöÇΓöÇΓöÇΓöÇΓöÇΓöÇΓöÇΓöÇΓöÇΓöÇΓöÇΓöÇΓöÇΓöÇΓöÇΓöÇΓöÇΓöÇΓöÇΓöÇΓöÇΓöÇΓöÇΓöÇΓöÇΓöÇΓöÇΓöÇΓöÇΓöÇΓöÇΓöÇΓöÇΓöÇΓöÇΓöÇΓöÇΓöÇΓöÇΓöÇΓöÇΓöÇΓöÇΓöÇΓöÇΓöÇ

    Error Context: test-results\regression-Responsive-ΓÇô-37-f7b56-orizontal-overflow-at-375px-Mobile-Chrome-375px--retry1\error-context.md

  153) [Mobile Chrome (375px)] ΓÇ║ tests\e2e\regression.spec.ts:179:9 ΓÇ║ Responsive ΓÇô 375px ΓÇ║ /login no horizontal overflow at 375px 

    Error: page.goto: net::ERR_NAME_NOT_RESOLVED at https://thecareersetu.in/login
    Call log:
      - navigating to "https://thecareersetu.in/login", waiting until "load"


      179 |     test(`${p} no horizontal overflow at 375px`, async ({ page }) => {
      180 |       await page.setViewportSize({ width: 375, height: 812 })
    > 181 |       await page.goto(p)
          |                  ^
      182 |       const bodyWidth = await page.evaluate(() => document.body.scrollWidth)
      183 |       expect(bodyWidth).toBeLessThanOrEqual(390) // allow a tiny margin
      184 |     })
        at C:\Users\amitc\CareerSetu\tests\e2e\regression.spec.ts:181:18

    attachment #1: screenshot (image/png) ΓöÇΓöÇΓöÇΓöÇΓöÇΓöÇΓöÇΓöÇΓöÇΓöÇΓöÇΓöÇΓöÇΓöÇΓöÇΓöÇΓöÇΓöÇΓöÇΓöÇΓöÇΓöÇΓöÇΓöÇΓöÇΓöÇΓöÇΓöÇΓöÇΓöÇΓöÇΓöÇΓöÇΓöÇΓöÇΓöÇΓöÇΓöÇΓöÇΓöÇΓöÇΓöÇΓöÇΓöÇΓöÇΓöÇΓöÇΓöÇΓöÇΓöÇΓöÇΓöÇΓöÇΓöÇΓöÇΓöÇΓöÇΓöÇ
    test-results\regression-Responsive-ΓÇô-37-5a1f9-orizontal-overflow-at-375px-Mobile-Chrome-375px-\test-failed-1.png
    ΓöÇΓöÇΓöÇΓöÇΓöÇΓöÇΓöÇΓöÇΓöÇΓöÇΓöÇΓöÇΓöÇΓöÇΓöÇΓöÇΓöÇΓöÇΓöÇΓöÇΓöÇΓöÇΓöÇΓöÇΓöÇΓöÇΓöÇΓöÇΓöÇΓöÇΓöÇΓöÇΓöÇΓöÇΓöÇΓöÇΓöÇΓöÇΓöÇΓöÇΓöÇΓöÇΓöÇΓöÇΓöÇΓöÇΓöÇΓöÇΓöÇΓöÇΓöÇΓöÇΓöÇΓöÇΓöÇΓöÇΓöÇΓöÇΓöÇΓöÇΓöÇΓöÇΓöÇΓöÇΓöÇΓöÇΓöÇΓöÇΓöÇΓöÇΓöÇΓöÇΓöÇΓöÇΓöÇΓöÇΓöÇΓöÇΓöÇΓöÇΓöÇΓöÇΓöÇΓöÇΓöÇΓöÇΓöÇΓöÇΓöÇΓöÇΓöÇΓöÇΓöÇΓöÇΓöÇΓöÇ

    Error Context: test-results\regression-Responsive-ΓÇô-37-5a1f9-orizontal-overflow-at-375px-Mobile-Chrome-375px-\error-context.md

    Retry #1 ΓöÇΓöÇΓöÇΓöÇΓöÇΓöÇΓöÇΓöÇΓöÇΓöÇΓöÇΓöÇΓöÇΓöÇΓöÇΓöÇΓöÇΓöÇΓöÇΓöÇΓöÇΓöÇΓöÇΓöÇΓöÇΓöÇΓöÇΓöÇΓöÇΓöÇΓöÇΓöÇΓöÇΓöÇΓöÇΓöÇΓöÇΓöÇΓöÇΓöÇΓöÇΓöÇΓöÇΓöÇΓöÇΓöÇΓöÇΓöÇΓöÇΓöÇΓöÇΓöÇΓöÇΓöÇΓöÇΓöÇΓöÇΓöÇΓöÇΓöÇΓöÇΓöÇΓöÇΓöÇΓöÇΓöÇΓöÇΓöÇΓöÇΓöÇΓöÇΓöÇΓöÇΓöÇΓöÇΓöÇΓöÇΓöÇΓöÇΓöÇΓöÇΓöÇΓöÇΓöÇΓöÇΓöÇΓöÇ

    Error: page.goto: net::ERR_NAME_NOT_RESOLVED at https://thecareersetu.in/login
    Call log:
      - navigating to "https://thecareersetu.in/login", waiting until "load"


      179 |     test(`${p} no horizontal overflow at 375px`, async ({ page }) => {
      180 |       await page.setViewportSize({ width: 375, height: 812 })
    > 181 |       await page.goto(p)
          |                  ^
      182 |       const bodyWidth = await page.evaluate(() => document.body.scrollWidth)
      183 |       expect(bodyWidth).toBeLessThanOrEqual(390) // allow a tiny margin
      184 |     })
        at C:\Users\amitc\CareerSetu\tests\e2e\regression.spec.ts:181:18

    attachment #1: screenshot (image/png) ΓöÇΓöÇΓöÇΓöÇΓöÇΓöÇΓöÇΓöÇΓöÇΓöÇΓöÇΓöÇΓöÇΓöÇΓöÇΓöÇΓöÇΓöÇΓöÇΓöÇΓöÇΓöÇΓöÇΓöÇΓöÇΓöÇΓöÇΓöÇΓöÇΓöÇΓöÇΓöÇΓöÇΓöÇΓöÇΓöÇΓöÇΓöÇΓöÇΓöÇΓöÇΓöÇΓöÇΓöÇΓöÇΓöÇΓöÇΓöÇΓöÇΓöÇΓöÇΓöÇΓöÇΓöÇΓöÇΓöÇΓöÇΓöÇ
    test-results\regression-Responsive-ΓÇô-37-5a1f9-orizontal-overflow-at-375px-Mobile-Chrome-375px--retry1\test-failed-1.png
    ΓöÇΓöÇΓöÇΓöÇΓöÇΓöÇΓöÇΓöÇΓöÇΓöÇΓöÇΓöÇΓöÇΓöÇΓöÇΓöÇΓöÇΓöÇΓöÇΓöÇΓöÇΓöÇΓöÇΓöÇΓöÇΓöÇΓöÇΓöÇΓöÇΓöÇΓöÇΓöÇΓöÇΓöÇΓöÇΓöÇΓöÇΓöÇΓöÇΓöÇΓöÇΓöÇΓöÇΓöÇΓöÇΓöÇΓöÇΓöÇΓöÇΓöÇΓöÇΓöÇΓöÇΓöÇΓöÇΓöÇΓöÇΓöÇΓöÇΓöÇΓöÇΓöÇΓöÇΓöÇΓöÇΓöÇΓöÇΓöÇΓöÇΓöÇΓöÇΓöÇΓöÇΓöÇΓöÇΓöÇΓöÇΓöÇΓöÇΓöÇΓöÇΓöÇΓöÇΓöÇΓöÇΓöÇΓöÇΓöÇΓöÇΓöÇΓöÇΓöÇΓöÇΓöÇΓöÇΓöÇ

    Error Context: test-results\regression-Responsive-ΓÇô-37-5a1f9-orizontal-overflow-at-375px-Mobile-Chrome-375px--retry1\error-context.md

  154) [Mobile Chrome (375px)] ΓÇ║ tests\e2e\user-journeys.spec.ts:39:7 ΓÇ║ US-1 Signup ΓÇ║ a new email can create an account without error 

    Error: page.goto: net::ERR_NAME_NOT_RESOLVED at https://thecareersetu.in/signup
    Call log:
      - navigating to "https://thecareersetu.in/signup", waiting until "load"


      39 |   test('a new email can create an account without error', async ({ page }) => {
      40 |     const email = uniqueEmail()
    > 41 |     await page.goto('/signup')
         |                ^
      42 |     await page.getByPlaceholder('Priya Sharma').fill('E2E Tester')
      43 |     await page.getByPlaceholder('you@example.com').fill(email)
      44 |     await page.getByPlaceholder('Min. 6 characters').fill('Test1234!')
        at C:\Users\amitc\CareerSetu\tests\e2e\user-journeys.spec.ts:41:16

    attachment #1: screenshot (image/png) ΓöÇΓöÇΓöÇΓöÇΓöÇΓöÇΓöÇΓöÇΓöÇΓöÇΓöÇΓöÇΓöÇΓöÇΓöÇΓöÇΓöÇΓöÇΓöÇΓöÇΓöÇΓöÇΓöÇΓöÇΓöÇΓöÇΓöÇΓöÇΓöÇΓöÇΓöÇΓöÇΓöÇΓöÇΓöÇΓöÇΓöÇΓöÇΓöÇΓöÇΓöÇΓöÇΓöÇΓöÇΓöÇΓöÇΓöÇΓöÇΓöÇΓöÇΓöÇΓöÇΓöÇΓöÇΓöÇΓöÇΓöÇΓöÇ
    test-results\user-journeys-US-1-Signup--3b306-te-an-account-without-error-Mobile-Chrome-375px-\test-failed-1.png
    ΓöÇΓöÇΓöÇΓöÇΓöÇΓöÇΓöÇΓöÇΓöÇΓöÇΓöÇΓöÇΓöÇΓöÇΓöÇΓöÇΓöÇΓöÇΓöÇΓöÇΓöÇΓöÇΓöÇΓöÇΓöÇΓöÇΓöÇΓöÇΓöÇΓöÇΓöÇΓöÇΓöÇΓöÇΓöÇΓöÇΓöÇΓöÇΓöÇΓöÇΓöÇΓöÇΓöÇΓöÇΓöÇΓöÇΓöÇΓöÇΓöÇΓöÇΓöÇΓöÇΓöÇΓöÇΓöÇΓöÇΓöÇΓöÇΓöÇΓöÇΓöÇΓöÇΓöÇΓöÇΓöÇΓöÇΓöÇΓöÇΓöÇΓöÇΓöÇΓöÇΓöÇΓöÇΓöÇΓöÇΓöÇΓöÇΓöÇΓöÇΓöÇΓöÇΓöÇΓöÇΓöÇΓöÇΓöÇΓöÇΓöÇΓöÇΓöÇΓöÇΓöÇΓöÇΓöÇΓöÇ

    Error Context: test-results\user-journeys-US-1-Signup--3b306-te-an-account-without-error-Mobile-Chrome-375px-\error-context.md

    Retry #1 ΓöÇΓöÇΓöÇΓöÇΓöÇΓöÇΓöÇΓöÇΓöÇΓöÇΓöÇΓöÇΓöÇΓöÇΓöÇΓöÇΓöÇΓöÇΓöÇΓöÇΓöÇΓöÇΓöÇΓöÇΓöÇΓöÇΓöÇΓöÇΓöÇΓöÇΓöÇΓöÇΓöÇΓöÇΓöÇΓöÇΓöÇΓöÇΓöÇΓöÇΓöÇΓöÇΓöÇΓöÇΓöÇΓöÇΓöÇΓöÇΓöÇΓöÇΓöÇΓöÇΓöÇΓöÇΓöÇΓöÇΓöÇΓöÇΓöÇΓöÇΓöÇΓöÇΓöÇΓöÇΓöÇΓöÇΓöÇΓöÇΓöÇΓöÇΓöÇΓöÇΓöÇΓöÇΓöÇΓöÇΓöÇΓöÇΓöÇΓöÇΓöÇΓöÇΓöÇΓöÇΓöÇΓöÇΓöÇ

    Error: page.goto: net::ERR_NAME_NOT_RESOLVED at https://thecareersetu.in/signup
    Call log:
      - navigating to "https://thecareersetu.in/signup", waiting until "load"


      39 |   test('a new email can create an account without error', async ({ page }) => {
      40 |     const email = uniqueEmail()
    > 41 |     await page.goto('/signup')
         |                ^
      42 |     await page.getByPlaceholder('Priya Sharma').fill('E2E Tester')
      43 |     await page.getByPlaceholder('you@example.com').fill(email)
      44 |     await page.getByPlaceholder('Min. 6 characters').fill('Test1234!')
        at C:\Users\amitc\CareerSetu\tests\e2e\user-journeys.spec.ts:41:16

    attachment #1: screenshot (image/png) ΓöÇΓöÇΓöÇΓöÇΓöÇΓöÇΓöÇΓöÇΓöÇΓöÇΓöÇΓöÇΓöÇΓöÇΓöÇΓöÇΓöÇΓöÇΓöÇΓöÇΓöÇΓöÇΓöÇΓöÇΓöÇΓöÇΓöÇΓöÇΓöÇΓöÇΓöÇΓöÇΓöÇΓöÇΓöÇΓöÇΓöÇΓöÇΓöÇΓöÇΓöÇΓöÇΓöÇΓöÇΓöÇΓöÇΓöÇΓöÇΓöÇΓöÇΓöÇΓöÇΓöÇΓöÇΓöÇΓöÇΓöÇΓöÇ
    test-results\user-journeys-US-1-Signup--3b306-te-an-account-without-error-Mobile-Chrome-375px--retry1\test-failed-1.png
    ΓöÇΓöÇΓöÇΓöÇΓöÇΓöÇΓöÇΓöÇΓöÇΓöÇΓöÇΓöÇΓöÇΓöÇΓöÇΓöÇΓöÇΓöÇΓöÇΓöÇΓöÇΓöÇΓöÇΓöÇΓöÇΓöÇΓöÇΓöÇΓöÇΓöÇΓöÇΓöÇΓöÇΓöÇΓöÇΓöÇΓöÇΓöÇΓöÇΓöÇΓöÇΓöÇΓöÇΓöÇΓöÇΓöÇΓöÇΓöÇΓöÇΓöÇΓöÇΓöÇΓöÇΓöÇΓöÇΓöÇΓöÇΓöÇΓöÇΓöÇΓöÇΓöÇΓöÇΓöÇΓöÇΓöÇΓöÇΓöÇΓöÇΓöÇΓöÇΓöÇΓöÇΓöÇΓöÇΓöÇΓöÇΓöÇΓöÇΓöÇΓöÇΓöÇΓöÇΓöÇΓöÇΓöÇΓöÇΓöÇΓöÇΓöÇΓöÇΓöÇΓöÇΓöÇΓöÇΓöÇ

    Error Context: test-results\user-journeys-US-1-Signup--3b306-te-an-account-without-error-Mobile-Chrome-375px--retry1\error-context.md

  155) [Mobile Chrome (375px)] ΓÇ║ tests\e2e\user-journeys.spec.ts:64:7 ΓÇ║ US-2 Login ΓÇ║ valid credentials land in the app (dashboard or onboarding) 

    Error: page.goto: net::ERR_NAME_NOT_RESOLVED at https://thecareersetu.in/login
    Call log:
      - navigating to "https://thecareersetu.in/login", waiting until "load"


      28 |
      29 | async function login(page: Page, email: string, password: string) {
    > 30 |   await page.goto('/login')
         |              ^
      31 |   await page.getByPlaceholder('you@example.com').fill(email)
      32 |   await page.getByPlaceholder('Your password').fill(password)
      33 |   await page.getByRole('button', { name: 'Sign in' }).click()
        at login (C:\Users\amitc\CareerSetu\tests\e2e\user-journeys.spec.ts:30:14)
        at C:\Users\amitc\CareerSetu\tests\e2e\user-journeys.spec.ts:65:11

    attachment #1: screenshot (image/png) ΓöÇΓöÇΓöÇΓöÇΓöÇΓöÇΓöÇΓöÇΓöÇΓöÇΓöÇΓöÇΓöÇΓöÇΓöÇΓöÇΓöÇΓöÇΓöÇΓöÇΓöÇΓöÇΓöÇΓöÇΓöÇΓöÇΓöÇΓöÇΓöÇΓöÇΓöÇΓöÇΓöÇΓöÇΓöÇΓöÇΓöÇΓöÇΓöÇΓöÇΓöÇΓöÇΓöÇΓöÇΓöÇΓöÇΓöÇΓöÇΓöÇΓöÇΓöÇΓöÇΓöÇΓöÇΓöÇΓöÇΓöÇΓöÇ
    test-results\user-journeys-US-2-Login-v-1ef5d-pp-dashboard-or-onboarding--Mobile-Chrome-375px-\test-failed-1.png
    ΓöÇΓöÇΓöÇΓöÇΓöÇΓöÇΓöÇΓöÇΓöÇΓöÇΓöÇΓöÇΓöÇΓöÇΓöÇΓöÇΓöÇΓöÇΓöÇΓöÇΓöÇΓöÇΓöÇΓöÇΓöÇΓöÇΓöÇΓöÇΓöÇΓöÇΓöÇΓöÇΓöÇΓöÇΓöÇΓöÇΓöÇΓöÇΓöÇΓöÇΓöÇΓöÇΓöÇΓöÇΓöÇΓöÇΓöÇΓöÇΓöÇΓöÇΓöÇΓöÇΓöÇΓöÇΓöÇΓöÇΓöÇΓöÇΓöÇΓöÇΓöÇΓöÇΓöÇΓöÇΓöÇΓöÇΓöÇΓöÇΓöÇΓöÇΓöÇΓöÇΓöÇΓöÇΓöÇΓöÇΓöÇΓöÇΓöÇΓöÇΓöÇΓöÇΓöÇΓöÇΓöÇΓöÇΓöÇΓöÇΓöÇΓöÇΓöÇΓöÇΓöÇΓöÇΓöÇΓöÇ

    Error Context: test-results\user-journeys-US-2-Login-v-1ef5d-pp-dashboard-or-onboarding--Mobile-Chrome-375px-\error-context.md

    Retry #1 ΓöÇΓöÇΓöÇΓöÇΓöÇΓöÇΓöÇΓöÇΓöÇΓöÇΓöÇΓöÇΓöÇΓöÇΓöÇΓöÇΓöÇΓöÇΓöÇΓöÇΓöÇΓöÇΓöÇΓöÇΓöÇΓöÇΓöÇΓöÇΓöÇΓöÇΓöÇΓöÇΓöÇΓöÇΓöÇΓöÇΓöÇΓöÇΓöÇΓöÇΓöÇΓöÇΓöÇΓöÇΓöÇΓöÇΓöÇΓöÇΓöÇΓöÇΓöÇΓöÇΓöÇΓöÇΓöÇΓöÇΓöÇΓöÇΓöÇΓöÇΓöÇΓöÇΓöÇΓöÇΓöÇΓöÇΓöÇΓöÇΓöÇΓöÇΓöÇΓöÇΓöÇΓöÇΓöÇΓöÇΓöÇΓöÇΓöÇΓöÇΓöÇΓöÇΓöÇΓöÇΓöÇΓöÇΓöÇ

    Error: page.goto: net::ERR_NAME_NOT_RESOLVED at https://thecareersetu.in/login
    Call log:
      - navigating to "https://thecareersetu.in/login", waiting until "load"


      28 |
      29 | async function login(page: Page, email: string, password: string) {
    > 30 |   await page.goto('/login')
         |              ^
      31 |   await page.getByPlaceholder('you@example.com').fill(email)
      32 |   await page.getByPlaceholder('Your password').fill(password)
      33 |   await page.getByRole('button', { name: 'Sign in' }).click()
        at login (C:\Users\amitc\CareerSetu\tests\e2e\user-journeys.spec.ts:30:14)
        at C:\Users\amitc\CareerSetu\tests\e2e\user-journeys.spec.ts:65:11

    attachment #1: screenshot (image/png) ΓöÇΓöÇΓöÇΓöÇΓöÇΓöÇΓöÇΓöÇΓöÇΓöÇΓöÇΓöÇΓöÇΓöÇΓöÇΓöÇΓöÇΓöÇΓöÇΓöÇΓöÇΓöÇΓöÇΓöÇΓöÇΓöÇΓöÇΓöÇΓöÇΓöÇΓöÇΓöÇΓöÇΓöÇΓöÇΓöÇΓöÇΓöÇΓöÇΓöÇΓöÇΓöÇΓöÇΓöÇΓöÇΓöÇΓöÇΓöÇΓöÇΓöÇΓöÇΓöÇΓöÇΓöÇΓöÇΓöÇΓöÇΓöÇ
    test-results\user-journeys-US-2-Login-v-1ef5d-pp-dashboard-or-onboarding--Mobile-Chrome-375px--retry1\test-failed-1.png
    ΓöÇΓöÇΓöÇΓöÇΓöÇΓöÇΓöÇΓöÇΓöÇΓöÇΓöÇΓöÇΓöÇΓöÇΓöÇΓöÇΓöÇΓöÇΓöÇΓöÇΓöÇΓöÇΓöÇΓöÇΓöÇΓöÇΓöÇΓöÇΓöÇΓöÇΓöÇΓöÇΓöÇΓöÇΓöÇΓöÇΓöÇΓöÇΓöÇΓöÇΓöÇΓöÇΓöÇΓöÇΓöÇΓöÇΓöÇΓöÇΓöÇΓöÇΓöÇΓöÇΓöÇΓöÇΓöÇΓöÇΓöÇΓöÇΓöÇΓöÇΓöÇΓöÇΓöÇΓöÇΓöÇΓöÇΓöÇΓöÇΓöÇΓöÇΓöÇΓöÇΓöÇΓöÇΓöÇΓöÇΓöÇΓöÇΓöÇΓöÇΓöÇΓöÇΓöÇΓöÇΓöÇΓöÇΓöÇΓöÇΓöÇΓöÇΓöÇΓöÇΓöÇΓöÇΓöÇΓöÇ

    Error Context: test-results\user-journeys-US-2-Login-v-1ef5d-pp-dashboard-or-onboarding--Mobile-Chrome-375px--retry1\error-context.md

  156) [Mobile Chrome (375px)] ΓÇ║ tests\e2e\user-journeys.spec.ts:74:7 ΓÇ║ US-3 Invalid login ΓÇ║ wrong password shows an error and stays on /login 

    Error: page.goto: net::ERR_NAME_NOT_RESOLVED at https://thecareersetu.in/login
    Call log:
      - navigating to "https://thecareersetu.in/login", waiting until "load"


      28 |
      29 | async function login(page: Page, email: string, password: string) {
    > 30 |   await page.goto('/login')
         |              ^
      31 |   await page.getByPlaceholder('you@example.com').fill(email)
      32 |   await page.getByPlaceholder('Your password').fill(password)
      33 |   await page.getByRole('button', { name: 'Sign in' }).click()
        at login (C:\Users\amitc\CareerSetu\tests\e2e\user-journeys.spec.ts:30:14)
        at C:\Users\amitc\CareerSetu\tests\e2e\user-journeys.spec.ts:75:11

    attachment #1: screenshot (image/png) ΓöÇΓöÇΓöÇΓöÇΓöÇΓöÇΓöÇΓöÇΓöÇΓöÇΓöÇΓöÇΓöÇΓöÇΓöÇΓöÇΓöÇΓöÇΓöÇΓöÇΓöÇΓöÇΓöÇΓöÇΓöÇΓöÇΓöÇΓöÇΓöÇΓöÇΓöÇΓöÇΓöÇΓöÇΓöÇΓöÇΓöÇΓöÇΓöÇΓöÇΓöÇΓöÇΓöÇΓöÇΓöÇΓöÇΓöÇΓöÇΓöÇΓöÇΓöÇΓöÇΓöÇΓöÇΓöÇΓöÇΓöÇΓöÇ
    test-results\user-journeys-US-3-Invalid-bd9c1-an-error-and-stays-on-login-Mobile-Chrome-375px-\test-failed-1.png
    ΓöÇΓöÇΓöÇΓöÇΓöÇΓöÇΓöÇΓöÇΓöÇΓöÇΓöÇΓöÇΓöÇΓöÇΓöÇΓöÇΓöÇΓöÇΓöÇΓöÇΓöÇΓöÇΓöÇΓöÇΓöÇΓöÇΓöÇΓöÇΓöÇΓöÇΓöÇΓöÇΓöÇΓöÇΓöÇΓöÇΓöÇΓöÇΓöÇΓöÇΓöÇΓöÇΓöÇΓöÇΓöÇΓöÇΓöÇΓöÇΓöÇΓöÇΓöÇΓöÇΓöÇΓöÇΓöÇΓöÇΓöÇΓöÇΓöÇΓöÇΓöÇΓöÇΓöÇΓöÇΓöÇΓöÇΓöÇΓöÇΓöÇΓöÇΓöÇΓöÇΓöÇΓöÇΓöÇΓöÇΓöÇΓöÇΓöÇΓöÇΓöÇΓöÇΓöÇΓöÇΓöÇΓöÇΓöÇΓöÇΓöÇΓöÇΓöÇΓöÇΓöÇΓöÇΓöÇΓöÇ

    Error Context: test-results\user-journeys-US-3-Invalid-bd9c1-an-error-and-stays-on-login-Mobile-Chrome-375px-\error-context.md

    Retry #1 ΓöÇΓöÇΓöÇΓöÇΓöÇΓöÇΓöÇΓöÇΓöÇΓöÇΓöÇΓöÇΓöÇΓöÇΓöÇΓöÇΓöÇΓöÇΓöÇΓöÇΓöÇΓöÇΓöÇΓöÇΓöÇΓöÇΓöÇΓöÇΓöÇΓöÇΓöÇΓöÇΓöÇΓöÇΓöÇΓöÇΓöÇΓöÇΓöÇΓöÇΓöÇΓöÇΓöÇΓöÇΓöÇΓöÇΓöÇΓöÇΓöÇΓöÇΓöÇΓöÇΓöÇΓöÇΓöÇΓöÇΓöÇΓöÇΓöÇΓöÇΓöÇΓöÇΓöÇΓöÇΓöÇΓöÇΓöÇΓöÇΓöÇΓöÇΓöÇΓöÇΓöÇΓöÇΓöÇΓöÇΓöÇΓöÇΓöÇΓöÇΓöÇΓöÇΓöÇΓöÇΓöÇΓöÇΓöÇ

    Error: page.goto: net::ERR_NAME_NOT_RESOLVED at https://thecareersetu.in/login
    Call log:
      - navigating to "https://thecareersetu.in/login", waiting until "load"


      28 |
      29 | async function login(page: Page, email: string, password: string) {
    > 30 |   await page.goto('/login')
         |              ^
      31 |   await page.getByPlaceholder('you@example.com').fill(email)
      32 |   await page.getByPlaceholder('Your password').fill(password)
      33 |   await page.getByRole('button', { name: 'Sign in' }).click()
        at login (C:\Users\amitc\CareerSetu\tests\e2e\user-journeys.spec.ts:30:14)
        at C:\Users\amitc\CareerSetu\tests\e2e\user-journeys.spec.ts:75:11

    attachment #1: screenshot (image/png) ΓöÇΓöÇΓöÇΓöÇΓöÇΓöÇΓöÇΓöÇΓöÇΓöÇΓöÇΓöÇΓöÇΓöÇΓöÇΓöÇΓöÇΓöÇΓöÇΓöÇΓöÇΓöÇΓöÇΓöÇΓöÇΓöÇΓöÇΓöÇΓöÇΓöÇΓöÇΓöÇΓöÇΓöÇΓöÇΓöÇΓöÇΓöÇΓöÇΓöÇΓöÇΓöÇΓöÇΓöÇΓöÇΓöÇΓöÇΓöÇΓöÇΓöÇΓöÇΓöÇΓöÇΓöÇΓöÇΓöÇΓöÇΓöÇ
    test-results\user-journeys-US-3-Invalid-bd9c1-an-error-and-stays-on-login-Mobile-Chrome-375px--retry1\test-failed-1.png
    ΓöÇΓöÇΓöÇΓöÇΓöÇΓöÇΓöÇΓöÇΓöÇΓöÇΓöÇΓöÇΓöÇΓöÇΓöÇΓöÇΓöÇΓöÇΓöÇΓöÇΓöÇΓöÇΓöÇΓöÇΓöÇΓöÇΓöÇΓöÇΓöÇΓöÇΓöÇΓöÇΓöÇΓöÇΓöÇΓöÇΓöÇΓöÇΓöÇΓöÇΓöÇΓöÇΓöÇΓöÇΓöÇΓöÇΓöÇΓöÇΓöÇΓöÇΓöÇΓöÇΓöÇΓöÇΓöÇΓöÇΓöÇΓöÇΓöÇΓöÇΓöÇΓöÇΓöÇΓöÇΓöÇΓöÇΓöÇΓöÇΓöÇΓöÇΓöÇΓöÇΓöÇΓöÇΓöÇΓöÇΓöÇΓöÇΓöÇΓöÇΓöÇΓöÇΓöÇΓöÇΓöÇΓöÇΓöÇΓöÇΓöÇΓöÇΓöÇΓöÇΓöÇΓöÇΓöÇΓöÇ

    Error Context: test-results\user-journeys-US-3-Invalid-bd9c1-an-error-and-stays-on-login-Mobile-Chrome-375px--retry1\error-context.md

  157) [Mobile Chrome (375px)] ΓÇ║ tests\e2e\user-journeys.spec.ts:86:7 ΓÇ║ US-4 Session persists across navigation (redirect-loop regression) ΓÇ║ after login, a protected route loads instead of bouncing to /login 

    Error: page.goto: net::ERR_NAME_NOT_RESOLVED at https://thecareersetu.in/login
    Call log:
      - navigating to "https://thecareersetu.in/login", waiting until "load"


      28 |
      29 | async function login(page: Page, email: string, password: string) {
    > 30 |   await page.goto('/login')
         |              ^
      31 |   await page.getByPlaceholder('you@example.com').fill(email)
      32 |   await page.getByPlaceholder('Your password').fill(password)
      33 |   await page.getByRole('button', { name: 'Sign in' }).click()
        at login (C:\Users\amitc\CareerSetu\tests\e2e\user-journeys.spec.ts:30:14)
        at C:\Users\amitc\CareerSetu\tests\e2e\user-journeys.spec.ts:87:11

    attachment #1: screenshot (image/png) ΓöÇΓöÇΓöÇΓöÇΓöÇΓöÇΓöÇΓöÇΓöÇΓöÇΓöÇΓöÇΓöÇΓöÇΓöÇΓöÇΓöÇΓöÇΓöÇΓöÇΓöÇΓöÇΓöÇΓöÇΓöÇΓöÇΓöÇΓöÇΓöÇΓöÇΓöÇΓöÇΓöÇΓöÇΓöÇΓöÇΓöÇΓöÇΓöÇΓöÇΓöÇΓöÇΓöÇΓöÇΓöÇΓöÇΓöÇΓöÇΓöÇΓöÇΓöÇΓöÇΓöÇΓöÇΓöÇΓöÇΓöÇΓöÇ
    test-results\user-journeys-US-4-Session-c503c-nstead-of-bouncing-to-login-Mobile-Chrome-375px-\test-failed-1.png
    ΓöÇΓöÇΓöÇΓöÇΓöÇΓöÇΓöÇΓöÇΓöÇΓöÇΓöÇΓöÇΓöÇΓöÇΓöÇΓöÇΓöÇΓöÇΓöÇΓöÇΓöÇΓöÇΓöÇΓöÇΓöÇΓöÇΓöÇΓöÇΓöÇΓöÇΓöÇΓöÇΓöÇΓöÇΓöÇΓöÇΓöÇΓöÇΓöÇΓöÇΓöÇΓöÇΓöÇΓöÇΓöÇΓöÇΓöÇΓöÇΓöÇΓöÇΓöÇΓöÇΓöÇΓöÇΓöÇΓöÇΓöÇΓöÇΓöÇΓöÇΓöÇΓöÇΓöÇΓöÇΓöÇΓöÇΓöÇΓöÇΓöÇΓöÇΓöÇΓöÇΓöÇΓöÇΓöÇΓöÇΓöÇΓöÇΓöÇΓöÇΓöÇΓöÇΓöÇΓöÇΓöÇΓöÇΓöÇΓöÇΓöÇΓöÇΓöÇΓöÇΓöÇΓöÇΓöÇΓöÇ

    Error Context: test-results\user-journeys-US-4-Session-c503c-nstead-of-bouncing-to-login-Mobile-Chrome-375px-\error-context.md

    Retry #1 ΓöÇΓöÇΓöÇΓöÇΓöÇΓöÇΓöÇΓöÇΓöÇΓöÇΓöÇΓöÇΓöÇΓöÇΓöÇΓöÇΓöÇΓöÇΓöÇΓöÇΓöÇΓöÇΓöÇΓöÇΓöÇΓöÇΓöÇΓöÇΓöÇΓöÇΓöÇΓöÇΓöÇΓöÇΓöÇΓöÇΓöÇΓöÇΓöÇΓöÇΓöÇΓöÇΓöÇΓöÇΓöÇΓöÇΓöÇΓöÇΓöÇΓöÇΓöÇΓöÇΓöÇΓöÇΓöÇΓöÇΓöÇΓöÇΓöÇΓöÇΓöÇΓöÇΓöÇΓöÇΓöÇΓöÇΓöÇΓöÇΓöÇΓöÇΓöÇΓöÇΓöÇΓöÇΓöÇΓöÇΓöÇΓöÇΓöÇΓöÇΓöÇΓöÇΓöÇΓöÇΓöÇΓöÇΓöÇ

    Error: page.goto: net::ERR_NAME_NOT_RESOLVED at https://thecareersetu.in/login
    Call log:
      - navigating to "https://thecareersetu.in/login", waiting until "load"


      28 |
      29 | async function login(page: Page, email: string, password: string) {
    > 30 |   await page.goto('/login')
         |              ^
      31 |   await page.getByPlaceholder('you@example.com').fill(email)
      32 |   await page.getByPlaceholder('Your password').fill(password)
      33 |   await page.getByRole('button', { name: 'Sign in' }).click()
        at login (C:\Users\amitc\CareerSetu\tests\e2e\user-journeys.spec.ts:30:14)
        at C:\Users\amitc\CareerSetu\tests\e2e\user-journeys.spec.ts:87:11

    attachment #1: screenshot (image/png) ΓöÇΓöÇΓöÇΓöÇΓöÇΓöÇΓöÇΓöÇΓöÇΓöÇΓöÇΓöÇΓöÇΓöÇΓöÇΓöÇΓöÇΓöÇΓöÇΓöÇΓöÇΓöÇΓöÇΓöÇΓöÇΓöÇΓöÇΓöÇΓöÇΓöÇΓöÇΓöÇΓöÇΓöÇΓöÇΓöÇΓöÇΓöÇΓöÇΓöÇΓöÇΓöÇΓöÇΓöÇΓöÇΓöÇΓöÇΓöÇΓöÇΓöÇΓöÇΓöÇΓöÇΓöÇΓöÇΓöÇΓöÇΓöÇ
    test-results\user-journeys-US-4-Session-c503c-nstead-of-bouncing-to-login-Mobile-Chrome-375px--retry1\test-failed-1.png
    ΓöÇΓöÇΓöÇΓöÇΓöÇΓöÇΓöÇΓöÇΓöÇΓöÇΓöÇΓöÇΓöÇΓöÇΓöÇΓöÇΓöÇΓöÇΓöÇΓöÇΓöÇΓöÇΓöÇΓöÇΓöÇΓöÇΓöÇΓöÇΓöÇΓöÇΓöÇΓöÇΓöÇΓöÇΓöÇΓöÇΓöÇΓöÇΓöÇΓöÇΓöÇΓöÇΓöÇΓöÇΓöÇΓöÇΓöÇΓöÇΓöÇΓöÇΓöÇΓöÇΓöÇΓöÇΓöÇΓöÇΓöÇΓöÇΓöÇΓöÇΓöÇΓöÇΓöÇΓöÇΓöÇΓöÇΓöÇΓöÇΓöÇΓöÇΓöÇΓöÇΓöÇΓöÇΓöÇΓöÇΓöÇΓöÇΓöÇΓöÇΓöÇΓöÇΓöÇΓöÇΓöÇΓöÇΓöÇΓöÇΓöÇΓöÇΓöÇΓöÇΓöÇΓöÇΓöÇΓöÇ

    Error Context: test-results\user-journeys-US-4-Session-c503c-nstead-of-bouncing-to-login-Mobile-Chrome-375px--retry1\error-context.md

  158) [Mobile Chrome (375px)] ΓÇ║ tests\e2e\user-journeys.spec.ts:103:7 ΓÇ║ US-5 Profile ΓÇ║ profile page loads and saving succeeds 

    Error: page.goto: net::ERR_NAME_NOT_RESOLVED at https://thecareersetu.in/login
    Call log:
      - navigating to "https://thecareersetu.in/login", waiting until "load"


      28 |
      29 | async function login(page: Page, email: string, password: string) {
    > 30 |   await page.goto('/login')
         |              ^
      31 |   await page.getByPlaceholder('you@example.com').fill(email)
      32 |   await page.getByPlaceholder('Your password').fill(password)
      33 |   await page.getByRole('button', { name: 'Sign in' }).click()
        at login (C:\Users\amitc\CareerSetu\tests\e2e\user-journeys.spec.ts:30:14)
        at C:\Users\amitc\CareerSetu\tests\e2e\user-journeys.spec.ts:104:11

    attachment #1: screenshot (image/png) ΓöÇΓöÇΓöÇΓöÇΓöÇΓöÇΓöÇΓöÇΓöÇΓöÇΓöÇΓöÇΓöÇΓöÇΓöÇΓöÇΓöÇΓöÇΓöÇΓöÇΓöÇΓöÇΓöÇΓöÇΓöÇΓöÇΓöÇΓöÇΓöÇΓöÇΓöÇΓöÇΓöÇΓöÇΓöÇΓöÇΓöÇΓöÇΓöÇΓöÇΓöÇΓöÇΓöÇΓöÇΓöÇΓöÇΓöÇΓöÇΓöÇΓöÇΓöÇΓöÇΓöÇΓöÇΓöÇΓöÇΓöÇΓöÇ
    test-results\user-journeys-US-5-Profile-a529b-e-loads-and-saving-succeeds-Mobile-Chrome-375px-\test-failed-1.png
    ΓöÇΓöÇΓöÇΓöÇΓöÇΓöÇΓöÇΓöÇΓöÇΓöÇΓöÇΓöÇΓöÇΓöÇΓöÇΓöÇΓöÇΓöÇΓöÇΓöÇΓöÇΓöÇΓöÇΓöÇΓöÇΓöÇΓöÇΓöÇΓöÇΓöÇΓöÇΓöÇΓöÇΓöÇΓöÇΓöÇΓöÇΓöÇΓöÇΓöÇΓöÇΓöÇΓöÇΓöÇΓöÇΓöÇΓöÇΓöÇΓöÇΓöÇΓöÇΓöÇΓöÇΓöÇΓöÇΓöÇΓöÇΓöÇΓöÇΓöÇΓöÇΓöÇΓöÇΓöÇΓöÇΓöÇΓöÇΓöÇΓöÇΓöÇΓöÇΓöÇΓöÇΓöÇΓöÇΓöÇΓöÇΓöÇΓöÇΓöÇΓöÇΓöÇΓöÇΓöÇΓöÇΓöÇΓöÇΓöÇΓöÇΓöÇΓöÇΓöÇΓöÇΓöÇΓöÇΓöÇ

    Error Context: test-results\user-journeys-US-5-Profile-a529b-e-loads-and-saving-succeeds-Mobile-Chrome-375px-\error-context.md

    Retry #1 ΓöÇΓöÇΓöÇΓöÇΓöÇΓöÇΓöÇΓöÇΓöÇΓöÇΓöÇΓöÇΓöÇΓöÇΓöÇΓöÇΓöÇΓöÇΓöÇΓöÇΓöÇΓöÇΓöÇΓöÇΓöÇΓöÇΓöÇΓöÇΓöÇΓöÇΓöÇΓöÇΓöÇΓöÇΓöÇΓöÇΓöÇΓöÇΓöÇΓöÇΓöÇΓöÇΓöÇΓöÇΓöÇΓöÇΓöÇΓöÇΓöÇΓöÇΓöÇΓöÇΓöÇΓöÇΓöÇΓöÇΓöÇΓöÇΓöÇΓöÇΓöÇΓöÇΓöÇΓöÇΓöÇΓöÇΓöÇΓöÇΓöÇΓöÇΓöÇΓöÇΓöÇΓöÇΓöÇΓöÇΓöÇΓöÇΓöÇΓöÇΓöÇΓöÇΓöÇΓöÇΓöÇΓöÇΓöÇ

    Error: page.goto: net::ERR_NAME_NOT_RESOLVED at https://thecareersetu.in/login
    Call log:
      - navigating to "https://thecareersetu.in/login", waiting until "load"


      28 |
      29 | async function login(page: Page, email: string, password: string) {
    > 30 |   await page.goto('/login')
         |              ^
      31 |   await page.getByPlaceholder('you@example.com').fill(email)
      32 |   await page.getByPlaceholder('Your password').fill(password)
      33 |   await page.getByRole('button', { name: 'Sign in' }).click()
        at login (C:\Users\amitc\CareerSetu\tests\e2e\user-journeys.spec.ts:30:14)
        at C:\Users\amitc\CareerSetu\tests\e2e\user-journeys.spec.ts:104:11

    attachment #1: screenshot (image/png) ΓöÇΓöÇΓöÇΓöÇΓöÇΓöÇΓöÇΓöÇΓöÇΓöÇΓöÇΓöÇΓöÇΓöÇΓöÇΓöÇΓöÇΓöÇΓöÇΓöÇΓöÇΓöÇΓöÇΓöÇΓöÇΓöÇΓöÇΓöÇΓöÇΓöÇΓöÇΓöÇΓöÇΓöÇΓöÇΓöÇΓöÇΓöÇΓöÇΓöÇΓöÇΓöÇΓöÇΓöÇΓöÇΓöÇΓöÇΓöÇΓöÇΓöÇΓöÇΓöÇΓöÇΓöÇΓöÇΓöÇΓöÇΓöÇ
    test-results\user-journeys-US-5-Profile-a529b-e-loads-and-saving-succeeds-Mobile-Chrome-375px--retry1\test-failed-1.png
    ΓöÇΓöÇΓöÇΓöÇΓöÇΓöÇΓöÇΓöÇΓöÇΓöÇΓöÇΓöÇΓöÇΓöÇΓöÇΓöÇΓöÇΓöÇΓöÇΓöÇΓöÇΓöÇΓöÇΓöÇΓöÇΓöÇΓöÇΓöÇΓöÇΓöÇΓöÇΓöÇΓöÇΓöÇΓöÇΓöÇΓöÇΓöÇΓöÇΓöÇΓöÇΓöÇΓöÇΓöÇΓöÇΓöÇΓöÇΓöÇΓöÇΓöÇΓöÇΓöÇΓöÇΓöÇΓöÇΓöÇΓöÇΓöÇΓöÇΓöÇΓöÇΓöÇΓöÇΓöÇΓöÇΓöÇΓöÇΓöÇΓöÇΓöÇΓöÇΓöÇΓöÇΓöÇΓöÇΓöÇΓöÇΓöÇΓöÇΓöÇΓöÇΓöÇΓöÇΓöÇΓöÇΓöÇΓöÇΓöÇΓöÇΓöÇΓöÇΓöÇΓöÇΓöÇΓöÇΓöÇ

    Error Context: test-results\user-journeys-US-5-Profile-a529b-e-loads-and-saving-succeeds-Mobile-Chrome-375px--retry1\error-context.md

  159) [Mobile Chrome (375px)] ΓÇ║ tests\e2e\user-journeys.spec.ts:124:7 ΓÇ║ US-6 Mock MCQ test ΓÇ║ configure and start ΓÇö starts, or gracefully reports no questions (no crash / no 401) 

    Error: page.goto: net::ERR_NAME_NOT_RESOLVED at https://thecareersetu.in/login
    Call log:
      - navigating to "https://thecareersetu.in/login", waiting until "load"


      28 |
      29 | async function login(page: Page, email: string, password: string) {
    > 30 |   await page.goto('/login')
         |              ^
      31 |   await page.getByPlaceholder('you@example.com').fill(email)
      32 |   await page.getByPlaceholder('Your password').fill(password)
      33 |   await page.getByRole('button', { name: 'Sign in' }).click()
        at login (C:\Users\amitc\CareerSetu\tests\e2e\user-journeys.spec.ts:30:14)
        at C:\Users\amitc\CareerSetu\tests\e2e\user-journeys.spec.ts:125:11

    attachment #1: screenshot (image/png) ΓöÇΓöÇΓöÇΓöÇΓöÇΓöÇΓöÇΓöÇΓöÇΓöÇΓöÇΓöÇΓöÇΓöÇΓöÇΓöÇΓöÇΓöÇΓöÇΓöÇΓöÇΓöÇΓöÇΓöÇΓöÇΓöÇΓöÇΓöÇΓöÇΓöÇΓöÇΓöÇΓöÇΓöÇΓöÇΓöÇΓöÇΓöÇΓöÇΓöÇΓöÇΓöÇΓöÇΓöÇΓöÇΓöÇΓöÇΓöÇΓöÇΓöÇΓöÇΓöÇΓöÇΓöÇΓöÇΓöÇΓöÇΓöÇ
    test-results\user-journeys-US-6-Mock-MC-dad2a--questions-no-crash-no-401--Mobile-Chrome-375px-\test-failed-1.png
    ΓöÇΓöÇΓöÇΓöÇΓöÇΓöÇΓöÇΓöÇΓöÇΓöÇΓöÇΓöÇΓöÇΓöÇΓöÇΓöÇΓöÇΓöÇΓöÇΓöÇΓöÇΓöÇΓöÇΓöÇΓöÇΓöÇΓöÇΓöÇΓöÇΓöÇΓöÇΓöÇΓöÇΓöÇΓöÇΓöÇΓöÇΓöÇΓöÇΓöÇΓöÇΓöÇΓöÇΓöÇΓöÇΓöÇΓöÇΓöÇΓöÇΓöÇΓöÇΓöÇΓöÇΓöÇΓöÇΓöÇΓöÇΓöÇΓöÇΓöÇΓöÇΓöÇΓöÇΓöÇΓöÇΓöÇΓöÇΓöÇΓöÇΓöÇΓöÇΓöÇΓöÇΓöÇΓöÇΓöÇΓöÇΓöÇΓöÇΓöÇΓöÇΓöÇΓöÇΓöÇΓöÇΓöÇΓöÇΓöÇΓöÇΓöÇΓöÇΓöÇΓöÇΓöÇΓöÇΓöÇ

    Error Context: test-results\user-journeys-US-6-Mock-MC-dad2a--questions-no-crash-no-401--Mobile-Chrome-375px-\error-context.md

    Retry #1 ΓöÇΓöÇΓöÇΓöÇΓöÇΓöÇΓöÇΓöÇΓöÇΓöÇΓöÇΓöÇΓöÇΓöÇΓöÇΓöÇΓöÇΓöÇΓöÇΓöÇΓöÇΓöÇΓöÇΓöÇΓöÇΓöÇΓöÇΓöÇΓöÇΓöÇΓöÇΓöÇΓöÇΓöÇΓöÇΓöÇΓöÇΓöÇΓöÇΓöÇΓöÇΓöÇΓöÇΓöÇΓöÇΓöÇΓöÇΓöÇΓöÇΓöÇΓöÇΓöÇΓöÇΓöÇΓöÇΓöÇΓöÇΓöÇΓöÇΓöÇΓöÇΓöÇΓöÇΓöÇΓöÇΓöÇΓöÇΓöÇΓöÇΓöÇΓöÇΓöÇΓöÇΓöÇΓöÇΓöÇΓöÇΓöÇΓöÇΓöÇΓöÇΓöÇΓöÇΓöÇΓöÇΓöÇΓöÇ

    Error: page.goto: net::ERR_NAME_NOT_RESOLVED at https://thecareersetu.in/login
    Call log:
      - navigating to "https://thecareersetu.in/login", waiting until "load"


      28 |
      29 | async function login(page: Page, email: string, password: string) {
    > 30 |   await page.goto('/login')
         |              ^
      31 |   await page.getByPlaceholder('you@example.com').fill(email)
      32 |   await page.getByPlaceholder('Your password').fill(password)
      33 |   await page.getByRole('button', { name: 'Sign in' }).click()
        at login (C:\Users\amitc\CareerSetu\tests\e2e\user-journeys.spec.ts:30:14)
        at C:\Users\amitc\CareerSetu\tests\e2e\user-journeys.spec.ts:125:11

    attachment #1: screenshot (image/png) ΓöÇΓöÇΓöÇΓöÇΓöÇΓöÇΓöÇΓöÇΓöÇΓöÇΓöÇΓöÇΓöÇΓöÇΓöÇΓöÇΓöÇΓöÇΓöÇΓöÇΓöÇΓöÇΓöÇΓöÇΓöÇΓöÇΓöÇΓöÇΓöÇΓöÇΓöÇΓöÇΓöÇΓöÇΓöÇΓöÇΓöÇΓöÇΓöÇΓöÇΓöÇΓöÇΓöÇΓöÇΓöÇΓöÇΓöÇΓöÇΓöÇΓöÇΓöÇΓöÇΓöÇΓöÇΓöÇΓöÇΓöÇΓöÇ
    test-results\user-journeys-US-6-Mock-MC-dad2a--questions-no-crash-no-401--Mobile-Chrome-375px--retry1\test-failed-1.png
    ΓöÇΓöÇΓöÇΓöÇΓöÇΓöÇΓöÇΓöÇΓöÇΓöÇΓöÇΓöÇΓöÇΓöÇΓöÇΓöÇΓöÇΓöÇΓöÇΓöÇΓöÇΓöÇΓöÇΓöÇΓöÇΓöÇΓöÇΓöÇΓöÇΓöÇΓöÇΓöÇΓöÇΓöÇΓöÇΓöÇΓöÇΓöÇΓöÇΓöÇΓöÇΓöÇΓöÇΓöÇΓöÇΓöÇΓöÇΓöÇΓöÇΓöÇΓöÇΓöÇΓöÇΓöÇΓöÇΓöÇΓöÇΓöÇΓöÇΓöÇΓöÇΓöÇΓöÇΓöÇΓöÇΓöÇΓöÇΓöÇΓöÇΓöÇΓöÇΓöÇΓöÇΓöÇΓöÇΓöÇΓöÇΓöÇΓöÇΓöÇΓöÇΓöÇΓöÇΓöÇΓöÇΓöÇΓöÇΓöÇΓöÇΓöÇΓöÇΓöÇΓöÇΓöÇΓöÇΓöÇ

    Error Context: test-results\user-journeys-US-6-Mock-MC-dad2a--questions-no-crash-no-401--Mobile-Chrome-375px--retry1\error-context.md

  160) [Mobile Chrome (375px)] ΓÇ║ tests\e2e\user-journeys.spec.ts:149:7 ΓÇ║ US-7 Reports ΓÇ║ reports page loads for an authenticated user 

    Error: page.goto: net::ERR_NAME_NOT_RESOLVED at https://thecareersetu.in/login
    Call log:
      - navigating to "https://thecareersetu.in/login", waiting until "load"


      28 |
      29 | async function login(page: Page, email: string, password: string) {
    > 30 |   await page.goto('/login')
         |              ^
      31 |   await page.getByPlaceholder('you@example.com').fill(email)
      32 |   await page.getByPlaceholder('Your password').fill(password)
      33 |   await page.getByRole('button', { name: 'Sign in' }).click()
        at login (C:\Users\amitc\CareerSetu\tests\e2e\user-journeys.spec.ts:30:14)
        at C:\Users\amitc\CareerSetu\tests\e2e\user-journeys.spec.ts:150:11

    attachment #1: screenshot (image/png) ΓöÇΓöÇΓöÇΓöÇΓöÇΓöÇΓöÇΓöÇΓöÇΓöÇΓöÇΓöÇΓöÇΓöÇΓöÇΓöÇΓöÇΓöÇΓöÇΓöÇΓöÇΓöÇΓöÇΓöÇΓöÇΓöÇΓöÇΓöÇΓöÇΓöÇΓöÇΓöÇΓöÇΓöÇΓöÇΓöÇΓöÇΓöÇΓöÇΓöÇΓöÇΓöÇΓöÇΓöÇΓöÇΓöÇΓöÇΓöÇΓöÇΓöÇΓöÇΓöÇΓöÇΓöÇΓöÇΓöÇΓöÇΓöÇ
    test-results\user-journeys-US-7-Reports-3a3ce-s-for-an-authenticated-user-Mobile-Chrome-375px-\test-failed-1.png
    ΓöÇΓöÇΓöÇΓöÇΓöÇΓöÇΓöÇΓöÇΓöÇΓöÇΓöÇΓöÇΓöÇΓöÇΓöÇΓöÇΓöÇΓöÇΓöÇΓöÇΓöÇΓöÇΓöÇΓöÇΓöÇΓöÇΓöÇΓöÇΓöÇΓöÇΓöÇΓöÇΓöÇΓöÇΓöÇΓöÇΓöÇΓöÇΓöÇΓöÇΓöÇΓöÇΓöÇΓöÇΓöÇΓöÇΓöÇΓöÇΓöÇΓöÇΓöÇΓöÇΓöÇΓöÇΓöÇΓöÇΓöÇΓöÇΓöÇΓöÇΓöÇΓöÇΓöÇΓöÇΓöÇΓöÇΓöÇΓöÇΓöÇΓöÇΓöÇΓöÇΓöÇΓöÇΓöÇΓöÇΓöÇΓöÇΓöÇΓöÇΓöÇΓöÇΓöÇΓöÇΓöÇΓöÇΓöÇΓöÇΓöÇΓöÇΓöÇΓöÇΓöÇΓöÇΓöÇΓöÇ

    Error Context: test-results\user-journeys-US-7-Reports-3a3ce-s-for-an-authenticated-user-Mobile-Chrome-375px-\error-context.md

    Retry #1 ΓöÇΓöÇΓöÇΓöÇΓöÇΓöÇΓöÇΓöÇΓöÇΓöÇΓöÇΓöÇΓöÇΓöÇΓöÇΓöÇΓöÇΓöÇΓöÇΓöÇΓöÇΓöÇΓöÇΓöÇΓöÇΓöÇΓöÇΓöÇΓöÇΓöÇΓöÇΓöÇΓöÇΓöÇΓöÇΓöÇΓöÇΓöÇΓöÇΓöÇΓöÇΓöÇΓöÇΓöÇΓöÇΓöÇΓöÇΓöÇΓöÇΓöÇΓöÇΓöÇΓöÇΓöÇΓöÇΓöÇΓöÇΓöÇΓöÇΓöÇΓöÇΓöÇΓöÇΓöÇΓöÇΓöÇΓöÇΓöÇΓöÇΓöÇΓöÇΓöÇΓöÇΓöÇΓöÇΓöÇΓöÇΓöÇΓöÇΓöÇΓöÇΓöÇΓöÇΓöÇΓöÇΓöÇΓöÇ

    Error: page.goto: net::ERR_NAME_NOT_RESOLVED at https://thecareersetu.in/login
    Call log:
      - navigating to "https://thecareersetu.in/login", waiting until "load"


      28 |
      29 | async function login(page: Page, email: string, password: string) {
    > 30 |   await page.goto('/login')
         |              ^
      31 |   await page.getByPlaceholder('you@example.com').fill(email)
      32 |   await page.getByPlaceholder('Your password').fill(password)
      33 |   await page.getByRole('button', { name: 'Sign in' }).click()
        at login (C:\Users\amitc\CareerSetu\tests\e2e\user-journeys.spec.ts:30:14)
        at C:\Users\amitc\CareerSetu\tests\e2e\user-journeys.spec.ts:150:11

    attachment #1: screenshot (image/png) ΓöÇΓöÇΓöÇΓöÇΓöÇΓöÇΓöÇΓöÇΓöÇΓöÇΓöÇΓöÇΓöÇΓöÇΓöÇΓöÇΓöÇΓöÇΓöÇΓöÇΓöÇΓöÇΓöÇΓöÇΓöÇΓöÇΓöÇΓöÇΓöÇΓöÇΓöÇΓöÇΓöÇΓöÇΓöÇΓöÇΓöÇΓöÇΓöÇΓöÇΓöÇΓöÇΓöÇΓöÇΓöÇΓöÇΓöÇΓöÇΓöÇΓöÇΓöÇΓöÇΓöÇΓöÇΓöÇΓöÇΓöÇΓöÇ
    test-results\user-journeys-US-7-Reports-3a3ce-s-for-an-authenticated-user-Mobile-Chrome-375px--retry1\test-failed-1.png
    ΓöÇΓöÇΓöÇΓöÇΓöÇΓöÇΓöÇΓöÇΓöÇΓöÇΓöÇΓöÇΓöÇΓöÇΓöÇΓöÇΓöÇΓöÇΓöÇΓöÇΓöÇΓöÇΓöÇΓöÇΓöÇΓöÇΓöÇΓöÇΓöÇΓöÇΓöÇΓöÇΓöÇΓöÇΓöÇΓöÇΓöÇΓöÇΓöÇΓöÇΓöÇΓöÇΓöÇΓöÇΓöÇΓöÇΓöÇΓöÇΓöÇΓöÇΓöÇΓöÇΓöÇΓöÇΓöÇΓöÇΓöÇΓöÇΓöÇΓöÇΓöÇΓöÇΓöÇΓöÇΓöÇΓöÇΓöÇΓöÇΓöÇΓöÇΓöÇΓöÇΓöÇΓöÇΓöÇΓöÇΓöÇΓöÇΓöÇΓöÇΓöÇΓöÇΓöÇΓöÇΓöÇΓöÇΓöÇΓöÇΓöÇΓöÇΓöÇΓöÇΓöÇΓöÇΓöÇΓöÇ

    Error Context: test-results\user-journeys-US-7-Reports-3a3ce-s-for-an-authenticated-user-Mobile-Chrome-375px--retry1\error-context.md

  160 failed
    [Chromium (built-in)] ΓÇ║ tests\e2e\regression.spec.ts:15:7 ΓÇ║ Marketing ΓÇô Landing page ΓÇ║ loads, shows hero CTA, no JS errors 
    [Chromium (built-in)] ΓÇ║ tests\e2e\regression.spec.ts:30:7 ΓÇ║ Marketing ΓÇô Landing page ΓÇ║ navbar links render 
    [Chromium (built-in)] ΓÇ║ tests\e2e\regression.spec.ts:35:7 ΓÇ║ Marketing ΓÇô Landing page ΓÇ║ no broken images on landing 
    [Chromium (built-in)] ΓÇ║ tests\e2e\regression.spec.ts:47:7 ΓÇ║ Marketing ΓÇô Pricing ΓÇ║ loads and shows plan cards 
    [Chromium (built-in)] ΓÇ║ tests\e2e\regression.spec.ts:57:7 ΓÇ║ Marketing ΓÇô About ΓÇ║ loads without error 
    [Chromium (built-in)] ΓÇ║ tests\e2e\regression.spec.ts:66:7 ΓÇ║ Marketing ΓÇô Privacy & Terms ΓÇ║ privacy page loads 
    [Chromium (built-in)] ΓÇ║ tests\e2e\regression.spec.ts:70:7 ΓÇ║ Marketing ΓÇô Privacy & Terms ΓÇ║ terms page loads 
    [Chromium (built-in)] ΓÇ║ tests\e2e\regression.spec.ts:79:7 ΓÇ║ Auth ΓÇô Login / Signup ΓÇ║ login page loads without redirect 
    [Chromium (built-in)] ΓÇ║ tests\e2e\regression.spec.ts:87:7 ΓÇ║ Auth ΓÇô Login / Signup ΓÇ║ signup page loads without redirect 
    [Chromium (built-in)] ΓÇ║ tests\e2e\regression.spec.ts:109:9 ΓÇ║ Auth guard ΓÇô unauthenticated redirects ΓÇ║ /dashboard ΓåÆ redirects to /login 
    [Chromium (built-in)] ΓÇ║ tests\e2e\regression.spec.ts:109:9 ΓÇ║ Auth guard ΓÇô unauthenticated redirects ΓÇ║ /practice ΓåÆ redirects to /login 
    [Chromium (built-in)] ΓÇ║ tests\e2e\regression.spec.ts:109:9 ΓÇ║ Auth guard ΓÇô unauthenticated redirects ΓÇ║ /reports ΓåÆ redirects to /login 
    [Chromium (built-in)] ΓÇ║ tests\e2e\regression.spec.ts:109:9 ΓÇ║ Auth guard ΓÇô unauthenticated redirects ΓÇ║ /resume-builder ΓåÆ redirects to /login 
    [Chromium (built-in)] ΓÇ║ tests\e2e\regression.spec.ts:109:9 ΓÇ║ Auth guard ΓÇô unauthenticated redirects ΓÇ║ /jobs ΓåÆ redirects to /login 
    [Chromium (built-in)] ΓÇ║ tests\e2e\regression.spec.ts:109:9 ΓÇ║ Auth guard ΓÇô unauthenticated redirects ΓÇ║ /profile ΓåÆ redirects to /login 
    [Chromium (built-in)] ΓÇ║ tests\e2e\regression.spec.ts:109:9 ΓÇ║ Auth guard ΓÇô unauthenticated redirects ΓÇ║ /subscription ΓåÆ redirects to /login 
    [Chromium (built-in)] ΓÇ║ tests\e2e\regression.spec.ts:109:9 ΓÇ║ Auth guard ΓÇô unauthenticated redirects ΓÇ║ /question-bank ΓåÆ redirects to /login 
    [Chromium (built-in)] ΓÇ║ tests\e2e\regression.spec.ts:119:7 ΓÇ║ Theme toggle ΓÇ║ dark mode class toggled on html element 
    [Chromium (built-in)] ΓÇ║ tests\e2e\regression.spec.ts:147:7 ΓÇ║ Navbar ΓÇ║ mobile menu opens and closes 
    [Chromium (built-in)] ΓÇ║ tests\e2e\regression.spec.ts:156:7 ΓÇ║ Navbar ΓÇ║ footer renders on landing 
    [Chromium (built-in)] ΓÇ║ tests\e2e\regression.spec.ts:166:7 ΓÇ║ Try page (no-signup demo) ΓÇ║ loads without redirect 
    [Chromium (built-in)] ΓÇ║ tests\e2e\regression.spec.ts:179:9 ΓÇ║ Responsive ΓÇô 375px ΓÇ║ / no horizontal overflow at 375px 
    [Chromium (built-in)] ΓÇ║ tests\e2e\regression.spec.ts:179:9 ΓÇ║ Responsive ΓÇô 375px ΓÇ║ /pricing no horizontal overflow at 375px 
    [Chromium (built-in)] ΓÇ║ tests\e2e\regression.spec.ts:179:9 ΓÇ║ Responsive ΓÇô 375px ΓÇ║ /about no horizontal overflow at 375px 
    [Chromium (built-in)] ΓÇ║ tests\e2e\regression.spec.ts:179:9 ΓÇ║ Responsive ΓÇô 375px ΓÇ║ /login no horizontal overflow at 375px 
    [Chromium (built-in)] ΓÇ║ tests\e2e\user-journeys.spec.ts:39:7 ΓÇ║ US-1 Signup ΓÇ║ a new email can create an account without error 
    [Chromium (built-in)] ΓÇ║ tests\e2e\user-journeys.spec.ts:64:7 ΓÇ║ US-2 Login ΓÇ║ valid credentials land in the app (dashboard or onboarding) 
    [Chromium (built-in)] ΓÇ║ tests\e2e\user-journeys.spec.ts:74:7 ΓÇ║ US-3 Invalid login ΓÇ║ wrong password shows an error and stays on /login 
    [Chromium (built-in)] ΓÇ║ tests\e2e\user-journeys.spec.ts:86:7 ΓÇ║ US-4 Session persists across navigation (redirect-loop regression) ΓÇ║ after login, a protected route loads instead of bouncing to /login 
    [Chromium (built-in)] ΓÇ║ tests\e2e\user-journeys.spec.ts:103:7 ΓÇ║ US-5 Profile ΓÇ║ profile page loads and saving succeeds 
    [Chromium (built-in)] ΓÇ║ tests\e2e\user-journeys.spec.ts:124:7 ΓÇ║ US-6 Mock MCQ test ΓÇ║ configure and start ΓÇö starts, or gracefully reports no questions (no crash / no 401) 
    [Chromium (built-in)] ΓÇ║ tests\e2e\user-journeys.spec.ts:149:7 ΓÇ║ US-7 Reports ΓÇ║ reports page loads for an authenticated user 
    [Firefox] ΓÇ║ tests\e2e\regression.spec.ts:15:7 ΓÇ║ Marketing ΓÇô Landing page ΓÇ║ loads, shows hero CTA, no JS errors 
    [Firefox] ΓÇ║ tests\e2e\regression.spec.ts:30:7 ΓÇ║ Marketing ΓÇô Landing page ΓÇ║ navbar links render ΓöÇ
    [Firefox] ΓÇ║ tests\e2e\regression.spec.ts:35:7 ΓÇ║ Marketing ΓÇô Landing page ΓÇ║ no broken images on landing 
    [Firefox] ΓÇ║ tests\e2e\regression.spec.ts:47:7 ΓÇ║ Marketing ΓÇô Pricing ΓÇ║ loads and shows plan cards 
    [Firefox] ΓÇ║ tests\e2e\regression.spec.ts:57:7 ΓÇ║ Marketing ΓÇô About ΓÇ║ loads without error ΓöÇΓöÇΓöÇΓöÇΓöÇΓöÇΓöÇΓöÇ
    [Firefox] ΓÇ║ tests\e2e\regression.spec.ts:66:7 ΓÇ║ Marketing ΓÇô Privacy & Terms ΓÇ║ privacy page loads 
    [Firefox] ΓÇ║ tests\e2e\regression.spec.ts:70:7 ΓÇ║ Marketing ΓÇô Privacy & Terms ΓÇ║ terms page loads ΓöÇ
    [Firefox] ΓÇ║ tests\e2e\regression.spec.ts:79:7 ΓÇ║ Auth ΓÇô Login / Signup ΓÇ║ login page loads without redirect 
    [Firefox] ΓÇ║ tests\e2e\regression.spec.ts:87:7 ΓÇ║ Auth ΓÇô Login / Signup ΓÇ║ signup page loads without redirect 
    [Firefox] ΓÇ║ tests\e2e\regression.spec.ts:109:9 ΓÇ║ Auth guard ΓÇô unauthenticated redirects ΓÇ║ /dashboard ΓåÆ redirects to /login 
    [Firefox] ΓÇ║ tests\e2e\regression.spec.ts:109:9 ΓÇ║ Auth guard ΓÇô unauthenticated redirects ΓÇ║ /practice ΓåÆ redirects to /login 
    [Firefox] ΓÇ║ tests\e2e\regression.spec.ts:109:9 ΓÇ║ Auth guard ΓÇô unauthenticated redirects ΓÇ║ /reports ΓåÆ redirects to /login 
    [Firefox] ΓÇ║ tests\e2e\regression.spec.ts:109:9 ΓÇ║ Auth guard ΓÇô unauthenticated redirects ΓÇ║ /resume-builder ΓåÆ redirects to /login 
    [Firefox] ΓÇ║ tests\e2e\regression.spec.ts:109:9 ΓÇ║ Auth guard ΓÇô unauthenticated redirects ΓÇ║ /jobs ΓåÆ redirects to /login 
    [Firefox] ΓÇ║ tests\e2e\regression.spec.ts:109:9 ΓÇ║ Auth guard ΓÇô unauthenticated redirects ΓÇ║ /profile ΓåÆ redirects to /login 
    [Firefox] ΓÇ║ tests\e2e\regression.spec.ts:109:9 ΓÇ║ Auth guard ΓÇô unauthenticated redirects ΓÇ║ /subscription ΓåÆ redirects to /login 
    [Firefox] ΓÇ║ tests\e2e\regression.spec.ts:109:9 ΓÇ║ Auth guard ΓÇô unauthenticated redirects ΓÇ║ /question-bank ΓåÆ redirects to /login 
    [Firefox] ΓÇ║ tests\e2e\regression.spec.ts:119:7 ΓÇ║ Theme toggle ΓÇ║ dark mode class toggled on html element 
    [Firefox] ΓÇ║ tests\e2e\regression.spec.ts:147:7 ΓÇ║ Navbar ΓÇ║ mobile menu opens and closes ΓöÇΓöÇΓöÇΓöÇΓöÇΓöÇΓöÇΓöÇΓöÇ
    [Firefox] ΓÇ║ tests\e2e\regression.spec.ts:156:7 ΓÇ║ Navbar ΓÇ║ footer renders on landing ΓöÇΓöÇΓöÇΓöÇΓöÇΓöÇΓöÇΓöÇΓöÇΓöÇΓöÇΓöÇ
    [Firefox] ΓÇ║ tests\e2e\regression.spec.ts:166:7 ΓÇ║ Try page (no-signup demo) ΓÇ║ loads without redirect 
    [Firefox] ΓÇ║ tests\e2e\regression.spec.ts:179:9 ΓÇ║ Responsive ΓÇô 375px ΓÇ║ / no horizontal overflow at 375px 
    [Firefox] ΓÇ║ tests\e2e\regression.spec.ts:179:9 ΓÇ║ Responsive ΓÇô 375px ΓÇ║ /pricing no horizontal overflow at 375px 
    [Firefox] ΓÇ║ tests\e2e\regression.spec.ts:179:9 ΓÇ║ Responsive ΓÇô 375px ΓÇ║ /about no horizontal overflow at 375px 
    [Firefox] ΓÇ║ tests\e2e\regression.spec.ts:179:9 ΓÇ║ Responsive ΓÇô 375px ΓÇ║ /login no horizontal overflow at 375px 
    [Firefox] ΓÇ║ tests\e2e\user-journeys.spec.ts:39:7 ΓÇ║ US-1 Signup ΓÇ║ a new email can create an account without error 
    [Firefox] ΓÇ║ tests\e2e\user-journeys.spec.ts:64:7 ΓÇ║ US-2 Login ΓÇ║ valid credentials land in the app (dashboard or onboarding) 
    [Firefox] ΓÇ║ tests\e2e\user-journeys.spec.ts:74:7 ΓÇ║ US-3 Invalid login ΓÇ║ wrong password shows an error and stays on /login 
    [Firefox] ΓÇ║ tests\e2e\user-journeys.spec.ts:86:7 ΓÇ║ US-4 Session persists across navigation (redirect-loop regression) ΓÇ║ after login, a protected route loads instead of bouncing to /login 
    [Firefox] ΓÇ║ tests\e2e\user-journeys.spec.ts:103:7 ΓÇ║ US-5 Profile ΓÇ║ profile page loads and saving succeeds 
    [Firefox] ΓÇ║ tests\e2e\user-journeys.spec.ts:124:7 ΓÇ║ US-6 Mock MCQ test ΓÇ║ configure and start ΓÇö starts, or gracefully reports no questions (no crash / no 401) 
    [Firefox] ΓÇ║ tests\e2e\user-journeys.spec.ts:149:7 ΓÇ║ US-7 Reports ΓÇ║ reports page loads for an authenticated user 
    [Brave] ΓÇ║ tests\e2e\regression.spec.ts:15:7 ΓÇ║ Marketing ΓÇô Landing page ΓÇ║ loads, shows hero CTA, no JS errors 
    [Brave] ΓÇ║ tests\e2e\regression.spec.ts:30:7 ΓÇ║ Marketing ΓÇô Landing page ΓÇ║ navbar links render ΓöÇΓöÇΓöÇ
    [Brave] ΓÇ║ tests\e2e\regression.spec.ts:35:7 ΓÇ║ Marketing ΓÇô Landing page ΓÇ║ no broken images on landing 
    [Brave] ΓÇ║ tests\e2e\regression.spec.ts:47:7 ΓÇ║ Marketing ΓÇô Pricing ΓÇ║ loads and shows plan cards ΓöÇ
    [Brave] ΓÇ║ tests\e2e\regression.spec.ts:57:7 ΓÇ║ Marketing ΓÇô About ΓÇ║ loads without error ΓöÇΓöÇΓöÇΓöÇΓöÇΓöÇΓöÇΓöÇΓöÇΓöÇ
    [Brave] ΓÇ║ tests\e2e\regression.spec.ts:66:7 ΓÇ║ Marketing ΓÇô Privacy & Terms ΓÇ║ privacy page loads ΓöÇ
    [Brave] ΓÇ║ tests\e2e\regression.spec.ts:70:7 ΓÇ║ Marketing ΓÇô Privacy & Terms ΓÇ║ terms page loads ΓöÇΓöÇΓöÇ
    [Brave] ΓÇ║ tests\e2e\regression.spec.ts:79:7 ΓÇ║ Auth ΓÇô Login / Signup ΓÇ║ login page loads without redirect 
    [Brave] ΓÇ║ tests\e2e\regression.spec.ts:87:7 ΓÇ║ Auth ΓÇô Login / Signup ΓÇ║ signup page loads without redirect 
    [Brave] ΓÇ║ tests\e2e\regression.spec.ts:109:9 ΓÇ║ Auth guard ΓÇô unauthenticated redirects ΓÇ║ /dashboard ΓåÆ redirects to /login 
    [Brave] ΓÇ║ tests\e2e\regression.spec.ts:109:9 ΓÇ║ Auth guard ΓÇô unauthenticated redirects ΓÇ║ /practice ΓåÆ redirects to /login 
    [Brave] ΓÇ║ tests\e2e\regression.spec.ts:109:9 ΓÇ║ Auth guard ΓÇô unauthenticated redirects ΓÇ║ /reports ΓåÆ redirects to /login 
    [Brave] ΓÇ║ tests\e2e\regression.spec.ts:109:9 ΓÇ║ Auth guard ΓÇô unauthenticated redirects ΓÇ║ /resume-builder ΓåÆ redirects to /login 
    [Brave] ΓÇ║ tests\e2e\regression.spec.ts:109:9 ΓÇ║ Auth guard ΓÇô unauthenticated redirects ΓÇ║ /jobs ΓåÆ redirects to /login 
    [Brave] ΓÇ║ tests\e2e\regression.spec.ts:109:9 ΓÇ║ Auth guard ΓÇô unauthenticated redirects ΓÇ║ /profile ΓåÆ redirects to /login 
    [Brave] ΓÇ║ tests\e2e\regression.spec.ts:109:9 ΓÇ║ Auth guard ΓÇô unauthenticated redirects ΓÇ║ /subscription ΓåÆ redirects to /login 
    [Brave] ΓÇ║ tests\e2e\regression.spec.ts:109:9 ΓÇ║ Auth guard ΓÇô unauthenticated redirects ΓÇ║ /question-bank ΓåÆ redirects to /login 
    [Brave] ΓÇ║ tests\e2e\regression.spec.ts:119:7 ΓÇ║ Theme toggle ΓÇ║ dark mode class toggled on html element 
    [Brave] ΓÇ║ tests\e2e\regression.spec.ts:147:7 ΓÇ║ Navbar ΓÇ║ mobile menu opens and closes ΓöÇΓöÇΓöÇΓöÇΓöÇΓöÇΓöÇΓöÇΓöÇΓöÇΓöÇ
    [Brave] ΓÇ║ tests\e2e\regression.spec.ts:156:7 ΓÇ║ Navbar ΓÇ║ footer renders on landing ΓöÇΓöÇΓöÇΓöÇΓöÇΓöÇΓöÇΓöÇΓöÇΓöÇΓöÇΓöÇΓöÇΓöÇ
    [Brave] ΓÇ║ tests\e2e\regression.spec.ts:166:7 ΓÇ║ Try page (no-signup demo) ΓÇ║ loads without redirect 
    [Brave] ΓÇ║ tests\e2e\regression.spec.ts:179:9 ΓÇ║ Responsive ΓÇô 375px ΓÇ║ / no horizontal overflow at 375px 
    [Brave] ΓÇ║ tests\e2e\regression.spec.ts:179:9 ΓÇ║ Responsive ΓÇô 375px ΓÇ║ /pricing no horizontal overflow at 375px 
    [Brave] ΓÇ║ tests\e2e\regression.spec.ts:179:9 ΓÇ║ Responsive ΓÇô 375px ΓÇ║ /about no horizontal overflow at 375px 
    [Brave] ΓÇ║ tests\e2e\regression.spec.ts:179:9 ΓÇ║ Responsive ΓÇô 375px ΓÇ║ /login no horizontal overflow at 375px 
    [Brave] ΓÇ║ tests\e2e\user-journeys.spec.ts:39:7 ΓÇ║ US-1 Signup ΓÇ║ a new email can create an account without error 
    [Brave] ΓÇ║ tests\e2e\user-journeys.spec.ts:64:7 ΓÇ║ US-2 Login ΓÇ║ valid credentials land in the app (dashboard or onboarding) 
    [Brave] ΓÇ║ tests\e2e\user-journeys.spec.ts:74:7 ΓÇ║ US-3 Invalid login ΓÇ║ wrong password shows an error and stays on /login 
    [Brave] ΓÇ║ tests\e2e\user-journeys.spec.ts:86:7 ΓÇ║ US-4 Session persists across navigation (redirect-loop regression) ΓÇ║ after login, a protected route loads instead of bouncing to /login 
    [Brave] ΓÇ║ tests\e2e\user-journeys.spec.ts:103:7 ΓÇ║ US-5 Profile ΓÇ║ profile page loads and saving succeeds 
    [Brave] ΓÇ║ tests\e2e\user-journeys.spec.ts:124:7 ΓÇ║ US-6 Mock MCQ test ΓÇ║ configure and start ΓÇö starts, or gracefully reports no questions (no crash / no 401) 
    [Brave] ΓÇ║ tests\e2e\user-journeys.spec.ts:149:7 ΓÇ║ US-7 Reports ΓÇ║ reports page loads for an authenticated user 
    [Opera] ΓÇ║ tests\e2e\regression.spec.ts:15:7 ΓÇ║ Marketing ΓÇô Landing page ΓÇ║ loads, shows hero CTA, no JS errors 
    [Opera] ΓÇ║ tests\e2e\regression.spec.ts:30:7 ΓÇ║ Marketing ΓÇô Landing page ΓÇ║ navbar links render ΓöÇΓöÇΓöÇ
    [Opera] ΓÇ║ tests\e2e\regression.spec.ts:35:7 ΓÇ║ Marketing ΓÇô Landing page ΓÇ║ no broken images on landing 
    [Opera] ΓÇ║ tests\e2e\regression.spec.ts:47:7 ΓÇ║ Marketing ΓÇô Pricing ΓÇ║ loads and shows plan cards ΓöÇ
    [Opera] ΓÇ║ tests\e2e\regression.spec.ts:57:7 ΓÇ║ Marketing ΓÇô About ΓÇ║ loads without error ΓöÇΓöÇΓöÇΓöÇΓöÇΓöÇΓöÇΓöÇΓöÇΓöÇ
    [Opera] ΓÇ║ tests\e2e\regression.spec.ts:66:7 ΓÇ║ Marketing ΓÇô Privacy & Terms ΓÇ║ privacy page loads ΓöÇ
    [Opera] ΓÇ║ tests\e2e\regression.spec.ts:70:7 ΓÇ║ Marketing ΓÇô Privacy & Terms ΓÇ║ terms page loads ΓöÇΓöÇΓöÇ
    [Opera] ΓÇ║ tests\e2e\regression.spec.ts:79:7 ΓÇ║ Auth ΓÇô Login / Signup ΓÇ║ login page loads without redirect 
    [Opera] ΓÇ║ tests\e2e\regression.spec.ts:87:7 ΓÇ║ Auth ΓÇô Login / Signup ΓÇ║ signup page loads without redirect 
    [Opera] ΓÇ║ tests\e2e\regression.spec.ts:109:9 ΓÇ║ Auth guard ΓÇô unauthenticated redirects ΓÇ║ /dashboard ΓåÆ redirects to /login 
    [Opera] ΓÇ║ tests\e2e\regression.spec.ts:109:9 ΓÇ║ Auth guard ΓÇô unauthenticated redirects ΓÇ║ /practice ΓåÆ redirects to /login 
    [Opera] ΓÇ║ tests\e2e\regression.spec.ts:109:9 ΓÇ║ Auth guard ΓÇô unauthenticated redirects ΓÇ║ /reports ΓåÆ redirects to /login 
    [Opera] ΓÇ║ tests\e2e\regression.spec.ts:109:9 ΓÇ║ Auth guard ΓÇô unauthenticated redirects ΓÇ║ /resume-builder ΓåÆ redirects to /login 
    [Opera] ΓÇ║ tests\e2e\regression.spec.ts:109:9 ΓÇ║ Auth guard ΓÇô unauthenticated redirects ΓÇ║ /jobs ΓåÆ redirects to /login 
    [Opera] ΓÇ║ tests\e2e\regression.spec.ts:109:9 ΓÇ║ Auth guard ΓÇô unauthenticated redirects ΓÇ║ /profile ΓåÆ redirects to /login 
    [Opera] ΓÇ║ tests\e2e\regression.spec.ts:109:9 ΓÇ║ Auth guard ΓÇô unauthenticated redirects ΓÇ║ /subscription ΓåÆ redirects to /login 
    [Opera] ΓÇ║ tests\e2e\regression.spec.ts:109:9 ΓÇ║ Auth guard ΓÇô unauthenticated redirects ΓÇ║ /question-bank ΓåÆ redirects to /login 
    [Opera] ΓÇ║ tests\e2e\regression.spec.ts:119:7 ΓÇ║ Theme toggle ΓÇ║ dark mode class toggled on html element 
    [Opera] ΓÇ║ tests\e2e\regression.spec.ts:147:7 ΓÇ║ Navbar ΓÇ║ mobile menu opens and closes ΓöÇΓöÇΓöÇΓöÇΓöÇΓöÇΓöÇΓöÇΓöÇΓöÇΓöÇ
    [Opera] ΓÇ║ tests\e2e\regression.spec.ts:156:7 ΓÇ║ Navbar ΓÇ║ footer renders on landing ΓöÇΓöÇΓöÇΓöÇΓöÇΓöÇΓöÇΓöÇΓöÇΓöÇΓöÇΓöÇΓöÇΓöÇ
    [Opera] ΓÇ║ tests\e2e\regression.spec.ts:166:7 ΓÇ║ Try page (no-signup demo) ΓÇ║ loads without redirect 
    [Opera] ΓÇ║ tests\e2e\regression.spec.ts:179:9 ΓÇ║ Responsive ΓÇô 375px ΓÇ║ / no horizontal overflow at 375px 
    [Opera] ΓÇ║ tests\e2e\regression.spec.ts:179:9 ΓÇ║ Responsive ΓÇô 375px ΓÇ║ /pricing no horizontal overflow at 375px 
    [Opera] ΓÇ║ tests\e2e\regression.spec.ts:179:9 ΓÇ║ Responsive ΓÇô 375px ΓÇ║ /about no horizontal overflow at 375px 
    [Opera] ΓÇ║ tests\e2e\regression.spec.ts:179:9 ΓÇ║ Responsive ΓÇô 375px ΓÇ║ /login no horizontal overflow at 375px 
    [Opera] ΓÇ║ tests\e2e\user-journeys.spec.ts:39:7 ΓÇ║ US-1 Signup ΓÇ║ a new email can create an account without error 
    [Opera] ΓÇ║ tests\e2e\user-journeys.spec.ts:64:7 ΓÇ║ US-2 Login ΓÇ║ valid credentials land in the app (dashboard or onboarding) 
    [Opera] ΓÇ║ tests\e2e\user-journeys.spec.ts:74:7 ΓÇ║ US-3 Invalid login ΓÇ║ wrong password shows an error and stays on /login 
    [Opera] ΓÇ║ tests\e2e\user-journeys.spec.ts:86:7 ΓÇ║ US-4 Session persists across navigation (redirect-loop regression) ΓÇ║ after login, a protected route loads instead of bouncing to /login 
    [Opera] ΓÇ║ tests\e2e\user-journeys.spec.ts:103:7 ΓÇ║ US-5 Profile ΓÇ║ profile page loads and saving succeeds 
    [Opera] ΓÇ║ tests\e2e\user-journeys.spec.ts:124:7 ΓÇ║ US-6 Mock MCQ test ΓÇ║ configure and start ΓÇö starts, or gracefully reports no questions (no crash / no 401) 
    [Opera] ΓÇ║ tests\e2e\user-journeys.spec.ts:149:7 ΓÇ║ US-7 Reports ΓÇ║ reports page loads for an authenticated user 
    [Mobile Chrome (375px)] ΓÇ║ tests\e2e\regression.spec.ts:15:7 ΓÇ║ Marketing ΓÇô Landing page ΓÇ║ loads, shows hero CTA, no JS errors 
    [Mobile Chrome (375px)] ΓÇ║ tests\e2e\regression.spec.ts:30:7 ΓÇ║ Marketing ΓÇô Landing page ΓÇ║ navbar links render 
    [Mobile Chrome (375px)] ΓÇ║ tests\e2e\regression.spec.ts:35:7 ΓÇ║ Marketing ΓÇô Landing page ΓÇ║ no broken images on landing 
    [Mobile Chrome (375px)] ΓÇ║ tests\e2e\regression.spec.ts:47:7 ΓÇ║ Marketing ΓÇô Pricing ΓÇ║ loads and shows plan cards 
    [Mobile Chrome (375px)] ΓÇ║ tests\e2e\regression.spec.ts:57:7 ΓÇ║ Marketing ΓÇô About ΓÇ║ loads without error 
    [Mobile Chrome (375px)] ΓÇ║ tests\e2e\regression.spec.ts:66:7 ΓÇ║ Marketing ΓÇô Privacy & Terms ΓÇ║ privacy page loads 
    [Mobile Chrome (375px)] ΓÇ║ tests\e2e\regression.spec.ts:70:7 ΓÇ║ Marketing ΓÇô Privacy & Terms ΓÇ║ terms page loads 
    [Mobile Chrome (375px)] ΓÇ║ tests\e2e\regression.spec.ts:79:7 ΓÇ║ Auth ΓÇô Login / Signup ΓÇ║ login page loads without redirect 
    [Mobile Chrome (375px)] ΓÇ║ tests\e2e\regression.spec.ts:87:7 ΓÇ║ Auth ΓÇô Login / Signup ΓÇ║ signup page loads without redirect 
    [Mobile Chrome (375px)] ΓÇ║ tests\e2e\regression.spec.ts:109:9 ΓÇ║ Auth guard ΓÇô unauthenticated redirects ΓÇ║ /dashboard ΓåÆ redirects to /login 
    [Mobile Chrome (375px)] ΓÇ║ tests\e2e\regression.spec.ts:109:9 ΓÇ║ Auth guard ΓÇô unauthenticated redirects ΓÇ║ /practice ΓåÆ redirects to /login 
    [Mobile Chrome (375px)] ΓÇ║ tests\e2e\regression.spec.ts:109:9 ΓÇ║ Auth guard ΓÇô unauthenticated redirects ΓÇ║ /reports ΓåÆ redirects to /login 
    [Mobile Chrome (375px)] ΓÇ║ tests\e2e\regression.spec.ts:109:9 ΓÇ║ Auth guard ΓÇô unauthenticated redirects ΓÇ║ /resume-builder ΓåÆ redirects to /login 
    [Mobile Chrome (375px)] ΓÇ║ tests\e2e\regression.spec.ts:109:9 ΓÇ║ Auth guard ΓÇô unauthenticated redirects ΓÇ║ /jobs ΓåÆ redirects to /login 
    [Mobile Chrome (375px)] ΓÇ║ tests\e2e\regression.spec.ts:109:9 ΓÇ║ Auth guard ΓÇô unauthenticated redirects ΓÇ║ /profile ΓåÆ redirects to /login 
    [Mobile Chrome (375px)] ΓÇ║ tests\e2e\regression.spec.ts:109:9 ΓÇ║ Auth guard ΓÇô unauthenticated redirects ΓÇ║ /subscription ΓåÆ redirects to /login 
    [Mobile Chrome (375px)] ΓÇ║ tests\e2e\regression.spec.ts:109:9 ΓÇ║ Auth guard ΓÇô unauthenticated redirects ΓÇ║ /question-bank ΓåÆ redirects to /login 
    [Mobile Chrome (375px)] ΓÇ║ tests\e2e\regression.spec.ts:119:7 ΓÇ║ Theme toggle ΓÇ║ dark mode class toggled on html element 
    [Mobile Chrome (375px)] ΓÇ║ tests\e2e\regression.spec.ts:147:7 ΓÇ║ Navbar ΓÇ║ mobile menu opens and closes 
    [Mobile Chrome (375px)] ΓÇ║ tests\e2e\regression.spec.ts:156:7 ΓÇ║ Navbar ΓÇ║ footer renders on landing 
    [Mobile Chrome (375px)] ΓÇ║ tests\e2e\regression.spec.ts:166:7 ΓÇ║ Try page (no-signup demo) ΓÇ║ loads without redirect 
    [Mobile Chrome (375px)] ΓÇ║ tests\e2e\regression.spec.ts:179:9 ΓÇ║ Responsive ΓÇô 375px ΓÇ║ / no horizontal overflow at 375px 
    [Mobile Chrome (375px)] ΓÇ║ tests\e2e\regression.spec.ts:179:9 ΓÇ║ Responsive ΓÇô 375px ΓÇ║ /pricing no horizontal overflow at 375px 
    [Mobile Chrome (375px)] ΓÇ║ tests\e2e\regression.spec.ts:179:9 ΓÇ║ Responsive ΓÇô 375px ΓÇ║ /about no horizontal overflow at 375px 
    [Mobile Chrome (375px)] ΓÇ║ tests\e2e\regression.spec.ts:179:9 ΓÇ║ Responsive ΓÇô 375px ΓÇ║ /login no horizontal overflow at 375px 
    [Mobile Chrome (375px)] ΓÇ║ tests\e2e\user-journeys.spec.ts:39:7 ΓÇ║ US-1 Signup ΓÇ║ a new email can create an account without error 
    [Mobile Chrome (375px)] ΓÇ║ tests\e2e\user-journeys.spec.ts:64:7 ΓÇ║ US-2 Login ΓÇ║ valid credentials land in the app (dashboard or onboarding) 
    [Mobile Chrome (375px)] ΓÇ║ tests\e2e\user-journeys.spec.ts:74:7 ΓÇ║ US-3 Invalid login ΓÇ║ wrong password shows an error and stays on /login 
    [Mobile Chrome (375px)] ΓÇ║ tests\e2e\user-journeys.spec.ts:86:7 ΓÇ║ US-4 Session persists across navigation (redirect-loop regression) ΓÇ║ after login, a protected route loads instead of bouncing to /login 
    [Mobile Chrome (375px)] ΓÇ║ tests\e2e\user-journeys.spec.ts:103:7 ΓÇ║ US-5 Profile ΓÇ║ profile page loads and saving succeeds 
    [Mobile Chrome (375px)] ΓÇ║ tests\e2e\user-journeys.spec.ts:124:7 ΓÇ║ US-6 Mock MCQ test ΓÇ║ configure and start ΓÇö starts, or gracefully reports no questions (no crash / no 401) 
    [Mobile Chrome (375px)] ΓÇ║ tests\e2e\user-journeys.spec.ts:149:7 ΓÇ║ US-7 Reports ΓÇ║ reports page loads for an authenticated user 

To open last HTML report run:
[36m[39m
[36m  npx playwright show-report[39m
[36m[39m
